2026-02-25 09:05:07,923 - GEO-INFER-OPS.tests.test_framework - INFO - === Testing Path Manager ===
2026-02-25 09:05:07,923 - GEO-INFER-OPS.tests.test_framework - INFO - === Testing Path Manager ===
2026-02-25 09:05:07,923 - GEO-INFER-OPS.tests.test_framework - INFO - === Testing Path Manager ===
2026-02-25 09:05:07,924 - GEO-INFER-OPS.tests.test_framework - ERROR - Path manager test failed: No module named 'GEO-INFER-OPS.tests.geo_infer_paths'
2026-02-25 09:05:07,924 - GEO-INFER-OPS.tests.test_framework - ERROR - Path manager test failed: No module named 'GEO-INFER-OPS.tests.geo_infer_paths'
2026-02-25 09:05:07,924 - GEO-INFER-OPS.tests.test_framework - ERROR - Path manager test failed: No module named 'GEO-INFER-OPS.tests.geo_infer_paths'
2026-02-25 09:05:07,924 - GEO-INFER-OPS.tests.test_framework - INFO - === Testing Module Imports ===
2026-02-25 09:05:07,924 - GEO-INFER-OPS.tests.test_framework - INFO - === Testing Module Imports ===
2026-02-25 09:05:07,924 - GEO-INFER-OPS.tests.test_framework - INFO - === Testing Module Imports ===
2026-02-25 09:05:07,925 - GEO-INFER-OPS.tests.test_framework - ERROR - Module import test failed: No module named 'GEO-INFER-OPS.tests.geo_infer_paths'
2026-02-25 09:05:07,925 - GEO-INFER-OPS.tests.test_framework - ERROR - Module import test failed: No module named 'GEO-INFER-OPS.tests.geo_infer_paths'
2026-02-25 09:05:07,925 - GEO-INFER-OPS.tests.test_framework - ERROR - Module import test failed: No module named 'GEO-INFER-OPS.tests.geo_infer_paths'
2026-02-25 09:05:07,925 - GEO-INFER-OPS.tests.test_framework - INFO - === Testing Cross-Module Imports ===
2026-02-25 09:05:07,925 - GEO-INFER-OPS.tests.test_framework - INFO - === Testing Cross-Module Imports ===
2026-02-25 09:05:07,925 - GEO-INFER-OPS.tests.test_framework - INFO - === Testing Cross-Module Imports ===
2026-02-25 09:05:07,925 - GEO-INFER-OPS.tests.test_framework - ERROR - Cross-module import test failed: No module named 'GEO-INFER-OPS.tests.geo_infer_paths'
2026-02-25 09:05:07,925 - GEO-INFER-OPS.tests.test_framework - ERROR - Cross-module import test failed: No module named 'GEO-INFER-OPS.tests.geo_infer_paths'
2026-02-25 09:05:07,925 - GEO-INFER-OPS.tests.test_framework - ERROR - Cross-module import test failed: No module named 'GEO-INFER-OPS.tests.geo_infer_paths'
2026-02-25 09:05:07,926 - GEO-INFER-OPS.tests.test_framework - INFO - === Testing Framework Entry Point ===
2026-02-25 09:05:07,926 - GEO-INFER-OPS.tests.test_framework - INFO - === Testing Framework Entry Point ===
2026-02-25 09:05:07,926 - GEO-INFER-OPS.tests.test_framework - INFO - === Testing Framework Entry Point ===
2026-02-25 09:05:07,926 - GEO-INFER-OPS.tests.test_framework - ERROR - Framework entry point test failed: cannot import name 'get_framework' from 'GEO-INFER-OPS.tests' (unknown location)
2026-02-25 09:05:07,926 - GEO-INFER-OPS.tests.test_framework - ERROR - Framework entry point test failed: cannot import name 'get_framework' from 'GEO-INFER-OPS.tests' (unknown location)
2026-02-25 09:05:07,926 - GEO-INFER-OPS.tests.test_framework - ERROR - Framework entry point test failed: cannot import name 'get_framework' from 'GEO-INFER-OPS.tests' (unknown location)
2026-02-25 09:05:07,927 - GEO-INFER-OPS.tests.test_framework - INFO - === Testing Specific Functionality ===
2026-02-25 09:05:07,927 - GEO-INFER-OPS.tests.test_framework - INFO - === Testing Specific Functionality ===
2026-02-25 09:05:07,927 - GEO-INFER-OPS.tests.test_framework - INFO - === Testing Specific Functionality ===
2026-02-25 09:05:07,927 - GEO-INFER-OPS.tests.test_framework - INFO - ✓ SPACE H3 functionality available
2026-02-25 09:05:07,927 - GEO-INFER-OPS.tests.test_framework - INFO - ✓ SPACE H3 functionality available
2026-02-25 09:05:07,927 - GEO-INFER-OPS.tests.test_framework - INFO - ✓ SPACE H3 functionality available
2026-02-25 09:05:08,971 - GEO-INFER-OPS.tests.test_framework - INFO - ✓ PLACE analyzer available
2026-02-25 09:05:08,971 - GEO-INFER-OPS.tests.test_framework - INFO - ✓ PLACE analyzer available
2026-02-25 09:05:08,971 - GEO-INFER-OPS.tests.test_framework - INFO - ✓ PLACE analyzer available
2026-02-25 09:05:08,973 - root - WARNING - GEO-INFER-SPACE not available, using basic H3 operations
2026-02-25 09:05:08,973 - root - WARNING - GEO-INFER-SPACE not available, using basic H3 operations
2026-02-25 09:05:08,973 - root - WARNING - GEO-INFER-SPACE not available, using basic H3 operations
2026-02-25 09:05:10,294 - arviz.preview - INFO - arviz_base not installed
2026-02-25 09:05:10,294 - arviz.preview - INFO - arviz_base not installed
2026-02-25 09:05:10,294 - arviz.preview - INFO - arviz_base not installed
2026-02-25 09:05:10,295 - arviz.preview - INFO - arviz_stats not installed
2026-02-25 09:05:10,295 - arviz.preview - INFO - arviz_stats not installed
2026-02-25 09:05:10,295 - arviz.preview - INFO - arviz_stats not installed
2026-02-25 09:05:10,295 - arviz.preview - INFO - arviz_plots not installed
2026-02-25 09:05:10,295 - arviz.preview - INFO - arviz_plots not installed
2026-02-25 09:05:10,295 - arviz.preview - INFO - arviz_plots not installed
2026-02-25 09:05:27,043 - root - WARNING - GEO-INFER-BAYES not available, spatial inference disabled
2026-02-25 09:05:27,043 - root - WARNING - GEO-INFER-BAYES not available, spatial inference disabled
2026-02-25 09:05:27,043 - root - WARNING - GEO-INFER-BAYES not available, spatial inference disabled
2026-02-25 09:05:27,054 - mqtt - WARNING - We renamed asyncio-mqtt to aiomqtt and released a version 1.0.0 in the process. This is the last release under the asyncio-mqtt name. You can find the new repository at https://github.com/sbtinstruments/aiomqtt
2026-02-25 09:05:27,054 - mqtt - WARNING - We renamed asyncio-mqtt to aiomqtt and released a version 1.0.0 in the process. This is the last release under the asyncio-mqtt name. You can find the new repository at https://github.com/sbtinstruments/aiomqtt
2026-02-25 09:05:27,054 - mqtt - WARNING - We renamed asyncio-mqtt to aiomqtt and released a version 1.0.0 in the process. This is the last release under the asyncio-mqtt name. You can find the new repository at https://github.com/sbtinstruments/aiomqtt
2026-02-25 09:05:27,058 - root - WARNING - GEO-INFER-SPACE not available, using basic spatial operations
2026-02-25 09:05:27,058 - root - WARNING - GEO-INFER-SPACE not available, using basic spatial operations
2026-02-25 09:05:27,058 - root - WARNING - GEO-INFER-SPACE not available, using basic spatial operations
2026-02-25 09:05:27,112 - GEO-INFER-OPS.tests.test_framework - INFO - ✓ IOT data ingestion available
2026-02-25 09:05:27,112 - GEO-INFER-OPS.tests.test_framework - INFO - ✓ IOT data ingestion available
2026-02-25 09:05:27,112 - GEO-INFER-OPS.tests.test_framework - INFO - ✓ IOT data ingestion available
2026-02-25 09:05:27,112 - GEO-INFER-OPS.tests.test_framework - INFO - ✓ BAYES Gaussian processes available
2026-02-25 09:05:27,112 - GEO-INFER-OPS.tests.test_framework - INFO - ✓ BAYES Gaussian processes available
2026-02-25 09:05:27,112 - GEO-INFER-OPS.tests.test_framework - INFO - ✓ BAYES Gaussian processes available
2026-02-25 09:05:38,957 - httpx - INFO - HTTP Request: GET http://testserver/test "HTTP/1.1 200 OK"
2026-02-25 09:05:38,957 - httpx - INFO - HTTP Request: GET http://testserver/test "HTTP/1.1 200 OK"
2026-02-25 09:05:38,957 - httpx - INFO - HTTP Request: GET http://testserver/test "HTTP/1.1 200 OK"
2026-02-25 17:52:43,266 - tests.test_framework - INFO - === Testing Path Manager ===
2026-02-25 17:52:43,266 - tests.test_framework - INFO - === Testing Path Manager ===
2026-02-25 17:52:43,266 - tests.test_framework - INFO - === Testing Path Manager ===
2026-02-25 17:52:44,178 - root - WARNING - GEO-INFER-SPACE not available, using basic H3 operations
2026-02-25 17:52:44,178 - root - WARNING - GEO-INFER-SPACE not available, using basic H3 operations
2026-02-25 17:52:44,178 - root - WARNING - GEO-INFER-SPACE not available, using basic H3 operations
2026-02-25 17:52:45,299 - arviz.preview - INFO - arviz_base not installed
2026-02-25 17:52:45,299 - arviz.preview - INFO - arviz_base not installed
2026-02-25 17:52:45,299 - arviz.preview - INFO - arviz_base not installed
2026-02-25 17:52:45,299 - arviz.preview - INFO - arviz_stats not installed
2026-02-25 17:52:45,299 - arviz.preview - INFO - arviz_stats not installed
2026-02-25 17:52:45,299 - arviz.preview - INFO - arviz_stats not installed
2026-02-25 17:52:45,300 - arviz.preview - INFO - arviz_plots not installed
2026-02-25 17:52:45,300 - arviz.preview - INFO - arviz_plots not installed
2026-02-25 17:52:45,300 - arviz.preview - INFO - arviz_plots not installed
2026-02-25 17:53:01,296 - root - WARNING - GEO-INFER-BAYES not available, spatial inference disabled
2026-02-25 17:53:01,296 - root - WARNING - GEO-INFER-BAYES not available, spatial inference disabled
2026-02-25 17:53:01,296 - root - WARNING - GEO-INFER-BAYES not available, spatial inference disabled
2026-02-25 17:53:01,305 - mqtt - WARNING - We renamed asyncio-mqtt to aiomqtt and released a version 1.0.0 in the process. This is the last release under the asyncio-mqtt name. You can find the new repository at https://github.com/sbtinstruments/aiomqtt
2026-02-25 17:53:01,305 - mqtt - WARNING - We renamed asyncio-mqtt to aiomqtt and released a version 1.0.0 in the process. This is the last release under the asyncio-mqtt name. You can find the new repository at https://github.com/sbtinstruments/aiomqtt
2026-02-25 17:53:01,305 - mqtt - WARNING - We renamed asyncio-mqtt to aiomqtt and released a version 1.0.0 in the process. This is the last release under the asyncio-mqtt name. You can find the new repository at https://github.com/sbtinstruments/aiomqtt
2026-02-25 17:53:01,310 - root - WARNING - GEO-INFER-SPACE not available, using basic spatial operations
2026-02-25 17:53:01,310 - root - WARNING - GEO-INFER-SPACE not available, using basic spatial operations
2026-02-25 17:53:01,310 - root - WARNING - GEO-INFER-SPACE not available, using basic spatial operations
2026-02-25 17:53:01,735 - geo_infer_paths - INFO - Found 16 installed modules
2026-02-25 17:53:01,735 - geo_infer_paths - INFO - Found 16 installed modules
2026-02-25 17:53:01,735 - geo_infer_paths - INFO - Found 16 installed modules
2026-02-25 17:53:01,735 - tests.test_framework - INFO - Available modules: 44
2026-02-25 17:53:01,735 - tests.test_framework - INFO - Available modules: 44
2026-02-25 17:53:01,735 - tests.test_framework - INFO - Available modules: 44
2026-02-25 17:53:01,735 - tests.test_framework - INFO -   geo_infer_climate: ○ development
2026-02-25 17:53:01,735 - tests.test_framework - INFO -   geo_infer_climate: ○ development
2026-02-25 17:53:01,735 - tests.test_framework - INFO -   geo_infer_climate: ○ development
2026-02-25 17:53:01,735 - tests.test_framework - INFO -   geo_infer_test: ✓ installed
2026-02-25 17:53:01,735 - tests.test_framework - INFO -   geo_infer_test: ✓ installed
2026-02-25 17:53:01,735 - tests.test_framework - INFO -   geo_infer_test: ✓ installed
2026-02-25 17:53:01,736 - tests.test_framework - INFO -   geo_infer_risk: ○ development
2026-02-25 17:53:01,736 - tests.test_framework - INFO -   geo_infer_risk: ○ development
2026-02-25 17:53:01,736 - tests.test_framework - INFO -   geo_infer_risk: ○ development
2026-02-25 17:53:01,736 - tests.test_framework - INFO -   geo_infer_pep: ○ development
2026-02-25 17:53:01,736 - tests.test_framework - INFO -   geo_infer_pep: ○ development
2026-02-25 17:53:01,736 - tests.test_framework - INFO -   geo_infer_pep: ○ development
2026-02-25 17:53:01,736 - tests.test_framework - INFO -   geo_infer_edu: ○ development
2026-02-25 17:53:01,736 - tests.test_framework - INFO -   geo_infer_edu: ○ development
2026-02-25 17:53:01,736 - tests.test_framework - INFO -   geo_infer_edu: ○ development
2026-02-25 17:53:01,736 - tests.test_framework - INFO -   geo_infer_org: ○ development
2026-02-25 17:53:01,736 - tests.test_framework - INFO -   geo_infer_org: ○ development
2026-02-25 17:53:01,736 - tests.test_framework - INFO -   geo_infer_org: ○ development
2026-02-25 17:53:01,736 - tests.test_framework - INFO -   geo_infer_log: ○ development
2026-02-25 17:53:01,736 - tests.test_framework - INFO -   geo_infer_log: ○ development
2026-02-25 17:53:01,736 - tests.test_framework - INFO -   geo_infer_log: ○ development
2026-02-25 17:53:01,736 - tests.test_framework - INFO -   geo_infer_examples: ✓ installed
2026-02-25 17:53:01,736 - tests.test_framework - INFO -   geo_infer_examples: ✓ installed
2026-02-25 17:53:01,736 - tests.test_framework - INFO -   geo_infer_examples: ✓ installed
2026-02-25 17:53:01,736 - tests.test_framework - INFO -   geo_infer_ag: ○ development
2026-02-25 17:53:01,736 - tests.test_framework - INFO -   geo_infer_ag: ○ development
2026-02-25 17:53:01,736 - tests.test_framework - INFO -   geo_infer_ag: ○ development
2026-02-25 17:53:01,736 - tests.test_framework - INFO -   geo_infer_cog: ○ development
2026-02-25 17:53:01,736 - tests.test_framework - INFO -   geo_infer_cog: ○ development
2026-02-25 17:53:01,736 - tests.test_framework - INFO -   geo_infer_cog: ○ development
2026-02-25 17:53:01,736 - tests.test_framework - INFO -   geo_infer_intra: ✓ installed
2026-02-25 17:53:01,736 - tests.test_framework - INFO -   geo_infer_intra: ✓ installed
2026-02-25 17:53:01,736 - tests.test_framework - INFO -   geo_infer_intra: ✓ installed
2026-02-25 17:53:01,736 - tests.test_framework - INFO -   geo_infer_art: ✓ installed
2026-02-25 17:53:01,736 - tests.test_framework - INFO -   geo_infer_art: ✓ installed
2026-02-25 17:53:01,736 - tests.test_framework - INFO -   geo_infer_art: ✓ installed
2026-02-25 17:53:01,736 - tests.test_framework - INFO -   geo_infer_bio: ✓ installed
2026-02-25 17:53:01,736 - tests.test_framework - INFO -   geo_infer_bio: ✓ installed
2026-02-25 17:53:01,736 - tests.test_framework - INFO -   geo_infer_bio: ✓ installed
2026-02-25 17:53:01,736 - tests.test_framework - INFO -   geo_infer_metagov: ○ development
2026-02-25 17:53:01,736 - tests.test_framework - INFO -   geo_infer_metagov: ○ development
2026-02-25 17:53:01,736 - tests.test_framework - INFO -   geo_infer_metagov: ○ development
2026-02-25 17:53:01,736 - tests.test_framework - INFO -   geo_infer_agent: ✓ installed
2026-02-25 17:53:01,736 - tests.test_framework - INFO -   geo_infer_agent: ✓ installed
2026-02-25 17:53:01,736 - tests.test_framework - INFO -   geo_infer_agent: ✓ installed
2026-02-25 17:53:01,736 - tests.test_framework - INFO -   geo_infer_ai: ○ development
2026-02-25 17:53:01,736 - tests.test_framework - INFO -   geo_infer_ai: ○ development
2026-02-25 17:53:01,736 - tests.test_framework - INFO -   geo_infer_ai: ○ development
2026-02-25 17:53:01,736 - tests.test_framework - INFO -   geo_infer_health: ○ development
2026-02-25 17:53:01,736 - tests.test_framework - INFO -   geo_infer_health: ○ development
2026-02-25 17:53:01,736 - tests.test_framework - INFO -   geo_infer_health: ○ development
2026-02-25 17:53:01,736 - tests.test_framework - INFO -   geo_infer_water: ○ development
2026-02-25 17:53:01,736 - tests.test_framework - INFO -   geo_infer_water: ○ development
2026-02-25 17:53:01,736 - tests.test_framework - INFO -   geo_infer_water: ○ development
2026-02-25 17:53:01,737 - tests.test_framework - INFO -   geo_infer_transport: ○ development
2026-02-25 17:53:01,737 - tests.test_framework - INFO -   geo_infer_transport: ○ development
2026-02-25 17:53:01,737 - tests.test_framework - INFO -   geo_infer_transport: ○ development
2026-02-25 17:53:01,737 - tests.test_framework - INFO -   geo_infer_sim: ○ development
2026-02-25 17:53:01,737 - tests.test_framework - INFO -   geo_infer_sim: ○ development
2026-02-25 17:53:01,737 - tests.test_framework - INFO -   geo_infer_sim: ○ development
2026-02-25 17:53:01,737 - tests.test_framework - INFO -   geo_infer_comms: ○ development
2026-02-25 17:53:01,737 - tests.test_framework - INFO -   geo_infer_comms: ○ development
2026-02-25 17:53:01,737 - tests.test_framework - INFO -   geo_infer_comms: ○ development
2026-02-25 17:53:01,737 - tests.test_framework - INFO -   geo_infer_norms: ✓ installed
2026-02-25 17:53:01,737 - tests.test_framework - INFO -   geo_infer_norms: ✓ installed
2026-02-25 17:53:01,737 - tests.test_framework - INFO -   geo_infer_norms: ✓ installed
2026-02-25 17:53:01,737 - tests.test_framework - INFO -   geo_infer_sec: ✓ installed
2026-02-25 17:53:01,737 - tests.test_framework - INFO -   geo_infer_sec: ✓ installed
2026-02-25 17:53:01,737 - tests.test_framework - INFO -   geo_infer_sec: ✓ installed
2026-02-25 17:53:01,737 - tests.test_framework - INFO -   geo_infer_bayes: ✓ installed
2026-02-25 17:53:01,737 - tests.test_framework - INFO -   geo_infer_bayes: ✓ installed
2026-02-25 17:53:01,737 - tests.test_framework - INFO -   geo_infer_bayes: ✓ installed
2026-02-25 17:53:01,737 - tests.test_framework - INFO -   geo_infer_emergency: ○ development
2026-02-25 17:53:01,737 - tests.test_framework - INFO -   geo_infer_emergency: ○ development
2026-02-25 17:53:01,737 - tests.test_framework - INFO -   geo_infer_emergency: ○ development
2026-02-25 17:53:01,737 - tests.test_framework - INFO -   geo_infer_ops: ✓ installed
2026-02-25 17:53:01,737 - tests.test_framework - INFO -   geo_infer_ops: ✓ installed
2026-02-25 17:53:01,737 - tests.test_framework - INFO -   geo_infer_ops: ✓ installed
2026-02-25 17:53:01,737 - tests.test_framework - INFO -   geo_infer_space: ✓ installed
2026-02-25 17:53:01,737 - tests.test_framework - INFO -   geo_infer_space: ✓ installed
2026-02-25 17:53:01,737 - tests.test_framework - INFO -   geo_infer_space: ✓ installed
2026-02-25 17:53:01,737 - tests.test_framework - INFO -   geo_infer_act: ✓ installed
2026-02-25 17:53:01,737 - tests.test_framework - INFO -   geo_infer_act: ✓ installed
2026-02-25 17:53:01,737 - tests.test_framework - INFO -   geo_infer_act: ✓ installed
2026-02-25 17:53:01,737 - tests.test_framework - INFO -   geo_infer_git: ✓ installed
2026-02-25 17:53:01,737 - tests.test_framework - INFO -   geo_infer_git: ✓ installed
2026-02-25 17:53:01,737 - tests.test_framework - INFO -   geo_infer_git: ✓ installed
2026-02-25 17:53:01,737 - tests.test_framework - INFO -   geo_infer_api: ✓ installed
2026-02-25 17:53:01,737 - tests.test_framework - INFO -   geo_infer_api: ✓ installed
2026-02-25 17:53:01,737 - tests.test_framework - INFO -   geo_infer_api: ✓ installed
2026-02-25 17:53:01,737 - tests.test_framework - INFO -   geo_infer_app: ○ development
2026-02-25 17:53:01,737 - tests.test_framework - INFO -   geo_infer_app: ○ development
2026-02-25 17:53:01,737 - tests.test_framework - INFO -   geo_infer_app: ○ development
2026-02-25 17:53:01,737 - tests.test_framework - INFO -   geo_infer_econ: ○ development
2026-02-25 17:53:01,737 - tests.test_framework - INFO -   geo_infer_econ: ○ development
2026-02-25 17:53:01,737 - tests.test_framework - INFO -   geo_infer_econ: ○ development
2026-02-25 17:53:01,737 - tests.test_framework - INFO -   geo_infer_place: ✓ installed
2026-02-25 17:53:01,737 - tests.test_framework - INFO -   geo_infer_place: ✓ installed
2026-02-25 17:53:01,737 - tests.test_framework - INFO -   geo_infer_place: ✓ installed
2026-02-25 17:53:01,737 - tests.test_framework - INFO -   geo_infer_data: ○ development
2026-02-25 17:53:01,737 - tests.test_framework - INFO -   geo_infer_data: ○ development
2026-02-25 17:53:01,737 - tests.test_framework - INFO -   geo_infer_data: ○ development
2026-02-25 17:53:01,738 - tests.test_framework - INFO -   geo_infer_math: ○ development
2026-02-25 17:53:01,738 - tests.test_framework - INFO -   geo_infer_math: ○ development
2026-02-25 17:53:01,738 - tests.test_framework - INFO -   geo_infer_math: ○ development
2026-02-25 17:53:01,738 - tests.test_framework - INFO -   geo_infer_ant: ○ development
2026-02-25 17:53:01,738 - tests.test_framework - INFO -   geo_infer_ant: ○ development
2026-02-25 17:53:01,738 - tests.test_framework - INFO -   geo_infer_ant: ○ development
2026-02-25 17:53:01,738 - tests.test_framework - INFO -   geo_infer_time: ○ development
2026-02-25 17:53:01,738 - tests.test_framework - INFO -   geo_infer_time: ○ development
2026-02-25 17:53:01,738 - tests.test_framework - INFO -   geo_infer_time: ○ development
2026-02-25 17:53:01,738 - tests.test_framework - INFO -   geo_infer_spm: ○ development
2026-02-25 17:53:01,738 - tests.test_framework - INFO -   geo_infer_spm: ○ development
2026-02-25 17:53:01,738 - tests.test_framework - INFO -   geo_infer_spm: ○ development
2026-02-25 17:53:01,738 - tests.test_framework - INFO -   geo_infer_iot: ✓ installed
2026-02-25 17:53:01,738 - tests.test_framework - INFO -   geo_infer_iot: ✓ installed
2026-02-25 17:53:01,738 - tests.test_framework - INFO -   geo_infer_iot: ✓ installed
2026-02-25 17:53:01,738 - tests.test_framework - INFO -   geo_infer_req: ○ development
2026-02-25 17:53:01,738 - tests.test_framework - INFO -   geo_infer_req: ○ development
2026-02-25 17:53:01,738 - tests.test_framework - INFO -   geo_infer_req: ○ development
2026-02-25 17:53:01,738 - tests.test_framework - INFO -   geo_infer_energy: ○ development
2026-02-25 17:53:01,738 - tests.test_framework - INFO -   geo_infer_energy: ○ development
2026-02-25 17:53:01,738 - tests.test_framework - INFO -   geo_infer_energy: ○ development
2026-02-25 17:53:01,738 - tests.test_framework - INFO -   geo_infer_marine: ○ development
2026-02-25 17:53:01,738 - tests.test_framework - INFO -   geo_infer_marine: ○ development
2026-02-25 17:53:01,738 - tests.test_framework - INFO -   geo_infer_marine: ○ development
2026-02-25 17:53:01,738 - tests.test_framework - INFO -   geo_infer_forest: ○ development
2026-02-25 17:53:01,738 - tests.test_framework - INFO -   geo_infer_forest: ○ development
2026-02-25 17:53:01,738 - tests.test_framework - INFO -   geo_infer_forest: ○ development
2026-02-25 17:53:01,738 - tests.test_framework - INFO -   geo_infer_civ: ○ development
2026-02-25 17:53:01,738 - tests.test_framework - INFO -   geo_infer_civ: ○ development
2026-02-25 17:53:01,738 - tests.test_framework - INFO -   geo_infer_civ: ○ development
2026-02-25 17:53:01,742 - tests.test_framework - INFO - === Testing Module Imports ===
2026-02-25 17:53:01,742 - tests.test_framework - INFO - === Testing Module Imports ===
2026-02-25 17:53:01,742 - tests.test_framework - INFO - === Testing Module Imports ===
2026-02-25 17:53:01,742 - tests.test_framework - INFO - ✓ geo_infer_climate imported successfully
2026-02-25 17:53:01,742 - tests.test_framework - INFO - ✓ geo_infer_climate imported successfully
2026-02-25 17:53:01,742 - tests.test_framework - INFO - ✓ geo_infer_climate imported successfully
2026-02-25 17:53:01,742 - tests.test_framework - INFO - ✓ geo_infer_test imported successfully
2026-02-25 17:53:01,742 - tests.test_framework - INFO - ✓ geo_infer_test imported successfully
2026-02-25 17:53:01,742 - tests.test_framework - INFO - ✓ geo_infer_test imported successfully
2026-02-25 17:53:01,755 - geo_infer_math.core.gpu_acceleration - WARNING - No GPU acceleration backends available
2026-02-25 17:53:01,755 - geo_infer_math.core.gpu_acceleration - WARNING - No GPU acceleration backends available
2026-02-25 17:53:01,755 - geo_infer_math.core.gpu_acceleration - WARNING - No GPU acceleration backends available
2026-02-25 17:53:01,947 - tests.test_framework - INFO - ✓ geo_infer_risk imported successfully
2026-02-25 17:53:01,947 - tests.test_framework - INFO - ✓ geo_infer_risk imported successfully
2026-02-25 17:53:01,947 - tests.test_framework - INFO - ✓ geo_infer_risk imported successfully
2026-02-25 17:53:01,948 - tests.test_framework - INFO - ✓ geo_infer_pep imported successfully
2026-02-25 17:53:01,948 - tests.test_framework - INFO - ✓ geo_infer_pep imported successfully
2026-02-25 17:53:01,948 - tests.test_framework - INFO - ✓ geo_infer_pep imported successfully
2026-02-25 17:53:01,948 - tests.test_framework - INFO - ✓ geo_infer_edu imported successfully
2026-02-25 17:53:01,948 - tests.test_framework - INFO - ✓ geo_infer_edu imported successfully
2026-02-25 17:53:01,948 - tests.test_framework - INFO - ✓ geo_infer_edu imported successfully
2026-02-25 17:53:01,954 - tests.test_framework - INFO - ✓ geo_infer_org imported successfully
2026-02-25 17:53:01,954 - tests.test_framework - INFO - ✓ geo_infer_org imported successfully
2026-02-25 17:53:01,954 - tests.test_framework - INFO - ✓ geo_infer_org imported successfully
2026-02-25 17:53:01,954 - tests.test_framework - INFO - ✓ geo_infer_log imported successfully
2026-02-25 17:53:01,954 - tests.test_framework - INFO - ✓ geo_infer_log imported successfully
2026-02-25 17:53:01,954 - tests.test_framework - INFO - ✓ geo_infer_log imported successfully
2026-02-25 17:53:01,954 - tests.test_framework - INFO - ✓ geo_infer_examples imported successfully
2026-02-25 17:53:01,954 - tests.test_framework - INFO - ✓ geo_infer_examples imported successfully
2026-02-25 17:53:01,954 - tests.test_framework - INFO - ✓ geo_infer_examples imported successfully
2026-02-25 17:53:01,962 - tests.test_framework - INFO - ✓ geo_infer_ag imported successfully
2026-02-25 17:53:01,962 - tests.test_framework - INFO - ✓ geo_infer_ag imported successfully
2026-02-25 17:53:01,962 - tests.test_framework - INFO - ✓ geo_infer_ag imported successfully
2026-02-25 17:53:01,977 - tests.test_framework - INFO - ✓ geo_infer_cog imported successfully
2026-02-25 17:53:01,977 - tests.test_framework - INFO - ✓ geo_infer_cog imported successfully
2026-02-25 17:53:01,977 - tests.test_framework - INFO - ✓ geo_infer_cog imported successfully
2026-02-25 17:53:01,977 - tests.test_framework - INFO - ✓ geo_infer_intra imported successfully
2026-02-25 17:53:01,977 - tests.test_framework - INFO - ✓ geo_infer_intra imported successfully
2026-02-25 17:53:01,977 - tests.test_framework - INFO - ✓ geo_infer_intra imported successfully
2026-02-25 17:53:01,977 - tests.test_framework - INFO - ✓ geo_infer_art imported successfully
2026-02-25 17:53:01,977 - tests.test_framework - INFO - ✓ geo_infer_art imported successfully
2026-02-25 17:53:01,977 - tests.test_framework - INFO - ✓ geo_infer_art imported successfully
2026-02-25 17:53:01,977 - tests.test_framework - INFO - ✓ geo_infer_bio imported successfully
2026-02-25 17:53:01,977 - tests.test_framework - INFO - ✓ geo_infer_bio imported successfully
2026-02-25 17:53:01,977 - tests.test_framework - INFO - ✓ geo_infer_bio imported successfully
2026-02-25 17:53:01,987 - geo_infer_metagov.integrations.organizational - WARNING - GEO-INFER-ORG not available, organizational features disabled
2026-02-25 17:53:01,987 - geo_infer_metagov.integrations.organizational - WARNING - GEO-INFER-ORG not available, organizational features disabled
2026-02-25 17:53:01,987 - geo_infer_metagov.integrations.organizational - WARNING - GEO-INFER-ORG not available, organizational features disabled
2026-02-25 17:53:01,988 - geo_infer_metagov.integrations.security - WARNING - GEO-INFER-SEC not available, security features disabled
2026-02-25 17:53:01,988 - geo_infer_metagov.integrations.security - WARNING - GEO-INFER-SEC not available, security features disabled
2026-02-25 17:53:01,988 - geo_infer_metagov.integrations.security - WARNING - GEO-INFER-SEC not available, security features disabled
2026-02-25 17:53:01,988 - geo_infer_metagov.integrations.normative - WARNING - GEO-INFER-NORMS not available, normative features disabled
2026-02-25 17:53:01,988 - geo_infer_metagov.integrations.normative - WARNING - GEO-INFER-NORMS not available, normative features disabled
2026-02-25 17:53:01,988 - geo_infer_metagov.integrations.normative - WARNING - GEO-INFER-NORMS not available, normative features disabled
2026-02-25 17:53:01,989 - tests.test_framework - INFO - ✓ geo_infer_metagov imported successfully
2026-02-25 17:53:01,989 - tests.test_framework - INFO - ✓ geo_infer_metagov imported successfully
2026-02-25 17:53:01,989 - tests.test_framework - INFO - ✓ geo_infer_metagov imported successfully
2026-02-25 17:53:01,989 - tests.test_framework - INFO - ✓ geo_infer_agent imported successfully
2026-02-25 17:53:01,989 - tests.test_framework - INFO - ✓ geo_infer_agent imported successfully
2026-02-25 17:53:01,989 - tests.test_framework - INFO - ✓ geo_infer_agent imported successfully
2026-02-25 17:53:01,999 - geo_infer_ai.pipelines.mlflow_integration - WARNING - MLflow not available. Install with: uv pip install mlflow
2026-02-25 17:53:01,999 - geo_infer_ai.pipelines.mlflow_integration - WARNING - MLflow not available. Install with: uv pip install mlflow
2026-02-25 17:53:01,999 - geo_infer_ai.pipelines.mlflow_integration - WARNING - MLflow not available. Install with: uv pip install mlflow
2026-02-25 17:53:01,999 - tests.test_framework - INFO - ✓ geo_infer_ai imported successfully
2026-02-25 17:53:01,999 - tests.test_framework - INFO - ✓ geo_infer_ai imported successfully
2026-02-25 17:53:01,999 - tests.test_framework - INFO - ✓ geo_infer_ai imported successfully
2026-02-25 17:53:01,999 - tests.test_framework - INFO - ✓ geo_infer_health imported successfully
2026-02-25 17:53:01,999 - tests.test_framework - INFO - ✓ geo_infer_health imported successfully
2026-02-25 17:53:01,999 - tests.test_framework - INFO - ✓ geo_infer_health imported successfully
2026-02-25 17:53:01,999 - tests.test_framework - INFO - ✓ geo_infer_water imported successfully
2026-02-25 17:53:01,999 - tests.test_framework - INFO - ✓ geo_infer_water imported successfully
2026-02-25 17:53:01,999 - tests.test_framework - INFO - ✓ geo_infer_water imported successfully
2026-02-25 17:53:01,999 - tests.test_framework - INFO - ✓ geo_infer_transport imported successfully
2026-02-25 17:53:01,999 - tests.test_framework - INFO - ✓ geo_infer_transport imported successfully
2026-02-25 17:53:01,999 - tests.test_framework - INFO - ✓ geo_infer_transport imported successfully
2026-02-25 17:53:01,999 - tests.test_framework - INFO - ✓ geo_infer_sim imported successfully
2026-02-25 17:53:01,999 - tests.test_framework - INFO - ✓ geo_infer_sim imported successfully
2026-02-25 17:53:01,999 - tests.test_framework - INFO - ✓ geo_infer_sim imported successfully
2026-02-25 17:53:02,046 - tests.test_framework - INFO - ✓ geo_infer_comms imported successfully
2026-02-25 17:53:02,046 - tests.test_framework - INFO - ✓ geo_infer_comms imported successfully
2026-02-25 17:53:02,046 - tests.test_framework - INFO - ✓ geo_infer_comms imported successfully
2026-02-25 17:53:02,046 - tests.test_framework - INFO - ✓ geo_infer_norms imported successfully
2026-02-25 17:53:02,046 - tests.test_framework - INFO - ✓ geo_infer_norms imported successfully
2026-02-25 17:53:02,046 - tests.test_framework - INFO - ✓ geo_infer_norms imported successfully
2026-02-25 17:53:02,046 - tests.test_framework - INFO - ✓ geo_infer_sec imported successfully
2026-02-25 17:53:02,046 - tests.test_framework - INFO - ✓ geo_infer_sec imported successfully
2026-02-25 17:53:02,046 - tests.test_framework - INFO - ✓ geo_infer_sec imported successfully
2026-02-25 17:53:02,046 - tests.test_framework - INFO - ✓ geo_infer_bayes imported successfully
2026-02-25 17:53:02,046 - tests.test_framework - INFO - ✓ geo_infer_bayes imported successfully
2026-02-25 17:53:02,046 - tests.test_framework - INFO - ✓ geo_infer_bayes imported successfully
2026-02-25 17:53:02,046 - tests.test_framework - INFO - ✓ geo_infer_emergency imported successfully
2026-02-25 17:53:02,046 - tests.test_framework - INFO - ✓ geo_infer_emergency imported successfully
2026-02-25 17:53:02,046 - tests.test_framework - INFO - ✓ geo_infer_emergency imported successfully
2026-02-25 17:53:02,046 - tests.test_framework - INFO - ✓ geo_infer_ops imported successfully
2026-02-25 17:53:02,046 - tests.test_framework - INFO - ✓ geo_infer_ops imported successfully
2026-02-25 17:53:02,046 - tests.test_framework - INFO - ✓ geo_infer_ops imported successfully
2026-02-25 17:53:02,046 - tests.test_framework - INFO - ✓ geo_infer_space imported successfully
2026-02-25 17:53:02,046 - tests.test_framework - INFO - ✓ geo_infer_space imported successfully
2026-02-25 17:53:02,046 - tests.test_framework - INFO - ✓ geo_infer_space imported successfully
2026-02-25 17:53:02,046 - tests.test_framework - INFO - ✓ geo_infer_act imported successfully
2026-02-25 17:53:02,046 - tests.test_framework - INFO - ✓ geo_infer_act imported successfully
2026-02-25 17:53:02,046 - tests.test_framework - INFO - ✓ geo_infer_act imported successfully
2026-02-25 17:53:02,046 - tests.test_framework - INFO - ✓ geo_infer_git imported successfully
2026-02-25 17:53:02,046 - tests.test_framework - INFO - ✓ geo_infer_git imported successfully
2026-02-25 17:53:02,046 - tests.test_framework - INFO - ✓ geo_infer_git imported successfully
2026-02-25 17:53:02,047 - tests.test_framework - INFO - ✓ geo_infer_api imported successfully
2026-02-25 17:53:02,047 - tests.test_framework - INFO - ✓ geo_infer_api imported successfully
2026-02-25 17:53:02,047 - tests.test_framework - INFO - ✓ geo_infer_api imported successfully
2026-02-25 17:53:02,047 - tests.test_framework - INFO - ✓ geo_infer_app imported successfully
2026-02-25 17:53:02,047 - tests.test_framework - INFO - ✓ geo_infer_app imported successfully
2026-02-25 17:53:02,047 - tests.test_framework - INFO - ✓ geo_infer_app imported successfully
2026-02-25 17:53:02,070 - tests.test_framework - INFO - ✓ geo_infer_econ imported successfully
2026-02-25 17:53:02,070 - tests.test_framework - INFO - ✓ geo_infer_econ imported successfully
2026-02-25 17:53:02,070 - tests.test_framework - INFO - ✓ geo_infer_econ imported successfully
2026-02-25 17:53:02,071 - tests.test_framework - INFO - ✓ geo_infer_place imported successfully
2026-02-25 17:53:02,071 - tests.test_framework - INFO - ✓ geo_infer_place imported successfully
2026-02-25 17:53:02,071 - tests.test_framework - INFO - ✓ geo_infer_place imported successfully
2026-02-25 17:53:02,071 - tests.test_framework - INFO - ✓ geo_infer_data imported successfully
2026-02-25 17:53:02,071 - tests.test_framework - INFO - ✓ geo_infer_data imported successfully
2026-02-25 17:53:02,071 - tests.test_framework - INFO - ✓ geo_infer_data imported successfully
2026-02-25 17:53:02,071 - tests.test_framework - INFO - ✓ geo_infer_math imported successfully
2026-02-25 17:53:02,071 - tests.test_framework - INFO - ✓ geo_infer_math imported successfully
2026-02-25 17:53:02,071 - tests.test_framework - INFO - ✓ geo_infer_math imported successfully
2026-02-25 17:53:02,074 - root - WARNING - Integration modules not available: No module named 'geo_infer_time.core.temporal'
2026-02-25 17:53:02,074 - root - WARNING - Integration modules not available: No module named 'geo_infer_time.core.temporal'
2026-02-25 17:53:02,074 - root - WARNING - Integration modules not available: No module named 'geo_infer_time.core.temporal'
2026-02-25 17:53:02,079 - root - WARNING - Integration modules not available: cannot import name 'OptimizationBase' from 'geo_infer_math.core.optimization' (/Users/4d/Documents/GitHub/GEO-INFER/GEO-INFER-MATH/src/geo_infer_math/core/optimization.py)
2026-02-25 17:53:02,079 - root - WARNING - Integration modules not available: cannot import name 'OptimizationBase' from 'geo_infer_math.core.optimization' (/Users/4d/Documents/GitHub/GEO-INFER/GEO-INFER-MATH/src/geo_infer_math/core/optimization.py)
2026-02-25 17:53:02,079 - root - WARNING - Integration modules not available: cannot import name 'OptimizationBase' from 'geo_infer_math.core.optimization' (/Users/4d/Documents/GitHub/GEO-INFER/GEO-INFER-MATH/src/geo_infer_math/core/optimization.py)
2026-02-25 17:53:02,080 - root - WARNING - Integration modules not available: cannot import name 'OptimizationBase' from 'geo_infer_math.core.optimization' (/Users/4d/Documents/GitHub/GEO-INFER/GEO-INFER-MATH/src/geo_infer_math/core/optimization.py)
2026-02-25 17:53:02,080 - root - WARNING - Integration modules not available: cannot import name 'OptimizationBase' from 'geo_infer_math.core.optimization' (/Users/4d/Documents/GitHub/GEO-INFER/GEO-INFER-MATH/src/geo_infer_math/core/optimization.py)
2026-02-25 17:53:02,080 - root - WARNING - Integration modules not available: cannot import name 'OptimizationBase' from 'geo_infer_math.core.optimization' (/Users/4d/Documents/GitHub/GEO-INFER/GEO-INFER-MATH/src/geo_infer_math/core/optimization.py)
2026-02-25 17:53:02,090 - geo_infer_ant - WARNING - Utility modules not yet implemented: No module named 'geo_infer_ant.utils.logging'
2026-02-25 17:53:02,090 - geo_infer_ant - WARNING - Utility modules not yet implemented: No module named 'geo_infer_ant.utils.logging'
2026-02-25 17:53:02,090 - geo_infer_ant - WARNING - Utility modules not yet implemented: No module named 'geo_infer_ant.utils.logging'
2026-02-25 17:53:02,090 - tests.test_framework - INFO - ✓ geo_infer_ant imported successfully
2026-02-25 17:53:02,090 - tests.test_framework - INFO - ✓ geo_infer_ant imported successfully
2026-02-25 17:53:02,090 - tests.test_framework - INFO - ✓ geo_infer_ant imported successfully
2026-02-25 17:53:02,090 - tests.test_framework - INFO - ✓ geo_infer_time imported successfully
2026-02-25 17:53:02,090 - tests.test_framework - INFO - ✓ geo_infer_time imported successfully
2026-02-25 17:53:02,090 - tests.test_framework - INFO - ✓ geo_infer_time imported successfully
2026-02-25 17:53:02,103 - tests.test_framework - INFO - ✓ geo_infer_spm imported successfully
2026-02-25 17:53:02,103 - tests.test_framework - INFO - ✓ geo_infer_spm imported successfully
2026-02-25 17:53:02,103 - tests.test_framework - INFO - ✓ geo_infer_spm imported successfully
2026-02-25 17:53:02,104 - tests.test_framework - INFO - ✓ geo_infer_iot imported successfully
2026-02-25 17:53:02,104 - tests.test_framework - INFO - ✓ geo_infer_iot imported successfully
2026-02-25 17:53:02,104 - tests.test_framework - INFO - ✓ geo_infer_iot imported successfully
2026-02-25 17:53:02,109 - tests.test_framework - INFO - ✓ geo_infer_req imported successfully
2026-02-25 17:53:02,109 - tests.test_framework - INFO - ✓ geo_infer_req imported successfully
2026-02-25 17:53:02,109 - tests.test_framework - INFO - ✓ geo_infer_req imported successfully
2026-02-25 17:53:02,109 - tests.test_framework - INFO - ✓ geo_infer_energy imported successfully
2026-02-25 17:53:02,109 - tests.test_framework - INFO - ✓ geo_infer_energy imported successfully
2026-02-25 17:53:02,109 - tests.test_framework - INFO - ✓ geo_infer_energy imported successfully
2026-02-25 17:53:02,109 - tests.test_framework - INFO - ✓ geo_infer_marine imported successfully
2026-02-25 17:53:02,109 - tests.test_framework - INFO - ✓ geo_infer_marine imported successfully
2026-02-25 17:53:02,109 - tests.test_framework - INFO - ✓ geo_infer_marine imported successfully
2026-02-25 17:53:02,109 - tests.test_framework - INFO - ✓ geo_infer_forest imported successfully
2026-02-25 17:53:02,109 - tests.test_framework - INFO - ✓ geo_infer_forest imported successfully
2026-02-25 17:53:02,109 - tests.test_framework - INFO - ✓ geo_infer_forest imported successfully
2026-02-25 17:53:02,114 - tests.test_framework - INFO - ✓ geo_infer_civ imported successfully
2026-02-25 17:53:02,114 - tests.test_framework - INFO - ✓ geo_infer_civ imported successfully
2026-02-25 17:53:02,114 - tests.test_framework - INFO - ✓ geo_infer_civ imported successfully
2026-02-25 17:53:02,116 - tests.test_framework - INFO - === Testing Cross-Module Imports ===
2026-02-25 17:53:02,116 - tests.test_framework - INFO - === Testing Cross-Module Imports ===
2026-02-25 17:53:02,116 - tests.test_framework - INFO - === Testing Cross-Module Imports ===
2026-02-25 17:53:02,117 - tests.test_framework - INFO - ✓ geo_infer_place.PlaceAnalyzer imported successfully
2026-02-25 17:53:02,117 - tests.test_framework - INFO - ✓ geo_infer_place.PlaceAnalyzer imported successfully
2026-02-25 17:53:02,117 - tests.test_framework - INFO - ✓ geo_infer_place.PlaceAnalyzer imported successfully
2026-02-25 17:53:02,117 - tests.test_framework - INFO - ✓ geo_infer_space.SpatialIndexingInterface imported successfully
2026-02-25 17:53:02,117 - tests.test_framework - INFO - ✓ geo_infer_space.SpatialIndexingInterface imported successfully
2026-02-25 17:53:02,117 - tests.test_framework - INFO - ✓ geo_infer_space.SpatialIndexingInterface imported successfully
2026-02-25 17:53:02,117 - tests.test_framework - INFO - ✓ geo_infer_iot.IoTDataIngestion imported successfully
2026-02-25 17:53:02,117 - tests.test_framework - INFO - ✓ geo_infer_iot.IoTDataIngestion imported successfully
2026-02-25 17:53:02,117 - tests.test_framework - INFO - ✓ geo_infer_iot.IoTDataIngestion imported successfully
2026-02-25 17:53:02,117 - tests.test_framework - INFO - ✓ geo_infer_bayes.GaussianProcess imported successfully
2026-02-25 17:53:02,117 - tests.test_framework - INFO - ✓ geo_infer_bayes.GaussianProcess imported successfully
2026-02-25 17:53:02,117 - tests.test_framework - INFO - ✓ geo_infer_bayes.GaussianProcess imported successfully
2026-02-25 17:53:02,117 - tests.test_framework - INFO - ✓ geo_infer_act.ActiveInferenceModel imported successfully
2026-02-25 17:53:02,117 - tests.test_framework - INFO - ✓ geo_infer_act.ActiveInferenceModel imported successfully
2026-02-25 17:53:02,117 - tests.test_framework - INFO - ✓ geo_infer_act.ActiveInferenceModel imported successfully
2026-02-25 17:53:02,117 - geo_infer_paths - ERROR - Failed to import AgentFramework from geo_infer_agent: module 'geo_infer_agent' has no attribute 'AgentFramework'
2026-02-25 17:53:02,117 - geo_infer_paths - ERROR - Failed to import AgentFramework from geo_infer_agent: module 'geo_infer_agent' has no attribute 'AgentFramework'
2026-02-25 17:53:02,117 - geo_infer_paths - ERROR - Failed to import AgentFramework from geo_infer_agent: module 'geo_infer_agent' has no attribute 'AgentFramework'
2026-02-25 17:53:02,117 - tests.test_framework - WARNING - ○ geo_infer_agent.AgentFramework not found in module
2026-02-25 17:53:02,117 - tests.test_framework - WARNING - ○ geo_infer_agent.AgentFramework not found in module
2026-02-25 17:53:02,117 - tests.test_framework - WARNING - ○ geo_infer_agent.AgentFramework not found in module
2026-02-25 17:53:02,117 - geo_infer_paths - ERROR - Failed to import ArtisticVisualization from geo_infer_art: module 'geo_infer_art' has no attribute 'ArtisticVisualization'
2026-02-25 17:53:02,117 - geo_infer_paths - ERROR - Failed to import ArtisticVisualization from geo_infer_art: module 'geo_infer_art' has no attribute 'ArtisticVisualization'
2026-02-25 17:53:02,117 - geo_infer_paths - ERROR - Failed to import ArtisticVisualization from geo_infer_art: module 'geo_infer_art' has no attribute 'ArtisticVisualization'
2026-02-25 17:53:02,117 - tests.test_framework - WARNING - ○ geo_infer_art.ArtisticVisualization not found in module
2026-02-25 17:53:02,117 - tests.test_framework - WARNING - ○ geo_infer_art.ArtisticVisualization not found in module
2026-02-25 17:53:02,117 - tests.test_framework - WARNING - ○ geo_infer_art.ArtisticVisualization not found in module
2026-02-25 17:53:02,117 - tests.test_framework - INFO - ✓ geo_infer_sec.SecurityFramework imported successfully
2026-02-25 17:53:02,117 - tests.test_framework - INFO - ✓ geo_infer_sec.SecurityFramework imported successfully
2026-02-25 17:53:02,117 - tests.test_framework - INFO - ✓ geo_infer_sec.SecurityFramework imported successfully
2026-02-25 17:53:02,117 - tests.test_framework - INFO - ✓ geo_infer_test.TestRunner imported successfully
2026-02-25 17:53:02,117 - tests.test_framework - INFO - ✓ geo_infer_test.TestRunner imported successfully
2026-02-25 17:53:02,117 - tests.test_framework - INFO - ✓ geo_infer_test.TestRunner imported successfully
2026-02-25 17:53:02,117 - geo_infer_paths - ERROR - Failed to import APIManager from geo_infer_api: module 'geo_infer_api' has no attribute 'APIManager'
2026-02-25 17:53:02,117 - geo_infer_paths - ERROR - Failed to import APIManager from geo_infer_api: module 'geo_infer_api' has no attribute 'APIManager'
2026-02-25 17:53:02,117 - geo_infer_paths - ERROR - Failed to import APIManager from geo_infer_api: module 'geo_infer_api' has no attribute 'APIManager'
2026-02-25 17:53:02,118 - tests.test_framework - WARNING - ○ geo_infer_api.APIManager not found in module
2026-02-25 17:53:02,118 - tests.test_framework - WARNING - ○ geo_infer_api.APIManager not found in module
2026-02-25 17:53:02,118 - tests.test_framework - WARNING - ○ geo_infer_api.APIManager not found in module
2026-02-25 17:53:02,118 - geo_infer_paths - ERROR - Failed to import ComplianceFramework from geo_infer_norms: module 'geo_infer_norms' has no attribute 'ComplianceFramework'
2026-02-25 17:53:02,118 - geo_infer_paths - ERROR - Failed to import ComplianceFramework from geo_infer_norms: module 'geo_infer_norms' has no attribute 'ComplianceFramework'
2026-02-25 17:53:02,118 - geo_infer_paths - ERROR - Failed to import ComplianceFramework from geo_infer_norms: module 'geo_infer_norms' has no attribute 'ComplianceFramework'
2026-02-25 17:53:02,118 - tests.test_framework - WARNING - ○ geo_infer_norms.ComplianceFramework not found in module
2026-02-25 17:53:02,118 - tests.test_framework - WARNING - ○ geo_infer_norms.ComplianceFramework not found in module
2026-02-25 17:53:02,118 - tests.test_framework - WARNING - ○ geo_infer_norms.ComplianceFramework not found in module
2026-02-25 17:53:02,118 - geo_infer_paths - ERROR - Failed to import OperationsManager from geo_infer_ops: module 'geo_infer_ops' has no attribute 'OperationsManager'
2026-02-25 17:53:02,118 - geo_infer_paths - ERROR - Failed to import OperationsManager from geo_infer_ops: module 'geo_infer_ops' has no attribute 'OperationsManager'
2026-02-25 17:53:02,118 - geo_infer_paths - ERROR - Failed to import OperationsManager from geo_infer_ops: module 'geo_infer_ops' has no attribute 'OperationsManager'
2026-02-25 17:53:02,118 - tests.test_framework - WARNING - ○ geo_infer_ops.OperationsManager not found in module
2026-02-25 17:53:02,118 - tests.test_framework - WARNING - ○ geo_infer_ops.OperationsManager not found in module
2026-02-25 17:53:02,118 - tests.test_framework - WARNING - ○ geo_infer_ops.OperationsManager not found in module
2026-02-25 17:53:02,118 - geo_infer_paths - ERROR - Failed to import ExampleRunner from geo_infer_examples: module 'geo_infer_examples' has no attribute 'ExampleRunner'
2026-02-25 17:53:02,118 - geo_infer_paths - ERROR - Failed to import ExampleRunner from geo_infer_examples: module 'geo_infer_examples' has no attribute 'ExampleRunner'
2026-02-25 17:53:02,118 - geo_infer_paths - ERROR - Failed to import ExampleRunner from geo_infer_examples: module 'geo_infer_examples' has no attribute 'ExampleRunner'
2026-02-25 17:53:02,118 - tests.test_framework - WARNING - ○ geo_infer_examples.ExampleRunner not found in module
2026-02-25 17:53:02,118 - tests.test_framework - WARNING - ○ geo_infer_examples.ExampleRunner not found in module
2026-02-25 17:53:02,118 - tests.test_framework - WARNING - ○ geo_infer_examples.ExampleRunner not found in module
2026-02-25 17:53:02,118 - geo_infer_paths - ERROR - Failed to import GitManager from geo_infer_git: module 'geo_infer_git' has no attribute 'GitManager'
2026-02-25 17:53:02,118 - geo_infer_paths - ERROR - Failed to import GitManager from geo_infer_git: module 'geo_infer_git' has no attribute 'GitManager'
2026-02-25 17:53:02,118 - geo_infer_paths - ERROR - Failed to import GitManager from geo_infer_git: module 'geo_infer_git' has no attribute 'GitManager'
2026-02-25 17:53:02,118 - tests.test_framework - WARNING - ○ geo_infer_git.GitManager not found in module
2026-02-25 17:53:02,118 - tests.test_framework - WARNING - ○ geo_infer_git.GitManager not found in module
2026-02-25 17:53:02,118 - tests.test_framework - WARNING - ○ geo_infer_git.GitManager not found in module
2026-02-25 17:53:02,119 - tests.test_framework - INFO - === Testing Framework Entry Point ===
2026-02-25 17:53:02,119 - tests.test_framework - INFO - === Testing Framework Entry Point ===
2026-02-25 17:53:02,119 - tests.test_framework - INFO - === Testing Framework Entry Point ===
2026-02-25 17:53:02,119 - tests.test_framework - INFO - Framework loaded 0 modules
2026-02-25 17:53:02,119 - tests.test_framework - INFO - Framework loaded 0 modules
2026-02-25 17:53:02,119 - tests.test_framework - INFO - Framework loaded 0 modules
2026-02-25 17:53:02,119 - tests.test_framework - INFO - Framework version: unknown
2026-02-25 17:53:02,119 - tests.test_framework - INFO - Framework version: unknown
2026-02-25 17:53:02,119 - tests.test_framework - INFO - Framework version: unknown
2026-02-25 17:53:02,119 - tests.test_framework - INFO - Python version: 3.12.11 (main, Jul 12 2025, 16:37:15) [Clang 17.0.0 (clang-1700.0.13.5)]
2026-02-25 17:53:02,119 - tests.test_framework - INFO - Python version: 3.12.11 (main, Jul 12 2025, 16:37:15) [Clang 17.0.0 (clang-1700.0.13.5)]
2026-02-25 17:53:02,119 - tests.test_framework - INFO - Python version: 3.12.11 (main, Jul 12 2025, 16:37:15) [Clang 17.0.0 (clang-1700.0.13.5)]
2026-02-25 17:53:02,120 - tests.test_framework - INFO - === Testing Specific Functionality ===
2026-02-25 17:53:02,120 - tests.test_framework - INFO - === Testing Specific Functionality ===
2026-02-25 17:53:02,120 - tests.test_framework - INFO - === Testing Specific Functionality ===
2026-02-25 17:53:02,120 - tests.test_framework - INFO - ✓ SPACE H3 functionality available
2026-02-25 17:53:02,120 - tests.test_framework - INFO - ✓ SPACE H3 functionality available
2026-02-25 17:53:02,120 - tests.test_framework - INFO - ✓ SPACE H3 functionality available
2026-02-25 17:53:02,120 - tests.test_framework - INFO - ✓ PLACE analyzer available
2026-02-25 17:53:02,120 - tests.test_framework - INFO - ✓ PLACE analyzer available
2026-02-25 17:53:02,120 - tests.test_framework - INFO - ✓ PLACE analyzer available
2026-02-25 17:53:02,120 - tests.test_framework - INFO - ✓ IOT data ingestion available
2026-02-25 17:53:02,120 - tests.test_framework - INFO - ✓ IOT data ingestion available
2026-02-25 17:53:02,120 - tests.test_framework - INFO - ✓ IOT data ingestion available
2026-02-25 17:53:02,120 - tests.test_framework - INFO - ✓ BAYES Gaussian processes available
2026-02-25 17:53:02,120 - tests.test_framework - INFO - ✓ BAYES Gaussian processes available
2026-02-25 17:53:02,120 - tests.test_framework - INFO - ✓ BAYES Gaussian processes available
2026-02-25 17:53:13,905 - httpx - INFO - HTTP Request: GET http://testserver/test "HTTP/1.1 200 OK"
2026-02-25 17:53:13,905 - httpx - INFO - HTTP Request: GET http://testserver/test "HTTP/1.1 200 OK"
2026-02-25 17:53:13,905 - httpx - INFO - HTTP Request: GET http://testserver/test "HTTP/1.1 200 OK"
2026-02-25 18:11:52,261 - tests.test_framework - INFO - === Testing Path Manager ===
2026-02-25 18:11:52,261 - tests.test_framework - INFO - === Testing Path Manager ===
2026-02-25 18:11:52,261 - tests.test_framework - INFO - === Testing Path Manager ===
2026-02-25 18:11:53,247 - root - WARNING - GEO-INFER-SPACE not available, using basic H3 operations
2026-02-25 18:11:53,247 - root - WARNING - GEO-INFER-SPACE not available, using basic H3 operations
2026-02-25 18:11:53,247 - root - WARNING - GEO-INFER-SPACE not available, using basic H3 operations
2026-02-25 18:11:54,741 - arviz.preview - INFO - arviz_base not installed
2026-02-25 18:11:54,741 - arviz.preview - INFO - arviz_base not installed
2026-02-25 18:11:54,741 - arviz.preview - INFO - arviz_base not installed
2026-02-25 18:11:54,742 - arviz.preview - INFO - arviz_stats not installed
2026-02-25 18:11:54,742 - arviz.preview - INFO - arviz_stats not installed
2026-02-25 18:11:54,742 - arviz.preview - INFO - arviz_stats not installed
2026-02-25 18:11:54,742 - arviz.preview - INFO - arviz_plots not installed
2026-02-25 18:11:54,742 - arviz.preview - INFO - arviz_plots not installed
2026-02-25 18:11:54,742 - arviz.preview - INFO - arviz_plots not installed
2026-02-25 18:12:10,968 - root - WARNING - GEO-INFER-BAYES not available, spatial inference disabled
2026-02-25 18:12:10,968 - root - WARNING - GEO-INFER-BAYES not available, spatial inference disabled
2026-02-25 18:12:10,968 - root - WARNING - GEO-INFER-BAYES not available, spatial inference disabled
2026-02-25 18:12:10,978 - mqtt - WARNING - We renamed asyncio-mqtt to aiomqtt and released a version 1.0.0 in the process. This is the last release under the asyncio-mqtt name. You can find the new repository at https://github.com/sbtinstruments/aiomqtt
2026-02-25 18:12:10,978 - mqtt - WARNING - We renamed asyncio-mqtt to aiomqtt and released a version 1.0.0 in the process. This is the last release under the asyncio-mqtt name. You can find the new repository at https://github.com/sbtinstruments/aiomqtt
2026-02-25 18:12:10,978 - mqtt - WARNING - We renamed asyncio-mqtt to aiomqtt and released a version 1.0.0 in the process. This is the last release under the asyncio-mqtt name. You can find the new repository at https://github.com/sbtinstruments/aiomqtt
2026-02-25 18:12:10,982 - root - WARNING - GEO-INFER-SPACE not available, using basic spatial operations
2026-02-25 18:12:10,982 - root - WARNING - GEO-INFER-SPACE not available, using basic spatial operations
2026-02-25 18:12:10,982 - root - WARNING - GEO-INFER-SPACE not available, using basic spatial operations
2026-02-25 18:12:11,406 - geo_infer_paths - INFO - Found 16 installed modules
2026-02-25 18:12:11,406 - geo_infer_paths - INFO - Found 16 installed modules
2026-02-25 18:12:11,406 - geo_infer_paths - INFO - Found 16 installed modules
2026-02-25 18:12:11,406 - tests.test_framework - INFO - Available modules: 44
2026-02-25 18:12:11,406 - tests.test_framework - INFO - Available modules: 44
2026-02-25 18:12:11,406 - tests.test_framework - INFO - Available modules: 44
2026-02-25 18:12:11,407 - tests.test_framework - INFO -   geo_infer_org: ○ development
2026-02-25 18:12:11,407 - tests.test_framework - INFO -   geo_infer_org: ○ development
2026-02-25 18:12:11,407 - tests.test_framework - INFO -   geo_infer_org: ○ development
2026-02-25 18:12:11,407 - tests.test_framework - INFO -   geo_infer_app: ○ development
2026-02-25 18:12:11,407 - tests.test_framework - INFO -   geo_infer_app: ○ development
2026-02-25 18:12:11,407 - tests.test_framework - INFO -   geo_infer_app: ○ development
2026-02-25 18:12:11,407 - tests.test_framework - INFO -   geo_infer_api: ✓ installed
2026-02-25 18:12:11,407 - tests.test_framework - INFO -   geo_infer_api: ✓ installed
2026-02-25 18:12:11,407 - tests.test_framework - INFO -   geo_infer_api: ✓ installed
2026-02-25 18:12:11,407 - tests.test_framework - INFO -   geo_infer_sec: ✓ installed
2026-02-25 18:12:11,407 - tests.test_framework - INFO -   geo_infer_sec: ✓ installed
2026-02-25 18:12:11,407 - tests.test_framework - INFO -   geo_infer_sec: ✓ installed
2026-02-25 18:12:11,407 - tests.test_framework - INFO -   geo_infer_marine: ○ development
2026-02-25 18:12:11,407 - tests.test_framework - INFO -   geo_infer_marine: ○ development
2026-02-25 18:12:11,407 - tests.test_framework - INFO -   geo_infer_marine: ○ development
2026-02-25 18:12:11,407 - tests.test_framework - INFO -   geo_infer_ag: ○ development
2026-02-25 18:12:11,407 - tests.test_framework - INFO -   geo_infer_ag: ○ development
2026-02-25 18:12:11,407 - tests.test_framework - INFO -   geo_infer_ag: ○ development
2026-02-25 18:12:11,407 - tests.test_framework - INFO -   geo_infer_test: ✓ installed
2026-02-25 18:12:11,407 - tests.test_framework - INFO -   geo_infer_test: ✓ installed
2026-02-25 18:12:11,407 - tests.test_framework - INFO -   geo_infer_test: ✓ installed
2026-02-25 18:12:11,407 - tests.test_framework - INFO -   geo_infer_bio: ✓ installed
2026-02-25 18:12:11,407 - tests.test_framework - INFO -   geo_infer_bio: ✓ installed
2026-02-25 18:12:11,407 - tests.test_framework - INFO -   geo_infer_bio: ✓ installed
2026-02-25 18:12:11,407 - tests.test_framework - INFO -   geo_infer_git: ✓ installed
2026-02-25 18:12:11,407 - tests.test_framework - INFO -   geo_infer_git: ✓ installed
2026-02-25 18:12:11,407 - tests.test_framework - INFO -   geo_infer_git: ✓ installed
2026-02-25 18:12:11,408 - tests.test_framework - INFO -   geo_infer_transport: ○ development
2026-02-25 18:12:11,408 - tests.test_framework - INFO -   geo_infer_transport: ○ development
2026-02-25 18:12:11,408 - tests.test_framework - INFO -   geo_infer_transport: ○ development
2026-02-25 18:12:11,408 - tests.test_framework - INFO -   geo_infer_log: ○ development
2026-02-25 18:12:11,408 - tests.test_framework - INFO -   geo_infer_log: ○ development
2026-02-25 18:12:11,408 - tests.test_framework - INFO -   geo_infer_log: ○ development
2026-02-25 18:12:11,408 - tests.test_framework - INFO -   geo_infer_space: ✓ installed
2026-02-25 18:12:11,408 - tests.test_framework - INFO -   geo_infer_space: ✓ installed
2026-02-25 18:12:11,408 - tests.test_framework - INFO -   geo_infer_space: ✓ installed
2026-02-25 18:12:11,408 - tests.test_framework - INFO -   geo_infer_civ: ○ development
2026-02-25 18:12:11,408 - tests.test_framework - INFO -   geo_infer_civ: ○ development
2026-02-25 18:12:11,408 - tests.test_framework - INFO -   geo_infer_civ: ○ development
2026-02-25 18:12:11,408 - tests.test_framework - INFO -   geo_infer_risk: ○ development
2026-02-25 18:12:11,408 - tests.test_framework - INFO -   geo_infer_risk: ○ development
2026-02-25 18:12:11,408 - tests.test_framework - INFO -   geo_infer_risk: ○ development
2026-02-25 18:12:11,408 - tests.test_framework - INFO -   geo_infer_ant: ○ development
2026-02-25 18:12:11,408 - tests.test_framework - INFO -   geo_infer_ant: ○ development
2026-02-25 18:12:11,408 - tests.test_framework - INFO -   geo_infer_ant: ○ development
2026-02-25 18:12:11,408 - tests.test_framework - INFO -   geo_infer_sim: ○ development
2026-02-25 18:12:11,408 - tests.test_framework - INFO -   geo_infer_sim: ○ development
2026-02-25 18:12:11,408 - tests.test_framework - INFO -   geo_infer_sim: ○ development
2026-02-25 18:12:11,408 - tests.test_framework - INFO -   geo_infer_ai: ○ development
2026-02-25 18:12:11,408 - tests.test_framework - INFO -   geo_infer_ai: ○ development
2026-02-25 18:12:11,408 - tests.test_framework - INFO -   geo_infer_ai: ○ development
2026-02-25 18:12:11,408 - tests.test_framework - INFO -   geo_infer_forest: ○ development
2026-02-25 18:12:11,408 - tests.test_framework - INFO -   geo_infer_forest: ○ development
2026-02-25 18:12:11,408 - tests.test_framework - INFO -   geo_infer_forest: ○ development
2026-02-25 18:12:11,409 - tests.test_framework - INFO -   geo_infer_pep: ○ development
2026-02-25 18:12:11,409 - tests.test_framework - INFO -   geo_infer_pep: ○ development
2026-02-25 18:12:11,409 - tests.test_framework - INFO -   geo_infer_pep: ○ development
2026-02-25 18:12:11,409 - tests.test_framework - INFO -   geo_infer_ops: ✓ installed
2026-02-25 18:12:11,409 - tests.test_framework - INFO -   geo_infer_ops: ✓ installed
2026-02-25 18:12:11,409 - tests.test_framework - INFO -   geo_infer_ops: ✓ installed
2026-02-25 18:12:11,409 - tests.test_framework - INFO -   geo_infer_econ: ○ development
2026-02-25 18:12:11,409 - tests.test_framework - INFO -   geo_infer_econ: ○ development
2026-02-25 18:12:11,409 - tests.test_framework - INFO -   geo_infer_econ: ○ development
2026-02-25 18:12:11,409 - tests.test_framework - INFO -   geo_infer_bayes: ✓ installed
2026-02-25 18:12:11,409 - tests.test_framework - INFO -   geo_infer_bayes: ✓ installed
2026-02-25 18:12:11,409 - tests.test_framework - INFO -   geo_infer_bayes: ✓ installed
2026-02-25 18:12:11,409 - tests.test_framework - INFO -   geo_infer_intra: ✓ installed
2026-02-25 18:12:11,409 - tests.test_framework - INFO -   geo_infer_intra: ✓ installed
2026-02-25 18:12:11,409 - tests.test_framework - INFO -   geo_infer_intra: ✓ installed
2026-02-25 18:12:11,409 - tests.test_framework - INFO -   geo_infer_time: ○ development
2026-02-25 18:12:11,409 - tests.test_framework - INFO -   geo_infer_time: ○ development
2026-02-25 18:12:11,409 - tests.test_framework - INFO -   geo_infer_time: ○ development
2026-02-25 18:12:11,409 - tests.test_framework - INFO -   geo_infer_req: ○ development
2026-02-25 18:12:11,409 - tests.test_framework - INFO -   geo_infer_req: ○ development
2026-02-25 18:12:11,409 - tests.test_framework - INFO -   geo_infer_req: ○ development
2026-02-25 18:12:11,409 - tests.test_framework - INFO -   geo_infer_act: ✓ installed
2026-02-25 18:12:11,409 - tests.test_framework - INFO -   geo_infer_act: ✓ installed
2026-02-25 18:12:11,409 - tests.test_framework - INFO -   geo_infer_act: ✓ installed
2026-02-25 18:12:11,409 - tests.test_framework - INFO -   geo_infer_math: ○ development
2026-02-25 18:12:11,409 - tests.test_framework - INFO -   geo_infer_math: ○ development
2026-02-25 18:12:11,409 - tests.test_framework - INFO -   geo_infer_math: ○ development
2026-02-25 18:12:11,410 - tests.test_framework - INFO -   geo_infer_iot: ✓ installed
2026-02-25 18:12:11,410 - tests.test_framework - INFO -   geo_infer_iot: ✓ installed
2026-02-25 18:12:11,410 - tests.test_framework - INFO -   geo_infer_iot: ✓ installed
2026-02-25 18:12:11,410 - tests.test_framework - INFO -   geo_infer_examples: ✓ installed
2026-02-25 18:12:11,410 - tests.test_framework - INFO -   geo_infer_examples: ✓ installed
2026-02-25 18:12:11,410 - tests.test_framework - INFO -   geo_infer_examples: ✓ installed
2026-02-25 18:12:11,410 - tests.test_framework - INFO -   geo_infer_agent: ✓ installed
2026-02-25 18:12:11,410 - tests.test_framework - INFO -   geo_infer_agent: ✓ installed
2026-02-25 18:12:11,410 - tests.test_framework - INFO -   geo_infer_agent: ✓ installed
2026-02-25 18:12:11,410 - tests.test_framework - INFO -   geo_infer_art: ✓ installed
2026-02-25 18:12:11,410 - tests.test_framework - INFO -   geo_infer_art: ✓ installed
2026-02-25 18:12:11,410 - tests.test_framework - INFO -   geo_infer_art: ✓ installed
2026-02-25 18:12:11,410 - tests.test_framework - INFO -   geo_infer_emergency: ○ development
2026-02-25 18:12:11,410 - tests.test_framework - INFO -   geo_infer_emergency: ○ development
2026-02-25 18:12:11,410 - tests.test_framework - INFO -   geo_infer_emergency: ○ development
2026-02-25 18:12:11,410 - tests.test_framework - INFO -   geo_infer_norms: ✓ installed
2026-02-25 18:12:11,410 - tests.test_framework - INFO -   geo_infer_norms: ✓ installed
2026-02-25 18:12:11,410 - tests.test_framework - INFO -   geo_infer_norms: ✓ installed
2026-02-25 18:12:11,410 - tests.test_framework - INFO -   geo_infer_edu: ○ development
2026-02-25 18:12:11,410 - tests.test_framework - INFO -   geo_infer_edu: ○ development
2026-02-25 18:12:11,410 - tests.test_framework - INFO -   geo_infer_edu: ○ development
2026-02-25 18:12:11,410 - tests.test_framework - INFO -   geo_infer_spm: ○ development
2026-02-25 18:12:11,410 - tests.test_framework - INFO -   geo_infer_spm: ○ development
2026-02-25 18:12:11,410 - tests.test_framework - INFO -   geo_infer_spm: ○ development
2026-02-25 18:12:11,410 - tests.test_framework - INFO -   geo_infer_climate: ○ development
2026-02-25 18:12:11,410 - tests.test_framework - INFO -   geo_infer_climate: ○ development
2026-02-25 18:12:11,410 - tests.test_framework - INFO -   geo_infer_climate: ○ development
2026-02-25 18:12:11,410 - tests.test_framework - INFO -   geo_infer_comms: ○ development
2026-02-25 18:12:11,410 - tests.test_framework - INFO -   geo_infer_comms: ○ development
2026-02-25 18:12:11,410 - tests.test_framework - INFO -   geo_infer_comms: ○ development
2026-02-25 18:12:11,410 - tests.test_framework - INFO -   geo_infer_health: ○ development
2026-02-25 18:12:11,410 - tests.test_framework - INFO -   geo_infer_health: ○ development
2026-02-25 18:12:11,410 - tests.test_framework - INFO -   geo_infer_health: ○ development
2026-02-25 18:12:11,410 - tests.test_framework - INFO -   geo_infer_data: ○ development
2026-02-25 18:12:11,410 - tests.test_framework - INFO -   geo_infer_data: ○ development
2026-02-25 18:12:11,410 - tests.test_framework - INFO -   geo_infer_data: ○ development
2026-02-25 18:12:11,410 - tests.test_framework - INFO -   geo_infer_water: ○ development
2026-02-25 18:12:11,410 - tests.test_framework - INFO -   geo_infer_water: ○ development
2026-02-25 18:12:11,410 - tests.test_framework - INFO -   geo_infer_water: ○ development
2026-02-25 18:12:11,410 - tests.test_framework - INFO -   geo_infer_metagov: ○ development
2026-02-25 18:12:11,410 - tests.test_framework - INFO -   geo_infer_metagov: ○ development
2026-02-25 18:12:11,410 - tests.test_framework - INFO -   geo_infer_metagov: ○ development
2026-02-25 18:12:11,410 - tests.test_framework - INFO -   geo_infer_energy: ○ development
2026-02-25 18:12:11,410 - tests.test_framework - INFO -   geo_infer_energy: ○ development
2026-02-25 18:12:11,410 - tests.test_framework - INFO -   geo_infer_energy: ○ development
2026-02-25 18:12:11,410 - tests.test_framework - INFO -   geo_infer_place: ✓ installed
2026-02-25 18:12:11,410 - tests.test_framework - INFO -   geo_infer_place: ✓ installed
2026-02-25 18:12:11,410 - tests.test_framework - INFO -   geo_infer_place: ✓ installed
2026-02-25 18:12:11,411 - tests.test_framework - INFO -   geo_infer_cog: ○ development
2026-02-25 18:12:11,411 - tests.test_framework - INFO -   geo_infer_cog: ○ development
2026-02-25 18:12:11,411 - tests.test_framework - INFO -   geo_infer_cog: ○ development
2026-02-25 18:12:11,415 - tests.test_framework - INFO - === Testing Module Imports ===
2026-02-25 18:12:11,415 - tests.test_framework - INFO - === Testing Module Imports ===
2026-02-25 18:12:11,415 - tests.test_framework - INFO - === Testing Module Imports ===
2026-02-25 18:12:11,420 - tests.test_framework - INFO - ✓ geo_infer_org imported successfully
2026-02-25 18:12:11,420 - tests.test_framework - INFO - ✓ geo_infer_org imported successfully
2026-02-25 18:12:11,420 - tests.test_framework - INFO - ✓ geo_infer_org imported successfully
2026-02-25 18:12:11,421 - tests.test_framework - INFO - ✓ geo_infer_app imported successfully
2026-02-25 18:12:11,421 - tests.test_framework - INFO - ✓ geo_infer_app imported successfully
2026-02-25 18:12:11,421 - tests.test_framework - INFO - ✓ geo_infer_app imported successfully
2026-02-25 18:12:11,421 - tests.test_framework - INFO - ✓ geo_infer_api imported successfully
2026-02-25 18:12:11,421 - tests.test_framework - INFO - ✓ geo_infer_api imported successfully
2026-02-25 18:12:11,421 - tests.test_framework - INFO - ✓ geo_infer_api imported successfully
2026-02-25 18:12:11,421 - tests.test_framework - INFO - ✓ geo_infer_sec imported successfully
2026-02-25 18:12:11,421 - tests.test_framework - INFO - ✓ geo_infer_sec imported successfully
2026-02-25 18:12:11,421 - tests.test_framework - INFO - ✓ geo_infer_sec imported successfully
2026-02-25 18:12:11,421 - tests.test_framework - INFO - ✓ geo_infer_marine imported successfully
2026-02-25 18:12:11,421 - tests.test_framework - INFO - ✓ geo_infer_marine imported successfully
2026-02-25 18:12:11,421 - tests.test_framework - INFO - ✓ geo_infer_marine imported successfully
2026-02-25 18:12:11,429 - tests.test_framework - INFO - ✓ geo_infer_ag imported successfully
2026-02-25 18:12:11,429 - tests.test_framework - INFO - ✓ geo_infer_ag imported successfully
2026-02-25 18:12:11,429 - tests.test_framework - INFO - ✓ geo_infer_ag imported successfully
2026-02-25 18:12:11,429 - tests.test_framework - INFO - ✓ geo_infer_test imported successfully
2026-02-25 18:12:11,429 - tests.test_framework - INFO - ✓ geo_infer_test imported successfully
2026-02-25 18:12:11,429 - tests.test_framework - INFO - ✓ geo_infer_test imported successfully
2026-02-25 18:12:11,429 - tests.test_framework - INFO - ✓ geo_infer_bio imported successfully
2026-02-25 18:12:11,429 - tests.test_framework - INFO - ✓ geo_infer_bio imported successfully
2026-02-25 18:12:11,429 - tests.test_framework - INFO - ✓ geo_infer_bio imported successfully
2026-02-25 18:12:11,429 - tests.test_framework - INFO - ✓ geo_infer_git imported successfully
2026-02-25 18:12:11,429 - tests.test_framework - INFO - ✓ geo_infer_git imported successfully
2026-02-25 18:12:11,429 - tests.test_framework - INFO - ✓ geo_infer_git imported successfully
2026-02-25 18:12:11,429 - tests.test_framework - INFO - ✓ geo_infer_transport imported successfully
2026-02-25 18:12:11,429 - tests.test_framework - INFO - ✓ geo_infer_transport imported successfully
2026-02-25 18:12:11,429 - tests.test_framework - INFO - ✓ geo_infer_transport imported successfully
2026-02-25 18:12:11,429 - tests.test_framework - INFO - ✓ geo_infer_log imported successfully
2026-02-25 18:12:11,429 - tests.test_framework - INFO - ✓ geo_infer_log imported successfully
2026-02-25 18:12:11,429 - tests.test_framework - INFO - ✓ geo_infer_log imported successfully
2026-02-25 18:12:11,429 - tests.test_framework - INFO - ✓ geo_infer_space imported successfully
2026-02-25 18:12:11,429 - tests.test_framework - INFO - ✓ geo_infer_space imported successfully
2026-02-25 18:12:11,429 - tests.test_framework - INFO - ✓ geo_infer_space imported successfully
2026-02-25 18:12:11,434 - tests.test_framework - INFO - ✓ geo_infer_civ imported successfully
2026-02-25 18:12:11,434 - tests.test_framework - INFO - ✓ geo_infer_civ imported successfully
2026-02-25 18:12:11,434 - tests.test_framework - INFO - ✓ geo_infer_civ imported successfully
2026-02-25 18:12:11,447 - geo_infer_math.core.gpu_acceleration - WARNING - No GPU acceleration backends available
2026-02-25 18:12:11,447 - geo_infer_math.core.gpu_acceleration - WARNING - No GPU acceleration backends available
2026-02-25 18:12:11,447 - geo_infer_math.core.gpu_acceleration - WARNING - No GPU acceleration backends available
2026-02-25 18:12:11,640 - tests.test_framework - INFO - ✓ geo_infer_risk imported successfully
2026-02-25 18:12:11,640 - tests.test_framework - INFO - ✓ geo_infer_risk imported successfully
2026-02-25 18:12:11,640 - tests.test_framework - INFO - ✓ geo_infer_risk imported successfully
2026-02-25 18:12:11,643 - root - WARNING - Integration modules not available: No module named 'geo_infer_time.core.temporal'
2026-02-25 18:12:11,643 - root - WARNING - Integration modules not available: No module named 'geo_infer_time.core.temporal'
2026-02-25 18:12:11,643 - root - WARNING - Integration modules not available: No module named 'geo_infer_time.core.temporal'
2026-02-25 18:12:11,648 - root - WARNING - Integration modules not available: cannot import name 'OptimizationBase' from 'geo_infer_math.core.optimization' (/Users/4d/Documents/GitHub/GEO-INFER/GEO-INFER-MATH/src/geo_infer_math/core/optimization.py)
2026-02-25 18:12:11,648 - root - WARNING - Integration modules not available: cannot import name 'OptimizationBase' from 'geo_infer_math.core.optimization' (/Users/4d/Documents/GitHub/GEO-INFER/GEO-INFER-MATH/src/geo_infer_math/core/optimization.py)
2026-02-25 18:12:11,648 - root - WARNING - Integration modules not available: cannot import name 'OptimizationBase' from 'geo_infer_math.core.optimization' (/Users/4d/Documents/GitHub/GEO-INFER/GEO-INFER-MATH/src/geo_infer_math/core/optimization.py)
2026-02-25 18:12:11,649 - root - WARNING - Integration modules not available: cannot import name 'OptimizationBase' from 'geo_infer_math.core.optimization' (/Users/4d/Documents/GitHub/GEO-INFER/GEO-INFER-MATH/src/geo_infer_math/core/optimization.py)
2026-02-25 18:12:11,649 - root - WARNING - Integration modules not available: cannot import name 'OptimizationBase' from 'geo_infer_math.core.optimization' (/Users/4d/Documents/GitHub/GEO-INFER/GEO-INFER-MATH/src/geo_infer_math/core/optimization.py)
2026-02-25 18:12:11,649 - root - WARNING - Integration modules not available: cannot import name 'OptimizationBase' from 'geo_infer_math.core.optimization' (/Users/4d/Documents/GitHub/GEO-INFER/GEO-INFER-MATH/src/geo_infer_math/core/optimization.py)
2026-02-25 18:12:11,659 - geo_infer_ant - WARNING - Utility modules not yet implemented: No module named 'geo_infer_ant.utils.logging'
2026-02-25 18:12:11,659 - geo_infer_ant - WARNING - Utility modules not yet implemented: No module named 'geo_infer_ant.utils.logging'
2026-02-25 18:12:11,659 - geo_infer_ant - WARNING - Utility modules not yet implemented: No module named 'geo_infer_ant.utils.logging'
2026-02-25 18:12:11,659 - tests.test_framework - INFO - ✓ geo_infer_ant imported successfully
2026-02-25 18:12:11,659 - tests.test_framework - INFO - ✓ geo_infer_ant imported successfully
2026-02-25 18:12:11,659 - tests.test_framework - INFO - ✓ geo_infer_ant imported successfully
2026-02-25 18:12:11,659 - tests.test_framework - INFO - ✓ geo_infer_sim imported successfully
2026-02-25 18:12:11,659 - tests.test_framework - INFO - ✓ geo_infer_sim imported successfully
2026-02-25 18:12:11,659 - tests.test_framework - INFO - ✓ geo_infer_sim imported successfully
2026-02-25 18:12:11,670 - geo_infer_ai.pipelines.mlflow_integration - WARNING - MLflow not available. Install with: uv pip install mlflow
2026-02-25 18:12:11,670 - geo_infer_ai.pipelines.mlflow_integration - WARNING - MLflow not available. Install with: uv pip install mlflow
2026-02-25 18:12:11,670 - geo_infer_ai.pipelines.mlflow_integration - WARNING - MLflow not available. Install with: uv pip install mlflow
2026-02-25 18:12:11,670 - tests.test_framework - INFO - ✓ geo_infer_ai imported successfully
2026-02-25 18:12:11,670 - tests.test_framework - INFO - ✓ geo_infer_ai imported successfully
2026-02-25 18:12:11,670 - tests.test_framework - INFO - ✓ geo_infer_ai imported successfully
2026-02-25 18:12:11,670 - tests.test_framework - INFO - ✓ geo_infer_forest imported successfully
2026-02-25 18:12:11,670 - tests.test_framework - INFO - ✓ geo_infer_forest imported successfully
2026-02-25 18:12:11,670 - tests.test_framework - INFO - ✓ geo_infer_forest imported successfully
2026-02-25 18:12:11,670 - tests.test_framework - INFO - ✓ geo_infer_pep imported successfully
2026-02-25 18:12:11,670 - tests.test_framework - INFO - ✓ geo_infer_pep imported successfully
2026-02-25 18:12:11,670 - tests.test_framework - INFO - ✓ geo_infer_pep imported successfully
2026-02-25 18:12:11,670 - tests.test_framework - INFO - ✓ geo_infer_ops imported successfully
2026-02-25 18:12:11,670 - tests.test_framework - INFO - ✓ geo_infer_ops imported successfully
2026-02-25 18:12:11,670 - tests.test_framework - INFO - ✓ geo_infer_ops imported successfully
2026-02-25 18:12:11,694 - tests.test_framework - INFO - ✓ geo_infer_econ imported successfully
2026-02-25 18:12:11,694 - tests.test_framework - INFO - ✓ geo_infer_econ imported successfully
2026-02-25 18:12:11,694 - tests.test_framework - INFO - ✓ geo_infer_econ imported successfully
2026-02-25 18:12:11,694 - tests.test_framework - INFO - ✓ geo_infer_bayes imported successfully
2026-02-25 18:12:11,694 - tests.test_framework - INFO - ✓ geo_infer_bayes imported successfully
2026-02-25 18:12:11,694 - tests.test_framework - INFO - ✓ geo_infer_bayes imported successfully
2026-02-25 18:12:11,694 - tests.test_framework - INFO - ✓ geo_infer_intra imported successfully
2026-02-25 18:12:11,694 - tests.test_framework - INFO - ✓ geo_infer_intra imported successfully
2026-02-25 18:12:11,694 - tests.test_framework - INFO - ✓ geo_infer_intra imported successfully
2026-02-25 18:12:11,694 - tests.test_framework - INFO - ✓ geo_infer_time imported successfully
2026-02-25 18:12:11,694 - tests.test_framework - INFO - ✓ geo_infer_time imported successfully
2026-02-25 18:12:11,694 - tests.test_framework - INFO - ✓ geo_infer_time imported successfully
2026-02-25 18:12:11,700 - tests.test_framework - INFO - ✓ geo_infer_req imported successfully
2026-02-25 18:12:11,700 - tests.test_framework - INFO - ✓ geo_infer_req imported successfully
2026-02-25 18:12:11,700 - tests.test_framework - INFO - ✓ geo_infer_req imported successfully
2026-02-25 18:12:11,700 - tests.test_framework - INFO - ✓ geo_infer_act imported successfully
2026-02-25 18:12:11,700 - tests.test_framework - INFO - ✓ geo_infer_act imported successfully
2026-02-25 18:12:11,700 - tests.test_framework - INFO - ✓ geo_infer_act imported successfully
2026-02-25 18:12:11,700 - tests.test_framework - INFO - ✓ geo_infer_math imported successfully
2026-02-25 18:12:11,700 - tests.test_framework - INFO - ✓ geo_infer_math imported successfully
2026-02-25 18:12:11,700 - tests.test_framework - INFO - ✓ geo_infer_math imported successfully
2026-02-25 18:12:11,700 - tests.test_framework - INFO - ✓ geo_infer_iot imported successfully
2026-02-25 18:12:11,700 - tests.test_framework - INFO - ✓ geo_infer_iot imported successfully
2026-02-25 18:12:11,700 - tests.test_framework - INFO - ✓ geo_infer_iot imported successfully
2026-02-25 18:12:11,700 - tests.test_framework - INFO - ✓ geo_infer_examples imported successfully
2026-02-25 18:12:11,700 - tests.test_framework - INFO - ✓ geo_infer_examples imported successfully
2026-02-25 18:12:11,700 - tests.test_framework - INFO - ✓ geo_infer_examples imported successfully
2026-02-25 18:12:11,700 - tests.test_framework - INFO - ✓ geo_infer_agent imported successfully
2026-02-25 18:12:11,700 - tests.test_framework - INFO - ✓ geo_infer_agent imported successfully
2026-02-25 18:12:11,700 - tests.test_framework - INFO - ✓ geo_infer_agent imported successfully
2026-02-25 18:12:11,700 - tests.test_framework - INFO - ✓ geo_infer_art imported successfully
2026-02-25 18:12:11,700 - tests.test_framework - INFO - ✓ geo_infer_art imported successfully
2026-02-25 18:12:11,700 - tests.test_framework - INFO - ✓ geo_infer_art imported successfully
2026-02-25 18:12:11,700 - tests.test_framework - INFO - ✓ geo_infer_emergency imported successfully
2026-02-25 18:12:11,700 - tests.test_framework - INFO - ✓ geo_infer_emergency imported successfully
2026-02-25 18:12:11,700 - tests.test_framework - INFO - ✓ geo_infer_emergency imported successfully
2026-02-25 18:12:11,700 - tests.test_framework - INFO - ✓ geo_infer_norms imported successfully
2026-02-25 18:12:11,700 - tests.test_framework - INFO - ✓ geo_infer_norms imported successfully
2026-02-25 18:12:11,700 - tests.test_framework - INFO - ✓ geo_infer_norms imported successfully
2026-02-25 18:12:11,700 - tests.test_framework - INFO - ✓ geo_infer_edu imported successfully
2026-02-25 18:12:11,700 - tests.test_framework - INFO - ✓ geo_infer_edu imported successfully
2026-02-25 18:12:11,700 - tests.test_framework - INFO - ✓ geo_infer_edu imported successfully
2026-02-25 18:12:11,713 - tests.test_framework - INFO - ✓ geo_infer_spm imported successfully
2026-02-25 18:12:11,713 - tests.test_framework - INFO - ✓ geo_infer_spm imported successfully
2026-02-25 18:12:11,713 - tests.test_framework - INFO - ✓ geo_infer_spm imported successfully
2026-02-25 18:12:11,713 - tests.test_framework - INFO - ✓ geo_infer_climate imported successfully
2026-02-25 18:12:11,713 - tests.test_framework - INFO - ✓ geo_infer_climate imported successfully
2026-02-25 18:12:11,713 - tests.test_framework - INFO - ✓ geo_infer_climate imported successfully
2026-02-25 18:12:11,758 - tests.test_framework - INFO - ✓ geo_infer_comms imported successfully
2026-02-25 18:12:11,758 - tests.test_framework - INFO - ✓ geo_infer_comms imported successfully
2026-02-25 18:12:11,758 - tests.test_framework - INFO - ✓ geo_infer_comms imported successfully
2026-02-25 18:12:11,758 - tests.test_framework - INFO - ✓ geo_infer_health imported successfully
2026-02-25 18:12:11,758 - tests.test_framework - INFO - ✓ geo_infer_health imported successfully
2026-02-25 18:12:11,758 - tests.test_framework - INFO - ✓ geo_infer_health imported successfully
2026-02-25 18:12:11,758 - tests.test_framework - INFO - ✓ geo_infer_data imported successfully
2026-02-25 18:12:11,758 - tests.test_framework - INFO - ✓ geo_infer_data imported successfully
2026-02-25 18:12:11,758 - tests.test_framework - INFO - ✓ geo_infer_data imported successfully
2026-02-25 18:12:11,758 - tests.test_framework - INFO - ✓ geo_infer_water imported successfully
2026-02-25 18:12:11,758 - tests.test_framework - INFO - ✓ geo_infer_water imported successfully
2026-02-25 18:12:11,758 - tests.test_framework - INFO - ✓ geo_infer_water imported successfully
2026-02-25 18:12:11,768 - geo_infer_metagov.integrations.organizational - WARNING - GEO-INFER-ORG not available, organizational features disabled
2026-02-25 18:12:11,768 - geo_infer_metagov.integrations.organizational - WARNING - GEO-INFER-ORG not available, organizational features disabled
2026-02-25 18:12:11,768 - geo_infer_metagov.integrations.organizational - WARNING - GEO-INFER-ORG not available, organizational features disabled
2026-02-25 18:12:11,769 - geo_infer_metagov.integrations.security - WARNING - GEO-INFER-SEC not available, security features disabled
2026-02-25 18:12:11,769 - geo_infer_metagov.integrations.security - WARNING - GEO-INFER-SEC not available, security features disabled
2026-02-25 18:12:11,769 - geo_infer_metagov.integrations.security - WARNING - GEO-INFER-SEC not available, security features disabled
2026-02-25 18:12:11,769 - geo_infer_metagov.integrations.normative - WARNING - GEO-INFER-NORMS not available, normative features disabled
2026-02-25 18:12:11,769 - geo_infer_metagov.integrations.normative - WARNING - GEO-INFER-NORMS not available, normative features disabled
2026-02-25 18:12:11,769 - geo_infer_metagov.integrations.normative - WARNING - GEO-INFER-NORMS not available, normative features disabled
2026-02-25 18:12:11,769 - tests.test_framework - INFO - ✓ geo_infer_metagov imported successfully
2026-02-25 18:12:11,769 - tests.test_framework - INFO - ✓ geo_infer_metagov imported successfully
2026-02-25 18:12:11,769 - tests.test_framework - INFO - ✓ geo_infer_metagov imported successfully
2026-02-25 18:12:11,770 - tests.test_framework - INFO - ✓ geo_infer_energy imported successfully
2026-02-25 18:12:11,770 - tests.test_framework - INFO - ✓ geo_infer_energy imported successfully
2026-02-25 18:12:11,770 - tests.test_framework - INFO - ✓ geo_infer_energy imported successfully
2026-02-25 18:12:11,770 - tests.test_framework - INFO - ✓ geo_infer_place imported successfully
2026-02-25 18:12:11,770 - tests.test_framework - INFO - ✓ geo_infer_place imported successfully
2026-02-25 18:12:11,770 - tests.test_framework - INFO - ✓ geo_infer_place imported successfully
2026-02-25 18:12:11,784 - tests.test_framework - INFO - ✓ geo_infer_cog imported successfully
2026-02-25 18:12:11,784 - tests.test_framework - INFO - ✓ geo_infer_cog imported successfully
2026-02-25 18:12:11,784 - tests.test_framework - INFO - ✓ geo_infer_cog imported successfully
2026-02-25 18:12:11,786 - tests.test_framework - INFO - === Testing Cross-Module Imports ===
2026-02-25 18:12:11,786 - tests.test_framework - INFO - === Testing Cross-Module Imports ===
2026-02-25 18:12:11,786 - tests.test_framework - INFO - === Testing Cross-Module Imports ===
2026-02-25 18:12:11,786 - tests.test_framework - INFO - ✓ geo_infer_place.PlaceAnalyzer imported successfully
2026-02-25 18:12:11,786 - tests.test_framework - INFO - ✓ geo_infer_place.PlaceAnalyzer imported successfully
2026-02-25 18:12:11,786 - tests.test_framework - INFO - ✓ geo_infer_place.PlaceAnalyzer imported successfully
2026-02-25 18:12:11,786 - tests.test_framework - INFO - ✓ geo_infer_space.SpatialIndexingInterface imported successfully
2026-02-25 18:12:11,786 - tests.test_framework - INFO - ✓ geo_infer_space.SpatialIndexingInterface imported successfully
2026-02-25 18:12:11,786 - tests.test_framework - INFO - ✓ geo_infer_space.SpatialIndexingInterface imported successfully
2026-02-25 18:12:11,786 - tests.test_framework - INFO - ✓ geo_infer_iot.IoTDataIngestion imported successfully
2026-02-25 18:12:11,786 - tests.test_framework - INFO - ✓ geo_infer_iot.IoTDataIngestion imported successfully
2026-02-25 18:12:11,786 - tests.test_framework - INFO - ✓ geo_infer_iot.IoTDataIngestion imported successfully
2026-02-25 18:12:11,786 - tests.test_framework - INFO - ✓ geo_infer_bayes.GaussianProcess imported successfully
2026-02-25 18:12:11,786 - tests.test_framework - INFO - ✓ geo_infer_bayes.GaussianProcess imported successfully
2026-02-25 18:12:11,786 - tests.test_framework - INFO - ✓ geo_infer_bayes.GaussianProcess imported successfully
2026-02-25 18:12:11,786 - tests.test_framework - INFO - ✓ geo_infer_act.ActiveInferenceModel imported successfully
2026-02-25 18:12:11,786 - tests.test_framework - INFO - ✓ geo_infer_act.ActiveInferenceModel imported successfully
2026-02-25 18:12:11,786 - tests.test_framework - INFO - ✓ geo_infer_act.ActiveInferenceModel imported successfully
2026-02-25 18:12:11,786 - geo_infer_paths - ERROR - Failed to import AgentFramework from geo_infer_agent: module 'geo_infer_agent' has no attribute 'AgentFramework'
2026-02-25 18:12:11,786 - geo_infer_paths - ERROR - Failed to import AgentFramework from geo_infer_agent: module 'geo_infer_agent' has no attribute 'AgentFramework'
2026-02-25 18:12:11,786 - geo_infer_paths - ERROR - Failed to import AgentFramework from geo_infer_agent: module 'geo_infer_agent' has no attribute 'AgentFramework'
2026-02-25 18:12:11,787 - tests.test_framework - WARNING - ○ geo_infer_agent.AgentFramework not found in module
2026-02-25 18:12:11,787 - tests.test_framework - WARNING - ○ geo_infer_agent.AgentFramework not found in module
2026-02-25 18:12:11,787 - tests.test_framework - WARNING - ○ geo_infer_agent.AgentFramework not found in module
2026-02-25 18:12:11,787 - geo_infer_paths - ERROR - Failed to import ArtisticVisualization from geo_infer_art: module 'geo_infer_art' has no attribute 'ArtisticVisualization'
2026-02-25 18:12:11,787 - geo_infer_paths - ERROR - Failed to import ArtisticVisualization from geo_infer_art: module 'geo_infer_art' has no attribute 'ArtisticVisualization'
2026-02-25 18:12:11,787 - geo_infer_paths - ERROR - Failed to import ArtisticVisualization from geo_infer_art: module 'geo_infer_art' has no attribute 'ArtisticVisualization'
2026-02-25 18:12:11,787 - tests.test_framework - WARNING - ○ geo_infer_art.ArtisticVisualization not found in module
2026-02-25 18:12:11,787 - tests.test_framework - WARNING - ○ geo_infer_art.ArtisticVisualization not found in module
2026-02-25 18:12:11,787 - tests.test_framework - WARNING - ○ geo_infer_art.ArtisticVisualization not found in module
2026-02-25 18:12:11,787 - tests.test_framework - INFO - ✓ geo_infer_sec.SecurityFramework imported successfully
2026-02-25 18:12:11,787 - tests.test_framework - INFO - ✓ geo_infer_sec.SecurityFramework imported successfully
2026-02-25 18:12:11,787 - tests.test_framework - INFO - ✓ geo_infer_sec.SecurityFramework imported successfully
2026-02-25 18:12:11,787 - tests.test_framework - INFO - ✓ geo_infer_test.TestRunner imported successfully
2026-02-25 18:12:11,787 - tests.test_framework - INFO - ✓ geo_infer_test.TestRunner imported successfully
2026-02-25 18:12:11,787 - tests.test_framework - INFO - ✓ geo_infer_test.TestRunner imported successfully
2026-02-25 18:12:11,787 - geo_infer_paths - ERROR - Failed to import APIManager from geo_infer_api: module 'geo_infer_api' has no attribute 'APIManager'
2026-02-25 18:12:11,787 - geo_infer_paths - ERROR - Failed to import APIManager from geo_infer_api: module 'geo_infer_api' has no attribute 'APIManager'
2026-02-25 18:12:11,787 - geo_infer_paths - ERROR - Failed to import APIManager from geo_infer_api: module 'geo_infer_api' has no attribute 'APIManager'
2026-02-25 18:12:11,787 - tests.test_framework - WARNING - ○ geo_infer_api.APIManager not found in module
2026-02-25 18:12:11,787 - tests.test_framework - WARNING - ○ geo_infer_api.APIManager not found in module
2026-02-25 18:12:11,787 - tests.test_framework - WARNING - ○ geo_infer_api.APIManager not found in module
2026-02-25 18:12:11,787 - geo_infer_paths - ERROR - Failed to import ComplianceFramework from geo_infer_norms: module 'geo_infer_norms' has no attribute 'ComplianceFramework'
2026-02-25 18:12:11,787 - geo_infer_paths - ERROR - Failed to import ComplianceFramework from geo_infer_norms: module 'geo_infer_norms' has no attribute 'ComplianceFramework'
2026-02-25 18:12:11,787 - geo_infer_paths - ERROR - Failed to import ComplianceFramework from geo_infer_norms: module 'geo_infer_norms' has no attribute 'ComplianceFramework'
2026-02-25 18:12:11,787 - tests.test_framework - WARNING - ○ geo_infer_norms.ComplianceFramework not found in module
2026-02-25 18:12:11,787 - tests.test_framework - WARNING - ○ geo_infer_norms.ComplianceFramework not found in module
2026-02-25 18:12:11,787 - tests.test_framework - WARNING - ○ geo_infer_norms.ComplianceFramework not found in module
2026-02-25 18:12:11,787 - geo_infer_paths - ERROR - Failed to import OperationsManager from geo_infer_ops: module 'geo_infer_ops' has no attribute 'OperationsManager'
2026-02-25 18:12:11,787 - geo_infer_paths - ERROR - Failed to import OperationsManager from geo_infer_ops: module 'geo_infer_ops' has no attribute 'OperationsManager'
2026-02-25 18:12:11,787 - geo_infer_paths - ERROR - Failed to import OperationsManager from geo_infer_ops: module 'geo_infer_ops' has no attribute 'OperationsManager'
2026-02-25 18:12:11,787 - tests.test_framework - WARNING - ○ geo_infer_ops.OperationsManager not found in module
2026-02-25 18:12:11,787 - tests.test_framework - WARNING - ○ geo_infer_ops.OperationsManager not found in module
2026-02-25 18:12:11,787 - tests.test_framework - WARNING - ○ geo_infer_ops.OperationsManager not found in module
2026-02-25 18:12:11,787 - geo_infer_paths - ERROR - Failed to import ExampleRunner from geo_infer_examples: module 'geo_infer_examples' has no attribute 'ExampleRunner'
2026-02-25 18:12:11,787 - geo_infer_paths - ERROR - Failed to import ExampleRunner from geo_infer_examples: module 'geo_infer_examples' has no attribute 'ExampleRunner'
2026-02-25 18:12:11,787 - geo_infer_paths - ERROR - Failed to import ExampleRunner from geo_infer_examples: module 'geo_infer_examples' has no attribute 'ExampleRunner'
2026-02-25 18:12:11,787 - tests.test_framework - WARNING - ○ geo_infer_examples.ExampleRunner not found in module
2026-02-25 18:12:11,787 - tests.test_framework - WARNING - ○ geo_infer_examples.ExampleRunner not found in module
2026-02-25 18:12:11,787 - tests.test_framework - WARNING - ○ geo_infer_examples.ExampleRunner not found in module
2026-02-25 18:12:11,787 - geo_infer_paths - ERROR - Failed to import GitManager from geo_infer_git: module 'geo_infer_git' has no attribute 'GitManager'
2026-02-25 18:12:11,787 - geo_infer_paths - ERROR - Failed to import GitManager from geo_infer_git: module 'geo_infer_git' has no attribute 'GitManager'
2026-02-25 18:12:11,787 - geo_infer_paths - ERROR - Failed to import GitManager from geo_infer_git: module 'geo_infer_git' has no attribute 'GitManager'
2026-02-25 18:12:11,787 - tests.test_framework - WARNING - ○ geo_infer_git.GitManager not found in module
2026-02-25 18:12:11,787 - tests.test_framework - WARNING - ○ geo_infer_git.GitManager not found in module
2026-02-25 18:12:11,787 - tests.test_framework - WARNING - ○ geo_infer_git.GitManager not found in module
2026-02-25 18:12:11,788 - tests.test_framework - INFO - === Testing Framework Entry Point ===
2026-02-25 18:12:11,788 - tests.test_framework - INFO - === Testing Framework Entry Point ===
2026-02-25 18:12:11,788 - tests.test_framework - INFO - === Testing Framework Entry Point ===
2026-02-25 18:12:11,788 - tests.test_framework - INFO - Framework loaded 0 modules
2026-02-25 18:12:11,788 - tests.test_framework - INFO - Framework loaded 0 modules
2026-02-25 18:12:11,788 - tests.test_framework - INFO - Framework loaded 0 modules
2026-02-25 18:12:11,788 - tests.test_framework - INFO - Framework version: unknown
2026-02-25 18:12:11,788 - tests.test_framework - INFO - Framework version: unknown
2026-02-25 18:12:11,788 - tests.test_framework - INFO - Framework version: unknown
2026-02-25 18:12:11,788 - tests.test_framework - INFO - Python version: 3.12.11 (main, Jul 12 2025, 16:37:15) [Clang 17.0.0 (clang-1700.0.13.5)]
2026-02-25 18:12:11,788 - tests.test_framework - INFO - Python version: 3.12.11 (main, Jul 12 2025, 16:37:15) [Clang 17.0.0 (clang-1700.0.13.5)]
2026-02-25 18:12:11,788 - tests.test_framework - INFO - Python version: 3.12.11 (main, Jul 12 2025, 16:37:15) [Clang 17.0.0 (clang-1700.0.13.5)]
2026-02-25 18:12:11,789 - tests.test_framework - INFO - === Testing Specific Functionality ===
2026-02-25 18:12:11,789 - tests.test_framework - INFO - === Testing Specific Functionality ===
2026-02-25 18:12:11,789 - tests.test_framework - INFO - === Testing Specific Functionality ===
2026-02-25 18:12:11,789 - tests.test_framework - INFO - ✓ SPACE H3 functionality available
2026-02-25 18:12:11,789 - tests.test_framework - INFO - ✓ SPACE H3 functionality available
2026-02-25 18:12:11,789 - tests.test_framework - INFO - ✓ SPACE H3 functionality available
2026-02-25 18:12:11,789 - tests.test_framework - INFO - ✓ PLACE analyzer available
2026-02-25 18:12:11,789 - tests.test_framework - INFO - ✓ PLACE analyzer available
2026-02-25 18:12:11,789 - tests.test_framework - INFO - ✓ PLACE analyzer available
2026-02-25 18:12:11,790 - tests.test_framework - INFO - ✓ IOT data ingestion available
2026-02-25 18:12:11,790 - tests.test_framework - INFO - ✓ IOT data ingestion available
2026-02-25 18:12:11,790 - tests.test_framework - INFO - ✓ IOT data ingestion available
2026-02-25 18:12:11,790 - tests.test_framework - INFO - ✓ BAYES Gaussian processes available
2026-02-25 18:12:11,790 - tests.test_framework - INFO - ✓ BAYES Gaussian processes available
2026-02-25 18:12:11,790 - tests.test_framework - INFO - ✓ BAYES Gaussian processes available
2026-02-25 18:12:33,843 - httpx - INFO - HTTP Request: GET http://testserver/test "HTTP/1.1 200 OK"
2026-02-25 18:12:33,843 - httpx - INFO - HTTP Request: GET http://testserver/test "HTTP/1.1 200 OK"
2026-02-25 18:12:33,843 - httpx - INFO - HTTP Request: GET http://testserver/test "HTTP/1.1 200 OK"
2026-02-25 18:31:50,464 - httpx - INFO - HTTP Request: GET http://testserver/test "HTTP/1.1 200 OK"
2026-02-25 18:31:50,464 - httpx - INFO - HTTP Request: GET http://testserver/test "HTTP/1.1 200 OK"
2026-02-25 18:31:50,464 - httpx - INFO - HTTP Request: GET http://testserver/test "HTTP/1.1 200 OK"
2026-02-25 18:31:50,580 - geo_infer_ops.health.checks - INFO - Registered health check: custom
2026-02-25 18:31:50,580 - geo_infer_ops.health.checks - INFO - Registered health check: custom
2026-02-25 18:31:50,580 - geo_infer_ops.health.checks - INFO - Registered health check: custom
2026-02-25 18:31:50,582 - geo_infer_ops.health.checks - INFO - Registered health check: test_check
2026-02-25 18:31:50,582 - geo_infer_ops.health.checks - INFO - Registered health check: test_check
2026-02-25 18:31:50,582 - geo_infer_ops.health.checks - INFO - Registered health check: test_check
2026-02-25 18:31:50,582 - geo_infer_ops.health.checks - INFO - Running health checks
2026-02-25 18:31:50,582 - geo_infer_ops.health.checks - INFO - Running health checks
2026-02-25 18:31:50,582 - geo_infer_ops.health.checks - INFO - Running health checks
2026-02-25 18:31:50,689 - geo_infer_ops.health.checks - INFO - Health checks completed: healthy (2 healthy, 0 unhealthy)
2026-02-25 18:31:50,689 - geo_infer_ops.health.checks - INFO - Health checks completed: healthy (2 healthy, 0 unhealthy)
2026-02-25 18:31:50,689 - geo_infer_ops.health.checks - INFO - Health checks completed: healthy (2 healthy, 0 unhealthy)
2026-02-25 18:31:50,692 - geo_infer_ops.health.checks - INFO - Registered health check: test_check
2026-02-25 18:31:50,692 - geo_infer_ops.health.checks - INFO - Registered health check: test_check
2026-02-25 18:31:50,692 - geo_infer_ops.health.checks - INFO - Registered health check: test_check
2026-02-25 18:31:50,692 - geo_infer_ops.health.checks - INFO - Running health checks
2026-02-25 18:31:50,692 - geo_infer_ops.health.checks - INFO - Running health checks
2026-02-25 18:31:50,692 - geo_infer_ops.health.checks - INFO - Running health checks
2026-02-25 18:31:50,797 - geo_infer_ops.health.checks - INFO - Health checks completed: healthy (2 healthy, 0 unhealthy)
2026-02-25 18:31:50,797 - geo_infer_ops.health.checks - INFO - Health checks completed: healthy (2 healthy, 0 unhealthy)
2026-02-25 18:31:50,797 - geo_infer_ops.health.checks - INFO - Health checks completed: healthy (2 healthy, 0 unhealthy)
2026-02-25 18:31:50,799 - geo_infer_ops.core.orchestrator - INFO - Added task: test_task (ID: 98d6b0d4-0809-4950-bdf2-189042ff5cae)
2026-02-25 18:31:50,799 - geo_infer_ops.core.orchestrator - INFO - Added task: test_task (ID: 98d6b0d4-0809-4950-bdf2-189042ff5cae)
2026-02-25 18:31:50,799 - geo_infer_ops.core.orchestrator - INFO - Added task: test_task (ID: 98d6b0d4-0809-4950-bdf2-189042ff5cae)
2026-02-25 18:31:50,800 - geo_infer_ops.core.orchestrator - INFO - Added task: task1 (ID: c1eb208d-fdd5-4ab0-81b7-0948e8590eb2)
2026-02-25 18:31:50,800 - geo_infer_ops.core.orchestrator - INFO - Added task: task1 (ID: c1eb208d-fdd5-4ab0-81b7-0948e8590eb2)
2026-02-25 18:31:50,800 - geo_infer_ops.core.orchestrator - INFO - Added task: task1 (ID: c1eb208d-fdd5-4ab0-81b7-0948e8590eb2)
2026-02-25 18:31:50,801 - geo_infer_ops.core.orchestrator - INFO - Added task: task2 (ID: c0a55f2a-fd78-49cc-9f85-bb5ed80c112c)
2026-02-25 18:31:50,801 - geo_infer_ops.core.orchestrator - INFO - Added task: task2 (ID: c0a55f2a-fd78-49cc-9f85-bb5ed80c112c)
2026-02-25 18:31:50,801 - geo_infer_ops.core.orchestrator - INFO - Added task: task2 (ID: c0a55f2a-fd78-49cc-9f85-bb5ed80c112c)
2026-02-25 18:31:50,806 - geo_infer_ops.core.orchestrator - INFO - Added task: task1 (ID: 6070a668-9c0d-410a-a47b-7789dcf3d395)
2026-02-25 18:31:50,806 - geo_infer_ops.core.orchestrator - INFO - Added task: task1 (ID: 6070a668-9c0d-410a-a47b-7789dcf3d395)
2026-02-25 18:31:50,806 - geo_infer_ops.core.orchestrator - INFO - Added task: task1 (ID: 6070a668-9c0d-410a-a47b-7789dcf3d395)
2026-02-25 18:31:50,807 - geo_infer_ops.core.orchestrator - INFO - Added task: task2 (ID: 78ae04fb-6f74-43f7-89af-d091c89ea334)
2026-02-25 18:31:50,807 - geo_infer_ops.core.orchestrator - INFO - Added task: task2 (ID: 78ae04fb-6f74-43f7-89af-d091c89ea334)
2026-02-25 18:31:50,807 - geo_infer_ops.core.orchestrator - INFO - Added task: task2 (ID: 78ae04fb-6f74-43f7-89af-d091c89ea334)
2026-02-25 18:31:50,807 - geo_infer_ops.core.orchestrator - INFO - Starting workflow execution
2026-02-25 18:31:50,807 - geo_infer_ops.core.orchestrator - INFO - Starting workflow execution
2026-02-25 18:31:50,807 - geo_infer_ops.core.orchestrator - INFO - Starting workflow execution
2026-02-25 18:31:50,807 - geo_infer_ops.core.orchestrator - INFO - Executing task: task1 (ID: 6070a668-9c0d-410a-a47b-7789dcf3d395)
2026-02-25 18:31:50,807 - geo_infer_ops.core.orchestrator - INFO - Executing task: task1 (ID: 6070a668-9c0d-410a-a47b-7789dcf3d395)
2026-02-25 18:31:50,807 - geo_infer_ops.core.orchestrator - INFO - Executing task: task1 (ID: 6070a668-9c0d-410a-a47b-7789dcf3d395)
2026-02-25 18:31:50,807 - geo_infer_ops.core.orchestrator - INFO - Task completed: task1 (ID: 6070a668-9c0d-410a-a47b-7789dcf3d395) in 0.00s
2026-02-25 18:31:50,807 - geo_infer_ops.core.orchestrator - INFO - Task completed: task1 (ID: 6070a668-9c0d-410a-a47b-7789dcf3d395) in 0.00s
2026-02-25 18:31:50,807 - geo_infer_ops.core.orchestrator - INFO - Task completed: task1 (ID: 6070a668-9c0d-410a-a47b-7789dcf3d395) in 0.00s
2026-02-25 18:31:50,807 - geo_infer_ops.core.orchestrator - INFO - Executing task: task2 (ID: 78ae04fb-6f74-43f7-89af-d091c89ea334)
2026-02-25 18:31:50,807 - geo_infer_ops.core.orchestrator - INFO - Executing task: task2 (ID: 78ae04fb-6f74-43f7-89af-d091c89ea334)
2026-02-25 18:31:50,807 - geo_infer_ops.core.orchestrator - INFO - Executing task: task2 (ID: 78ae04fb-6f74-43f7-89af-d091c89ea334)
2026-02-25 18:31:50,807 - geo_infer_ops.core.orchestrator - INFO - Task completed: task2 (ID: 78ae04fb-6f74-43f7-89af-d091c89ea334) in 0.00s
2026-02-25 18:31:50,807 - geo_infer_ops.core.orchestrator - INFO - Task completed: task2 (ID: 78ae04fb-6f74-43f7-89af-d091c89ea334) in 0.00s
2026-02-25 18:31:50,807 - geo_infer_ops.core.orchestrator - INFO - Task completed: task2 (ID: 78ae04fb-6f74-43f7-89af-d091c89ea334) in 0.00s
2026-02-25 18:31:50,808 - geo_infer_ops.core.orchestrator - INFO - Workflow execution completed: 2 completed, 0 failed in 0.00s
2026-02-25 18:31:50,808 - geo_infer_ops.core.orchestrator - INFO - Workflow execution completed: 2 completed, 0 failed in 0.00s
2026-02-25 18:31:50,808 - geo_infer_ops.core.orchestrator - INFO - Workflow execution completed: 2 completed, 0 failed in 0.00s
2026-02-25 18:31:50,809 - geo_infer_ops.core.orchestrator - INFO - Added task: task1 (ID: fe9142fb-a20a-453b-8880-d722e45f6fe0)
2026-02-25 18:31:50,809 - geo_infer_ops.core.orchestrator - INFO - Added task: task1 (ID: fe9142fb-a20a-453b-8880-d722e45f6fe0)
2026-02-25 18:31:50,809 - geo_infer_ops.core.orchestrator - INFO - Added task: task1 (ID: fe9142fb-a20a-453b-8880-d722e45f6fe0)
2026-02-25 18:31:50,809 - geo_infer_ops.core.orchestrator - INFO - Added task: task2 (ID: 9dd70b32-431e-481f-bed3-4b44cee2f447)
2026-02-25 18:31:50,809 - geo_infer_ops.core.orchestrator - INFO - Added task: task2 (ID: 9dd70b32-431e-481f-bed3-4b44cee2f447)
2026-02-25 18:31:50,809 - geo_infer_ops.core.orchestrator - INFO - Added task: task2 (ID: 9dd70b32-431e-481f-bed3-4b44cee2f447)
2026-02-25 18:31:50,810 - geo_infer_ops.core.orchestrator - INFO - Starting workflow execution
2026-02-25 18:31:50,810 - geo_infer_ops.core.orchestrator - INFO - Starting workflow execution
2026-02-25 18:31:50,810 - geo_infer_ops.core.orchestrator - INFO - Starting workflow execution
2026-02-25 18:31:50,810 - geo_infer_ops.core.orchestrator - INFO - Executing task: task1 (ID: fe9142fb-a20a-453b-8880-d722e45f6fe0)
2026-02-25 18:31:50,810 - geo_infer_ops.core.orchestrator - INFO - Executing task: task1 (ID: fe9142fb-a20a-453b-8880-d722e45f6fe0)
2026-02-25 18:31:50,810 - geo_infer_ops.core.orchestrator - INFO - Executing task: task1 (ID: fe9142fb-a20a-453b-8880-d722e45f6fe0)
2026-02-25 18:31:50,810 - geo_infer_ops.core.orchestrator - INFO - Task completed: task1 (ID: fe9142fb-a20a-453b-8880-d722e45f6fe0) in 0.00s
2026-02-25 18:31:50,810 - geo_infer_ops.core.orchestrator - INFO - Task completed: task1 (ID: fe9142fb-a20a-453b-8880-d722e45f6fe0) in 0.00s
2026-02-25 18:31:50,810 - geo_infer_ops.core.orchestrator - INFO - Task completed: task1 (ID: fe9142fb-a20a-453b-8880-d722e45f6fe0) in 0.00s
2026-02-25 18:31:50,810 - geo_infer_ops.core.orchestrator - INFO - Executing task: task2 (ID: 9dd70b32-431e-481f-bed3-4b44cee2f447)
2026-02-25 18:31:50,810 - geo_infer_ops.core.orchestrator - INFO - Executing task: task2 (ID: 9dd70b32-431e-481f-bed3-4b44cee2f447)
2026-02-25 18:31:50,810 - geo_infer_ops.core.orchestrator - INFO - Executing task: task2 (ID: 9dd70b32-431e-481f-bed3-4b44cee2f447)
2026-02-25 18:31:50,810 - geo_infer_ops.core.orchestrator - INFO - Task completed: task2 (ID: 9dd70b32-431e-481f-bed3-4b44cee2f447) in 0.00s
2026-02-25 18:31:50,810 - geo_infer_ops.core.orchestrator - INFO - Task completed: task2 (ID: 9dd70b32-431e-481f-bed3-4b44cee2f447) in 0.00s
2026-02-25 18:31:50,810 - geo_infer_ops.core.orchestrator - INFO - Task completed: task2 (ID: 9dd70b32-431e-481f-bed3-4b44cee2f447) in 0.00s
2026-02-25 18:31:50,810 - geo_infer_ops.core.orchestrator - INFO - Workflow execution completed: 3 completed, 0 failed in 0.00s
2026-02-25 18:31:50,810 - geo_infer_ops.core.orchestrator - INFO - Workflow execution completed: 3 completed, 0 failed in 0.00s
2026-02-25 18:31:50,810 - geo_infer_ops.core.orchestrator - INFO - Workflow execution completed: 3 completed, 0 failed in 0.00s
2026-02-25 18:31:50,812 - geo_infer_ops.core.orchestrator - INFO - Added task: test_task (ID: fe12a3ff-ad0f-40cf-9af4-1d5e08e423f1)
2026-02-25 18:31:50,812 - geo_infer_ops.core.orchestrator - INFO - Added task: test_task (ID: fe12a3ff-ad0f-40cf-9af4-1d5e08e423f1)
2026-02-25 18:31:50,812 - geo_infer_ops.core.orchestrator - INFO - Added task: test_task (ID: fe12a3ff-ad0f-40cf-9af4-1d5e08e423f1)
2026-02-25 18:31:50,813 - geo_infer_ops.core.orchestrator - INFO - Added task: task1 (ID: 0f2a91de-c357-486e-9707-6d5b5ca23c14)
2026-02-25 18:31:50,813 - geo_infer_ops.core.orchestrator - INFO - Added task: task1 (ID: 0f2a91de-c357-486e-9707-6d5b5ca23c14)
2026-02-25 18:31:50,813 - geo_infer_ops.core.orchestrator - INFO - Added task: task1 (ID: 0f2a91de-c357-486e-9707-6d5b5ca23c14)
2026-02-25 18:31:50,813 - geo_infer_ops.core.orchestrator - INFO - Added task: task2 (ID: 1835f819-ca91-4c31-9716-57e4c9149eca)
2026-02-25 18:31:50,813 - geo_infer_ops.core.orchestrator - INFO - Added task: task2 (ID: 1835f819-ca91-4c31-9716-57e4c9149eca)
2026-02-25 18:31:50,813 - geo_infer_ops.core.orchestrator - INFO - Added task: task2 (ID: 1835f819-ca91-4c31-9716-57e4c9149eca)
2026-02-25 18:31:50,815 - geo_infer_risk.core.exposure_model.property - INFO - Spatial interface initialized for exposure model
2026-02-25 18:31:50,815 - geo_infer_risk.core.exposure_model.property - INFO - Spatial interface initialized for exposure model
2026-02-25 18:31:50,815 - geo_infer_risk.core.exposure_model.property - INFO - Spatial interface initialized for exposure model
2026-02-25 18:31:50,815 - geo_infer_risk.core.exposure_model.property - INFO - Loading OpenStreetMap-style building data
2026-02-25 18:31:50,815 - geo_infer_risk.core.exposure_model.property - INFO - Loading OpenStreetMap-style building data
2026-02-25 18:31:50,815 - geo_infer_risk.core.exposure_model.property - INFO - Loading OpenStreetMap-style building data
2026-02-25 18:31:50,820 - geo_infer_risk.core.exposure_model.property - INFO - Loading census-style population data
2026-02-25 18:31:50,820 - geo_infer_risk.core.exposure_model.property - INFO - Loading census-style population data
2026-02-25 18:31:50,820 - geo_infer_risk.core.exposure_model.property - INFO - Loading census-style population data
2026-02-25 18:31:50,833 - geo_infer_risk.core.exposure_model.property - INFO - Exposure data validated and cleaned: 7000 records remaining
2026-02-25 18:31:50,833 - geo_infer_risk.core.exposure_model.property - INFO - Exposure data validated and cleaned: 7000 records remaining
2026-02-25 18:31:50,833 - geo_infer_risk.core.exposure_model.property - INFO - Exposure data validated and cleaned: 7000 records remaining
2026-02-25 18:31:50,833 - geo_infer_risk.core.exposure_model.property - INFO - Derived properties calculated
2026-02-25 18:31:50,833 - geo_infer_risk.core.exposure_model.property - INFO - Derived properties calculated
2026-02-25 18:31:50,833 - geo_infer_risk.core.exposure_model.property - INFO - Derived properties calculated
2026-02-25 18:31:50,833 - geo_infer_risk.core.exposure_model.property - INFO - Exposure data initialized with 7000 records
2026-02-25 18:31:50,833 - geo_infer_risk.core.exposure_model.property - INFO - Exposure data initialized with 7000 records
2026-02-25 18:31:50,833 - geo_infer_risk.core.exposure_model.property - INFO - Exposure data initialized with 7000 records
2026-02-25 18:31:50,852 - geo_infer_risk.core.exposure_model.property - INFO - Spatial indexing initialized using h3
2026-02-25 18:31:50,852 - geo_infer_risk.core.exposure_model.property - INFO - Spatial indexing initialized using h3
2026-02-25 18:31:50,852 - geo_infer_risk.core.exposure_model.property - INFO - Spatial indexing initialized using h3
2026-02-25 18:31:50,852 - geo_infer_risk.core.exposure_model.property - INFO - Enhanced property exposure model initialized successfully
2026-02-25 18:31:50,852 - geo_infer_risk.core.exposure_model.property - INFO - Enhanced property exposure model initialized successfully
2026-02-25 18:31:50,852 - geo_infer_risk.core.exposure_model.property - INFO - Enhanced property exposure model initialized successfully
2026-02-25 18:31:50,854 - geo_infer_risk.core.exposure_model.property - INFO - Spatial interface initialized for exposure model
2026-02-25 18:31:50,854 - geo_infer_risk.core.exposure_model.property - INFO - Spatial interface initialized for exposure model
2026-02-25 18:31:50,854 - geo_infer_risk.core.exposure_model.property - INFO - Spatial interface initialized for exposure model
2026-02-25 18:31:50,854 - geo_infer_risk.core.exposure_model.property - INFO - Loading OpenStreetMap-style building data
2026-02-25 18:31:50,854 - geo_infer_risk.core.exposure_model.property - INFO - Loading OpenStreetMap-style building data
2026-02-25 18:31:50,854 - geo_infer_risk.core.exposure_model.property - INFO - Loading OpenStreetMap-style building data
2026-02-25 18:31:50,856 - geo_infer_risk.core.exposure_model.property - INFO - Loading census-style population data
2026-02-25 18:31:50,856 - geo_infer_risk.core.exposure_model.property - INFO - Loading census-style population data
2026-02-25 18:31:50,856 - geo_infer_risk.core.exposure_model.property - INFO - Loading census-style population data
2026-02-25 18:31:50,866 - geo_infer_risk.core.exposure_model.property - INFO - Exposure data validated and cleaned: 7000 records remaining
2026-02-25 18:31:50,866 - geo_infer_risk.core.exposure_model.property - INFO - Exposure data validated and cleaned: 7000 records remaining
2026-02-25 18:31:50,866 - geo_infer_risk.core.exposure_model.property - INFO - Exposure data validated and cleaned: 7000 records remaining
2026-02-25 18:31:50,867 - geo_infer_risk.core.exposure_model.property - INFO - Derived properties calculated
2026-02-25 18:31:50,867 - geo_infer_risk.core.exposure_model.property - INFO - Derived properties calculated
2026-02-25 18:31:50,867 - geo_infer_risk.core.exposure_model.property - INFO - Derived properties calculated
2026-02-25 18:31:50,867 - geo_infer_risk.core.exposure_model.property - INFO - Exposure data initialized with 7000 records
2026-02-25 18:31:50,867 - geo_infer_risk.core.exposure_model.property - INFO - Exposure data initialized with 7000 records
2026-02-25 18:31:50,867 - geo_infer_risk.core.exposure_model.property - INFO - Exposure data initialized with 7000 records
2026-02-25 18:31:50,885 - geo_infer_risk.core.exposure_model.property - INFO - Spatial indexing initialized using h3
2026-02-25 18:31:50,885 - geo_infer_risk.core.exposure_model.property - INFO - Spatial indexing initialized using h3
2026-02-25 18:31:50,885 - geo_infer_risk.core.exposure_model.property - INFO - Spatial indexing initialized using h3
2026-02-25 18:31:50,885 - geo_infer_risk.core.exposure_model.property - INFO - Enhanced property exposure model initialized successfully
2026-02-25 18:31:50,885 - geo_infer_risk.core.exposure_model.property - INFO - Enhanced property exposure model initialized successfully
2026-02-25 18:31:50,885 - geo_infer_risk.core.exposure_model.property - INFO - Enhanced property exposure model initialized successfully
2026-02-25 18:31:50,885 - geo_infer_risk.core.exposure_model.property - INFO - Spatial interface initialized for exposure model
2026-02-25 18:31:50,885 - geo_infer_risk.core.exposure_model.property - INFO - Spatial interface initialized for exposure model
2026-02-25 18:31:50,885 - geo_infer_risk.core.exposure_model.property - INFO - Spatial interface initialized for exposure model
2026-02-25 18:31:50,885 - geo_infer_risk.core.exposure_model.property - INFO - Loading OpenStreetMap-style building data
2026-02-25 18:31:50,885 - geo_infer_risk.core.exposure_model.property - INFO - Loading OpenStreetMap-style building data
2026-02-25 18:31:50,885 - geo_infer_risk.core.exposure_model.property - INFO - Loading OpenStreetMap-style building data
2026-02-25 18:31:50,887 - geo_infer_risk.core.exposure_model.property - INFO - Loading census-style population data
2026-02-25 18:31:50,887 - geo_infer_risk.core.exposure_model.property - INFO - Loading census-style population data
2026-02-25 18:31:50,887 - geo_infer_risk.core.exposure_model.property - INFO - Loading census-style population data
2026-02-25 18:31:50,898 - geo_infer_risk.core.exposure_model.property - INFO - Exposure data validated and cleaned: 7000 records remaining
2026-02-25 18:31:50,898 - geo_infer_risk.core.exposure_model.property - INFO - Exposure data validated and cleaned: 7000 records remaining
2026-02-25 18:31:50,898 - geo_infer_risk.core.exposure_model.property - INFO - Exposure data validated and cleaned: 7000 records remaining
2026-02-25 18:31:50,899 - geo_infer_risk.core.exposure_model.property - INFO - Derived properties calculated
2026-02-25 18:31:50,899 - geo_infer_risk.core.exposure_model.property - INFO - Derived properties calculated
2026-02-25 18:31:50,899 - geo_infer_risk.core.exposure_model.property - INFO - Derived properties calculated
2026-02-25 18:31:50,899 - geo_infer_risk.core.exposure_model.property - INFO - Exposure data initialized with 7000 records
2026-02-25 18:31:50,899 - geo_infer_risk.core.exposure_model.property - INFO - Exposure data initialized with 7000 records
2026-02-25 18:31:50,899 - geo_infer_risk.core.exposure_model.property - INFO - Exposure data initialized with 7000 records
2026-02-25 18:31:50,916 - geo_infer_risk.core.exposure_model.property - INFO - Spatial indexing initialized using h3
2026-02-25 18:31:50,916 - geo_infer_risk.core.exposure_model.property - INFO - Spatial indexing initialized using h3
2026-02-25 18:31:50,916 - geo_infer_risk.core.exposure_model.property - INFO - Spatial indexing initialized using h3
2026-02-25 18:31:50,917 - geo_infer_risk.core.exposure_model.property - INFO - Enhanced property exposure model initialized successfully
2026-02-25 18:31:50,917 - geo_infer_risk.core.exposure_model.property - INFO - Enhanced property exposure model initialized successfully
2026-02-25 18:31:50,917 - geo_infer_risk.core.exposure_model.property - INFO - Enhanced property exposure model initialized successfully
2026-02-25 18:31:50,917 - geo_infer_risk.core.exposure_model.population - INFO - Spatial interface initialized for exposure model
2026-02-25 18:31:50,917 - geo_infer_risk.core.exposure_model.population - INFO - Spatial interface initialized for exposure model
2026-02-25 18:31:50,917 - geo_infer_risk.core.exposure_model.population - INFO - Spatial interface initialized for exposure model
2026-02-25 18:31:50,917 - geo_infer_risk.core.exposure_model.population - INFO - Loading OpenStreetMap-style building data
2026-02-25 18:31:50,917 - geo_infer_risk.core.exposure_model.population - INFO - Loading OpenStreetMap-style building data
2026-02-25 18:31:50,917 - geo_infer_risk.core.exposure_model.population - INFO - Loading OpenStreetMap-style building data
2026-02-25 18:31:50,919 - geo_infer_risk.core.exposure_model.population - INFO - Loading census-style population data
2026-02-25 18:31:50,919 - geo_infer_risk.core.exposure_model.population - INFO - Loading census-style population data
2026-02-25 18:31:50,919 - geo_infer_risk.core.exposure_model.population - INFO - Loading census-style population data
2026-02-25 18:31:50,963 - geo_infer_risk.core.exposure_model.population - INFO - Exposure data validated and cleaned: 7000 records remaining
2026-02-25 18:31:50,963 - geo_infer_risk.core.exposure_model.population - INFO - Exposure data validated and cleaned: 7000 records remaining
2026-02-25 18:31:50,963 - geo_infer_risk.core.exposure_model.population - INFO - Exposure data validated and cleaned: 7000 records remaining
2026-02-25 18:31:50,963 - geo_infer_risk.core.exposure_model.population - INFO - Derived properties calculated
2026-02-25 18:31:50,963 - geo_infer_risk.core.exposure_model.population - INFO - Derived properties calculated
2026-02-25 18:31:50,963 - geo_infer_risk.core.exposure_model.population - INFO - Derived properties calculated
2026-02-25 18:31:50,963 - geo_infer_risk.core.exposure_model.population - INFO - Exposure data initialized with 7000 records
2026-02-25 18:31:50,963 - geo_infer_risk.core.exposure_model.population - INFO - Exposure data initialized with 7000 records
2026-02-25 18:31:50,963 - geo_infer_risk.core.exposure_model.population - INFO - Exposure data initialized with 7000 records
2026-02-25 18:31:50,989 - geo_infer_risk.core.exposure_model.population - INFO - Spatial indexing initialized using h3
2026-02-25 18:31:50,989 - geo_infer_risk.core.exposure_model.population - INFO - Spatial indexing initialized using h3
2026-02-25 18:31:50,989 - geo_infer_risk.core.exposure_model.population - INFO - Spatial indexing initialized using h3
2026-02-25 18:31:50,989 - geo_infer_risk.core.exposure_model.population - INFO - Enhanced population exposure model initialized successfully
2026-02-25 18:31:50,989 - geo_infer_risk.core.exposure_model.population - INFO - Enhanced population exposure model initialized successfully
2026-02-25 18:31:50,989 - geo_infer_risk.core.exposure_model.population - INFO - Enhanced population exposure model initialized successfully
2026-02-25 18:31:50,989 - geo_infer_risk.core.exposure_model.infrastructure - INFO - Spatial interface initialized for exposure model
2026-02-25 18:31:50,989 - geo_infer_risk.core.exposure_model.infrastructure - INFO - Spatial interface initialized for exposure model
2026-02-25 18:31:50,989 - geo_infer_risk.core.exposure_model.infrastructure - INFO - Spatial interface initialized for exposure model
2026-02-25 18:31:50,989 - geo_infer_risk.core.exposure_model.infrastructure - INFO - Loading OpenStreetMap-style building data
2026-02-25 18:31:50,989 - geo_infer_risk.core.exposure_model.infrastructure - INFO - Loading OpenStreetMap-style building data
2026-02-25 18:31:50,989 - geo_infer_risk.core.exposure_model.infrastructure - INFO - Loading OpenStreetMap-style building data
2026-02-25 18:31:50,991 - geo_infer_risk.core.exposure_model.infrastructure - INFO - Loading census-style population data
2026-02-25 18:31:50,991 - geo_infer_risk.core.exposure_model.infrastructure - INFO - Loading census-style population data
2026-02-25 18:31:50,991 - geo_infer_risk.core.exposure_model.infrastructure - INFO - Loading census-style population data
2026-02-25 18:31:51,001 - geo_infer_risk.core.exposure_model.infrastructure - INFO - Exposure data validated and cleaned: 7000 records remaining
2026-02-25 18:31:51,001 - geo_infer_risk.core.exposure_model.infrastructure - INFO - Exposure data validated and cleaned: 7000 records remaining
2026-02-25 18:31:51,001 - geo_infer_risk.core.exposure_model.infrastructure - INFO - Exposure data validated and cleaned: 7000 records remaining
2026-02-25 18:31:51,002 - geo_infer_risk.core.exposure_model.infrastructure - INFO - Derived properties calculated
2026-02-25 18:31:51,002 - geo_infer_risk.core.exposure_model.infrastructure - INFO - Derived properties calculated
2026-02-25 18:31:51,002 - geo_infer_risk.core.exposure_model.infrastructure - INFO - Derived properties calculated
2026-02-25 18:31:51,002 - geo_infer_risk.core.exposure_model.infrastructure - INFO - Exposure data initialized with 7000 records
2026-02-25 18:31:51,002 - geo_infer_risk.core.exposure_model.infrastructure - INFO - Exposure data initialized with 7000 records
2026-02-25 18:31:51,002 - geo_infer_risk.core.exposure_model.infrastructure - INFO - Exposure data initialized with 7000 records
2026-02-25 18:31:51,061 - geo_infer_risk.core.exposure_model.infrastructure - INFO - Spatial indexing initialized using h3
2026-02-25 18:31:51,061 - geo_infer_risk.core.exposure_model.infrastructure - INFO - Spatial indexing initialized using h3
2026-02-25 18:31:51,061 - geo_infer_risk.core.exposure_model.infrastructure - INFO - Spatial indexing initialized using h3
2026-02-25 18:31:51,061 - geo_infer_risk.core.exposure_model.infrastructure - INFO - Enhanced infrastructure exposure model initialized successfully
2026-02-25 18:31:51,061 - geo_infer_risk.core.exposure_model.infrastructure - INFO - Enhanced infrastructure exposure model initialized successfully
2026-02-25 18:31:51,061 - geo_infer_risk.core.exposure_model.infrastructure - INFO - Enhanced infrastructure exposure model initialized successfully
2026-02-25 18:31:51,062 - geo_infer_risk.core.exposure_model.business - INFO - Spatial interface initialized for exposure model
2026-02-25 18:31:51,062 - geo_infer_risk.core.exposure_model.business - INFO - Spatial interface initialized for exposure model
2026-02-25 18:31:51,062 - geo_infer_risk.core.exposure_model.business - INFO - Spatial interface initialized for exposure model
2026-02-25 18:31:51,062 - geo_infer_risk.core.exposure_model.business - INFO - Loading OpenStreetMap-style building data
2026-02-25 18:31:51,062 - geo_infer_risk.core.exposure_model.business - INFO - Loading OpenStreetMap-style building data
2026-02-25 18:31:51,062 - geo_infer_risk.core.exposure_model.business - INFO - Loading OpenStreetMap-style building data
2026-02-25 18:31:51,064 - geo_infer_risk.core.exposure_model.business - INFO - Loading census-style population data
2026-02-25 18:31:51,064 - geo_infer_risk.core.exposure_model.business - INFO - Loading census-style population data
2026-02-25 18:31:51,064 - geo_infer_risk.core.exposure_model.business - INFO - Loading census-style population data
2026-02-25 18:31:51,101 - geo_infer_risk.core.exposure_model.business - INFO - Exposure data validated and cleaned: 7000 records remaining
2026-02-25 18:31:51,101 - geo_infer_risk.core.exposure_model.business - INFO - Exposure data validated and cleaned: 7000 records remaining
2026-02-25 18:31:51,101 - geo_infer_risk.core.exposure_model.business - INFO - Exposure data validated and cleaned: 7000 records remaining
2026-02-25 18:31:51,101 - geo_infer_risk.core.exposure_model.business - INFO - Derived properties calculated
2026-02-25 18:31:51,101 - geo_infer_risk.core.exposure_model.business - INFO - Derived properties calculated
2026-02-25 18:31:51,101 - geo_infer_risk.core.exposure_model.business - INFO - Derived properties calculated
2026-02-25 18:31:51,101 - geo_infer_risk.core.exposure_model.business - INFO - Exposure data initialized with 7000 records
2026-02-25 18:31:51,101 - geo_infer_risk.core.exposure_model.business - INFO - Exposure data initialized with 7000 records
2026-02-25 18:31:51,101 - geo_infer_risk.core.exposure_model.business - INFO - Exposure data initialized with 7000 records
2026-02-25 18:31:51,123 - geo_infer_risk.core.exposure_model.business - INFO - Spatial indexing initialized using h3
2026-02-25 18:31:51,123 - geo_infer_risk.core.exposure_model.business - INFO - Spatial indexing initialized using h3
2026-02-25 18:31:51,123 - geo_infer_risk.core.exposure_model.business - INFO - Spatial indexing initialized using h3
2026-02-25 18:31:51,124 - geo_infer_risk.core.exposure_model.business - INFO - Enhanced business exposure model initialized successfully
2026-02-25 18:31:51,124 - geo_infer_risk.core.exposure_model.business - INFO - Enhanced business exposure model initialized successfully
2026-02-25 18:31:51,124 - geo_infer_risk.core.exposure_model.business - INFO - Enhanced business exposure model initialized successfully
2026-02-25 18:31:51,125 - geo_infer_risk.core.exposure_model.property - INFO - Spatial interface initialized for exposure model
2026-02-25 18:31:51,125 - geo_infer_risk.core.exposure_model.property - INFO - Spatial interface initialized for exposure model
2026-02-25 18:31:51,125 - geo_infer_risk.core.exposure_model.property - INFO - Spatial interface initialized for exposure model
2026-02-25 18:31:51,125 - geo_infer_risk.core.exposure_model.property - INFO - Loading OpenStreetMap-style building data
2026-02-25 18:31:51,125 - geo_infer_risk.core.exposure_model.property - INFO - Loading OpenStreetMap-style building data
2026-02-25 18:31:51,125 - geo_infer_risk.core.exposure_model.property - INFO - Loading OpenStreetMap-style building data
2026-02-25 18:31:51,127 - geo_infer_risk.core.exposure_model.property - INFO - Loading census-style population data
2026-02-25 18:31:51,127 - geo_infer_risk.core.exposure_model.property - INFO - Loading census-style population data
2026-02-25 18:31:51,127 - geo_infer_risk.core.exposure_model.property - INFO - Loading census-style population data
2026-02-25 18:31:51,137 - geo_infer_risk.core.exposure_model.property - INFO - Exposure data validated and cleaned: 7000 records remaining
2026-02-25 18:31:51,137 - geo_infer_risk.core.exposure_model.property - INFO - Exposure data validated and cleaned: 7000 records remaining
2026-02-25 18:31:51,137 - geo_infer_risk.core.exposure_model.property - INFO - Exposure data validated and cleaned: 7000 records remaining
2026-02-25 18:31:51,137 - geo_infer_risk.core.exposure_model.property - INFO - Derived properties calculated
2026-02-25 18:31:51,137 - geo_infer_risk.core.exposure_model.property - INFO - Derived properties calculated
2026-02-25 18:31:51,137 - geo_infer_risk.core.exposure_model.property - INFO - Derived properties calculated
2026-02-25 18:31:51,137 - geo_infer_risk.core.exposure_model.property - INFO - Exposure data initialized with 7000 records
2026-02-25 18:31:51,137 - geo_infer_risk.core.exposure_model.property - INFO - Exposure data initialized with 7000 records
2026-02-25 18:31:51,137 - geo_infer_risk.core.exposure_model.property - INFO - Exposure data initialized with 7000 records
2026-02-25 18:31:51,155 - geo_infer_risk.core.exposure_model.property - INFO - Spatial indexing initialized using h3
2026-02-25 18:31:51,155 - geo_infer_risk.core.exposure_model.property - INFO - Spatial indexing initialized using h3
2026-02-25 18:31:51,155 - geo_infer_risk.core.exposure_model.property - INFO - Spatial indexing initialized using h3
2026-02-25 18:31:51,155 - geo_infer_risk.core.exposure_model.property - INFO - Enhanced property exposure model initialized successfully
2026-02-25 18:31:51,155 - geo_infer_risk.core.exposure_model.property - INFO - Enhanced property exposure model initialized successfully
2026-02-25 18:31:51,155 - geo_infer_risk.core.exposure_model.property - INFO - Enhanced property exposure model initialized successfully
2026-02-25 18:31:51,155 - geo_infer_risk.core.exposure_model.population - INFO - Spatial interface initialized for exposure model
2026-02-25 18:31:51,155 - geo_infer_risk.core.exposure_model.population - INFO - Spatial interface initialized for exposure model
2026-02-25 18:31:51,155 - geo_infer_risk.core.exposure_model.population - INFO - Spatial interface initialized for exposure model
2026-02-25 18:31:51,155 - geo_infer_risk.core.exposure_model.population - INFO - Loading OpenStreetMap-style building data
2026-02-25 18:31:51,155 - geo_infer_risk.core.exposure_model.population - INFO - Loading OpenStreetMap-style building data
2026-02-25 18:31:51,155 - geo_infer_risk.core.exposure_model.population - INFO - Loading OpenStreetMap-style building data
2026-02-25 18:31:51,157 - geo_infer_risk.core.exposure_model.population - INFO - Loading census-style population data
2026-02-25 18:31:51,157 - geo_infer_risk.core.exposure_model.population - INFO - Loading census-style population data
2026-02-25 18:31:51,157 - geo_infer_risk.core.exposure_model.population - INFO - Loading census-style population data
2026-02-25 18:31:51,167 - geo_infer_risk.core.exposure_model.population - INFO - Exposure data validated and cleaned: 7000 records remaining
2026-02-25 18:31:51,167 - geo_infer_risk.core.exposure_model.population - INFO - Exposure data validated and cleaned: 7000 records remaining
2026-02-25 18:31:51,167 - geo_infer_risk.core.exposure_model.population - INFO - Exposure data validated and cleaned: 7000 records remaining
2026-02-25 18:31:51,167 - geo_infer_risk.core.exposure_model.population - INFO - Derived properties calculated
2026-02-25 18:31:51,167 - geo_infer_risk.core.exposure_model.population - INFO - Derived properties calculated
2026-02-25 18:31:51,167 - geo_infer_risk.core.exposure_model.population - INFO - Derived properties calculated
2026-02-25 18:31:51,167 - geo_infer_risk.core.exposure_model.population - INFO - Exposure data initialized with 7000 records
2026-02-25 18:31:51,167 - geo_infer_risk.core.exposure_model.population - INFO - Exposure data initialized with 7000 records
2026-02-25 18:31:51,167 - geo_infer_risk.core.exposure_model.population - INFO - Exposure data initialized with 7000 records
2026-02-25 18:31:51,261 - geo_infer_risk.core.exposure_model.population - INFO - Spatial indexing initialized using h3
2026-02-25 18:31:51,261 - geo_infer_risk.core.exposure_model.population - INFO - Spatial indexing initialized using h3
2026-02-25 18:31:51,261 - geo_infer_risk.core.exposure_model.population - INFO - Spatial indexing initialized using h3
2026-02-25 18:31:51,261 - geo_infer_risk.core.exposure_model.population - INFO - Enhanced population exposure model initialized successfully
2026-02-25 18:31:51,261 - geo_infer_risk.core.exposure_model.population - INFO - Enhanced population exposure model initialized successfully
2026-02-25 18:31:51,261 - geo_infer_risk.core.exposure_model.population - INFO - Enhanced population exposure model initialized successfully
2026-02-25 18:31:51,264 - geo_infer_risk.core.exposure_model.property - INFO - Spatial interface initialized for exposure model
2026-02-25 18:31:51,264 - geo_infer_risk.core.exposure_model.property - INFO - Spatial interface initialized for exposure model
2026-02-25 18:31:51,264 - geo_infer_risk.core.exposure_model.property - INFO - Spatial interface initialized for exposure model
2026-02-25 18:31:51,264 - geo_infer_risk.core.exposure_model.property - INFO - Loading OpenStreetMap-style building data
2026-02-25 18:31:51,264 - geo_infer_risk.core.exposure_model.property - INFO - Loading OpenStreetMap-style building data
2026-02-25 18:31:51,264 - geo_infer_risk.core.exposure_model.property - INFO - Loading OpenStreetMap-style building data
2026-02-25 18:31:51,286 - geo_infer_risk.core.exposure_model.property - INFO - Loading census-style population data
2026-02-25 18:31:51,286 - geo_infer_risk.core.exposure_model.property - INFO - Loading census-style population data
2026-02-25 18:31:51,286 - geo_infer_risk.core.exposure_model.property - INFO - Loading census-style population data
2026-02-25 18:31:51,322 - geo_infer_risk.core.exposure_model.property - INFO - Exposure data validated and cleaned: 7000 records remaining
2026-02-25 18:31:51,322 - geo_infer_risk.core.exposure_model.property - INFO - Exposure data validated and cleaned: 7000 records remaining
2026-02-25 18:31:51,322 - geo_infer_risk.core.exposure_model.property - INFO - Exposure data validated and cleaned: 7000 records remaining
2026-02-25 18:31:51,322 - geo_infer_risk.core.exposure_model.property - INFO - Derived properties calculated
2026-02-25 18:31:51,322 - geo_infer_risk.core.exposure_model.property - INFO - Derived properties calculated
2026-02-25 18:31:51,322 - geo_infer_risk.core.exposure_model.property - INFO - Derived properties calculated
2026-02-25 18:31:51,322 - geo_infer_risk.core.exposure_model.property - INFO - Exposure data initialized with 7000 records
2026-02-25 18:31:51,322 - geo_infer_risk.core.exposure_model.property - INFO - Exposure data initialized with 7000 records
2026-02-25 18:31:51,322 - geo_infer_risk.core.exposure_model.property - INFO - Exposure data initialized with 7000 records
2026-02-25 18:31:51,398 - geo_infer_risk.core.exposure_model.property - INFO - Spatial indexing initialized using h3
2026-02-25 18:31:51,398 - geo_infer_risk.core.exposure_model.property - INFO - Spatial indexing initialized using h3
2026-02-25 18:31:51,398 - geo_infer_risk.core.exposure_model.property - INFO - Spatial indexing initialized using h3
2026-02-25 18:31:51,398 - geo_infer_risk.core.exposure_model.property - INFO - Enhanced property exposure model initialized successfully
2026-02-25 18:31:51,398 - geo_infer_risk.core.exposure_model.property - INFO - Enhanced property exposure model initialized successfully
2026-02-25 18:31:51,398 - geo_infer_risk.core.exposure_model.property - INFO - Enhanced property exposure model initialized successfully
2026-02-25 18:31:51,398 - geo_infer_risk.core.exposure_model.property - INFO - Spatial interface initialized for exposure model
2026-02-25 18:31:51,398 - geo_infer_risk.core.exposure_model.property - INFO - Spatial interface initialized for exposure model
2026-02-25 18:31:51,398 - geo_infer_risk.core.exposure_model.property - INFO - Spatial interface initialized for exposure model
2026-02-25 18:31:51,398 - geo_infer_risk.core.exposure_model.property - INFO - Loading OpenStreetMap-style building data
2026-02-25 18:31:51,398 - geo_infer_risk.core.exposure_model.property - INFO - Loading OpenStreetMap-style building data
2026-02-25 18:31:51,398 - geo_infer_risk.core.exposure_model.property - INFO - Loading OpenStreetMap-style building data
2026-02-25 18:31:51,401 - geo_infer_risk.core.exposure_model.property - INFO - Loading census-style population data
2026-02-25 18:31:51,401 - geo_infer_risk.core.exposure_model.property - INFO - Loading census-style population data
2026-02-25 18:31:51,401 - geo_infer_risk.core.exposure_model.property - INFO - Loading census-style population data
2026-02-25 18:31:51,412 - geo_infer_risk.core.exposure_model.property - INFO - Exposure data validated and cleaned: 7000 records remaining
2026-02-25 18:31:51,412 - geo_infer_risk.core.exposure_model.property - INFO - Exposure data validated and cleaned: 7000 records remaining
2026-02-25 18:31:51,412 - geo_infer_risk.core.exposure_model.property - INFO - Exposure data validated and cleaned: 7000 records remaining
2026-02-25 18:31:51,412 - geo_infer_risk.core.exposure_model.property - INFO - Derived properties calculated
2026-02-25 18:31:51,412 - geo_infer_risk.core.exposure_model.property - INFO - Derived properties calculated
2026-02-25 18:31:51,412 - geo_infer_risk.core.exposure_model.property - INFO - Derived properties calculated
2026-02-25 18:31:51,412 - geo_infer_risk.core.exposure_model.property - INFO - Exposure data initialized with 7000 records
2026-02-25 18:31:51,412 - geo_infer_risk.core.exposure_model.property - INFO - Exposure data initialized with 7000 records
2026-02-25 18:31:51,412 - geo_infer_risk.core.exposure_model.property - INFO - Exposure data initialized with 7000 records
2026-02-25 18:31:51,502 - geo_infer_risk.core.exposure_model.property - INFO - Spatial indexing initialized using h3
2026-02-25 18:31:51,502 - geo_infer_risk.core.exposure_model.property - INFO - Spatial indexing initialized using h3
2026-02-25 18:31:51,502 - geo_infer_risk.core.exposure_model.property - INFO - Spatial indexing initialized using h3
2026-02-25 18:31:51,503 - geo_infer_risk.core.exposure_model.property - INFO - Enhanced property exposure model initialized successfully
2026-02-25 18:31:51,503 - geo_infer_risk.core.exposure_model.property - INFO - Enhanced property exposure model initialized successfully
2026-02-25 18:31:51,503 - geo_infer_risk.core.exposure_model.property - INFO - Enhanced property exposure model initialized successfully
2026-02-25 18:31:51,504 - geo_infer_risk.core.hazard_model.flood - INFO - Spatial interface initialized
2026-02-25 18:31:51,504 - geo_infer_risk.core.hazard_model.flood - INFO - Spatial interface initialized
2026-02-25 18:31:51,504 - geo_infer_risk.core.hazard_model.flood - INFO - Spatial interface initialized
2026-02-25 18:31:51,505 - geo_infer_risk.core.hazard_model.flood - INFO - Hazard model initialized with synthetic data (not fitted)
2026-02-25 18:31:51,505 - geo_infer_risk.core.hazard_model.flood - INFO - Hazard model initialized with synthetic data (not fitted)
2026-02-25 18:31:51,505 - geo_infer_risk.core.hazard_model.flood - INFO - Hazard model initialized with synthetic data (not fitted)
2026-02-25 18:31:51,505 - geo_infer_risk.core.hazard_model.flood - INFO - Enhanced flood hazard model initialized successfully
2026-02-25 18:31:51,505 - geo_infer_risk.core.hazard_model.flood - INFO - Enhanced flood hazard model initialized successfully
2026-02-25 18:31:51,505 - geo_infer_risk.core.hazard_model.flood - INFO - Enhanced flood hazard model initialized successfully
2026-02-25 18:31:51,506 - geo_infer_risk.core.hazard_model.flood - INFO - Spatial interface initialized
2026-02-25 18:31:51,506 - geo_infer_risk.core.hazard_model.flood - INFO - Spatial interface initialized
2026-02-25 18:31:51,506 - geo_infer_risk.core.hazard_model.flood - INFO - Spatial interface initialized
2026-02-25 18:31:51,507 - geo_infer_risk.core.hazard_model.flood - INFO - Hazard model initialized with synthetic data (not fitted)
2026-02-25 18:31:51,507 - geo_infer_risk.core.hazard_model.flood - INFO - Hazard model initialized with synthetic data (not fitted)
2026-02-25 18:31:51,507 - geo_infer_risk.core.hazard_model.flood - INFO - Hazard model initialized with synthetic data (not fitted)
2026-02-25 18:31:51,507 - geo_infer_risk.core.hazard_model.flood - INFO - Enhanced flood hazard model initialized successfully
2026-02-25 18:31:51,507 - geo_infer_risk.core.hazard_model.flood - INFO - Enhanced flood hazard model initialized successfully
2026-02-25 18:31:51,507 - geo_infer_risk.core.hazard_model.flood - INFO - Enhanced flood hazard model initialized successfully
2026-02-25 18:31:51,507 - geo_infer_risk.core.hazard_model.earthquake - INFO - Spatial interface initialized
2026-02-25 18:31:51,507 - geo_infer_risk.core.hazard_model.earthquake - INFO - Spatial interface initialized
2026-02-25 18:31:51,507 - geo_infer_risk.core.hazard_model.earthquake - INFO - Spatial interface initialized
2026-02-25 18:31:51,508 - geo_infer_risk.core.hazard_model.earthquake - INFO - Hazard model initialized with synthetic data (not fitted)
2026-02-25 18:31:51,508 - geo_infer_risk.core.hazard_model.earthquake - INFO - Hazard model initialized with synthetic data (not fitted)
2026-02-25 18:31:51,508 - geo_infer_risk.core.hazard_model.earthquake - INFO - Hazard model initialized with synthetic data (not fitted)
2026-02-25 18:31:51,508 - geo_infer_risk.core.hazard_model.earthquake - INFO - Enhanced earthquake hazard model initialized successfully
2026-02-25 18:31:51,508 - geo_infer_risk.core.hazard_model.earthquake - INFO - Enhanced earthquake hazard model initialized successfully
2026-02-25 18:31:51,508 - geo_infer_risk.core.hazard_model.earthquake - INFO - Enhanced earthquake hazard model initialized successfully
2026-02-25 18:31:51,508 - geo_infer_risk.core.hazard_model.hurricane - INFO - Spatial interface initialized
2026-02-25 18:31:51,508 - geo_infer_risk.core.hazard_model.hurricane - INFO - Spatial interface initialized
2026-02-25 18:31:51,508 - geo_infer_risk.core.hazard_model.hurricane - INFO - Spatial interface initialized
2026-02-25 18:31:51,508 - geo_infer_risk.core.hazard_model.hurricane - INFO - Hazard model initialized with synthetic data (not fitted)
2026-02-25 18:31:51,508 - geo_infer_risk.core.hazard_model.hurricane - INFO - Hazard model initialized with synthetic data (not fitted)
2026-02-25 18:31:51,508 - geo_infer_risk.core.hazard_model.hurricane - INFO - Hazard model initialized with synthetic data (not fitted)
2026-02-25 18:31:51,508 - geo_infer_risk.core.hazard_model.hurricane - INFO - Enhanced hurricane hazard model initialized successfully
2026-02-25 18:31:51,508 - geo_infer_risk.core.hazard_model.hurricane - INFO - Enhanced hurricane hazard model initialized successfully
2026-02-25 18:31:51,508 - geo_infer_risk.core.hazard_model.hurricane - INFO - Enhanced hurricane hazard model initialized successfully
2026-02-25 18:31:51,509 - geo_infer_risk.core.hazard_model.wildfire - INFO - Spatial interface initialized
2026-02-25 18:31:51,509 - geo_infer_risk.core.hazard_model.wildfire - INFO - Spatial interface initialized
2026-02-25 18:31:51,509 - geo_infer_risk.core.hazard_model.wildfire - INFO - Spatial interface initialized
2026-02-25 18:31:51,509 - geo_infer_risk.core.hazard_model.wildfire - INFO - Hazard model initialized with synthetic data (not fitted)
2026-02-25 18:31:51,509 - geo_infer_risk.core.hazard_model.wildfire - INFO - Hazard model initialized with synthetic data (not fitted)
2026-02-25 18:31:51,509 - geo_infer_risk.core.hazard_model.wildfire - INFO - Hazard model initialized with synthetic data (not fitted)
2026-02-25 18:31:51,509 - geo_infer_risk.core.hazard_model.wildfire - INFO - Enhanced wildfire hazard model initialized successfully
2026-02-25 18:31:51,509 - geo_infer_risk.core.hazard_model.wildfire - INFO - Enhanced wildfire hazard model initialized successfully
2026-02-25 18:31:51,509 - geo_infer_risk.core.hazard_model.wildfire - INFO - Enhanced wildfire hazard model initialized successfully
2026-02-25 18:31:51,509 - geo_infer_risk.core.hazard_model.flood - INFO - Spatial interface initialized
2026-02-25 18:31:51,509 - geo_infer_risk.core.hazard_model.flood - INFO - Spatial interface initialized
2026-02-25 18:31:51,509 - geo_infer_risk.core.hazard_model.flood - INFO - Spatial interface initialized
2026-02-25 18:31:51,510 - geo_infer_risk.core.hazard_model.flood - INFO - Hazard model initialized with synthetic data (not fitted)
2026-02-25 18:31:51,510 - geo_infer_risk.core.hazard_model.flood - INFO - Hazard model initialized with synthetic data (not fitted)
2026-02-25 18:31:51,510 - geo_infer_risk.core.hazard_model.flood - INFO - Hazard model initialized with synthetic data (not fitted)
2026-02-25 18:31:51,510 - geo_infer_risk.core.hazard_model.flood - INFO - Enhanced flood hazard model initialized successfully
2026-02-25 18:31:51,510 - geo_infer_risk.core.hazard_model.flood - INFO - Enhanced flood hazard model initialized successfully
2026-02-25 18:31:51,510 - geo_infer_risk.core.hazard_model.flood - INFO - Enhanced flood hazard model initialized successfully
2026-02-25 18:31:51,510 - geo_infer_risk.core.hazard_model.flood - INFO - Spatial interface initialized
2026-02-25 18:31:51,510 - geo_infer_risk.core.hazard_model.flood - INFO - Spatial interface initialized
2026-02-25 18:31:51,510 - geo_infer_risk.core.hazard_model.flood - INFO - Spatial interface initialized
2026-02-25 18:31:51,511 - geo_infer_risk.core.hazard_model.flood - INFO - Hazard model initialized with synthetic data (not fitted)
2026-02-25 18:31:51,511 - geo_infer_risk.core.hazard_model.flood - INFO - Hazard model initialized with synthetic data (not fitted)
2026-02-25 18:31:51,511 - geo_infer_risk.core.hazard_model.flood - INFO - Hazard model initialized with synthetic data (not fitted)
2026-02-25 18:31:51,511 - geo_infer_risk.core.hazard_model.flood - INFO - Enhanced flood hazard model initialized successfully
2026-02-25 18:31:51,511 - geo_infer_risk.core.hazard_model.flood - INFO - Enhanced flood hazard model initialized successfully
2026-02-25 18:31:51,511 - geo_infer_risk.core.hazard_model.flood - INFO - Enhanced flood hazard model initialized successfully
2026-02-25 18:31:51,511 - geo_infer_risk.core.hazard_model.generic - INFO - Spatial interface initialized
2026-02-25 18:31:51,511 - geo_infer_risk.core.hazard_model.generic - INFO - Spatial interface initialized
2026-02-25 18:31:51,511 - geo_infer_risk.core.hazard_model.generic - INFO - Spatial interface initialized
2026-02-25 18:31:51,512 - geo_infer_risk.core.hazard_model.generic - INFO - Hazard model initialized with synthetic data (not fitted)
2026-02-25 18:31:51,512 - geo_infer_risk.core.hazard_model.generic - INFO - Hazard model initialized with synthetic data (not fitted)
2026-02-25 18:31:51,512 - geo_infer_risk.core.hazard_model.generic - INFO - Hazard model initialized with synthetic data (not fitted)
2026-02-25 18:31:51,512 - geo_infer_risk.core.hazard_model.generic - INFO - Enhanced generic hazard model initialized successfully
2026-02-25 18:31:51,512 - geo_infer_risk.core.hazard_model.generic - INFO - Enhanced generic hazard model initialized successfully
2026-02-25 18:31:51,512 - geo_infer_risk.core.hazard_model.generic - INFO - Enhanced generic hazard model initialized successfully
2026-02-25 18:31:51,512 - geo_infer_risk.core.hazard_model.flood - INFO - Spatial interface initialized
2026-02-25 18:31:51,512 - geo_infer_risk.core.hazard_model.flood - INFO - Spatial interface initialized
2026-02-25 18:31:51,512 - geo_infer_risk.core.hazard_model.flood - INFO - Spatial interface initialized
2026-02-25 18:31:51,513 - geo_infer_risk.core.hazard_model.flood - INFO - Hazard model initialized with synthetic data (not fitted)
2026-02-25 18:31:51,513 - geo_infer_risk.core.hazard_model.flood - INFO - Hazard model initialized with synthetic data (not fitted)
2026-02-25 18:31:51,513 - geo_infer_risk.core.hazard_model.flood - INFO - Hazard model initialized with synthetic data (not fitted)
2026-02-25 18:31:51,513 - geo_infer_risk.core.hazard_model.flood - INFO - Enhanced flood hazard model initialized successfully
2026-02-25 18:31:51,513 - geo_infer_risk.core.hazard_model.flood - INFO - Enhanced flood hazard model initialized successfully
2026-02-25 18:31:51,513 - geo_infer_risk.core.hazard_model.flood - INFO - Enhanced flood hazard model initialized successfully
2026-02-25 18:31:51,513 - geo_infer_risk.core.hazard_model.flood - INFO - Spatial interface initialized
2026-02-25 18:31:51,513 - geo_infer_risk.core.hazard_model.flood - INFO - Spatial interface initialized
2026-02-25 18:31:51,513 - geo_infer_risk.core.hazard_model.flood - INFO - Spatial interface initialized
2026-02-25 18:31:51,514 - geo_infer_risk.core.hazard_model.flood - INFO - Hazard model initialized with synthetic data (not fitted)
2026-02-25 18:31:51,514 - geo_infer_risk.core.hazard_model.flood - INFO - Hazard model initialized with synthetic data (not fitted)
2026-02-25 18:31:51,514 - geo_infer_risk.core.hazard_model.flood - INFO - Hazard model initialized with synthetic data (not fitted)
2026-02-25 18:31:51,514 - geo_infer_risk.core.hazard_model.flood - INFO - Climate factors initialized for scenario rcp4.5: {'intensity': 1.15, 'frequency': 1.2, 'time_horizon': 2050}
2026-02-25 18:31:51,514 - geo_infer_risk.core.hazard_model.flood - INFO - Climate factors initialized for scenario rcp4.5: {'intensity': 1.15, 'frequency': 1.2, 'time_horizon': 2050}
2026-02-25 18:31:51,514 - geo_infer_risk.core.hazard_model.flood - INFO - Climate factors initialized for scenario rcp4.5: {'intensity': 1.15, 'frequency': 1.2, 'time_horizon': 2050}
2026-02-25 18:31:51,514 - geo_infer_risk.core.hazard_model.flood - INFO - Enhanced flood hazard model initialized successfully
2026-02-25 18:31:51,514 - geo_infer_risk.core.hazard_model.flood - INFO - Enhanced flood hazard model initialized successfully
2026-02-25 18:31:51,514 - geo_infer_risk.core.hazard_model.flood - INFO - Enhanced flood hazard model initialized successfully
2026-02-25 18:31:51,515 - geo_infer_risk.core.insurance_models - INFO - Fitting property insurance model...
2026-02-25 18:31:51,515 - geo_infer_risk.core.insurance_models - INFO - Fitting property insurance model...
2026-02-25 18:31:51,515 - geo_infer_risk.core.insurance_models - INFO - Fitting property insurance model...
2026-02-25 18:31:51,519 - geo_infer_risk.core.insurance_models - INFO - Property insurance model fitted successfully
2026-02-25 18:31:51,519 - geo_infer_risk.core.insurance_models - INFO - Property insurance model fitted successfully
2026-02-25 18:31:51,519 - geo_infer_risk.core.insurance_models - INFO - Property insurance model fitted successfully
2026-02-25 18:31:51,520 - geo_infer_risk.core.insurance_models - INFO - Fitting property insurance model...
2026-02-25 18:31:51,520 - geo_infer_risk.core.insurance_models - INFO - Fitting property insurance model...
2026-02-25 18:31:51,520 - geo_infer_risk.core.insurance_models - INFO - Fitting property insurance model...
2026-02-25 18:31:51,521 - geo_infer_risk.core.insurance_models - INFO - Property insurance model fitted successfully
2026-02-25 18:31:51,521 - geo_infer_risk.core.insurance_models - INFO - Property insurance model fitted successfully
2026-02-25 18:31:51,521 - geo_infer_risk.core.insurance_models - INFO - Property insurance model fitted successfully
2026-02-25 18:31:51,522 - geo_infer_risk.core.insurance_models - INFO - Fitting property insurance model...
2026-02-25 18:31:51,522 - geo_infer_risk.core.insurance_models - INFO - Fitting property insurance model...
2026-02-25 18:31:51,522 - geo_infer_risk.core.insurance_models - INFO - Fitting property insurance model...
2026-02-25 18:31:51,524 - geo_infer_risk.core.insurance_models - INFO - Property insurance model fitted successfully
2026-02-25 18:31:51,524 - geo_infer_risk.core.insurance_models - INFO - Property insurance model fitted successfully
2026-02-25 18:31:51,524 - geo_infer_risk.core.insurance_models - INFO - Property insurance model fitted successfully
2026-02-25 18:31:51,524 - geo_infer_risk.core.insurance_models - INFO - Fitting property insurance model...
2026-02-25 18:31:51,524 - geo_infer_risk.core.insurance_models - INFO - Fitting property insurance model...
2026-02-25 18:31:51,524 - geo_infer_risk.core.insurance_models - INFO - Fitting property insurance model...
2026-02-25 18:31:51,526 - geo_infer_risk.core.insurance_models - INFO - Property insurance model fitted successfully
2026-02-25 18:31:51,526 - geo_infer_risk.core.insurance_models - INFO - Property insurance model fitted successfully
2026-02-25 18:31:51,526 - geo_infer_risk.core.insurance_models - INFO - Property insurance model fitted successfully
2026-02-25 18:31:51,527 - geo_infer_risk.core.insurance_models - INFO - Fitting property insurance model...
2026-02-25 18:31:51,527 - geo_infer_risk.core.insurance_models - INFO - Fitting property insurance model...
2026-02-25 18:31:51,527 - geo_infer_risk.core.insurance_models - INFO - Fitting property insurance model...
2026-02-25 18:31:51,528 - geo_infer_risk.core.insurance_models - INFO - Property insurance model fitted successfully
2026-02-25 18:31:51,528 - geo_infer_risk.core.insurance_models - INFO - Property insurance model fitted successfully
2026-02-25 18:31:51,528 - geo_infer_risk.core.insurance_models - INFO - Property insurance model fitted successfully
2026-02-25 18:31:51,529 - geo_infer_risk.core.insurance_models - INFO - Fitting liability insurance model...
2026-02-25 18:31:51,529 - geo_infer_risk.core.insurance_models - INFO - Fitting liability insurance model...
2026-02-25 18:31:51,529 - geo_infer_risk.core.insurance_models - INFO - Fitting liability insurance model...
2026-02-25 18:31:51,529 - geo_infer_risk.core.insurance_models - INFO - Liability insurance model fitted successfully
2026-02-25 18:31:51,529 - geo_infer_risk.core.insurance_models - INFO - Liability insurance model fitted successfully
2026-02-25 18:31:51,529 - geo_infer_risk.core.insurance_models - INFO - Liability insurance model fitted successfully
2026-02-25 18:31:51,530 - geo_infer_risk.core.insurance_models - INFO - Fitting liability insurance model...
2026-02-25 18:31:51,530 - geo_infer_risk.core.insurance_models - INFO - Fitting liability insurance model...
2026-02-25 18:31:51,530 - geo_infer_risk.core.insurance_models - INFO - Fitting liability insurance model...
2026-02-25 18:31:51,531 - geo_infer_risk.core.insurance_models - INFO - Liability insurance model fitted successfully
2026-02-25 18:31:51,531 - geo_infer_risk.core.insurance_models - INFO - Liability insurance model fitted successfully
2026-02-25 18:31:51,531 - geo_infer_risk.core.insurance_models - INFO - Liability insurance model fitted successfully
2026-02-25 18:31:51,531 - geo_infer_risk.core.insurance_models - INFO - Fitting liability insurance model...
2026-02-25 18:31:51,531 - geo_infer_risk.core.insurance_models - INFO - Fitting liability insurance model...
2026-02-25 18:31:51,531 - geo_infer_risk.core.insurance_models - INFO - Fitting liability insurance model...
2026-02-25 18:31:51,532 - geo_infer_risk.core.insurance_models - INFO - Liability insurance model fitted successfully
2026-02-25 18:31:51,532 - geo_infer_risk.core.insurance_models - INFO - Liability insurance model fitted successfully
2026-02-25 18:31:51,532 - geo_infer_risk.core.insurance_models - INFO - Liability insurance model fitted successfully
2026-02-25 18:31:51,532 - geo_infer_risk.core.insurance_models - INFO - Fitting catastrophe insurance model...
2026-02-25 18:31:51,532 - geo_infer_risk.core.insurance_models - INFO - Fitting catastrophe insurance model...
2026-02-25 18:31:51,532 - geo_infer_risk.core.insurance_models - INFO - Fitting catastrophe insurance model...
2026-02-25 18:31:51,532 - geo_infer_risk.core.insurance_models - INFO - Catastrophe insurance model fitted successfully
2026-02-25 18:31:51,532 - geo_infer_risk.core.insurance_models - INFO - Catastrophe insurance model fitted successfully
2026-02-25 18:31:51,532 - geo_infer_risk.core.insurance_models - INFO - Catastrophe insurance model fitted successfully
2026-02-25 18:31:51,533 - geo_infer_risk.core.insurance_models - INFO - Fitting catastrophe insurance model...
2026-02-25 18:31:51,533 - geo_infer_risk.core.insurance_models - INFO - Fitting catastrophe insurance model...
2026-02-25 18:31:51,533 - geo_infer_risk.core.insurance_models - INFO - Fitting catastrophe insurance model...
2026-02-25 18:31:51,533 - geo_infer_risk.core.insurance_models - INFO - Catastrophe insurance model fitted successfully
2026-02-25 18:31:51,533 - geo_infer_risk.core.insurance_models - INFO - Catastrophe insurance model fitted successfully
2026-02-25 18:31:51,533 - geo_infer_risk.core.insurance_models - INFO - Catastrophe insurance model fitted successfully
2026-02-25 18:31:51,534 - geo_infer_risk.core.insurance_models - INFO - Initialized 3 insurance models
2026-02-25 18:31:51,534 - geo_infer_risk.core.insurance_models - INFO - Initialized 3 insurance models
2026-02-25 18:31:51,534 - geo_infer_risk.core.insurance_models - INFO - Initialized 3 insurance models
2026-02-25 18:31:51,534 - geo_infer_risk.core.insurance_models - INFO - Initialized 3 insurance models
2026-02-25 18:31:51,534 - geo_infer_risk.core.insurance_models - INFO - Initialized 3 insurance models
2026-02-25 18:31:51,534 - geo_infer_risk.core.insurance_models - INFO - Initialized 3 insurance models
2026-02-25 18:31:51,534 - geo_infer_risk.core.insurance_models - INFO - Fitting property insurance model...
2026-02-25 18:31:51,534 - geo_infer_risk.core.insurance_models - INFO - Fitting property insurance model...
2026-02-25 18:31:51,534 - geo_infer_risk.core.insurance_models - INFO - Fitting property insurance model...
2026-02-25 18:31:51,536 - geo_infer_risk.core.insurance_models - INFO - Property insurance model fitted successfully
2026-02-25 18:31:51,536 - geo_infer_risk.core.insurance_models - INFO - Property insurance model fitted successfully
2026-02-25 18:31:51,536 - geo_infer_risk.core.insurance_models - INFO - Property insurance model fitted successfully
2026-02-25 18:31:51,536 - geo_infer_risk.core.insurance_models - INFO - Initialized 3 insurance models
2026-02-25 18:31:51,536 - geo_infer_risk.core.insurance_models - INFO - Initialized 3 insurance models
2026-02-25 18:31:51,536 - geo_infer_risk.core.insurance_models - INFO - Initialized 3 insurance models
2026-02-25 18:31:51,538 - geo_infer_risk.core.insurance_models - ERROR - Unknown model type: unknown
2026-02-25 18:31:51,538 - geo_infer_risk.core.insurance_models - ERROR - Unknown model type: unknown
2026-02-25 18:31:51,538 - geo_infer_risk.core.insurance_models - ERROR - Unknown model type: unknown
2026-02-25 18:31:51,598 - geo_infer_risk.utils.validation - WARNING - Schema file not found at /Users/4d/Documents/GitHub/GEO-INFER/GEO-INFER-RISK/src/config/schema.json. Using basic validation.
2026-02-25 18:31:51,598 - geo_infer_risk.utils.validation - WARNING - Schema file not found at /Users/4d/Documents/GitHub/GEO-INFER/GEO-INFER-RISK/src/config/schema.json. Using basic validation.
2026-02-25 18:31:51,598 - geo_infer_risk.utils.validation - WARNING - Schema file not found at /Users/4d/Documents/GitHub/GEO-INFER/GEO-INFER-RISK/src/config/schema.json. Using basic validation.
2026-02-25 18:31:51,599 - geo_infer_risk.utils.validation - WARNING - Schema file not found at /Users/4d/Documents/GitHub/GEO-INFER/GEO-INFER-RISK/src/config/schema.json. Using basic validation.
2026-02-25 18:31:51,599 - geo_infer_risk.utils.validation - WARNING - Schema file not found at /Users/4d/Documents/GitHub/GEO-INFER/GEO-INFER-RISK/src/config/schema.json. Using basic validation.
2026-02-25 18:31:51,599 - geo_infer_risk.utils.validation - WARNING - Schema file not found at /Users/4d/Documents/GitHub/GEO-INFER/GEO-INFER-RISK/src/config/schema.json. Using basic validation.
2026-02-25 18:31:51,600 - geo_infer_risk.utils.validation - WARNING - Schema file not found at /Users/4d/Documents/GitHub/GEO-INFER/GEO-INFER-RISK/src/config/schema.json. Using basic validation.
2026-02-25 18:31:51,600 - geo_infer_risk.utils.validation - WARNING - Schema file not found at /Users/4d/Documents/GitHub/GEO-INFER/GEO-INFER-RISK/src/config/schema.json. Using basic validation.
2026-02-25 18:31:51,600 - geo_infer_risk.utils.validation - WARNING - Schema file not found at /Users/4d/Documents/GitHub/GEO-INFER/GEO-INFER-RISK/src/config/schema.json. Using basic validation.
2026-02-25 18:31:51,601 - geo_infer_risk.core.vulnerability_model.building - INFO - Spatial interface initialized for vulnerability model
2026-02-25 18:31:51,601 - geo_infer_risk.core.vulnerability_model.building - INFO - Spatial interface initialized for vulnerability model
2026-02-25 18:31:51,601 - geo_infer_risk.core.vulnerability_model.building - INFO - Spatial interface initialized for vulnerability model
2026-02-25 18:31:51,601 - geo_infer_risk.core.vulnerability_model.building - INFO - HAZUS vulnerability data loaded
2026-02-25 18:31:51,601 - geo_infer_risk.core.vulnerability_model.building - INFO - HAZUS vulnerability data loaded
2026-02-25 18:31:51,601 - geo_infer_risk.core.vulnerability_model.building - INFO - HAZUS vulnerability data loaded
2026-02-25 18:31:51,601 - geo_infer_risk.core.vulnerability_model.building - INFO - Generating default damage functions
2026-02-25 18:31:51,601 - geo_infer_risk.core.vulnerability_model.building - INFO - Generating default damage functions
2026-02-25 18:31:51,601 - geo_infer_risk.core.vulnerability_model.building - INFO - Generating default damage functions
2026-02-25 18:31:51,601 - geo_infer_risk.core.vulnerability_model.building - INFO - Default damage functions generated
2026-02-25 18:31:51,601 - geo_infer_risk.core.vulnerability_model.building - INFO - Default damage functions generated
2026-02-25 18:31:51,601 - geo_infer_risk.core.vulnerability_model.building - INFO - Default damage functions generated
2026-02-25 18:31:51,601 - geo_infer_risk.core.vulnerability_model.building - INFO - Vulnerability model initialized with template functions (not fitted)
2026-02-25 18:31:51,601 - geo_infer_risk.core.vulnerability_model.building - INFO - Vulnerability model initialized with template functions (not fitted)
2026-02-25 18:31:51,601 - geo_infer_risk.core.vulnerability_model.building - INFO - Vulnerability model initialized with template functions (not fitted)
2026-02-25 18:31:51,602 - geo_infer_risk.core.vulnerability_model.building - INFO - Enhanced building vulnerability model initialized successfully
2026-02-25 18:31:51,602 - geo_infer_risk.core.vulnerability_model.building - INFO - Enhanced building vulnerability model initialized successfully
2026-02-25 18:31:51,602 - geo_infer_risk.core.vulnerability_model.building - INFO - Enhanced building vulnerability model initialized successfully
2026-02-25 18:31:51,602 - geo_infer_risk.core.vulnerability_model.building - INFO - Spatial interface initialized for vulnerability model
2026-02-25 18:31:51,602 - geo_infer_risk.core.vulnerability_model.building - INFO - Spatial interface initialized for vulnerability model
2026-02-25 18:31:51,602 - geo_infer_risk.core.vulnerability_model.building - INFO - Spatial interface initialized for vulnerability model
2026-02-25 18:31:51,602 - geo_infer_risk.core.vulnerability_model.building - INFO - HAZUS vulnerability data loaded
2026-02-25 18:31:51,602 - geo_infer_risk.core.vulnerability_model.building - INFO - HAZUS vulnerability data loaded
2026-02-25 18:31:51,602 - geo_infer_risk.core.vulnerability_model.building - INFO - HAZUS vulnerability data loaded
2026-02-25 18:31:51,602 - geo_infer_risk.core.vulnerability_model.building - INFO - Generating default damage functions
2026-02-25 18:31:51,602 - geo_infer_risk.core.vulnerability_model.building - INFO - Generating default damage functions
2026-02-25 18:31:51,602 - geo_infer_risk.core.vulnerability_model.building - INFO - Generating default damage functions
2026-02-25 18:31:51,602 - geo_infer_risk.core.vulnerability_model.building - INFO - Default damage functions generated
2026-02-25 18:31:51,602 - geo_infer_risk.core.vulnerability_model.building - INFO - Default damage functions generated
2026-02-25 18:31:51,602 - geo_infer_risk.core.vulnerability_model.building - INFO - Default damage functions generated
2026-02-25 18:31:51,603 - geo_infer_risk.core.vulnerability_model.building - INFO - Vulnerability model initialized with template functions (not fitted)
2026-02-25 18:31:51,603 - geo_infer_risk.core.vulnerability_model.building - INFO - Vulnerability model initialized with template functions (not fitted)
2026-02-25 18:31:51,603 - geo_infer_risk.core.vulnerability_model.building - INFO - Vulnerability model initialized with template functions (not fitted)
2026-02-25 18:31:51,603 - geo_infer_risk.core.vulnerability_model.building - INFO - Enhanced building vulnerability model initialized successfully
2026-02-25 18:31:51,603 - geo_infer_risk.core.vulnerability_model.building - INFO - Enhanced building vulnerability model initialized successfully
2026-02-25 18:31:51,603 - geo_infer_risk.core.vulnerability_model.building - INFO - Enhanced building vulnerability model initialized successfully
2026-02-25 18:31:51,603 - geo_infer_risk.core.vulnerability_model.building - INFO - Spatial interface initialized for vulnerability model
2026-02-25 18:31:51,603 - geo_infer_risk.core.vulnerability_model.building - INFO - Spatial interface initialized for vulnerability model
2026-02-25 18:31:51,603 - geo_infer_risk.core.vulnerability_model.building - INFO - Spatial interface initialized for vulnerability model
2026-02-25 18:31:51,603 - geo_infer_risk.core.vulnerability_model.building - INFO - HAZUS vulnerability data loaded
2026-02-25 18:31:51,603 - geo_infer_risk.core.vulnerability_model.building - INFO - HAZUS vulnerability data loaded
2026-02-25 18:31:51,603 - geo_infer_risk.core.vulnerability_model.building - INFO - HAZUS vulnerability data loaded
2026-02-25 18:31:51,603 - geo_infer_risk.core.vulnerability_model.building - INFO - Generating default damage functions
2026-02-25 18:31:51,603 - geo_infer_risk.core.vulnerability_model.building - INFO - Generating default damage functions
2026-02-25 18:31:51,603 - geo_infer_risk.core.vulnerability_model.building - INFO - Generating default damage functions
2026-02-25 18:31:51,603 - geo_infer_risk.core.vulnerability_model.building - INFO - Default damage functions generated
2026-02-25 18:31:51,603 - geo_infer_risk.core.vulnerability_model.building - INFO - Default damage functions generated
2026-02-25 18:31:51,603 - geo_infer_risk.core.vulnerability_model.building - INFO - Default damage functions generated
2026-02-25 18:31:51,603 - geo_infer_risk.core.vulnerability_model.building - INFO - Vulnerability model initialized with template functions (not fitted)
2026-02-25 18:31:51,603 - geo_infer_risk.core.vulnerability_model.building - INFO - Vulnerability model initialized with template functions (not fitted)
2026-02-25 18:31:51,603 - geo_infer_risk.core.vulnerability_model.building - INFO - Vulnerability model initialized with template functions (not fitted)
2026-02-25 18:31:51,603 - geo_infer_risk.core.vulnerability_model.building - INFO - Enhanced building vulnerability model initialized successfully
2026-02-25 18:31:51,603 - geo_infer_risk.core.vulnerability_model.building - INFO - Enhanced building vulnerability model initialized successfully
2026-02-25 18:31:51,603 - geo_infer_risk.core.vulnerability_model.building - INFO - Enhanced building vulnerability model initialized successfully
2026-02-25 18:31:51,603 - geo_infer_risk.core.vulnerability_model.infrastructure - INFO - Spatial interface initialized for vulnerability model
2026-02-25 18:31:51,603 - geo_infer_risk.core.vulnerability_model.infrastructure - INFO - Spatial interface initialized for vulnerability model
2026-02-25 18:31:51,603 - geo_infer_risk.core.vulnerability_model.infrastructure - INFO - Spatial interface initialized for vulnerability model
2026-02-25 18:31:51,603 - geo_infer_risk.core.vulnerability_model.infrastructure - INFO - HAZUS vulnerability data loaded
2026-02-25 18:31:51,603 - geo_infer_risk.core.vulnerability_model.infrastructure - INFO - HAZUS vulnerability data loaded
2026-02-25 18:31:51,603 - geo_infer_risk.core.vulnerability_model.infrastructure - INFO - HAZUS vulnerability data loaded
2026-02-25 18:31:51,604 - geo_infer_risk.core.vulnerability_model.infrastructure - INFO - Generating default damage functions
2026-02-25 18:31:51,604 - geo_infer_risk.core.vulnerability_model.infrastructure - INFO - Generating default damage functions
2026-02-25 18:31:51,604 - geo_infer_risk.core.vulnerability_model.infrastructure - INFO - Generating default damage functions
2026-02-25 18:31:51,604 - geo_infer_risk.core.vulnerability_model.infrastructure - INFO - Default damage functions generated
2026-02-25 18:31:51,604 - geo_infer_risk.core.vulnerability_model.infrastructure - INFO - Default damage functions generated
2026-02-25 18:31:51,604 - geo_infer_risk.core.vulnerability_model.infrastructure - INFO - Default damage functions generated
2026-02-25 18:31:51,604 - geo_infer_risk.core.vulnerability_model.infrastructure - INFO - Vulnerability model initialized with template functions (not fitted)
2026-02-25 18:31:51,604 - geo_infer_risk.core.vulnerability_model.infrastructure - INFO - Vulnerability model initialized with template functions (not fitted)
2026-02-25 18:31:51,604 - geo_infer_risk.core.vulnerability_model.infrastructure - INFO - Vulnerability model initialized with template functions (not fitted)
2026-02-25 18:31:51,604 - geo_infer_risk.core.vulnerability_model.infrastructure - INFO - Enhanced infrastructure vulnerability model initialized successfully
2026-02-25 18:31:51,604 - geo_infer_risk.core.vulnerability_model.infrastructure - INFO - Enhanced infrastructure vulnerability model initialized successfully
2026-02-25 18:31:51,604 - geo_infer_risk.core.vulnerability_model.infrastructure - INFO - Enhanced infrastructure vulnerability model initialized successfully
2026-02-25 18:31:51,604 - geo_infer_risk.core.vulnerability_model.population - INFO - Spatial interface initialized for vulnerability model
2026-02-25 18:31:51,604 - geo_infer_risk.core.vulnerability_model.population - INFO - Spatial interface initialized for vulnerability model
2026-02-25 18:31:51,604 - geo_infer_risk.core.vulnerability_model.population - INFO - Spatial interface initialized for vulnerability model
2026-02-25 18:31:51,604 - geo_infer_risk.core.vulnerability_model.population - INFO - HAZUS vulnerability data loaded
2026-02-25 18:31:51,604 - geo_infer_risk.core.vulnerability_model.population - INFO - HAZUS vulnerability data loaded
2026-02-25 18:31:51,604 - geo_infer_risk.core.vulnerability_model.population - INFO - HAZUS vulnerability data loaded
2026-02-25 18:31:51,604 - geo_infer_risk.core.vulnerability_model.population - INFO - Generating default damage functions
2026-02-25 18:31:51,604 - geo_infer_risk.core.vulnerability_model.population - INFO - Generating default damage functions
2026-02-25 18:31:51,604 - geo_infer_risk.core.vulnerability_model.population - INFO - Generating default damage functions
2026-02-25 18:31:51,604 - geo_infer_risk.core.vulnerability_model.population - INFO - Default damage functions generated
2026-02-25 18:31:51,604 - geo_infer_risk.core.vulnerability_model.population - INFO - Default damage functions generated
2026-02-25 18:31:51,604 - geo_infer_risk.core.vulnerability_model.population - INFO - Default damage functions generated
2026-02-25 18:31:51,604 - geo_infer_risk.core.vulnerability_model.population - INFO - Vulnerability model initialized with template functions (not fitted)
2026-02-25 18:31:51,604 - geo_infer_risk.core.vulnerability_model.population - INFO - Vulnerability model initialized with template functions (not fitted)
2026-02-25 18:31:51,604 - geo_infer_risk.core.vulnerability_model.population - INFO - Vulnerability model initialized with template functions (not fitted)
2026-02-25 18:31:51,605 - geo_infer_risk.core.vulnerability_model.population - INFO - Enhanced population vulnerability model initialized successfully
2026-02-25 18:31:51,605 - geo_infer_risk.core.vulnerability_model.population - INFO - Enhanced population vulnerability model initialized successfully
2026-02-25 18:31:51,605 - geo_infer_risk.core.vulnerability_model.population - INFO - Enhanced population vulnerability model initialized successfully
2026-02-25 18:31:51,606 - geo_infer_risk.core.vulnerability_model.building - INFO - Spatial interface initialized for vulnerability model
2026-02-25 18:31:51,606 - geo_infer_risk.core.vulnerability_model.building - INFO - Spatial interface initialized for vulnerability model
2026-02-25 18:31:51,606 - geo_infer_risk.core.vulnerability_model.building - INFO - Spatial interface initialized for vulnerability model
2026-02-25 18:31:51,606 - geo_infer_risk.core.vulnerability_model.building - INFO - HAZUS vulnerability data loaded
2026-02-25 18:31:51,606 - geo_infer_risk.core.vulnerability_model.building - INFO - HAZUS vulnerability data loaded
2026-02-25 18:31:51,606 - geo_infer_risk.core.vulnerability_model.building - INFO - HAZUS vulnerability data loaded
2026-02-25 18:31:51,606 - geo_infer_risk.core.vulnerability_model.building - INFO - Generating default damage functions
2026-02-25 18:31:51,606 - geo_infer_risk.core.vulnerability_model.building - INFO - Generating default damage functions
2026-02-25 18:31:51,606 - geo_infer_risk.core.vulnerability_model.building - INFO - Generating default damage functions
2026-02-25 18:31:51,606 - geo_infer_risk.core.vulnerability_model.building - INFO - Default damage functions generated
2026-02-25 18:31:51,606 - geo_infer_risk.core.vulnerability_model.building - INFO - Default damage functions generated
2026-02-25 18:31:51,606 - geo_infer_risk.core.vulnerability_model.building - INFO - Default damage functions generated
2026-02-25 18:31:51,606 - geo_infer_risk.core.vulnerability_model.building - INFO - Vulnerability model initialized with template functions (not fitted)
2026-02-25 18:31:51,606 - geo_infer_risk.core.vulnerability_model.building - INFO - Vulnerability model initialized with template functions (not fitted)
2026-02-25 18:31:51,606 - geo_infer_risk.core.vulnerability_model.building - INFO - Vulnerability model initialized with template functions (not fitted)
2026-02-25 18:31:51,606 - geo_infer_risk.core.vulnerability_model.building - INFO - Enhanced building vulnerability model initialized successfully
2026-02-25 18:31:51,606 - geo_infer_risk.core.vulnerability_model.building - INFO - Enhanced building vulnerability model initialized successfully
2026-02-25 18:31:51,606 - geo_infer_risk.core.vulnerability_model.building - INFO - Enhanced building vulnerability model initialized successfully
2026-02-25 18:31:51,606 - geo_infer_risk.core.vulnerability_model.building - INFO - Spatial interface initialized for vulnerability model
2026-02-25 18:31:51,606 - geo_infer_risk.core.vulnerability_model.building - INFO - Spatial interface initialized for vulnerability model
2026-02-25 18:31:51,606 - geo_infer_risk.core.vulnerability_model.building - INFO - Spatial interface initialized for vulnerability model
2026-02-25 18:31:51,607 - geo_infer_risk.core.vulnerability_model.building - INFO - HAZUS vulnerability data loaded
2026-02-25 18:31:51,607 - geo_infer_risk.core.vulnerability_model.building - INFO - HAZUS vulnerability data loaded
2026-02-25 18:31:51,607 - geo_infer_risk.core.vulnerability_model.building - INFO - HAZUS vulnerability data loaded
2026-02-25 18:31:51,607 - geo_infer_risk.core.vulnerability_model.building - INFO - Generating default damage functions
2026-02-25 18:31:51,607 - geo_infer_risk.core.vulnerability_model.building - INFO - Generating default damage functions
2026-02-25 18:31:51,607 - geo_infer_risk.core.vulnerability_model.building - INFO - Generating default damage functions
2026-02-25 18:31:51,607 - geo_infer_risk.core.vulnerability_model.building - INFO - Default damage functions generated
2026-02-25 18:31:51,607 - geo_infer_risk.core.vulnerability_model.building - INFO - Default damage functions generated
2026-02-25 18:31:51,607 - geo_infer_risk.core.vulnerability_model.building - INFO - Default damage functions generated
2026-02-25 18:31:51,607 - geo_infer_risk.core.vulnerability_model.building - INFO - Vulnerability model initialized with template functions (not fitted)
2026-02-25 18:31:51,607 - geo_infer_risk.core.vulnerability_model.building - INFO - Vulnerability model initialized with template functions (not fitted)
2026-02-25 18:31:51,607 - geo_infer_risk.core.vulnerability_model.building - INFO - Vulnerability model initialized with template functions (not fitted)
2026-02-25 18:31:51,607 - geo_infer_risk.core.vulnerability_model.building - INFO - Enhanced building vulnerability model initialized successfully
2026-02-25 18:31:51,607 - geo_infer_risk.core.vulnerability_model.building - INFO - Enhanced building vulnerability model initialized successfully
2026-02-25 18:31:51,607 - geo_infer_risk.core.vulnerability_model.building - INFO - Enhanced building vulnerability model initialized successfully
2026-02-25 18:31:51,607 - geo_infer_risk.core.vulnerability_model.building - INFO - Spatial interface initialized for vulnerability model
2026-02-25 18:31:51,607 - geo_infer_risk.core.vulnerability_model.building - INFO - Spatial interface initialized for vulnerability model
2026-02-25 18:31:51,607 - geo_infer_risk.core.vulnerability_model.building - INFO - Spatial interface initialized for vulnerability model
2026-02-25 18:31:51,607 - geo_infer_risk.core.vulnerability_model.building - INFO - HAZUS vulnerability data loaded
2026-02-25 18:31:51,607 - geo_infer_risk.core.vulnerability_model.building - INFO - HAZUS vulnerability data loaded
2026-02-25 18:31:51,607 - geo_infer_risk.core.vulnerability_model.building - INFO - HAZUS vulnerability data loaded
2026-02-25 18:31:51,608 - geo_infer_risk.core.vulnerability_model.building - INFO - Generating default damage functions
2026-02-25 18:31:51,608 - geo_infer_risk.core.vulnerability_model.building - INFO - Generating default damage functions
2026-02-25 18:31:51,608 - geo_infer_risk.core.vulnerability_model.building - INFO - Generating default damage functions
2026-02-25 18:31:51,608 - geo_infer_risk.core.vulnerability_model.building - INFO - Default damage functions generated
2026-02-25 18:31:51,608 - geo_infer_risk.core.vulnerability_model.building - INFO - Default damage functions generated
2026-02-25 18:31:51,608 - geo_infer_risk.core.vulnerability_model.building - INFO - Default damage functions generated
2026-02-25 18:31:51,608 - geo_infer_risk.core.vulnerability_model.building - INFO - Vulnerability model initialized with template functions (not fitted)
2026-02-25 18:31:51,608 - geo_infer_risk.core.vulnerability_model.building - INFO - Vulnerability model initialized with template functions (not fitted)
2026-02-25 18:31:51,608 - geo_infer_risk.core.vulnerability_model.building - INFO - Vulnerability model initialized with template functions (not fitted)
2026-02-25 18:31:51,608 - geo_infer_risk.core.vulnerability_model.building - INFO - Enhanced building vulnerability model initialized successfully
2026-02-25 18:31:51,608 - geo_infer_risk.core.vulnerability_model.building - INFO - Enhanced building vulnerability model initialized successfully
2026-02-25 18:31:51,608 - geo_infer_risk.core.vulnerability_model.building - INFO - Enhanced building vulnerability model initialized successfully
2026-02-25 18:31:51,608 - geo_infer_risk.core.vulnerability_model.building - INFO - Spatial interface initialized for vulnerability model
2026-02-25 18:31:51,608 - geo_infer_risk.core.vulnerability_model.building - INFO - Spatial interface initialized for vulnerability model
2026-02-25 18:31:51,608 - geo_infer_risk.core.vulnerability_model.building - INFO - Spatial interface initialized for vulnerability model
2026-02-25 18:31:51,608 - geo_infer_risk.core.vulnerability_model.building - INFO - HAZUS vulnerability data loaded
2026-02-25 18:31:51,608 - geo_infer_risk.core.vulnerability_model.building - INFO - HAZUS vulnerability data loaded
2026-02-25 18:31:51,608 - geo_infer_risk.core.vulnerability_model.building - INFO - HAZUS vulnerability data loaded
2026-02-25 18:31:51,608 - geo_infer_risk.core.vulnerability_model.building - INFO - Generating default damage functions
2026-02-25 18:31:51,608 - geo_infer_risk.core.vulnerability_model.building - INFO - Generating default damage functions
2026-02-25 18:31:51,608 - geo_infer_risk.core.vulnerability_model.building - INFO - Generating default damage functions
2026-02-25 18:31:51,608 - geo_infer_risk.core.vulnerability_model.building - INFO - Default damage functions generated
2026-02-25 18:31:51,608 - geo_infer_risk.core.vulnerability_model.building - INFO - Default damage functions generated
2026-02-25 18:31:51,608 - geo_infer_risk.core.vulnerability_model.building - INFO - Default damage functions generated
2026-02-25 18:31:51,608 - geo_infer_risk.core.vulnerability_model.building - INFO - Vulnerability model initialized with template functions (not fitted)
2026-02-25 18:31:51,608 - geo_infer_risk.core.vulnerability_model.building - INFO - Vulnerability model initialized with template functions (not fitted)
2026-02-25 18:31:51,608 - geo_infer_risk.core.vulnerability_model.building - INFO - Vulnerability model initialized with template functions (not fitted)
2026-02-25 18:31:51,609 - geo_infer_risk.core.vulnerability_model.building - INFO - Climate adaptation factors initialized
2026-02-25 18:31:51,609 - geo_infer_risk.core.vulnerability_model.building - INFO - Climate adaptation factors initialized
2026-02-25 18:31:51,609 - geo_infer_risk.core.vulnerability_model.building - INFO - Climate adaptation factors initialized
2026-02-25 18:31:51,609 - geo_infer_risk.core.vulnerability_model.building - INFO - Enhanced building vulnerability model initialized successfully
2026-02-25 18:31:51,609 - geo_infer_risk.core.vulnerability_model.building - INFO - Enhanced building vulnerability model initialized successfully
2026-02-25 18:31:51,609 - geo_infer_risk.core.vulnerability_model.building - INFO - Enhanced building vulnerability model initialized successfully
2026-02-25 18:31:51,645 - geo_infer_sec.core.audit - WARNING - [2026-02-26T02:31:51.645236] AUTHENTICATION - User: user-1, Action: login, Resource: unknown, Result: SUCCESS
2026-02-25 18:31:51,645 - geo_infer_sec.core.audit - WARNING - [2026-02-26T02:31:51.645236] AUTHENTICATION - User: user-1, Action: login, Resource: unknown, Result: SUCCESS
2026-02-25 18:31:51,645 - geo_infer_sec.core.audit - WARNING - [2026-02-26T02:31:51.645236] AUTHENTICATION - User: user-1, Action: login, Resource: unknown, Result: SUCCESS
2026-02-25 18:31:51,646 - geo_infer_sec.core.audit - WARNING - [2026-02-26T02:31:51.646207] DATA_ACCESS - User: user-0, Action: read, Resource: unknown, Result: SUCCESS
2026-02-25 18:31:51,646 - geo_infer_sec.core.audit - WARNING - [2026-02-26T02:31:51.646207] DATA_ACCESS - User: user-0, Action: read, Resource: unknown, Result: SUCCESS
2026-02-25 18:31:51,646 - geo_infer_sec.core.audit - WARNING - [2026-02-26T02:31:51.646207] DATA_ACCESS - User: user-0, Action: read, Resource: unknown, Result: SUCCESS
2026-02-25 18:31:51,646 - geo_infer_sec.core.audit - WARNING - [2026-02-26T02:31:51.646469] DATA_ACCESS - User: user-1, Action: read, Resource: unknown, Result: SUCCESS
2026-02-25 18:31:51,646 - geo_infer_sec.core.audit - WARNING - [2026-02-26T02:31:51.646469] DATA_ACCESS - User: user-1, Action: read, Resource: unknown, Result: SUCCESS
2026-02-25 18:31:51,646 - geo_infer_sec.core.audit - WARNING - [2026-02-26T02:31:51.646469] DATA_ACCESS - User: user-1, Action: read, Resource: unknown, Result: SUCCESS
2026-02-25 18:31:51,646 - geo_infer_sec.core.audit - WARNING - [2026-02-26T02:31:51.646642] DATA_ACCESS - User: user-2, Action: read, Resource: unknown, Result: SUCCESS
2026-02-25 18:31:51,646 - geo_infer_sec.core.audit - WARNING - [2026-02-26T02:31:51.646642] DATA_ACCESS - User: user-2, Action: read, Resource: unknown, Result: SUCCESS
2026-02-25 18:31:51,646 - geo_infer_sec.core.audit - WARNING - [2026-02-26T02:31:51.646642] DATA_ACCESS - User: user-2, Action: read, Resource: unknown, Result: SUCCESS
2026-02-25 18:31:51,646 - geo_infer_sec.core.audit - WARNING - [2026-02-26T02:31:51.646813] DATA_ACCESS - User: user-3, Action: read, Resource: unknown, Result: SUCCESS
2026-02-25 18:31:51,646 - geo_infer_sec.core.audit - WARNING - [2026-02-26T02:31:51.646813] DATA_ACCESS - User: user-3, Action: read, Resource: unknown, Result: SUCCESS
2026-02-25 18:31:51,646 - geo_infer_sec.core.audit - WARNING - [2026-02-26T02:31:51.646813] DATA_ACCESS - User: user-3, Action: read, Resource: unknown, Result: SUCCESS
2026-02-25 18:31:51,646 - geo_infer_sec.core.audit - WARNING - [2026-02-26T02:31:51.646979] DATA_ACCESS - User: user-4, Action: read, Resource: unknown, Result: SUCCESS
2026-02-25 18:31:51,646 - geo_infer_sec.core.audit - WARNING - [2026-02-26T02:31:51.646979] DATA_ACCESS - User: user-4, Action: read, Resource: unknown, Result: SUCCESS
2026-02-25 18:31:51,646 - geo_infer_sec.core.audit - WARNING - [2026-02-26T02:31:51.646979] DATA_ACCESS - User: user-4, Action: read, Resource: unknown, Result: SUCCESS
2026-02-25 18:31:51,647 - geo_infer_sec.core.audit - CRITICAL - [2026-02-26T02:31:51.647834] SECURITY_EVENT - User: unknown, Action: intrusion_detected, Resource: unknown, Result: SUCCESS
2026-02-25 18:31:51,647 - geo_infer_sec.core.audit - CRITICAL - [2026-02-26T02:31:51.647834] SECURITY_EVENT - User: unknown, Action: intrusion_detected, Resource: unknown, Result: SUCCESS
2026-02-25 18:31:51,647 - geo_infer_sec.core.audit - CRITICAL - [2026-02-26T02:31:51.647834] SECURITY_EVENT - User: unknown, Action: intrusion_detected, Resource: unknown, Result: SUCCESS
2026-02-25 18:31:51,648 - geo_infer_sec.core.audit - WARNING - [2026-02-26T02:31:51.648717] AUTHENTICATION - User: unknown, Action: login, Resource: unknown, Result: SUCCESS
2026-02-25 18:31:51,648 - geo_infer_sec.core.audit - WARNING - [2026-02-26T02:31:51.648717] AUTHENTICATION - User: unknown, Action: login, Resource: unknown, Result: SUCCESS
2026-02-25 18:31:51,648 - geo_infer_sec.core.audit - WARNING - [2026-02-26T02:31:51.648717] AUTHENTICATION - User: unknown, Action: login, Resource: unknown, Result: SUCCESS
2026-02-25 18:31:51,648 - geo_infer_sec.core.audit - WARNING - [2026-02-26T02:31:51.648957] DATA_ACCESS - User: unknown, Action: read, Resource: unknown, Result: SUCCESS
2026-02-25 18:31:51,648 - geo_infer_sec.core.audit - WARNING - [2026-02-26T02:31:51.648957] DATA_ACCESS - User: unknown, Action: read, Resource: unknown, Result: SUCCESS
2026-02-25 18:31:51,648 - geo_infer_sec.core.audit - WARNING - [2026-02-26T02:31:51.648957] DATA_ACCESS - User: unknown, Action: read, Resource: unknown, Result: SUCCESS
2026-02-25 18:31:51,649 - geo_infer_sec.core.audit - WARNING - [2026-02-26T02:31:51.649125] AUTHENTICATION - User: unknown, Action: logout, Resource: unknown, Result: SUCCESS
2026-02-25 18:31:51,649 - geo_infer_sec.core.audit - WARNING - [2026-02-26T02:31:51.649125] AUTHENTICATION - User: unknown, Action: logout, Resource: unknown, Result: SUCCESS
2026-02-25 18:31:51,649 - geo_infer_sec.core.audit - WARNING - [2026-02-26T02:31:51.649125] AUTHENTICATION - User: unknown, Action: logout, Resource: unknown, Result: SUCCESS
2026-02-25 18:31:51,992 - geo_infer_sec.core.authentication - INFO - Registered user: testuser
2026-02-25 18:31:51,992 - geo_infer_sec.core.authentication - INFO - Registered user: testuser
2026-02-25 18:31:51,992 - geo_infer_sec.core.authentication - INFO - Registered user: testuser
2026-02-25 18:31:52,052 - geo_infer_sec.core.authentication - INFO - Registered user: testuser
2026-02-25 18:31:52,052 - geo_infer_sec.core.authentication - INFO - Registered user: testuser
2026-02-25 18:31:52,052 - geo_infer_sec.core.authentication - INFO - Registered user: testuser
2026-02-25 18:31:52,174 - geo_infer_sec.core.authentication - INFO - Registered user: testuser
2026-02-25 18:31:52,174 - geo_infer_sec.core.authentication - INFO - Registered user: testuser
2026-02-25 18:31:52,174 - geo_infer_sec.core.authentication - INFO - Registered user: testuser
2026-02-25 18:31:52,229 - geo_infer_sec.core.authentication - INFO - User testuser authenticated successfully
2026-02-25 18:31:52,229 - geo_infer_sec.core.authentication - INFO - User testuser authenticated successfully
2026-02-25 18:31:52,229 - geo_infer_sec.core.authentication - INFO - User testuser authenticated successfully
2026-02-25 18:31:52,286 - geo_infer_sec.core.authentication - INFO - Registered user: testuser
2026-02-25 18:31:52,286 - geo_infer_sec.core.authentication - INFO - Registered user: testuser
2026-02-25 18:31:52,286 - geo_infer_sec.core.authentication - INFO - Registered user: testuser
2026-02-25 18:31:52,307 - geo_infer_sec.core.authentication - WARNING - Authentication failed: invalid password for testuser
2026-02-25 18:31:52,307 - geo_infer_sec.core.authentication - WARNING - Authentication failed: invalid password for testuser
2026-02-25 18:31:52,307 - geo_infer_sec.core.authentication - WARNING - Authentication failed: invalid password for testuser
2026-02-25 18:31:52,394 - geo_infer_sec.core.authentication - INFO - Registered user: testuser
2026-02-25 18:31:52,394 - geo_infer_sec.core.authentication - INFO - Registered user: testuser
2026-02-25 18:31:52,394 - geo_infer_sec.core.authentication - INFO - Registered user: testuser
2026-02-25 18:31:52,458 - geo_infer_sec.core.authentication - INFO - User testuser authenticated successfully
2026-02-25 18:31:52,458 - geo_infer_sec.core.authentication - INFO - User testuser authenticated successfully
2026-02-25 18:31:52,458 - geo_infer_sec.core.authentication - INFO - User testuser authenticated successfully
2026-02-25 18:31:52,459 - geo_infer_sec.core.authentication - WARNING - Token validation failed: Not enough segments
2026-02-25 18:31:52,459 - geo_infer_sec.core.authentication - WARNING - Token validation failed: Not enough segments
2026-02-25 18:31:52,459 - geo_infer_sec.core.authentication - WARNING - Token validation failed: Not enough segments
2026-02-25 18:31:52,529 - geo_infer_sec.core.authentication - INFO - Registered user: testuser
2026-02-25 18:31:52,529 - geo_infer_sec.core.authentication - INFO - Registered user: testuser
2026-02-25 18:31:52,529 - geo_infer_sec.core.authentication - INFO - Registered user: testuser
2026-02-25 18:31:52,629 - geo_infer_sec.core.authentication - INFO - User testuser authenticated successfully
2026-02-25 18:31:52,629 - geo_infer_sec.core.authentication - INFO - User testuser authenticated successfully
2026-02-25 18:31:52,629 - geo_infer_sec.core.authentication - INFO - User testuser authenticated successfully
2026-02-25 18:31:52,710 - geo_infer_sec.core.authentication - INFO - Registered user: testuser
2026-02-25 18:31:52,710 - geo_infer_sec.core.authentication - INFO - Registered user: testuser
2026-02-25 18:31:52,710 - geo_infer_sec.core.authentication - INFO - Registered user: testuser
2026-02-25 18:31:52,763 - geo_infer_sec.core.authentication - INFO - User testuser authenticated successfully
2026-02-25 18:31:52,763 - geo_infer_sec.core.authentication - INFO - User testuser authenticated successfully
2026-02-25 18:31:52,763 - geo_infer_sec.core.authentication - INFO - User testuser authenticated successfully
2026-02-25 18:31:52,763 - geo_infer_sec.core.authentication - INFO - Refresh token revoked
2026-02-25 18:31:52,763 - geo_infer_sec.core.authentication - INFO - Refresh token revoked
2026-02-25 18:31:52,763 - geo_infer_sec.core.authentication - INFO - Refresh token revoked
2026-02-25 18:31:52,763 - geo_infer_sec.core.authentication - WARNING - Refresh token validation failed: token not found
2026-02-25 18:31:52,763 - geo_infer_sec.core.authentication - WARNING - Refresh token validation failed: token not found
2026-02-25 18:31:52,763 - geo_infer_sec.core.authentication - WARNING - Refresh token validation failed: token not found
2026-02-25 18:31:52,765 - geo_infer_sec.core.authorization - INFO - Granted read permission on dataset-a to user user-1
2026-02-25 18:31:52,765 - geo_infer_sec.core.authorization - INFO - Granted read permission on dataset-a to user user-1
2026-02-25 18:31:52,765 - geo_infer_sec.core.authorization - INFO - Granted read permission on dataset-a to user user-1
2026-02-25 18:31:52,765 - geo_infer_sec.core.authorization - INFO - User user-1 granted read permission on dataset-a
2026-02-25 18:31:52,765 - geo_infer_sec.core.authorization - INFO - User user-1 granted read permission on dataset-a
2026-02-25 18:31:52,765 - geo_infer_sec.core.authorization - INFO - User user-1 granted read permission on dataset-a
2026-02-25 18:31:52,765 - geo_infer_sec.core.authorization - WARNING - User user-1 denied write permission on dataset-a
2026-02-25 18:31:52,765 - geo_infer_sec.core.authorization - WARNING - User user-1 denied write permission on dataset-a
2026-02-25 18:31:52,765 - geo_infer_sec.core.authorization - WARNING - User user-1 denied write permission on dataset-a
2026-02-25 18:31:52,766 - geo_infer_sec.core.authorization - INFO - Granted write permission on resource-x to user user-1
2026-02-25 18:31:52,766 - geo_infer_sec.core.authorization - INFO - Granted write permission on resource-x to user user-1
2026-02-25 18:31:52,766 - geo_infer_sec.core.authorization - INFO - Granted write permission on resource-x to user user-1
2026-02-25 18:31:52,766 - geo_infer_sec.core.authorization - INFO - User user-1 granted write permission on resource-x
2026-02-25 18:31:52,766 - geo_infer_sec.core.authorization - INFO - User user-1 granted write permission on resource-x
2026-02-25 18:31:52,766 - geo_infer_sec.core.authorization - INFO - User user-1 granted write permission on resource-x
2026-02-25 18:31:52,766 - geo_infer_sec.core.authorization - INFO - Revoked write permission on resource-x from user user-1
2026-02-25 18:31:52,766 - geo_infer_sec.core.authorization - INFO - Revoked write permission on resource-x from user user-1
2026-02-25 18:31:52,766 - geo_infer_sec.core.authorization - INFO - Revoked write permission on resource-x from user user-1
2026-02-25 18:31:52,766 - geo_infer_sec.core.authorization - WARNING - User user-1 denied write permission on resource-x
2026-02-25 18:31:52,766 - geo_infer_sec.core.authorization - WARNING - User user-1 denied write permission on resource-x
2026-02-25 18:31:52,766 - geo_infer_sec.core.authorization - WARNING - User user-1 denied write permission on resource-x
2026-02-25 18:31:52,767 - geo_infer_sec.core.authorization - INFO - Granted read permission on dataset-b to user user-2
2026-02-25 18:31:52,767 - geo_infer_sec.core.authorization - INFO - Granted read permission on dataset-b to user user-2
2026-02-25 18:31:52,767 - geo_infer_sec.core.authorization - INFO - Granted read permission on dataset-b to user user-2
2026-02-25 18:31:52,767 - geo_infer_sec.core.authorization - INFO - Granted write permission on dataset-b to user user-2
2026-02-25 18:31:52,767 - geo_infer_sec.core.authorization - INFO - Granted write permission on dataset-b to user user-2
2026-02-25 18:31:52,767 - geo_infer_sec.core.authorization - INFO - Granted write permission on dataset-b to user user-2
2026-02-25 18:31:52,768 - geo_infer_sec.core.authorization - INFO - User admin-user granted delete permission on any-resource
2026-02-25 18:31:52,768 - geo_infer_sec.core.authorization - INFO - User admin-user granted delete permission on any-resource
2026-02-25 18:31:52,768 - geo_infer_sec.core.authorization - INFO - User admin-user granted delete permission on any-resource
2026-02-25 18:31:52,768 - geo_infer_sec.core.authorization - INFO - User ops-user granted read permission on monitoring
2026-02-25 18:31:52,768 - geo_infer_sec.core.authorization - INFO - User ops-user granted read permission on monitoring
2026-02-25 18:31:52,768 - geo_infer_sec.core.authorization - INFO - User ops-user granted read permission on monitoring
2026-02-25 18:31:53,363 - geo_infer_sim.core.simulation_engine - INFO - Initializing simulation
2026-02-25 18:31:53,363 - geo_infer_sim.core.simulation_engine - INFO - Initializing simulation
2026-02-25 18:31:53,363 - geo_infer_sim.core.simulation_engine - INFO - Initializing simulation
2026-02-25 18:31:53,363 - geo_infer_sim.core.simulation_engine - INFO - Simulation initialized
2026-02-25 18:31:53,363 - geo_infer_sim.core.simulation_engine - INFO - Simulation initialized
2026-02-25 18:31:53,363 - geo_infer_sim.core.simulation_engine - INFO - Simulation initialized
2026-02-25 18:31:53,364 - geo_infer_sim.core.simulation_engine - INFO - Initializing simulation
2026-02-25 18:31:53,364 - geo_infer_sim.core.simulation_engine - INFO - Initializing simulation
2026-02-25 18:31:53,364 - geo_infer_sim.core.simulation_engine - INFO - Initializing simulation
2026-02-25 18:31:53,364 - geo_infer_sim.core.simulation_engine - INFO - Simulation initialized
2026-02-25 18:31:53,364 - geo_infer_sim.core.simulation_engine - INFO - Simulation initialized
2026-02-25 18:31:53,364 - geo_infer_sim.core.simulation_engine - INFO - Simulation initialized
2026-02-25 18:31:53,364 - geo_infer_sim.core.simulation_engine - INFO - Initializing simulation
2026-02-25 18:31:53,364 - geo_infer_sim.core.simulation_engine - INFO - Initializing simulation
2026-02-25 18:31:53,364 - geo_infer_sim.core.simulation_engine - INFO - Initializing simulation
2026-02-25 18:31:53,365 - geo_infer_sim.core.simulation_engine - INFO - Simulation initialized
2026-02-25 18:31:53,365 - geo_infer_sim.core.simulation_engine - INFO - Simulation initialized
2026-02-25 18:31:53,365 - geo_infer_sim.core.simulation_engine - INFO - Simulation initialized
2026-02-25 18:31:53,365 - geo_infer_sim.core.simulation_engine - INFO - Starting simulation (max_time=10.0)
2026-02-25 18:31:53,365 - geo_infer_sim.core.simulation_engine - INFO - Starting simulation (max_time=10.0)
2026-02-25 18:31:53,365 - geo_infer_sim.core.simulation_engine - INFO - Starting simulation (max_time=10.0)
2026-02-25 18:31:53,365 - geo_infer_sim.core.simulation_engine - INFO - Simulation completed in 0.00s (final_time=10.0)
2026-02-25 18:31:53,365 - geo_infer_sim.core.simulation_engine - INFO - Simulation completed in 0.00s (final_time=10.0)
2026-02-25 18:31:53,365 - geo_infer_sim.core.simulation_engine - INFO - Simulation completed in 0.00s (final_time=10.0)
2026-02-25 18:31:53,366 - geo_infer_sim.core.simulation_engine - INFO - Initializing simulation
2026-02-25 18:31:53,366 - geo_infer_sim.core.simulation_engine - INFO - Initializing simulation
2026-02-25 18:31:53,366 - geo_infer_sim.core.simulation_engine - INFO - Initializing simulation
2026-02-25 18:31:53,366 - geo_infer_sim.core.simulation_engine - INFO - Simulation initialized
2026-02-25 18:31:53,366 - geo_infer_sim.core.simulation_engine - INFO - Simulation initialized
2026-02-25 18:31:53,366 - geo_infer_sim.core.simulation_engine - INFO - Simulation initialized
2026-02-25 18:31:53,366 - geo_infer_sim.core.simulation_engine - INFO - Simulation paused
2026-02-25 18:31:53,366 - geo_infer_sim.core.simulation_engine - INFO - Simulation paused
2026-02-25 18:31:53,366 - geo_infer_sim.core.simulation_engine - INFO - Simulation paused
2026-02-25 18:31:53,366 - geo_infer_sim.core.simulation_engine - INFO - Simulation resumed
2026-02-25 18:31:53,366 - geo_infer_sim.core.simulation_engine - INFO - Simulation resumed
2026-02-25 18:31:53,366 - geo_infer_sim.core.simulation_engine - INFO - Simulation resumed
2026-02-25 18:31:53,366 - geo_infer_sim.core.simulation_engine - INFO - Simulation cancelled
2026-02-25 18:31:53,366 - geo_infer_sim.core.simulation_engine - INFO - Simulation cancelled
2026-02-25 18:31:53,366 - geo_infer_sim.core.simulation_engine - INFO - Simulation cancelled
2026-02-25 18:31:53,368 - geo_infer_sim.core.simulation_engine - INFO - Initializing simulation
2026-02-25 18:31:53,368 - geo_infer_sim.core.simulation_engine - INFO - Initializing simulation
2026-02-25 18:31:53,368 - geo_infer_sim.core.simulation_engine - INFO - Initializing simulation
2026-02-25 18:31:53,368 - geo_infer_sim.core.simulation_engine - INFO - Simulation initialized
2026-02-25 18:31:53,368 - geo_infer_sim.core.simulation_engine - INFO - Simulation initialized
2026-02-25 18:31:53,368 - geo_infer_sim.core.simulation_engine - INFO - Simulation initialized
2026-02-25 18:31:53,368 - geo_infer_sim.core.simulation_engine - INFO - Starting simulation (max_time=5.0)
2026-02-25 18:31:53,368 - geo_infer_sim.core.simulation_engine - INFO - Starting simulation (max_time=5.0)
2026-02-25 18:31:53,368 - geo_infer_sim.core.simulation_engine - INFO - Starting simulation (max_time=5.0)
2026-02-25 18:31:53,368 - geo_infer_sim.core.simulation_engine - INFO - Simulation completed in 0.00s (final_time=5.0)
2026-02-25 18:31:53,368 - geo_infer_sim.core.simulation_engine - INFO - Simulation completed in 0.00s (final_time=5.0)
2026-02-25 18:31:53,368 - geo_infer_sim.core.simulation_engine - INFO - Simulation completed in 0.00s (final_time=5.0)
2026-02-25 18:31:53,369 - geo_infer_sim.core.simulation_engine - INFO - Checkpoint saved to /var/folders/vc/rgmbpjpj0dbg61vr54xjskc80000gn/T/tmp6ugqo58b.json
2026-02-25 18:31:53,369 - geo_infer_sim.core.simulation_engine - INFO - Checkpoint saved to /var/folders/vc/rgmbpjpj0dbg61vr54xjskc80000gn/T/tmp6ugqo58b.json
2026-02-25 18:31:53,369 - geo_infer_sim.core.simulation_engine - INFO - Checkpoint saved to /var/folders/vc/rgmbpjpj0dbg61vr54xjskc80000gn/T/tmp6ugqo58b.json
2026-02-25 18:31:53,369 - geo_infer_sim.core.simulation_engine - INFO - Initializing simulation
2026-02-25 18:31:53,369 - geo_infer_sim.core.simulation_engine - INFO - Initializing simulation
2026-02-25 18:31:53,369 - geo_infer_sim.core.simulation_engine - INFO - Initializing simulation
2026-02-25 18:31:53,369 - geo_infer_sim.core.simulation_engine - INFO - Simulation initialized
2026-02-25 18:31:53,369 - geo_infer_sim.core.simulation_engine - INFO - Simulation initialized
2026-02-25 18:31:53,369 - geo_infer_sim.core.simulation_engine - INFO - Simulation initialized
2026-02-25 18:31:53,369 - geo_infer_sim.core.simulation_engine - INFO - Starting simulation (max_time=5.0)
2026-02-25 18:31:53,369 - geo_infer_sim.core.simulation_engine - INFO - Starting simulation (max_time=5.0)
2026-02-25 18:31:53,369 - geo_infer_sim.core.simulation_engine - INFO - Starting simulation (max_time=5.0)
2026-02-25 18:31:53,369 - geo_infer_sim.core.simulation_engine - INFO - Simulation completed in 0.00s (final_time=5.0)
2026-02-25 18:31:53,369 - geo_infer_sim.core.simulation_engine - INFO - Simulation completed in 0.00s (final_time=5.0)
2026-02-25 18:31:53,369 - geo_infer_sim.core.simulation_engine - INFO - Simulation completed in 0.00s (final_time=5.0)
2026-02-25 18:31:53,372 - geo_infer_sim.core.simulation_engine - INFO - Checkpoint saved to /var/folders/vc/rgmbpjpj0dbg61vr54xjskc80000gn/T/tmp53ph0qns.json
2026-02-25 18:31:53,372 - geo_infer_sim.core.simulation_engine - INFO - Checkpoint saved to /var/folders/vc/rgmbpjpj0dbg61vr54xjskc80000gn/T/tmp53ph0qns.json
2026-02-25 18:31:53,372 - geo_infer_sim.core.simulation_engine - INFO - Checkpoint saved to /var/folders/vc/rgmbpjpj0dbg61vr54xjskc80000gn/T/tmp53ph0qns.json
2026-02-25 18:31:53,373 - geo_infer_sim.core.simulation_engine - INFO - Checkpoint loaded from /var/folders/vc/rgmbpjpj0dbg61vr54xjskc80000gn/T/tmp53ph0qns.json
2026-02-25 18:31:53,373 - geo_infer_sim.core.simulation_engine - INFO - Checkpoint loaded from /var/folders/vc/rgmbpjpj0dbg61vr54xjskc80000gn/T/tmp53ph0qns.json
2026-02-25 18:31:53,373 - geo_infer_sim.core.simulation_engine - INFO - Checkpoint loaded from /var/folders/vc/rgmbpjpj0dbg61vr54xjskc80000gn/T/tmp53ph0qns.json
2026-02-25 18:31:53,373 - geo_infer_sim.core.simulation_engine - INFO - Initializing simulation
2026-02-25 18:31:53,373 - geo_infer_sim.core.simulation_engine - INFO - Initializing simulation
2026-02-25 18:31:53,373 - geo_infer_sim.core.simulation_engine - INFO - Initializing simulation
2026-02-25 18:31:53,373 - geo_infer_sim.core.simulation_engine - INFO - Simulation initialized
2026-02-25 18:31:53,373 - geo_infer_sim.core.simulation_engine - INFO - Simulation initialized
2026-02-25 18:31:53,373 - geo_infer_sim.core.simulation_engine - INFO - Simulation initialized
2026-02-25 18:31:53,373 - geo_infer_sim.core.simulation_engine - INFO - Starting simulation (max_time=5.0)
2026-02-25 18:31:53,373 - geo_infer_sim.core.simulation_engine - INFO - Starting simulation (max_time=5.0)
2026-02-25 18:31:53,373 - geo_infer_sim.core.simulation_engine - INFO - Starting simulation (max_time=5.0)
2026-02-25 18:31:53,374 - geo_infer_sim.core.simulation_engine - INFO - Simulation completed in 0.00s (final_time=5.0)
2026-02-25 18:31:53,374 - geo_infer_sim.core.simulation_engine - INFO - Simulation completed in 0.00s (final_time=5.0)
2026-02-25 18:31:53,374 - geo_infer_sim.core.simulation_engine - INFO - Simulation completed in 0.00s (final_time=5.0)
2026-02-25 18:31:53,374 - geo_infer_sim.core.simulation_engine - INFO - Initializing simulation
2026-02-25 18:31:53,374 - geo_infer_sim.core.simulation_engine - INFO - Initializing simulation
2026-02-25 18:31:53,374 - geo_infer_sim.core.simulation_engine - INFO - Initializing simulation
2026-02-25 18:31:53,374 - geo_infer_sim.core.simulation_engine - INFO - Simulation initialized
2026-02-25 18:31:53,374 - geo_infer_sim.core.simulation_engine - INFO - Simulation initialized
2026-02-25 18:31:53,374 - geo_infer_sim.core.simulation_engine - INFO - Simulation initialized
2026-02-25 18:31:53,375 - geo_infer_sim.core.simulation_engine - INFO - Starting simulation (max_time=5.0)
2026-02-25 18:31:53,375 - geo_infer_sim.core.simulation_engine - INFO - Starting simulation (max_time=5.0)
2026-02-25 18:31:53,375 - geo_infer_sim.core.simulation_engine - INFO - Starting simulation (max_time=5.0)
2026-02-25 18:31:53,375 - geo_infer_sim.core.simulation_engine - INFO - Simulation completed in 0.00s (final_time=5.0)
2026-02-25 18:31:53,375 - geo_infer_sim.core.simulation_engine - INFO - Simulation completed in 0.00s (final_time=5.0)
2026-02-25 18:31:53,375 - geo_infer_sim.core.simulation_engine - INFO - Simulation completed in 0.00s (final_time=5.0)
2026-02-25 18:31:53,375 - geo_infer_sim.core.simulation_engine - INFO - Initializing simulation
2026-02-25 18:31:53,375 - geo_infer_sim.core.simulation_engine - INFO - Initializing simulation
2026-02-25 18:31:53,375 - geo_infer_sim.core.simulation_engine - INFO - Initializing simulation
2026-02-25 18:31:53,375 - geo_infer_sim.core.simulation_engine - INFO - Simulation initialized
2026-02-25 18:31:53,375 - geo_infer_sim.core.simulation_engine - INFO - Simulation initialized
2026-02-25 18:31:53,375 - geo_infer_sim.core.simulation_engine - INFO - Simulation initialized
2026-02-25 18:31:53,375 - geo_infer_sim.core.simulation_engine - INFO - Starting simulation (max_time=5.0)
2026-02-25 18:31:53,375 - geo_infer_sim.core.simulation_engine - INFO - Starting simulation (max_time=5.0)
2026-02-25 18:31:53,375 - geo_infer_sim.core.simulation_engine - INFO - Starting simulation (max_time=5.0)
2026-02-25 18:31:53,375 - geo_infer_sim.core.simulation_engine - INFO - Simulation completed in 0.00s (final_time=5.0)
2026-02-25 18:31:53,375 - geo_infer_sim.core.simulation_engine - INFO - Simulation completed in 0.00s (final_time=5.0)
2026-02-25 18:31:53,375 - geo_infer_sim.core.simulation_engine - INFO - Simulation completed in 0.00s (final_time=5.0)
2026-02-25 18:31:53,380 - geo_infer_sim.core.simulation_engine - INFO - Initializing simulation
2026-02-25 18:31:53,380 - geo_infer_sim.core.simulation_engine - INFO - Initializing simulation
2026-02-25 18:31:53,380 - geo_infer_sim.core.simulation_engine - INFO - Initializing simulation
2026-02-25 18:31:53,380 - geo_infer_sim.core.simulation_engine - INFO - Simulation initialized
2026-02-25 18:31:53,380 - geo_infer_sim.core.simulation_engine - INFO - Simulation initialized
2026-02-25 18:31:53,380 - geo_infer_sim.core.simulation_engine - INFO - Simulation initialized
2026-02-25 18:31:53,380 - geo_infer_sim.core.simulation_engine - INFO - Initializing simulation
2026-02-25 18:31:53,380 - geo_infer_sim.core.simulation_engine - INFO - Initializing simulation
2026-02-25 18:31:53,380 - geo_infer_sim.core.simulation_engine - INFO - Initializing simulation
2026-02-25 18:31:53,380 - geo_infer_sim.core.simulation_engine - INFO - Simulation initialized
2026-02-25 18:31:53,380 - geo_infer_sim.core.simulation_engine - INFO - Simulation initialized
2026-02-25 18:31:53,380 - geo_infer_sim.core.simulation_engine - INFO - Simulation initialized
2026-02-25 18:31:53,381 - geo_infer_sim.core.simulation_engine - INFO - Initializing simulation
2026-02-25 18:31:53,381 - geo_infer_sim.core.simulation_engine - INFO - Initializing simulation
2026-02-25 18:31:53,381 - geo_infer_sim.core.simulation_engine - INFO - Initializing simulation
2026-02-25 18:31:53,381 - geo_infer_sim.core.simulation_engine - INFO - Simulation initialized
2026-02-25 18:31:53,381 - geo_infer_sim.core.simulation_engine - INFO - Simulation initialized
2026-02-25 18:31:53,381 - geo_infer_sim.core.simulation_engine - INFO - Simulation initialized
2026-02-25 18:31:53,381 - geo_infer_sim.core.simulation_engine - INFO - Starting simulation (max_time=10.0)
2026-02-25 18:31:53,381 - geo_infer_sim.core.simulation_engine - INFO - Starting simulation (max_time=10.0)
2026-02-25 18:31:53,381 - geo_infer_sim.core.simulation_engine - INFO - Starting simulation (max_time=10.0)
2026-02-25 18:31:53,381 - geo_infer_sim.core.simulation_engine - INFO - Simulation completed in 0.00s (final_time=10.0)
2026-02-25 18:31:53,381 - geo_infer_sim.core.simulation_engine - INFO - Simulation completed in 0.00s (final_time=10.0)
2026-02-25 18:31:53,381 - geo_infer_sim.core.simulation_engine - INFO - Simulation completed in 0.00s (final_time=10.0)
2026-02-25 18:31:53,382 - geo_infer_sim.core.simulation_engine - INFO - Initializing simulation
2026-02-25 18:31:53,382 - geo_infer_sim.core.simulation_engine - INFO - Initializing simulation
2026-02-25 18:31:53,382 - geo_infer_sim.core.simulation_engine - INFO - Initializing simulation
2026-02-25 18:31:53,382 - geo_infer_sim.core.simulation_engine - INFO - Simulation initialized
2026-02-25 18:31:53,382 - geo_infer_sim.core.simulation_engine - INFO - Simulation initialized
2026-02-25 18:31:53,382 - geo_infer_sim.core.simulation_engine - INFO - Simulation initialized
2026-02-25 18:31:53,382 - geo_infer_sim.core.simulation_engine - INFO - Simulation paused
2026-02-25 18:31:53,382 - geo_infer_sim.core.simulation_engine - INFO - Simulation paused
2026-02-25 18:31:53,382 - geo_infer_sim.core.simulation_engine - INFO - Simulation paused
2026-02-25 18:31:53,382 - geo_infer_sim.core.simulation_engine - INFO - Simulation resumed
2026-02-25 18:31:53,382 - geo_infer_sim.core.simulation_engine - INFO - Simulation resumed
2026-02-25 18:31:53,382 - geo_infer_sim.core.simulation_engine - INFO - Simulation resumed
2026-02-25 18:31:53,482 - geo_infer_space.analytics.vector - INFO - Intersection completed: 3 features
2026-02-25 18:31:53,482 - geo_infer_space.analytics.vector - INFO - Intersection completed: 3 features
2026-02-25 18:31:53,482 - geo_infer_space.analytics.vector - INFO - Intersection completed: 3 features
2026-02-25 18:31:53,485 - geo_infer_space.analytics.vector - INFO - Overlay intersection completed: 0 features
2026-02-25 18:31:53,485 - geo_infer_space.analytics.vector - INFO - Overlay intersection completed: 0 features
2026-02-25 18:31:53,485 - geo_infer_space.analytics.vector - INFO - Overlay intersection completed: 0 features
2026-02-25 18:31:53,491 - geo_infer_space.analytics.vector - INFO - Overlay union completed: 2 features
2026-02-25 18:31:53,491 - geo_infer_space.analytics.vector - INFO - Overlay union completed: 2 features
2026-02-25 18:31:53,491 - geo_infer_space.analytics.vector - INFO - Overlay union completed: 2 features
2026-02-25 18:31:53,496 - geo_infer_space.analytics.vector - INFO - Proximity analysis completed: 3 features
2026-02-25 18:31:53,496 - geo_infer_space.analytics.vector - INFO - Proximity analysis completed: 3 features
2026-02-25 18:31:53,496 - geo_infer_space.analytics.vector - INFO - Proximity analysis completed: 3 features
2026-02-25 18:31:53,498 - geo_infer_space.analytics.vector - INFO - Spatial join completed: 1 features
2026-02-25 18:31:53,498 - geo_infer_space.analytics.vector - INFO - Spatial join completed: 1 features
2026-02-25 18:31:53,498 - geo_infer_space.analytics.vector - INFO - Spatial join completed: 1 features
2026-02-25 18:31:53,503 - geo_infer_space.analytics.vector - INFO - Geometric calculations completed
2026-02-25 18:31:53,503 - geo_infer_space.analytics.vector - INFO - Geometric calculations completed
2026-02-25 18:31:53,503 - geo_infer_space.analytics.vector - INFO - Geometric calculations completed
2026-02-25 18:31:53,505 - geo_infer_space.analytics.vector - INFO - Topology operation 'buffer' completed
2026-02-25 18:31:53,505 - geo_infer_space.analytics.vector - INFO - Topology operation 'buffer' completed
2026-02-25 18:31:53,505 - geo_infer_space.analytics.vector - INFO - Topology operation 'buffer' completed
2026-02-25 18:31:53,505 - geo_infer_space.analytics.vector - INFO - Topology operation 'simplify' completed
2026-02-25 18:31:53,505 - geo_infer_space.analytics.vector - INFO - Topology operation 'simplify' completed
2026-02-25 18:31:53,505 - geo_infer_space.analytics.vector - INFO - Topology operation 'simplify' completed
2026-02-25 18:31:53,505 - geo_infer_space.analytics.vector - INFO - Topology operation 'convex_hull' completed
2026-02-25 18:31:53,505 - geo_infer_space.analytics.vector - INFO - Topology operation 'convex_hull' completed
2026-02-25 18:31:53,505 - geo_infer_space.analytics.vector - INFO - Topology operation 'convex_hull' completed
2026-02-25 18:31:53,508 - geo_infer_space.analytics.geostatistics - INFO - Spatial interpolation (idw) completed: 121 grid points
2026-02-25 18:31:53,508 - geo_infer_space.analytics.geostatistics - INFO - Spatial interpolation (idw) completed: 121 grid points
2026-02-25 18:31:53,508 - geo_infer_space.analytics.geostatistics - INFO - Spatial interpolation (idw) completed: 121 grid points
2026-02-25 18:31:53,511 - geo_infer_space.analytics.geostatistics - INFO - Clustering analysis (dbscan) completed: 5 clusters
2026-02-25 18:31:53,511 - geo_infer_space.analytics.geostatistics - INFO - Clustering analysis (dbscan) completed: 5 clusters
2026-02-25 18:31:53,511 - geo_infer_space.analytics.geostatistics - INFO - Clustering analysis (dbscan) completed: 5 clusters
2026-02-25 18:31:53,595 - geo_infer_space.analytics.geostatistics - INFO - Clustering analysis (kmeans) completed: 3 clusters
2026-02-25 18:31:53,595 - geo_infer_space.analytics.geostatistics - INFO - Clustering analysis (kmeans) completed: 3 clusters
2026-02-25 18:31:53,595 - geo_infer_space.analytics.geostatistics - INFO - Clustering analysis (kmeans) completed: 3 clusters
2026-02-25 18:31:53,598 - geo_infer_space.analytics.geostatistics - INFO - Hotspot detection (getis_ord) completed
2026-02-25 18:31:53,598 - geo_infer_space.analytics.geostatistics - INFO - Hotspot detection (getis_ord) completed
2026-02-25 18:31:53,598 - geo_infer_space.analytics.geostatistics - INFO - Hotspot detection (getis_ord) completed
2026-02-25 18:31:53,704 - geo_infer_space.analytics.geostatistics - INFO - Variogram analysis completed: 10 lags
2026-02-25 18:31:53,704 - geo_infer_space.analytics.geostatistics - INFO - Variogram analysis completed: 10 lags
2026-02-25 18:31:53,704 - geo_infer_space.analytics.geostatistics - INFO - Variogram analysis completed: 10 lags
2026-02-25 18:31:53,709 - geo_infer_space.analytics.network - INFO - Service area calculated with 5 reachable points
2026-02-25 18:31:53,709 - geo_infer_space.analytics.network - INFO - Service area calculated with 5 reachable points
2026-02-25 18:31:53,709 - geo_infer_space.analytics.network - INFO - Service area calculated with 5 reachable points
2026-02-25 18:31:53,711 - geo_infer_space.analytics.network - INFO - Routing analysis completed: 4 O-D pairs
2026-02-25 18:31:53,711 - geo_infer_space.analytics.network - INFO - Routing analysis completed: 4 O-D pairs
2026-02-25 18:31:53,711 - geo_infer_space.analytics.network - INFO - Routing analysis completed: 4 O-D pairs
2026-02-25 18:31:53,712 - geo_infer_space.analytics.network - INFO - Accessibility analysis completed for 1 origins
2026-02-25 18:31:53,712 - geo_infer_space.analytics.network - INFO - Accessibility analysis completed for 1 origins
2026-02-25 18:31:53,712 - geo_infer_space.analytics.network - INFO - Accessibility analysis completed for 1 origins
2026-02-25 18:31:53,716 - geo_infer_space.analytics.geostatistics - INFO - Clustering analysis (dbscan) completed: 12 clusters
2026-02-25 18:31:53,716 - geo_infer_space.analytics.geostatistics - INFO - Clustering analysis (dbscan) completed: 12 clusters
2026-02-25 18:31:53,716 - geo_infer_space.analytics.geostatistics - INFO - Clustering analysis (dbscan) completed: 12 clusters
2026-02-25 18:31:53,723 - geo_infer_space.analytics.vector - INFO - Geometric calculations completed
2026-02-25 18:31:53,723 - geo_infer_space.analytics.vector - INFO - Geometric calculations completed
2026-02-25 18:31:53,723 - geo_infer_space.analytics.vector - INFO - Geometric calculations completed
2026-02-25 18:31:53,725 - geo_infer_space.analytics.geostatistics - INFO - Hotspot detection (getis_ord) completed
2026-02-25 18:31:53,725 - geo_infer_space.analytics.geostatistics - INFO - Hotspot detection (getis_ord) completed
2026-02-25 18:31:53,725 - geo_infer_space.analytics.geostatistics - INFO - Hotspot detection (getis_ord) completed
2026-02-25 18:31:53,727 - geo_infer_space.analytics.vector - WARNING - Reprojected gdf2 to match gdf1 CRS
2026-02-25 18:31:53,727 - geo_infer_space.analytics.vector - WARNING - Reprojected gdf2 to match gdf1 CRS
2026-02-25 18:31:53,727 - geo_infer_space.analytics.vector - WARNING - Reprojected gdf2 to match gdf1 CRS
2026-02-25 18:31:53,729 - geo_infer_space.analytics.vector - INFO - Overlay intersection completed: 1 features
2026-02-25 18:31:53,729 - geo_infer_space.analytics.vector - INFO - Overlay intersection completed: 1 features
2026-02-25 18:31:53,729 - geo_infer_space.analytics.vector - INFO - Overlay intersection completed: 1 features
2026-02-25 18:31:53,731 - geo_infer_space.backends.h3.h3_backend - INFO - H3 library v4.3.0 loaded successfully
2026-02-25 18:31:53,731 - geo_infer_space.backends.h3.h3_backend - INFO - H3 library v4.3.0 loaded successfully
2026-02-25 18:31:53,731 - geo_infer_space.backends.h3.h3_backend - INFO - H3 library v4.3.0 loaded successfully
2026-02-25 18:31:53,731 - geo_infer_space.backends.h3.h3_backend - INFO - H3 library v4.3.0 loaded successfully
2026-02-25 18:31:53,731 - geo_infer_space.backends.h3.h3_backend - INFO - H3 library v4.3.0 loaded successfully
2026-02-25 18:31:53,731 - geo_infer_space.backends.h3.h3_backend - INFO - H3 library v4.3.0 loaded successfully
2026-02-25 18:31:53,732 - geo_infer_space.backends.h3.h3_backend - INFO - H3 library v4.3.0 loaded successfully
2026-02-25 18:31:53,732 - geo_infer_space.backends.h3.h3_backend - INFO - H3 library v4.3.0 loaded successfully
2026-02-25 18:31:53,732 - geo_infer_space.backends.h3.h3_backend - INFO - H3 library v4.3.0 loaded successfully
2026-02-25 18:31:53,732 - geo_infer_space.backends.h3.h3_backend - INFO - H3 library v4.3.0 loaded successfully
2026-02-25 18:31:53,732 - geo_infer_space.backends.h3.h3_backend - INFO - H3 library v4.3.0 loaded successfully
2026-02-25 18:31:53,732 - geo_infer_space.backends.h3.h3_backend - INFO - H3 library v4.3.0 loaded successfully
2026-02-25 18:31:53,733 - geo_infer_space.backends.h3.h3_backend - INFO - H3 library v4.3.0 loaded successfully
2026-02-25 18:31:53,733 - geo_infer_space.backends.h3.h3_backend - INFO - H3 library v4.3.0 loaded successfully
2026-02-25 18:31:53,733 - geo_infer_space.backends.h3.h3_backend - INFO - H3 library v4.3.0 loaded successfully
2026-02-25 18:31:53,734 - geo_infer_space.backends.h3.h3_backend - INFO - H3 library v4.3.0 loaded successfully
2026-02-25 18:31:53,734 - geo_infer_space.backends.h3.h3_backend - INFO - H3 library v4.3.0 loaded successfully
2026-02-25 18:31:53,734 - geo_infer_space.backends.h3.h3_backend - INFO - H3 library v4.3.0 loaded successfully
2026-02-25 18:31:53,734 - geo_infer_space.backends.h3.h3_backend - INFO - H3 library v4.3.0 loaded successfully
2026-02-25 18:31:53,734 - geo_infer_space.backends.h3.h3_backend - INFO - H3 library v4.3.0 loaded successfully
2026-02-25 18:31:53,734 - geo_infer_space.backends.h3.h3_backend - INFO - H3 library v4.3.0 loaded successfully
2026-02-25 18:31:53,735 - geo_infer_space.backends.h3.h3_backend - INFO - H3 library v4.3.0 loaded successfully
2026-02-25 18:31:53,735 - geo_infer_space.backends.h3.h3_backend - INFO - H3 library v4.3.0 loaded successfully
2026-02-25 18:31:53,735 - geo_infer_space.backends.h3.h3_backend - INFO - H3 library v4.3.0 loaded successfully
2026-02-25 18:31:53,735 - geo_infer_space.backends.h3.h3_backend - INFO - H3 library v4.3.0 loaded successfully
2026-02-25 18:31:53,735 - geo_infer_space.backends.h3.h3_backend - INFO - H3 library v4.3.0 loaded successfully
2026-02-25 18:31:53,735 - geo_infer_space.backends.h3.h3_backend - INFO - H3 library v4.3.0 loaded successfully
2026-02-25 18:31:53,736 - geo_infer_space.backends.h3.h3_backend - INFO - H3 library v4.3.0 loaded successfully
2026-02-25 18:31:53,736 - geo_infer_space.backends.h3.h3_backend - INFO - H3 library v4.3.0 loaded successfully
2026-02-25 18:31:53,736 - geo_infer_space.backends.h3.h3_backend - INFO - H3 library v4.3.0 loaded successfully
2026-02-25 18:31:53,736 - geo_infer_space.backends.h3.h3_backend - INFO - H3 library v4.3.0 loaded successfully
2026-02-25 18:31:53,736 - geo_infer_space.backends.h3.h3_backend - INFO - H3 library v4.3.0 loaded successfully
2026-02-25 18:31:53,736 - geo_infer_space.backends.h3.h3_backend - INFO - H3 library v4.3.0 loaded successfully
2026-02-25 18:31:53,736 - geo_infer_space.backends.h3.h3_backend - INFO - H3 library v4.3.0 loaded successfully
2026-02-25 18:31:53,736 - geo_infer_space.backends.h3.h3_backend - INFO - H3 library v4.3.0 loaded successfully
2026-02-25 18:31:53,736 - geo_infer_space.backends.h3.h3_backend - INFO - H3 library v4.3.0 loaded successfully
2026-02-25 18:31:53,737 - geo_infer_space.backends.h3.h3_backend - INFO - H3 library v4.3.0 loaded successfully
2026-02-25 18:31:53,737 - geo_infer_space.backends.h3.h3_backend - INFO - H3 library v4.3.0 loaded successfully
2026-02-25 18:31:53,737 - geo_infer_space.backends.h3.h3_backend - INFO - H3 library v4.3.0 loaded successfully
2026-02-25 18:31:53,737 - geo_infer_space.backends.h3.h3_backend - INFO - H3 library v4.3.0 loaded successfully
2026-02-25 18:31:53,737 - geo_infer_space.backends.h3.h3_backend - INFO - H3 library v4.3.0 loaded successfully
2026-02-25 18:31:53,737 - geo_infer_space.backends.h3.h3_backend - INFO - H3 library v4.3.0 loaded successfully
2026-02-25 18:31:53,738 - geo_infer_space.backends.h3.h3_backend - INFO - Converting 4 cells to MultiPolygon
2026-02-25 18:31:53,738 - geo_infer_space.backends.h3.h3_backend - INFO - Converting 4 cells to MultiPolygon
2026-02-25 18:31:53,738 - geo_infer_space.backends.h3.h3_backend - INFO - Converting 4 cells to MultiPolygon
2026-02-25 18:31:53,738 - geo_infer_space.backends.h3.h3_backend - INFO - Created MultiPolygon with 4 polygons
2026-02-25 18:31:53,738 - geo_infer_space.backends.h3.h3_backend - INFO - Created MultiPolygon with 4 polygons
2026-02-25 18:31:53,738 - geo_infer_space.backends.h3.h3_backend - INFO - Created MultiPolygon with 4 polygons
2026-02-25 18:31:53,738 - geo_infer_space.backends.h3.h3_backend - INFO - H3 library v4.3.0 loaded successfully
2026-02-25 18:31:53,738 - geo_infer_space.backends.h3.h3_backend - INFO - H3 library v4.3.0 loaded successfully
2026-02-25 18:31:53,738 - geo_infer_space.backends.h3.h3_backend - INFO - H3 library v4.3.0 loaded successfully
2026-02-25 18:31:53,738 - geo_infer_space.backends.h3.h3_backend - INFO - Converting 0 cells to MultiPolygon
2026-02-25 18:31:53,738 - geo_infer_space.backends.h3.h3_backend - INFO - Converting 0 cells to MultiPolygon
2026-02-25 18:31:53,738 - geo_infer_space.backends.h3.h3_backend - INFO - Converting 0 cells to MultiPolygon
2026-02-25 18:31:53,739 - geo_infer_space.backends.h3.h3_backend - INFO - H3 library v4.3.0 loaded successfully
2026-02-25 18:31:53,739 - geo_infer_space.backends.h3.h3_backend - INFO - H3 library v4.3.0 loaded successfully
2026-02-25 18:31:53,739 - geo_infer_space.backends.h3.h3_backend - INFO - H3 library v4.3.0 loaded successfully
2026-02-25 18:31:53,739 - geo_infer_space.backends.h3.h3_backend - INFO - Analyzing hotspots for 91 cells
2026-02-25 18:31:53,739 - geo_infer_space.backends.h3.h3_backend - INFO - Analyzing hotspots for 91 cells
2026-02-25 18:31:53,739 - geo_infer_space.backends.h3.h3_backend - INFO - Analyzing hotspots for 91 cells
2026-02-25 18:31:53,739 - geo_infer_space.backends.h3.h3_backend - INFO - Found 45 hotspots (threshold: 22.94259262936994)
2026-02-25 18:31:53,739 - geo_infer_space.backends.h3.h3_backend - INFO - Found 45 hotspots (threshold: 22.94259262936994)
2026-02-25 18:31:53,739 - geo_infer_space.backends.h3.h3_backend - INFO - Found 45 hotspots (threshold: 22.94259262936994)
2026-02-25 18:31:53,739 - geo_infer_space.backends.h3.h3_backend - INFO - H3 library v4.3.0 loaded successfully
2026-02-25 18:31:53,739 - geo_infer_space.backends.h3.h3_backend - INFO - H3 library v4.3.0 loaded successfully
2026-02-25 18:31:53,739 - geo_infer_space.backends.h3.h3_backend - INFO - H3 library v4.3.0 loaded successfully
2026-02-25 18:31:53,740 - geo_infer_space.backends.h3.h3_backend - INFO - Computing proximity for 4 points
2026-02-25 18:31:53,740 - geo_infer_space.backends.h3.h3_backend - INFO - Computing proximity for 4 points
2026-02-25 18:31:53,740 - geo_infer_space.backends.h3.h3_backend - INFO - Computing proximity for 4 points
2026-02-25 18:31:53,740 - geo_infer_space.backends.h3.h3_backend - INFO - Analyzed 6 proximity pairs
2026-02-25 18:31:53,740 - geo_infer_space.backends.h3.h3_backend - INFO - Analyzed 6 proximity pairs
2026-02-25 18:31:53,740 - geo_infer_space.backends.h3.h3_backend - INFO - Analyzed 6 proximity pairs
2026-02-25 18:31:53,740 - geo_infer_space.backends.srai.srai_backend - WARNING - SRAI backend initialized but library is not available
2026-02-25 18:31:53,740 - geo_infer_space.backends.srai.srai_backend - WARNING - SRAI backend initialized but library is not available
2026-02-25 18:31:53,740 - geo_infer_space.backends.srai.srai_backend - WARNING - SRAI backend initialized but library is not available
2026-02-25 18:31:53,741 - geo_infer_space.backends.srai.srai_backend - WARNING - SRAI backend initialized but library is not available
2026-02-25 18:31:53,741 - geo_infer_space.backends.srai.srai_backend - WARNING - SRAI backend initialized but library is not available
2026-02-25 18:31:53,741 - geo_infer_space.backends.srai.srai_backend - WARNING - SRAI backend initialized but library is not available
2026-02-25 18:31:53,743 - geo_infer_space.backends.h3.h3_backend - INFO - H3 library v4.3.0 loaded successfully
2026-02-25 18:31:53,743 - geo_infer_space.backends.h3.h3_backend - INFO - H3 library v4.3.0 loaded successfully
2026-02-25 18:31:53,743 - geo_infer_space.backends.h3.h3_backend - INFO - H3 library v4.3.0 loaded successfully
2026-02-25 18:31:53,743 - geo_infer_space.backends.h3.h3_backend - INFO - H3 library v4.3.0 loaded successfully
2026-02-25 18:31:53,743 - geo_infer_space.backends.h3.h3_backend - INFO - H3 library v4.3.0 loaded successfully
2026-02-25 18:31:53,743 - geo_infer_space.backends.h3.h3_backend - INFO - H3 library v4.3.0 loaded successfully
2026-02-25 18:31:53,744 - geo_infer_space.backends.h3.h3_backend - INFO - H3 library v4.3.0 loaded successfully
2026-02-25 18:31:53,744 - geo_infer_space.backends.h3.h3_backend - INFO - H3 library v4.3.0 loaded successfully
2026-02-25 18:31:53,744 - geo_infer_space.backends.h3.h3_backend - INFO - H3 library v4.3.0 loaded successfully
2026-02-25 18:31:53,745 - geo_infer_space.backends.h3.h3_backend - INFO - H3 library v4.3.0 loaded successfully
2026-02-25 18:31:53,745 - geo_infer_space.backends.h3.h3_backend - INFO - H3 library v4.3.0 loaded successfully
2026-02-25 18:31:53,745 - geo_infer_space.backends.h3.h3_backend - INFO - H3 library v4.3.0 loaded successfully
2026-02-25 18:31:53,745 - geo_infer_space.backends.srai.srai_backend - WARNING - SRAI backend initialized but library is not available
2026-02-25 18:31:53,745 - geo_infer_space.backends.srai.srai_backend - WARNING - SRAI backend initialized but library is not available
2026-02-25 18:31:53,745 - geo_infer_space.backends.srai.srai_backend - WARNING - SRAI backend initialized but library is not available
2026-02-25 18:31:53,746 - geo_infer_space.backends.h3.h3_backend - INFO - H3 library v4.3.0 loaded successfully
2026-02-25 18:31:53,746 - geo_infer_space.backends.h3.h3_backend - INFO - H3 library v4.3.0 loaded successfully
2026-02-25 18:31:53,746 - geo_infer_space.backends.h3.h3_backend - INFO - H3 library v4.3.0 loaded successfully
2026-02-25 18:31:53,746 - geo_infer_space.backends.h3.h3_backend - INFO - Converting 5 cells to MultiPolygon
2026-02-25 18:31:53,746 - geo_infer_space.backends.h3.h3_backend - INFO - Converting 5 cells to MultiPolygon
2026-02-25 18:31:53,746 - geo_infer_space.backends.h3.h3_backend - INFO - Converting 5 cells to MultiPolygon
2026-02-25 18:31:53,746 - geo_infer_space.backends.h3.h3_backend - INFO - Created MultiPolygon with 5 polygons
2026-02-25 18:31:53,746 - geo_infer_space.backends.h3.h3_backend - INFO - Created MultiPolygon with 5 polygons
2026-02-25 18:31:53,746 - geo_infer_space.backends.h3.h3_backend - INFO - Created MultiPolygon with 5 polygons
2026-02-25 18:31:53,747 - geo_infer_space.backends.h3.h3_backend - INFO - H3 library v4.3.0 loaded successfully
2026-02-25 18:31:53,747 - geo_infer_space.backends.h3.h3_backend - INFO - H3 library v4.3.0 loaded successfully
2026-02-25 18:31:53,747 - geo_infer_space.backends.h3.h3_backend - INFO - H3 library v4.3.0 loaded successfully
2026-02-25 18:31:53,747 - geo_infer_space.backends.h3.h3_backend - INFO - H3 library v4.3.0 loaded successfully
2026-02-25 18:31:53,747 - geo_infer_space.backends.h3.h3_backend - INFO - H3 library v4.3.0 loaded successfully
2026-02-25 18:31:53,747 - geo_infer_space.backends.h3.h3_backend - INFO - H3 library v4.3.0 loaded successfully
2026-02-25 18:31:53,747 - geo_infer_space.core.dispatcher - INFO - Registered spatial backend: h3
2026-02-25 18:31:53,747 - geo_infer_space.core.dispatcher - INFO - Registered spatial backend: h3
2026-02-25 18:31:53,747 - geo_infer_space.core.dispatcher - INFO - Registered spatial backend: h3
2026-02-25 18:31:53,747 - geo_infer_space.core.dispatcher - INFO - H3 backend loaded successfully
2026-02-25 18:31:53,747 - geo_infer_space.core.dispatcher - INFO - H3 backend loaded successfully
2026-02-25 18:31:53,747 - geo_infer_space.core.dispatcher - INFO - H3 backend loaded successfully
2026-02-25 18:31:53,747 - geo_infer_space.backends.srai.srai_backend - WARNING - SRAI backend initialized but library is not available
2026-02-25 18:31:53,747 - geo_infer_space.backends.srai.srai_backend - WARNING - SRAI backend initialized but library is not available
2026-02-25 18:31:53,747 - geo_infer_space.backends.srai.srai_backend - WARNING - SRAI backend initialized but library is not available
2026-02-25 18:31:53,748 - geo_infer_space.core.dispatcher - INFO - Registered spatial backend: srai
2026-02-25 18:31:53,748 - geo_infer_space.core.dispatcher - INFO - Registered spatial backend: srai
2026-02-25 18:31:53,748 - geo_infer_space.core.dispatcher - INFO - Registered spatial backend: srai
2026-02-25 18:31:53,748 - geo_infer_space.core.dispatcher - INFO - SRAI backend loaded successfully
2026-02-25 18:31:53,748 - geo_infer_space.core.dispatcher - INFO - SRAI backend loaded successfully
2026-02-25 18:31:53,748 - geo_infer_space.core.dispatcher - INFO - SRAI backend loaded successfully
2026-02-25 18:31:53,748 - geo_infer_space.backends.h3.h3_backend - INFO - H3 library v4.3.0 loaded successfully
2026-02-25 18:31:53,748 - geo_infer_space.backends.h3.h3_backend - INFO - H3 library v4.3.0 loaded successfully
2026-02-25 18:31:53,748 - geo_infer_space.backends.h3.h3_backend - INFO - H3 library v4.3.0 loaded successfully
2026-02-25 18:31:53,748 - geo_infer_space.core.dispatcher - INFO - Registered spatial backend: h3
2026-02-25 18:31:53,748 - geo_infer_space.core.dispatcher - INFO - Registered spatial backend: h3
2026-02-25 18:31:53,748 - geo_infer_space.core.dispatcher - INFO - Registered spatial backend: h3
2026-02-25 18:31:53,748 - geo_infer_space.core.dispatcher - INFO - H3 backend loaded successfully
2026-02-25 18:31:53,748 - geo_infer_space.core.dispatcher - INFO - H3 backend loaded successfully
2026-02-25 18:31:53,748 - geo_infer_space.core.dispatcher - INFO - H3 backend loaded successfully
2026-02-25 18:31:53,748 - geo_infer_space.backends.srai.srai_backend - WARNING - SRAI backend initialized but library is not available
2026-02-25 18:31:53,748 - geo_infer_space.backends.srai.srai_backend - WARNING - SRAI backend initialized but library is not available
2026-02-25 18:31:53,748 - geo_infer_space.backends.srai.srai_backend - WARNING - SRAI backend initialized but library is not available
2026-02-25 18:31:53,748 - geo_infer_space.core.dispatcher - INFO - Registered spatial backend: srai
2026-02-25 18:31:53,748 - geo_infer_space.core.dispatcher - INFO - Registered spatial backend: srai
2026-02-25 18:31:53,748 - geo_infer_space.core.dispatcher - INFO - Registered spatial backend: srai
2026-02-25 18:31:53,748 - geo_infer_space.core.dispatcher - INFO - SRAI backend loaded successfully
2026-02-25 18:31:53,748 - geo_infer_space.core.dispatcher - INFO - SRAI backend loaded successfully
2026-02-25 18:31:53,748 - geo_infer_space.core.dispatcher - INFO - SRAI backend loaded successfully
2026-02-25 18:31:53,749 - geo_infer_space.backends.h3.h3_backend - INFO - H3 library v4.3.0 loaded successfully
2026-02-25 18:31:53,749 - geo_infer_space.backends.h3.h3_backend - INFO - H3 library v4.3.0 loaded successfully
2026-02-25 18:31:53,749 - geo_infer_space.backends.h3.h3_backend - INFO - H3 library v4.3.0 loaded successfully
2026-02-25 18:31:53,749 - geo_infer_space.core.dispatcher - INFO - Registered spatial backend: h3
2026-02-25 18:31:53,749 - geo_infer_space.core.dispatcher - INFO - Registered spatial backend: h3
2026-02-25 18:31:53,749 - geo_infer_space.core.dispatcher - INFO - Registered spatial backend: h3
2026-02-25 18:31:53,749 - geo_infer_space.core.dispatcher - INFO - H3 backend loaded successfully
2026-02-25 18:31:53,749 - geo_infer_space.core.dispatcher - INFO - H3 backend loaded successfully
2026-02-25 18:31:53,749 - geo_infer_space.core.dispatcher - INFO - H3 backend loaded successfully
2026-02-25 18:31:53,749 - geo_infer_space.backends.srai.srai_backend - WARNING - SRAI backend initialized but library is not available
2026-02-25 18:31:53,749 - geo_infer_space.backends.srai.srai_backend - WARNING - SRAI backend initialized but library is not available
2026-02-25 18:31:53,749 - geo_infer_space.backends.srai.srai_backend - WARNING - SRAI backend initialized but library is not available
2026-02-25 18:31:53,749 - geo_infer_space.core.dispatcher - INFO - Registered spatial backend: srai
2026-02-25 18:31:53,749 - geo_infer_space.core.dispatcher - INFO - Registered spatial backend: srai
2026-02-25 18:31:53,749 - geo_infer_space.core.dispatcher - INFO - Registered spatial backend: srai
2026-02-25 18:31:53,749 - geo_infer_space.core.dispatcher - INFO - SRAI backend loaded successfully
2026-02-25 18:31:53,749 - geo_infer_space.core.dispatcher - INFO - SRAI backend loaded successfully
2026-02-25 18:31:53,749 - geo_infer_space.core.dispatcher - INFO - SRAI backend loaded successfully
2026-02-25 18:31:53,750 - geo_infer_space.backends.h3.h3_backend - INFO - H3 library v4.3.0 loaded successfully
2026-02-25 18:31:53,750 - geo_infer_space.backends.h3.h3_backend - INFO - H3 library v4.3.0 loaded successfully
2026-02-25 18:31:53,750 - geo_infer_space.backends.h3.h3_backend - INFO - H3 library v4.3.0 loaded successfully
2026-02-25 18:31:53,750 - geo_infer_space.core.dispatcher - INFO - Registered spatial backend: h3
2026-02-25 18:31:53,750 - geo_infer_space.core.dispatcher - INFO - Registered spatial backend: h3
2026-02-25 18:31:53,750 - geo_infer_space.core.dispatcher - INFO - Registered spatial backend: h3
2026-02-25 18:31:53,750 - geo_infer_space.core.dispatcher - INFO - H3 backend loaded successfully
2026-02-25 18:31:53,750 - geo_infer_space.core.dispatcher - INFO - H3 backend loaded successfully
2026-02-25 18:31:53,750 - geo_infer_space.core.dispatcher - INFO - H3 backend loaded successfully
2026-02-25 18:31:53,750 - geo_infer_space.backends.srai.srai_backend - WARNING - SRAI backend initialized but library is not available
2026-02-25 18:31:53,750 - geo_infer_space.backends.srai.srai_backend - WARNING - SRAI backend initialized but library is not available
2026-02-25 18:31:53,750 - geo_infer_space.backends.srai.srai_backend - WARNING - SRAI backend initialized but library is not available
2026-02-25 18:31:53,750 - geo_infer_space.core.dispatcher - INFO - Registered spatial backend: srai
2026-02-25 18:31:53,750 - geo_infer_space.core.dispatcher - INFO - Registered spatial backend: srai
2026-02-25 18:31:53,750 - geo_infer_space.core.dispatcher - INFO - Registered spatial backend: srai
2026-02-25 18:31:53,750 - geo_infer_space.core.dispatcher - INFO - SRAI backend loaded successfully
2026-02-25 18:31:53,750 - geo_infer_space.core.dispatcher - INFO - SRAI backend loaded successfully
2026-02-25 18:31:53,750 - geo_infer_space.core.dispatcher - INFO - SRAI backend loaded successfully
2026-02-25 18:31:53,750 - geo_infer_space.backends.h3.h3_backend - INFO - H3 library v4.3.0 loaded successfully
2026-02-25 18:31:53,750 - geo_infer_space.backends.h3.h3_backend - INFO - H3 library v4.3.0 loaded successfully
2026-02-25 18:31:53,750 - geo_infer_space.backends.h3.h3_backend - INFO - H3 library v4.3.0 loaded successfully
2026-02-25 18:31:53,750 - geo_infer_space.core.dispatcher - INFO - Registered spatial backend: h3
2026-02-25 18:31:53,750 - geo_infer_space.core.dispatcher - INFO - Registered spatial backend: h3
2026-02-25 18:31:53,750 - geo_infer_space.core.dispatcher - INFO - Registered spatial backend: h3
2026-02-25 18:31:53,750 - geo_infer_space.core.dispatcher - INFO - H3 backend loaded successfully
2026-02-25 18:31:53,750 - geo_infer_space.core.dispatcher - INFO - H3 backend loaded successfully
2026-02-25 18:31:53,750 - geo_infer_space.core.dispatcher - INFO - H3 backend loaded successfully
2026-02-25 18:31:53,750 - geo_infer_space.backends.srai.srai_backend - WARNING - SRAI backend initialized but library is not available
2026-02-25 18:31:53,750 - geo_infer_space.backends.srai.srai_backend - WARNING - SRAI backend initialized but library is not available
2026-02-25 18:31:53,750 - geo_infer_space.backends.srai.srai_backend - WARNING - SRAI backend initialized but library is not available
2026-02-25 18:31:53,751 - geo_infer_space.core.dispatcher - INFO - Registered spatial backend: srai
2026-02-25 18:31:53,751 - geo_infer_space.core.dispatcher - INFO - Registered spatial backend: srai
2026-02-25 18:31:53,751 - geo_infer_space.core.dispatcher - INFO - Registered spatial backend: srai
2026-02-25 18:31:53,751 - geo_infer_space.core.dispatcher - INFO - SRAI backend loaded successfully
2026-02-25 18:31:53,751 - geo_infer_space.core.dispatcher - INFO - SRAI backend loaded successfully
2026-02-25 18:31:53,751 - geo_infer_space.core.dispatcher - INFO - SRAI backend loaded successfully
2026-02-25 18:31:53,751 - geo_infer_space.backends.h3.h3_backend - INFO - H3 library v4.3.0 loaded successfully
2026-02-25 18:31:53,751 - geo_infer_space.backends.h3.h3_backend - INFO - H3 library v4.3.0 loaded successfully
2026-02-25 18:31:53,751 - geo_infer_space.backends.h3.h3_backend - INFO - H3 library v4.3.0 loaded successfully
2026-02-25 18:31:53,751 - geo_infer_space.core.dispatcher - INFO - Registered spatial backend: h3
2026-02-25 18:31:53,751 - geo_infer_space.core.dispatcher - INFO - Registered spatial backend: h3
2026-02-25 18:31:53,751 - geo_infer_space.core.dispatcher - INFO - Registered spatial backend: h3
2026-02-25 18:31:53,751 - geo_infer_space.core.dispatcher - INFO - H3 backend loaded successfully
2026-02-25 18:31:53,751 - geo_infer_space.core.dispatcher - INFO - H3 backend loaded successfully
2026-02-25 18:31:53,751 - geo_infer_space.core.dispatcher - INFO - H3 backend loaded successfully
2026-02-25 18:31:53,751 - geo_infer_space.backends.srai.srai_backend - WARNING - SRAI backend initialized but library is not available
2026-02-25 18:31:53,751 - geo_infer_space.backends.srai.srai_backend - WARNING - SRAI backend initialized but library is not available
2026-02-25 18:31:53,751 - geo_infer_space.backends.srai.srai_backend - WARNING - SRAI backend initialized but library is not available
2026-02-25 18:31:53,751 - geo_infer_space.core.dispatcher - INFO - Registered spatial backend: srai
2026-02-25 18:31:53,751 - geo_infer_space.core.dispatcher - INFO - Registered spatial backend: srai
2026-02-25 18:31:53,751 - geo_infer_space.core.dispatcher - INFO - Registered spatial backend: srai
2026-02-25 18:31:53,751 - geo_infer_space.core.dispatcher - INFO - SRAI backend loaded successfully
2026-02-25 18:31:53,751 - geo_infer_space.core.dispatcher - INFO - SRAI backend loaded successfully
2026-02-25 18:31:53,751 - geo_infer_space.core.dispatcher - INFO - SRAI backend loaded successfully
2026-02-25 18:31:53,752 - geo_infer_space.backends.h3.h3_backend - INFO - H3 library v4.3.0 loaded successfully
2026-02-25 18:31:53,752 - geo_infer_space.backends.h3.h3_backend - INFO - H3 library v4.3.0 loaded successfully
2026-02-25 18:31:53,752 - geo_infer_space.backends.h3.h3_backend - INFO - H3 library v4.3.0 loaded successfully
2026-02-25 18:31:53,752 - geo_infer_space.core.dispatcher - INFO - Registered spatial backend: h3
2026-02-25 18:31:53,752 - geo_infer_space.core.dispatcher - INFO - Registered spatial backend: h3
2026-02-25 18:31:53,752 - geo_infer_space.core.dispatcher - INFO - Registered spatial backend: h3
2026-02-25 18:31:53,752 - geo_infer_space.core.dispatcher - INFO - H3 backend loaded successfully
2026-02-25 18:31:53,752 - geo_infer_space.core.dispatcher - INFO - H3 backend loaded successfully
2026-02-25 18:31:53,752 - geo_infer_space.core.dispatcher - INFO - H3 backend loaded successfully
2026-02-25 18:31:53,752 - geo_infer_space.backends.srai.srai_backend - WARNING - SRAI backend initialized but library is not available
2026-02-25 18:31:53,752 - geo_infer_space.backends.srai.srai_backend - WARNING - SRAI backend initialized but library is not available
2026-02-25 18:31:53,752 - geo_infer_space.backends.srai.srai_backend - WARNING - SRAI backend initialized but library is not available
2026-02-25 18:31:53,752 - geo_infer_space.core.dispatcher - INFO - Registered spatial backend: srai
2026-02-25 18:31:53,752 - geo_infer_space.core.dispatcher - INFO - Registered spatial backend: srai
2026-02-25 18:31:53,752 - geo_infer_space.core.dispatcher - INFO - Registered spatial backend: srai
2026-02-25 18:31:53,752 - geo_infer_space.core.dispatcher - INFO - SRAI backend loaded successfully
2026-02-25 18:31:53,752 - geo_infer_space.core.dispatcher - INFO - SRAI backend loaded successfully
2026-02-25 18:31:53,752 - geo_infer_space.core.dispatcher - INFO - SRAI backend loaded successfully
2026-02-25 18:31:53,752 - geo_infer_space.backends.h3.h3_backend - INFO - H3 library v4.3.0 loaded successfully
2026-02-25 18:31:53,752 - geo_infer_space.backends.h3.h3_backend - INFO - H3 library v4.3.0 loaded successfully
2026-02-25 18:31:53,752 - geo_infer_space.backends.h3.h3_backend - INFO - H3 library v4.3.0 loaded successfully
2026-02-25 18:31:53,752 - geo_infer_space.core.dispatcher - INFO - Registered spatial backend: h3
2026-02-25 18:31:53,752 - geo_infer_space.core.dispatcher - INFO - Registered spatial backend: h3
2026-02-25 18:31:53,752 - geo_infer_space.core.dispatcher - INFO - Registered spatial backend: h3
2026-02-25 18:31:53,752 - geo_infer_space.core.dispatcher - INFO - H3 backend loaded successfully
2026-02-25 18:31:53,752 - geo_infer_space.core.dispatcher - INFO - H3 backend loaded successfully
2026-02-25 18:31:53,752 - geo_infer_space.core.dispatcher - INFO - H3 backend loaded successfully
2026-02-25 18:31:53,752 - geo_infer_space.backends.srai.srai_backend - WARNING - SRAI backend initialized but library is not available
2026-02-25 18:31:53,752 - geo_infer_space.backends.srai.srai_backend - WARNING - SRAI backend initialized but library is not available
2026-02-25 18:31:53,752 - geo_infer_space.backends.srai.srai_backend - WARNING - SRAI backend initialized but library is not available
2026-02-25 18:31:53,752 - geo_infer_space.core.dispatcher - INFO - Registered spatial backend: srai
2026-02-25 18:31:53,752 - geo_infer_space.core.dispatcher - INFO - Registered spatial backend: srai
2026-02-25 18:31:53,752 - geo_infer_space.core.dispatcher - INFO - Registered spatial backend: srai
2026-02-25 18:31:53,752 - geo_infer_space.core.dispatcher - INFO - SRAI backend loaded successfully
2026-02-25 18:31:53,752 - geo_infer_space.core.dispatcher - INFO - SRAI backend loaded successfully
2026-02-25 18:31:53,752 - geo_infer_space.core.dispatcher - INFO - SRAI backend loaded successfully
2026-02-25 18:31:53,753 - geo_infer_space.backends.h3.h3_backend - INFO - H3 library v4.3.0 loaded successfully
2026-02-25 18:31:53,753 - geo_infer_space.backends.h3.h3_backend - INFO - H3 library v4.3.0 loaded successfully
2026-02-25 18:31:53,753 - geo_infer_space.backends.h3.h3_backend - INFO - H3 library v4.3.0 loaded successfully
2026-02-25 18:31:53,753 - geo_infer_space.core.dispatcher - INFO - Registered spatial backend: h3
2026-02-25 18:31:53,753 - geo_infer_space.core.dispatcher - INFO - Registered spatial backend: h3
2026-02-25 18:31:53,753 - geo_infer_space.core.dispatcher - INFO - Registered spatial backend: h3
2026-02-25 18:31:53,753 - geo_infer_space.core.dispatcher - INFO - H3 backend loaded successfully
2026-02-25 18:31:53,753 - geo_infer_space.core.dispatcher - INFO - H3 backend loaded successfully
2026-02-25 18:31:53,753 - geo_infer_space.core.dispatcher - INFO - H3 backend loaded successfully
2026-02-25 18:31:53,753 - geo_infer_space.backends.srai.srai_backend - WARNING - SRAI backend initialized but library is not available
2026-02-25 18:31:53,753 - geo_infer_space.backends.srai.srai_backend - WARNING - SRAI backend initialized but library is not available
2026-02-25 18:31:53,753 - geo_infer_space.backends.srai.srai_backend - WARNING - SRAI backend initialized but library is not available
2026-02-25 18:31:53,753 - geo_infer_space.core.dispatcher - INFO - Registered spatial backend: srai
2026-02-25 18:31:53,753 - geo_infer_space.core.dispatcher - INFO - Registered spatial backend: srai
2026-02-25 18:31:53,753 - geo_infer_space.core.dispatcher - INFO - Registered spatial backend: srai
2026-02-25 18:31:53,753 - geo_infer_space.core.dispatcher - INFO - SRAI backend loaded successfully
2026-02-25 18:31:53,753 - geo_infer_space.core.dispatcher - INFO - SRAI backend loaded successfully
2026-02-25 18:31:53,753 - geo_infer_space.core.dispatcher - INFO - SRAI backend loaded successfully
2026-02-25 18:31:53,754 - geo_infer_space.backends.h3.h3_backend - INFO - H3 library v4.3.0 loaded successfully
2026-02-25 18:31:53,754 - geo_infer_space.backends.h3.h3_backend - INFO - H3 library v4.3.0 loaded successfully
2026-02-25 18:31:53,754 - geo_infer_space.backends.h3.h3_backend - INFO - H3 library v4.3.0 loaded successfully
2026-02-25 18:31:53,754 - geo_infer_space.core.dispatcher - INFO - Registered spatial backend: h3
2026-02-25 18:31:53,754 - geo_infer_space.core.dispatcher - INFO - Registered spatial backend: h3
2026-02-25 18:31:53,754 - geo_infer_space.core.dispatcher - INFO - Registered spatial backend: h3
2026-02-25 18:31:53,754 - geo_infer_space.core.dispatcher - INFO - H3 backend loaded successfully
2026-02-25 18:31:53,754 - geo_infer_space.core.dispatcher - INFO - H3 backend loaded successfully
2026-02-25 18:31:53,754 - geo_infer_space.core.dispatcher - INFO - H3 backend loaded successfully
2026-02-25 18:31:53,754 - geo_infer_space.backends.srai.srai_backend - WARNING - SRAI backend initialized but library is not available
2026-02-25 18:31:53,754 - geo_infer_space.backends.srai.srai_backend - WARNING - SRAI backend initialized but library is not available
2026-02-25 18:31:53,754 - geo_infer_space.backends.srai.srai_backend - WARNING - SRAI backend initialized but library is not available
2026-02-25 18:31:53,754 - geo_infer_space.core.dispatcher - INFO - Registered spatial backend: srai
2026-02-25 18:31:53,754 - geo_infer_space.core.dispatcher - INFO - Registered spatial backend: srai
2026-02-25 18:31:53,754 - geo_infer_space.core.dispatcher - INFO - Registered spatial backend: srai
2026-02-25 18:31:53,754 - geo_infer_space.core.dispatcher - INFO - SRAI backend loaded successfully
2026-02-25 18:31:53,754 - geo_infer_space.core.dispatcher - INFO - SRAI backend loaded successfully
2026-02-25 18:31:53,754 - geo_infer_space.core.dispatcher - INFO - SRAI backend loaded successfully
2026-02-25 18:31:53,754 - geo_infer_space.backends.h3.h3_backend - INFO - H3 library v4.3.0 loaded successfully
2026-02-25 18:31:53,754 - geo_infer_space.backends.h3.h3_backend - INFO - H3 library v4.3.0 loaded successfully
2026-02-25 18:31:53,754 - geo_infer_space.backends.h3.h3_backend - INFO - H3 library v4.3.0 loaded successfully
2026-02-25 18:31:53,754 - geo_infer_space.core.dispatcher - INFO - Registered spatial backend: h3
2026-02-25 18:31:53,754 - geo_infer_space.core.dispatcher - INFO - Registered spatial backend: h3
2026-02-25 18:31:53,754 - geo_infer_space.core.dispatcher - INFO - Registered spatial backend: h3
2026-02-25 18:31:53,754 - geo_infer_space.core.dispatcher - INFO - H3 backend loaded successfully
2026-02-25 18:31:53,754 - geo_infer_space.core.dispatcher - INFO - H3 backend loaded successfully
2026-02-25 18:31:53,754 - geo_infer_space.core.dispatcher - INFO - H3 backend loaded successfully
2026-02-25 18:31:53,754 - geo_infer_space.backends.srai.srai_backend - WARNING - SRAI backend initialized but library is not available
2026-02-25 18:31:53,754 - geo_infer_space.backends.srai.srai_backend - WARNING - SRAI backend initialized but library is not available
2026-02-25 18:31:53,754 - geo_infer_space.backends.srai.srai_backend - WARNING - SRAI backend initialized but library is not available
2026-02-25 18:31:53,755 - geo_infer_space.core.dispatcher - INFO - Registered spatial backend: srai
2026-02-25 18:31:53,755 - geo_infer_space.core.dispatcher - INFO - Registered spatial backend: srai
2026-02-25 18:31:53,755 - geo_infer_space.core.dispatcher - INFO - Registered spatial backend: srai
2026-02-25 18:31:53,755 - geo_infer_space.core.dispatcher - INFO - SRAI backend loaded successfully
2026-02-25 18:31:53,755 - geo_infer_space.core.dispatcher - INFO - SRAI backend loaded successfully
2026-02-25 18:31:53,755 - geo_infer_space.core.dispatcher - INFO - SRAI backend loaded successfully
2026-02-25 18:31:53,755 - geo_infer_space.backends.h3.h3_backend - INFO - H3 library v4.3.0 loaded successfully
2026-02-25 18:31:53,755 - geo_infer_space.backends.h3.h3_backend - INFO - H3 library v4.3.0 loaded successfully
2026-02-25 18:31:53,755 - geo_infer_space.backends.h3.h3_backend - INFO - H3 library v4.3.0 loaded successfully
2026-02-25 18:31:53,755 - geo_infer_space.core.dispatcher - INFO - Registered spatial backend: h3
2026-02-25 18:31:53,755 - geo_infer_space.core.dispatcher - INFO - Registered spatial backend: h3
2026-02-25 18:31:53,755 - geo_infer_space.core.dispatcher - INFO - Registered spatial backend: h3
2026-02-25 18:31:53,755 - geo_infer_space.core.dispatcher - INFO - H3 backend loaded successfully
2026-02-25 18:31:53,755 - geo_infer_space.core.dispatcher - INFO - H3 backend loaded successfully
2026-02-25 18:31:53,755 - geo_infer_space.core.dispatcher - INFO - H3 backend loaded successfully
2026-02-25 18:31:53,755 - geo_infer_space.backends.srai.srai_backend - WARNING - SRAI backend initialized but library is not available
2026-02-25 18:31:53,755 - geo_infer_space.backends.srai.srai_backend - WARNING - SRAI backend initialized but library is not available
2026-02-25 18:31:53,755 - geo_infer_space.backends.srai.srai_backend - WARNING - SRAI backend initialized but library is not available
2026-02-25 18:31:53,755 - geo_infer_space.core.dispatcher - INFO - Registered spatial backend: srai
2026-02-25 18:31:53,755 - geo_infer_space.core.dispatcher - INFO - Registered spatial backend: srai
2026-02-25 18:31:53,755 - geo_infer_space.core.dispatcher - INFO - Registered spatial backend: srai
2026-02-25 18:31:53,755 - geo_infer_space.core.dispatcher - INFO - SRAI backend loaded successfully
2026-02-25 18:31:53,755 - geo_infer_space.core.dispatcher - INFO - SRAI backend loaded successfully
2026-02-25 18:31:53,755 - geo_infer_space.core.dispatcher - INFO - SRAI backend loaded successfully
2026-02-25 18:31:53,756 - geo_infer_space.backends.h3.h3_backend - INFO - H3 library v4.3.0 loaded successfully
2026-02-25 18:31:53,756 - geo_infer_space.backends.h3.h3_backend - INFO - H3 library v4.3.0 loaded successfully
2026-02-25 18:31:53,756 - geo_infer_space.backends.h3.h3_backend - INFO - H3 library v4.3.0 loaded successfully
2026-02-25 18:31:53,756 - geo_infer_space.core.dispatcher - INFO - Registered spatial backend: h3
2026-02-25 18:31:53,756 - geo_infer_space.core.dispatcher - INFO - Registered spatial backend: h3
2026-02-25 18:31:53,756 - geo_infer_space.core.dispatcher - INFO - Registered spatial backend: h3
2026-02-25 18:31:53,756 - geo_infer_space.core.dispatcher - INFO - H3 backend loaded successfully
2026-02-25 18:31:53,756 - geo_infer_space.core.dispatcher - INFO - H3 backend loaded successfully
2026-02-25 18:31:53,756 - geo_infer_space.core.dispatcher - INFO - H3 backend loaded successfully
2026-02-25 18:31:53,756 - geo_infer_space.backends.srai.srai_backend - WARNING - SRAI backend initialized but library is not available
2026-02-25 18:31:53,756 - geo_infer_space.backends.srai.srai_backend - WARNING - SRAI backend initialized but library is not available
2026-02-25 18:31:53,756 - geo_infer_space.backends.srai.srai_backend - WARNING - SRAI backend initialized but library is not available
2026-02-25 18:31:53,756 - geo_infer_space.core.dispatcher - INFO - Registered spatial backend: srai
2026-02-25 18:31:53,756 - geo_infer_space.core.dispatcher - INFO - Registered spatial backend: srai
2026-02-25 18:31:53,756 - geo_infer_space.core.dispatcher - INFO - Registered spatial backend: srai
2026-02-25 18:31:53,756 - geo_infer_space.core.dispatcher - INFO - SRAI backend loaded successfully
2026-02-25 18:31:53,756 - geo_infer_space.core.dispatcher - INFO - SRAI backend loaded successfully
2026-02-25 18:31:53,756 - geo_infer_space.core.dispatcher - INFO - SRAI backend loaded successfully
2026-02-25 18:31:53,756 - geo_infer_space.backends.h3.h3_backend - INFO - H3 library v4.3.0 loaded successfully
2026-02-25 18:31:53,756 - geo_infer_space.backends.h3.h3_backend - INFO - H3 library v4.3.0 loaded successfully
2026-02-25 18:31:53,756 - geo_infer_space.backends.h3.h3_backend - INFO - H3 library v4.3.0 loaded successfully
2026-02-25 18:31:53,757 - geo_infer_space.core.dispatcher - INFO - Registered spatial backend: h3
2026-02-25 18:31:53,757 - geo_infer_space.core.dispatcher - INFO - Registered spatial backend: h3
2026-02-25 18:31:53,757 - geo_infer_space.core.dispatcher - INFO - Registered spatial backend: h3
2026-02-25 18:31:53,757 - geo_infer_space.core.dispatcher - INFO - H3 backend loaded successfully
2026-02-25 18:31:53,757 - geo_infer_space.core.dispatcher - INFO - H3 backend loaded successfully
2026-02-25 18:31:53,757 - geo_infer_space.core.dispatcher - INFO - H3 backend loaded successfully
2026-02-25 18:31:53,757 - geo_infer_space.backends.srai.srai_backend - WARNING - SRAI backend initialized but library is not available
2026-02-25 18:31:53,757 - geo_infer_space.backends.srai.srai_backend - WARNING - SRAI backend initialized but library is not available
2026-02-25 18:31:53,757 - geo_infer_space.backends.srai.srai_backend - WARNING - SRAI backend initialized but library is not available
2026-02-25 18:31:53,757 - geo_infer_space.core.dispatcher - INFO - Registered spatial backend: srai
2026-02-25 18:31:53,757 - geo_infer_space.core.dispatcher - INFO - Registered spatial backend: srai
2026-02-25 18:31:53,757 - geo_infer_space.core.dispatcher - INFO - Registered spatial backend: srai
2026-02-25 18:31:53,757 - geo_infer_space.core.dispatcher - INFO - SRAI backend loaded successfully
2026-02-25 18:31:53,757 - geo_infer_space.core.dispatcher - INFO - SRAI backend loaded successfully
2026-02-25 18:31:53,757 - geo_infer_space.core.dispatcher - INFO - SRAI backend loaded successfully
2026-02-25 18:31:53,757 - geo_infer_space.backends.h3.h3_backend - INFO - H3 library v4.3.0 loaded successfully
2026-02-25 18:31:53,757 - geo_infer_space.backends.h3.h3_backend - INFO - H3 library v4.3.0 loaded successfully
2026-02-25 18:31:53,757 - geo_infer_space.backends.h3.h3_backend - INFO - H3 library v4.3.0 loaded successfully
2026-02-25 18:31:53,757 - geo_infer_space.core.dispatcher - INFO - Registered spatial backend: h3
2026-02-25 18:31:53,757 - geo_infer_space.core.dispatcher - INFO - Registered spatial backend: h3
2026-02-25 18:31:53,757 - geo_infer_space.core.dispatcher - INFO - Registered spatial backend: h3
2026-02-25 18:31:53,757 - geo_infer_space.core.dispatcher - INFO - H3 backend loaded successfully
2026-02-25 18:31:53,757 - geo_infer_space.core.dispatcher - INFO - H3 backend loaded successfully
2026-02-25 18:31:53,757 - geo_infer_space.core.dispatcher - INFO - H3 backend loaded successfully
2026-02-25 18:31:53,757 - geo_infer_space.backends.srai.srai_backend - WARNING - SRAI backend initialized but library is not available
2026-02-25 18:31:53,757 - geo_infer_space.backends.srai.srai_backend - WARNING - SRAI backend initialized but library is not available
2026-02-25 18:31:53,757 - geo_infer_space.backends.srai.srai_backend - WARNING - SRAI backend initialized but library is not available
2026-02-25 18:31:53,757 - geo_infer_space.core.dispatcher - INFO - Registered spatial backend: srai
2026-02-25 18:31:53,757 - geo_infer_space.core.dispatcher - INFO - Registered spatial backend: srai
2026-02-25 18:31:53,757 - geo_infer_space.core.dispatcher - INFO - Registered spatial backend: srai
2026-02-25 18:31:53,757 - geo_infer_space.core.dispatcher - INFO - SRAI backend loaded successfully
2026-02-25 18:31:53,757 - geo_infer_space.core.dispatcher - INFO - SRAI backend loaded successfully
2026-02-25 18:31:53,757 - geo_infer_space.core.dispatcher - INFO - SRAI backend loaded successfully
2026-02-25 18:31:53,758 - geo_infer_space.backends.h3.h3_backend - INFO - H3 library v4.3.0 loaded successfully
2026-02-25 18:31:53,758 - geo_infer_space.backends.h3.h3_backend - INFO - H3 library v4.3.0 loaded successfully
2026-02-25 18:31:53,758 - geo_infer_space.backends.h3.h3_backend - INFO - H3 library v4.3.0 loaded successfully
2026-02-25 18:31:53,758 - geo_infer_space.core.dispatcher - INFO - Registered spatial backend: h3
2026-02-25 18:31:53,758 - geo_infer_space.core.dispatcher - INFO - Registered spatial backend: h3
2026-02-25 18:31:53,758 - geo_infer_space.core.dispatcher - INFO - Registered spatial backend: h3
2026-02-25 18:31:53,758 - geo_infer_space.core.dispatcher - INFO - H3 backend loaded successfully
2026-02-25 18:31:53,758 - geo_infer_space.core.dispatcher - INFO - H3 backend loaded successfully
2026-02-25 18:31:53,758 - geo_infer_space.core.dispatcher - INFO - H3 backend loaded successfully
2026-02-25 18:31:53,758 - geo_infer_space.backends.srai.srai_backend - WARNING - SRAI backend initialized but library is not available
2026-02-25 18:31:53,758 - geo_infer_space.backends.srai.srai_backend - WARNING - SRAI backend initialized but library is not available
2026-02-25 18:31:53,758 - geo_infer_space.backends.srai.srai_backend - WARNING - SRAI backend initialized but library is not available
2026-02-25 18:31:53,758 - geo_infer_space.core.dispatcher - INFO - Registered spatial backend: srai
2026-02-25 18:31:53,758 - geo_infer_space.core.dispatcher - INFO - Registered spatial backend: srai
2026-02-25 18:31:53,758 - geo_infer_space.core.dispatcher - INFO - Registered spatial backend: srai
2026-02-25 18:31:53,758 - geo_infer_space.core.dispatcher - INFO - SRAI backend loaded successfully
2026-02-25 18:31:53,758 - geo_infer_space.core.dispatcher - INFO - SRAI backend loaded successfully
2026-02-25 18:31:53,758 - geo_infer_space.core.dispatcher - INFO - SRAI backend loaded successfully
2026-02-25 18:31:53,759 - geo_infer_space.backends.h3.h3_backend - INFO - H3 library v4.3.0 loaded successfully
2026-02-25 18:31:53,759 - geo_infer_space.backends.h3.h3_backend - INFO - H3 library v4.3.0 loaded successfully
2026-02-25 18:31:53,759 - geo_infer_space.backends.h3.h3_backend - INFO - H3 library v4.3.0 loaded successfully
2026-02-25 18:31:53,759 - geo_infer_space.core.dispatcher - INFO - Registered spatial backend: h3
2026-02-25 18:31:53,759 - geo_infer_space.core.dispatcher - INFO - Registered spatial backend: h3
2026-02-25 18:31:53,759 - geo_infer_space.core.dispatcher - INFO - Registered spatial backend: h3
2026-02-25 18:31:53,759 - geo_infer_space.core.dispatcher - INFO - H3 backend loaded successfully
2026-02-25 18:31:53,759 - geo_infer_space.core.dispatcher - INFO - H3 backend loaded successfully
2026-02-25 18:31:53,759 - geo_infer_space.core.dispatcher - INFO - H3 backend loaded successfully
2026-02-25 18:31:53,759 - geo_infer_space.backends.srai.srai_backend - WARNING - SRAI backend initialized but library is not available
2026-02-25 18:31:53,759 - geo_infer_space.backends.srai.srai_backend - WARNING - SRAI backend initialized but library is not available
2026-02-25 18:31:53,759 - geo_infer_space.backends.srai.srai_backend - WARNING - SRAI backend initialized but library is not available
2026-02-25 18:31:53,759 - geo_infer_space.core.dispatcher - INFO - Registered spatial backend: srai
2026-02-25 18:31:53,759 - geo_infer_space.core.dispatcher - INFO - Registered spatial backend: srai
2026-02-25 18:31:53,759 - geo_infer_space.core.dispatcher - INFO - Registered spatial backend: srai
2026-02-25 18:31:53,759 - geo_infer_space.core.dispatcher - INFO - SRAI backend loaded successfully
2026-02-25 18:31:53,759 - geo_infer_space.core.dispatcher - INFO - SRAI backend loaded successfully
2026-02-25 18:31:53,759 - geo_infer_space.core.dispatcher - INFO - SRAI backend loaded successfully
2026-02-25 18:31:53,759 - geo_infer_space.backends.h3.h3_backend - INFO - H3 library v4.3.0 loaded successfully
2026-02-25 18:31:53,759 - geo_infer_space.backends.h3.h3_backend - INFO - H3 library v4.3.0 loaded successfully
2026-02-25 18:31:53,759 - geo_infer_space.backends.h3.h3_backend - INFO - H3 library v4.3.0 loaded successfully
2026-02-25 18:31:53,759 - geo_infer_space.core.dispatcher - INFO - Registered spatial backend: h3
2026-02-25 18:31:53,759 - geo_infer_space.core.dispatcher - INFO - Registered spatial backend: h3
2026-02-25 18:31:53,759 - geo_infer_space.core.dispatcher - INFO - Registered spatial backend: h3
2026-02-25 18:31:53,760 - geo_infer_space.core.dispatcher - INFO - H3 backend loaded successfully
2026-02-25 18:31:53,760 - geo_infer_space.core.dispatcher - INFO - H3 backend loaded successfully
2026-02-25 18:31:53,760 - geo_infer_space.core.dispatcher - INFO - H3 backend loaded successfully
2026-02-25 18:31:53,760 - geo_infer_space.backends.srai.srai_backend - WARNING - SRAI backend initialized but library is not available
2026-02-25 18:31:53,760 - geo_infer_space.backends.srai.srai_backend - WARNING - SRAI backend initialized but library is not available
2026-02-25 18:31:53,760 - geo_infer_space.backends.srai.srai_backend - WARNING - SRAI backend initialized but library is not available
2026-02-25 18:31:53,760 - geo_infer_space.core.dispatcher - INFO - Registered spatial backend: srai
2026-02-25 18:31:53,760 - geo_infer_space.core.dispatcher - INFO - Registered spatial backend: srai
2026-02-25 18:31:53,760 - geo_infer_space.core.dispatcher - INFO - Registered spatial backend: srai
2026-02-25 18:31:53,760 - geo_infer_space.core.dispatcher - INFO - SRAI backend loaded successfully
2026-02-25 18:31:53,760 - geo_infer_space.core.dispatcher - INFO - SRAI backend loaded successfully
2026-02-25 18:31:53,760 - geo_infer_space.core.dispatcher - INFO - SRAI backend loaded successfully
2026-02-25 18:31:53,760 - geo_infer_space.backends.h3.h3_backend - INFO - H3 library v4.3.0 loaded successfully
2026-02-25 18:31:53,760 - geo_infer_space.backends.h3.h3_backend - INFO - H3 library v4.3.0 loaded successfully
2026-02-25 18:31:53,760 - geo_infer_space.backends.h3.h3_backend - INFO - H3 library v4.3.0 loaded successfully
2026-02-25 18:31:53,760 - geo_infer_space.core.dispatcher - INFO - Registered spatial backend: h3
2026-02-25 18:31:53,760 - geo_infer_space.core.dispatcher - INFO - Registered spatial backend: h3
2026-02-25 18:31:53,760 - geo_infer_space.core.dispatcher - INFO - Registered spatial backend: h3
2026-02-25 18:31:53,760 - geo_infer_space.core.dispatcher - INFO - H3 backend loaded successfully
2026-02-25 18:31:53,760 - geo_infer_space.core.dispatcher - INFO - H3 backend loaded successfully
2026-02-25 18:31:53,760 - geo_infer_space.core.dispatcher - INFO - H3 backend loaded successfully
2026-02-25 18:31:53,760 - geo_infer_space.backends.srai.srai_backend - WARNING - SRAI backend initialized but library is not available
2026-02-25 18:31:53,760 - geo_infer_space.backends.srai.srai_backend - WARNING - SRAI backend initialized but library is not available
2026-02-25 18:31:53,760 - geo_infer_space.backends.srai.srai_backend - WARNING - SRAI backend initialized but library is not available
2026-02-25 18:31:53,760 - geo_infer_space.core.dispatcher - INFO - Registered spatial backend: srai
2026-02-25 18:31:53,760 - geo_infer_space.core.dispatcher - INFO - Registered spatial backend: srai
2026-02-25 18:31:53,760 - geo_infer_space.core.dispatcher - INFO - Registered spatial backend: srai
2026-02-25 18:31:53,760 - geo_infer_space.core.dispatcher - INFO - SRAI backend loaded successfully
2026-02-25 18:31:53,760 - geo_infer_space.core.dispatcher - INFO - SRAI backend loaded successfully
2026-02-25 18:31:53,760 - geo_infer_space.core.dispatcher - INFO - SRAI backend loaded successfully
2026-02-25 18:31:53,761 - geo_infer_space.backends.h3.h3_backend - INFO - H3 library v4.3.0 loaded successfully
2026-02-25 18:31:53,761 - geo_infer_space.backends.h3.h3_backend - INFO - H3 library v4.3.0 loaded successfully
2026-02-25 18:31:53,761 - geo_infer_space.backends.h3.h3_backend - INFO - H3 library v4.3.0 loaded successfully
2026-02-25 18:31:53,761 - geo_infer_space.core.dispatcher - INFO - Registered spatial backend: h3
2026-02-25 18:31:53,761 - geo_infer_space.core.dispatcher - INFO - Registered spatial backend: h3
2026-02-25 18:31:53,761 - geo_infer_space.core.dispatcher - INFO - Registered spatial backend: h3
2026-02-25 18:31:53,761 - geo_infer_space.core.dispatcher - INFO - H3 backend loaded successfully
2026-02-25 18:31:53,761 - geo_infer_space.core.dispatcher - INFO - H3 backend loaded successfully
2026-02-25 18:31:53,761 - geo_infer_space.core.dispatcher - INFO - H3 backend loaded successfully
2026-02-25 18:31:53,761 - geo_infer_space.backends.srai.srai_backend - WARNING - SRAI backend initialized but library is not available
2026-02-25 18:31:53,761 - geo_infer_space.backends.srai.srai_backend - WARNING - SRAI backend initialized but library is not available
2026-02-25 18:31:53,761 - geo_infer_space.backends.srai.srai_backend - WARNING - SRAI backend initialized but library is not available
2026-02-25 18:31:53,761 - geo_infer_space.core.dispatcher - INFO - Registered spatial backend: srai
2026-02-25 18:31:53,761 - geo_infer_space.core.dispatcher - INFO - Registered spatial backend: srai
2026-02-25 18:31:53,761 - geo_infer_space.core.dispatcher - INFO - Registered spatial backend: srai
2026-02-25 18:31:53,761 - geo_infer_space.core.dispatcher - INFO - SRAI backend loaded successfully
2026-02-25 18:31:53,761 - geo_infer_space.core.dispatcher - INFO - SRAI backend loaded successfully
2026-02-25 18:31:53,761 - geo_infer_space.core.dispatcher - INFO - SRAI backend loaded successfully
2026-02-25 18:31:53,761 - geo_infer_space.backends.h3.h3_backend - INFO - Analyzing hotspots for 13 cells
2026-02-25 18:31:53,761 - geo_infer_space.backends.h3.h3_backend - INFO - Analyzing hotspots for 13 cells
2026-02-25 18:31:53,761 - geo_infer_space.backends.h3.h3_backend - INFO - Analyzing hotspots for 13 cells
2026-02-25 18:31:53,762 - geo_infer_space.backends.h3.h3_backend - INFO - Found 6 hotspots (threshold: 60)
2026-02-25 18:31:53,762 - geo_infer_space.backends.h3.h3_backend - INFO - Found 6 hotspots (threshold: 60)
2026-02-25 18:31:53,762 - geo_infer_space.backends.h3.h3_backend - INFO - Found 6 hotspots (threshold: 60)
2026-02-25 18:31:53,762 - geo_infer_space.backends.h3.h3_backend - INFO - H3 library v4.3.0 loaded successfully
2026-02-25 18:31:53,762 - geo_infer_space.backends.h3.h3_backend - INFO - H3 library v4.3.0 loaded successfully
2026-02-25 18:31:53,762 - geo_infer_space.backends.h3.h3_backend - INFO - H3 library v4.3.0 loaded successfully
2026-02-25 18:31:53,762 - geo_infer_space.core.dispatcher - INFO - Registered spatial backend: h3
2026-02-25 18:31:53,762 - geo_infer_space.core.dispatcher - INFO - Registered spatial backend: h3
2026-02-25 18:31:53,762 - geo_infer_space.core.dispatcher - INFO - Registered spatial backend: h3
2026-02-25 18:31:53,762 - geo_infer_space.core.dispatcher - INFO - H3 backend loaded successfully
2026-02-25 18:31:53,762 - geo_infer_space.core.dispatcher - INFO - H3 backend loaded successfully
2026-02-25 18:31:53,762 - geo_infer_space.core.dispatcher - INFO - H3 backend loaded successfully
2026-02-25 18:31:53,762 - geo_infer_space.backends.srai.srai_backend - WARNING - SRAI backend initialized but library is not available
2026-02-25 18:31:53,762 - geo_infer_space.backends.srai.srai_backend - WARNING - SRAI backend initialized but library is not available
2026-02-25 18:31:53,762 - geo_infer_space.backends.srai.srai_backend - WARNING - SRAI backend initialized but library is not available
2026-02-25 18:31:53,762 - geo_infer_space.core.dispatcher - INFO - Registered spatial backend: srai
2026-02-25 18:31:53,762 - geo_infer_space.core.dispatcher - INFO - Registered spatial backend: srai
2026-02-25 18:31:53,762 - geo_infer_space.core.dispatcher - INFO - Registered spatial backend: srai
2026-02-25 18:31:53,762 - geo_infer_space.core.dispatcher - INFO - SRAI backend loaded successfully
2026-02-25 18:31:53,762 - geo_infer_space.core.dispatcher - INFO - SRAI backend loaded successfully
2026-02-25 18:31:53,762 - geo_infer_space.core.dispatcher - INFO - SRAI backend loaded successfully
2026-02-25 18:31:53,762 - geo_infer_space.backends.h3.h3_backend - INFO - Computing proximity for 3 points
2026-02-25 18:31:53,762 - geo_infer_space.backends.h3.h3_backend - INFO - Computing proximity for 3 points
2026-02-25 18:31:53,762 - geo_infer_space.backends.h3.h3_backend - INFO - Computing proximity for 3 points
2026-02-25 18:31:53,762 - geo_infer_space.backends.h3.h3_backend - INFO - Analyzed 3 proximity pairs
2026-02-25 18:31:53,762 - geo_infer_space.backends.h3.h3_backend - INFO - Analyzed 3 proximity pairs
2026-02-25 18:31:53,762 - geo_infer_space.backends.h3.h3_backend - INFO - Analyzed 3 proximity pairs
2026-02-25 18:31:53,763 - geo_infer_space.backends.h3.h3_backend - INFO - H3 library v4.3.0 loaded successfully
2026-02-25 18:31:53,763 - geo_infer_space.backends.h3.h3_backend - INFO - H3 library v4.3.0 loaded successfully
2026-02-25 18:31:53,763 - geo_infer_space.backends.h3.h3_backend - INFO - H3 library v4.3.0 loaded successfully
2026-02-25 18:31:53,763 - geo_infer_space.core.dispatcher - INFO - Registered spatial backend: h3
2026-02-25 18:31:53,763 - geo_infer_space.core.dispatcher - INFO - Registered spatial backend: h3
2026-02-25 18:31:53,763 - geo_infer_space.core.dispatcher - INFO - Registered spatial backend: h3
2026-02-25 18:31:53,763 - geo_infer_space.core.dispatcher - INFO - H3 backend loaded successfully
2026-02-25 18:31:53,763 - geo_infer_space.core.dispatcher - INFO - H3 backend loaded successfully
2026-02-25 18:31:53,763 - geo_infer_space.core.dispatcher - INFO - H3 backend loaded successfully
2026-02-25 18:31:53,763 - geo_infer_space.backends.srai.srai_backend - WARNING - SRAI backend initialized but library is not available
2026-02-25 18:31:53,763 - geo_infer_space.backends.srai.srai_backend - WARNING - SRAI backend initialized but library is not available
2026-02-25 18:31:53,763 - geo_infer_space.backends.srai.srai_backend - WARNING - SRAI backend initialized but library is not available
2026-02-25 18:31:53,763 - geo_infer_space.core.dispatcher - INFO - Registered spatial backend: srai
2026-02-25 18:31:53,763 - geo_infer_space.core.dispatcher - INFO - Registered spatial backend: srai
2026-02-25 18:31:53,763 - geo_infer_space.core.dispatcher - INFO - Registered spatial backend: srai
2026-02-25 18:31:53,763 - geo_infer_space.core.dispatcher - INFO - SRAI backend loaded successfully
2026-02-25 18:31:53,763 - geo_infer_space.core.dispatcher - INFO - SRAI backend loaded successfully
2026-02-25 18:31:53,763 - geo_infer_space.core.dispatcher - INFO - SRAI backend loaded successfully
2026-02-25 18:31:53,763 - geo_infer_space.backends.h3.h3_backend - INFO - Finding clusters in 13 cells with min_size=3
2026-02-25 18:31:53,763 - geo_infer_space.backends.h3.h3_backend - INFO - Finding clusters in 13 cells with min_size=3
2026-02-25 18:31:53,763 - geo_infer_space.backends.h3.h3_backend - INFO - Finding clusters in 13 cells with min_size=3
2026-02-25 18:31:53,763 - geo_infer_space.backends.h3.h3_backend - INFO - Found 1 clusters, 1 noise cells
2026-02-25 18:31:53,763 - geo_infer_space.backends.h3.h3_backend - INFO - Found 1 clusters, 1 noise cells
2026-02-25 18:31:53,763 - geo_infer_space.backends.h3.h3_backend - INFO - Found 1 clusters, 1 noise cells
2026-02-25 18:31:53,764 - geo_infer_space.backends.h3.h3_backend - INFO - H3 library v4.3.0 loaded successfully
2026-02-25 18:31:53,764 - geo_infer_space.backends.h3.h3_backend - INFO - H3 library v4.3.0 loaded successfully
2026-02-25 18:31:53,764 - geo_infer_space.backends.h3.h3_backend - INFO - H3 library v4.3.0 loaded successfully
2026-02-25 18:31:53,764 - geo_infer_space.core.dispatcher - INFO - Registered spatial backend: h3
2026-02-25 18:31:53,764 - geo_infer_space.core.dispatcher - INFO - Registered spatial backend: h3
2026-02-25 18:31:53,764 - geo_infer_space.core.dispatcher - INFO - Registered spatial backend: h3
2026-02-25 18:31:53,764 - geo_infer_space.core.dispatcher - INFO - H3 backend loaded successfully
2026-02-25 18:31:53,764 - geo_infer_space.core.dispatcher - INFO - H3 backend loaded successfully
2026-02-25 18:31:53,764 - geo_infer_space.core.dispatcher - INFO - H3 backend loaded successfully
2026-02-25 18:31:53,764 - geo_infer_space.backends.srai.srai_backend - WARNING - SRAI backend initialized but library is not available
2026-02-25 18:31:53,764 - geo_infer_space.backends.srai.srai_backend - WARNING - SRAI backend initialized but library is not available
2026-02-25 18:31:53,764 - geo_infer_space.backends.srai.srai_backend - WARNING - SRAI backend initialized but library is not available
2026-02-25 18:31:53,764 - geo_infer_space.core.dispatcher - INFO - Registered spatial backend: srai
2026-02-25 18:31:53,764 - geo_infer_space.core.dispatcher - INFO - Registered spatial backend: srai
2026-02-25 18:31:53,764 - geo_infer_space.core.dispatcher - INFO - Registered spatial backend: srai
2026-02-25 18:31:53,764 - geo_infer_space.core.dispatcher - INFO - SRAI backend loaded successfully
2026-02-25 18:31:53,764 - geo_infer_space.core.dispatcher - INFO - SRAI backend loaded successfully
2026-02-25 18:31:53,764 - geo_infer_space.core.dispatcher - INFO - SRAI backend loaded successfully
2026-02-25 18:31:53,764 - geo_infer_space.backends.h3.h3_backend - INFO - Calculating density for 13 cells with kernel_radius=1
2026-02-25 18:31:53,764 - geo_infer_space.backends.h3.h3_backend - INFO - Calculating density for 13 cells with kernel_radius=1
2026-02-25 18:31:53,764 - geo_infer_space.backends.h3.h3_backend - INFO - Calculating density for 13 cells with kernel_radius=1
2026-02-25 18:31:53,765 - geo_infer_space.backends.h3.h3_backend - INFO - H3 library v4.3.0 loaded successfully
2026-02-25 18:31:53,765 - geo_infer_space.backends.h3.h3_backend - INFO - H3 library v4.3.0 loaded successfully
2026-02-25 18:31:53,765 - geo_infer_space.backends.h3.h3_backend - INFO - H3 library v4.3.0 loaded successfully
2026-02-25 18:31:53,765 - geo_infer_space.core.dispatcher - INFO - Registered spatial backend: h3
2026-02-25 18:31:53,765 - geo_infer_space.core.dispatcher - INFO - Registered spatial backend: h3
2026-02-25 18:31:53,765 - geo_infer_space.core.dispatcher - INFO - Registered spatial backend: h3
2026-02-25 18:31:53,765 - geo_infer_space.core.dispatcher - INFO - H3 backend loaded successfully
2026-02-25 18:31:53,765 - geo_infer_space.core.dispatcher - INFO - H3 backend loaded successfully
2026-02-25 18:31:53,765 - geo_infer_space.core.dispatcher - INFO - H3 backend loaded successfully
2026-02-25 18:31:53,765 - geo_infer_space.backends.srai.srai_backend - WARNING - SRAI backend initialized but library is not available
2026-02-25 18:31:53,765 - geo_infer_space.backends.srai.srai_backend - WARNING - SRAI backend initialized but library is not available
2026-02-25 18:31:53,765 - geo_infer_space.backends.srai.srai_backend - WARNING - SRAI backend initialized but library is not available
2026-02-25 18:31:53,765 - geo_infer_space.core.dispatcher - INFO - Registered spatial backend: srai
2026-02-25 18:31:53,765 - geo_infer_space.core.dispatcher - INFO - Registered spatial backend: srai
2026-02-25 18:31:53,765 - geo_infer_space.core.dispatcher - INFO - Registered spatial backend: srai
2026-02-25 18:31:53,765 - geo_infer_space.core.dispatcher - INFO - SRAI backend loaded successfully
2026-02-25 18:31:53,765 - geo_infer_space.core.dispatcher - INFO - SRAI backend loaded successfully
2026-02-25 18:31:53,765 - geo_infer_space.core.dispatcher - INFO - SRAI backend loaded successfully
2026-02-25 18:31:53,765 - geo_infer_space.backends.h3.h3_backend - INFO - Performing spatial join (intersects) on 5 x 5 cells
2026-02-25 18:31:53,765 - geo_infer_space.backends.h3.h3_backend - INFO - Performing spatial join (intersects) on 5 x 5 cells
2026-02-25 18:31:53,765 - geo_infer_space.backends.h3.h3_backend - INFO - Performing spatial join (intersects) on 5 x 5 cells
2026-02-25 18:31:53,765 - geo_infer_space.backends.h3.h3_backend - INFO - Found 6 matches
2026-02-25 18:31:53,765 - geo_infer_space.backends.h3.h3_backend - INFO - Found 6 matches
2026-02-25 18:31:53,765 - geo_infer_space.backends.h3.h3_backend - INFO - Found 6 matches
2026-02-25 18:31:53,766 - geo_infer_space.backends.h3.h3_backend - INFO - H3 library v4.3.0 loaded successfully
2026-02-25 18:31:53,766 - geo_infer_space.backends.h3.h3_backend - INFO - H3 library v4.3.0 loaded successfully
2026-02-25 18:31:53,766 - geo_infer_space.backends.h3.h3_backend - INFO - H3 library v4.3.0 loaded successfully
2026-02-25 18:31:53,766 - geo_infer_space.core.dispatcher - INFO - Registered spatial backend: h3
2026-02-25 18:31:53,766 - geo_infer_space.core.dispatcher - INFO - Registered spatial backend: h3
2026-02-25 18:31:53,766 - geo_infer_space.core.dispatcher - INFO - Registered spatial backend: h3
2026-02-25 18:31:53,766 - geo_infer_space.core.dispatcher - INFO - H3 backend loaded successfully
2026-02-25 18:31:53,766 - geo_infer_space.core.dispatcher - INFO - H3 backend loaded successfully
2026-02-25 18:31:53,766 - geo_infer_space.core.dispatcher - INFO - H3 backend loaded successfully
2026-02-25 18:31:53,766 - geo_infer_space.backends.srai.srai_backend - WARNING - SRAI backend initialized but library is not available
2026-02-25 18:31:53,766 - geo_infer_space.backends.srai.srai_backend - WARNING - SRAI backend initialized but library is not available
2026-02-25 18:31:53,766 - geo_infer_space.backends.srai.srai_backend - WARNING - SRAI backend initialized but library is not available
2026-02-25 18:31:53,766 - geo_infer_space.core.dispatcher - INFO - Registered spatial backend: srai
2026-02-25 18:31:53,766 - geo_infer_space.core.dispatcher - INFO - Registered spatial backend: srai
2026-02-25 18:31:53,766 - geo_infer_space.core.dispatcher - INFO - Registered spatial backend: srai
2026-02-25 18:31:53,766 - geo_infer_space.core.dispatcher - INFO - SRAI backend loaded successfully
2026-02-25 18:31:53,766 - geo_infer_space.core.dispatcher - INFO - SRAI backend loaded successfully
2026-02-25 18:31:53,766 - geo_infer_space.core.dispatcher - INFO - SRAI backend loaded successfully
2026-02-25 18:31:53,766 - geo_infer_space.backends.h3.h3_backend - INFO - Interpolating 5 target cells from 5 source cells using idw
2026-02-25 18:31:53,766 - geo_infer_space.backends.h3.h3_backend - INFO - Interpolating 5 target cells from 5 source cells using idw
2026-02-25 18:31:53,766 - geo_infer_space.backends.h3.h3_backend - INFO - Interpolating 5 target cells from 5 source cells using idw
2026-02-25 18:31:53,767 - geo_infer_space.backends.h3.h3_backend - INFO - H3 library v4.3.0 loaded successfully
2026-02-25 18:31:53,767 - geo_infer_space.backends.h3.h3_backend - INFO - H3 library v4.3.0 loaded successfully
2026-02-25 18:31:53,767 - geo_infer_space.backends.h3.h3_backend - INFO - H3 library v4.3.0 loaded successfully
2026-02-25 18:31:53,767 - geo_infer_space.core.dispatcher - INFO - Registered spatial backend: h3
2026-02-25 18:31:53,767 - geo_infer_space.core.dispatcher - INFO - Registered spatial backend: h3
2026-02-25 18:31:53,767 - geo_infer_space.core.dispatcher - INFO - Registered spatial backend: h3
2026-02-25 18:31:53,767 - geo_infer_space.core.dispatcher - INFO - H3 backend loaded successfully
2026-02-25 18:31:53,767 - geo_infer_space.core.dispatcher - INFO - H3 backend loaded successfully
2026-02-25 18:31:53,767 - geo_infer_space.core.dispatcher - INFO - H3 backend loaded successfully
2026-02-25 18:31:53,767 - geo_infer_space.backends.srai.srai_backend - WARNING - SRAI backend initialized but library is not available
2026-02-25 18:31:53,767 - geo_infer_space.backends.srai.srai_backend - WARNING - SRAI backend initialized but library is not available
2026-02-25 18:31:53,767 - geo_infer_space.backends.srai.srai_backend - WARNING - SRAI backend initialized but library is not available
2026-02-25 18:31:53,767 - geo_infer_space.core.dispatcher - INFO - Registered spatial backend: srai
2026-02-25 18:31:53,767 - geo_infer_space.core.dispatcher - INFO - Registered spatial backend: srai
2026-02-25 18:31:53,767 - geo_infer_space.core.dispatcher - INFO - Registered spatial backend: srai
2026-02-25 18:31:53,767 - geo_infer_space.core.dispatcher - INFO - SRAI backend loaded successfully
2026-02-25 18:31:53,767 - geo_infer_space.core.dispatcher - INFO - SRAI backend loaded successfully
2026-02-25 18:31:53,767 - geo_infer_space.core.dispatcher - INFO - SRAI backend loaded successfully
2026-02-25 18:31:53,767 - geo_infer_space.backends.h3.h3_backend - INFO - H3 library v4.3.0 loaded successfully
2026-02-25 18:31:53,767 - geo_infer_space.backends.h3.h3_backend - INFO - H3 library v4.3.0 loaded successfully
2026-02-25 18:31:53,767 - geo_infer_space.backends.h3.h3_backend - INFO - H3 library v4.3.0 loaded successfully
2026-02-25 18:31:53,768 - geo_infer_space.core.dispatcher - INFO - Registered spatial backend: h3
2026-02-25 18:31:53,768 - geo_infer_space.core.dispatcher - INFO - Registered spatial backend: h3
2026-02-25 18:31:53,768 - geo_infer_space.core.dispatcher - INFO - Registered spatial backend: h3
2026-02-25 18:31:53,768 - geo_infer_space.core.dispatcher - INFO - H3 backend loaded successfully
2026-02-25 18:31:53,768 - geo_infer_space.core.dispatcher - INFO - H3 backend loaded successfully
2026-02-25 18:31:53,768 - geo_infer_space.core.dispatcher - INFO - H3 backend loaded successfully
2026-02-25 18:31:53,768 - geo_infer_space.backends.srai.srai_backend - WARNING - SRAI backend initialized but library is not available
2026-02-25 18:31:53,768 - geo_infer_space.backends.srai.srai_backend - WARNING - SRAI backend initialized but library is not available
2026-02-25 18:31:53,768 - geo_infer_space.backends.srai.srai_backend - WARNING - SRAI backend initialized but library is not available
2026-02-25 18:31:53,768 - geo_infer_space.core.dispatcher - INFO - Registered spatial backend: srai
2026-02-25 18:31:53,768 - geo_infer_space.core.dispatcher - INFO - Registered spatial backend: srai
2026-02-25 18:31:53,768 - geo_infer_space.core.dispatcher - INFO - Registered spatial backend: srai
2026-02-25 18:31:53,768 - geo_infer_space.core.dispatcher - INFO - SRAI backend loaded successfully
2026-02-25 18:31:53,768 - geo_infer_space.core.dispatcher - INFO - SRAI backend loaded successfully
2026-02-25 18:31:53,768 - geo_infer_space.core.dispatcher - INFO - SRAI backend loaded successfully
2026-02-25 18:31:53,768 - geo_infer_space.backends.h3.h3_backend - INFO - H3 library v4.3.0 loaded successfully
2026-02-25 18:31:53,768 - geo_infer_space.backends.h3.h3_backend - INFO - H3 library v4.3.0 loaded successfully
2026-02-25 18:31:53,768 - geo_infer_space.backends.h3.h3_backend - INFO - H3 library v4.3.0 loaded successfully
2026-02-25 18:31:53,768 - geo_infer_space.core.dispatcher - INFO - Registered spatial backend: h3
2026-02-25 18:31:53,768 - geo_infer_space.core.dispatcher - INFO - Registered spatial backend: h3
2026-02-25 18:31:53,768 - geo_infer_space.core.dispatcher - INFO - Registered spatial backend: h3
2026-02-25 18:31:53,768 - geo_infer_space.core.dispatcher - INFO - H3 backend loaded successfully
2026-02-25 18:31:53,768 - geo_infer_space.core.dispatcher - INFO - H3 backend loaded successfully
2026-02-25 18:31:53,768 - geo_infer_space.core.dispatcher - INFO - H3 backend loaded successfully
2026-02-25 18:31:53,768 - geo_infer_space.backends.srai.srai_backend - WARNING - SRAI backend initialized but library is not available
2026-02-25 18:31:53,768 - geo_infer_space.backends.srai.srai_backend - WARNING - SRAI backend initialized but library is not available
2026-02-25 18:31:53,768 - geo_infer_space.backends.srai.srai_backend - WARNING - SRAI backend initialized but library is not available
2026-02-25 18:31:53,768 - geo_infer_space.core.dispatcher - INFO - Registered spatial backend: srai
2026-02-25 18:31:53,768 - geo_infer_space.core.dispatcher - INFO - Registered spatial backend: srai
2026-02-25 18:31:53,768 - geo_infer_space.core.dispatcher - INFO - Registered spatial backend: srai
2026-02-25 18:31:53,768 - geo_infer_space.core.dispatcher - INFO - SRAI backend loaded successfully
2026-02-25 18:31:53,768 - geo_infer_space.core.dispatcher - INFO - SRAI backend loaded successfully
2026-02-25 18:31:53,768 - geo_infer_space.core.dispatcher - INFO - SRAI backend loaded successfully
2026-02-25 18:31:53,769 - geo_infer_space.backends.h3.h3_backend - INFO - H3 library v4.3.0 loaded successfully
2026-02-25 18:31:53,769 - geo_infer_space.backends.h3.h3_backend - INFO - H3 library v4.3.0 loaded successfully
2026-02-25 18:31:53,769 - geo_infer_space.backends.h3.h3_backend - INFO - H3 library v4.3.0 loaded successfully
2026-02-25 18:31:53,769 - geo_infer_space.core.dispatcher - INFO - Registered spatial backend: h3
2026-02-25 18:31:53,769 - geo_infer_space.core.dispatcher - INFO - Registered spatial backend: h3
2026-02-25 18:31:53,769 - geo_infer_space.core.dispatcher - INFO - Registered spatial backend: h3
2026-02-25 18:31:53,769 - geo_infer_space.core.dispatcher - INFO - H3 backend loaded successfully
2026-02-25 18:31:53,769 - geo_infer_space.core.dispatcher - INFO - H3 backend loaded successfully
2026-02-25 18:31:53,769 - geo_infer_space.core.dispatcher - INFO - H3 backend loaded successfully
2026-02-25 18:31:53,769 - geo_infer_space.backends.srai.srai_backend - WARNING - SRAI backend initialized but library is not available
2026-02-25 18:31:53,769 - geo_infer_space.backends.srai.srai_backend - WARNING - SRAI backend initialized but library is not available
2026-02-25 18:31:53,769 - geo_infer_space.backends.srai.srai_backend - WARNING - SRAI backend initialized but library is not available
2026-02-25 18:31:53,769 - geo_infer_space.core.dispatcher - INFO - Registered spatial backend: srai
2026-02-25 18:31:53,769 - geo_infer_space.core.dispatcher - INFO - Registered spatial backend: srai
2026-02-25 18:31:53,769 - geo_infer_space.core.dispatcher - INFO - Registered spatial backend: srai
2026-02-25 18:31:53,769 - geo_infer_space.core.dispatcher - INFO - SRAI backend loaded successfully
2026-02-25 18:31:53,769 - geo_infer_space.core.dispatcher - INFO - SRAI backend loaded successfully
2026-02-25 18:31:53,769 - geo_infer_space.core.dispatcher - INFO - SRAI backend loaded successfully
2026-02-25 18:31:53,769 - geo_infer_space.backends.h3.h3_backend - INFO - Analyzing hotspots for 5 cells
2026-02-25 18:31:53,769 - geo_infer_space.backends.h3.h3_backend - INFO - Analyzing hotspots for 5 cells
2026-02-25 18:31:53,769 - geo_infer_space.backends.h3.h3_backend - INFO - Analyzing hotspots for 5 cells
2026-02-25 18:31:53,769 - geo_infer_space.backends.h3.h3_backend - INFO - Found 2 hotspots (threshold: 75)
2026-02-25 18:31:53,769 - geo_infer_space.backends.h3.h3_backend - INFO - Found 2 hotspots (threshold: 75)
2026-02-25 18:31:53,769 - geo_infer_space.backends.h3.h3_backend - INFO - Found 2 hotspots (threshold: 75)
2026-02-25 18:31:53,769 - geo_infer_space.backends.h3.h3_backend - INFO - Finding clusters in 5 cells with min_size=2
2026-02-25 18:31:53,769 - geo_infer_space.backends.h3.h3_backend - INFO - Finding clusters in 5 cells with min_size=2
2026-02-25 18:31:53,769 - geo_infer_space.backends.h3.h3_backend - INFO - Finding clusters in 5 cells with min_size=2
2026-02-25 18:31:53,769 - geo_infer_space.backends.h3.h3_backend - INFO - Found 1 clusters, 0 noise cells
2026-02-25 18:31:53,769 - geo_infer_space.backends.h3.h3_backend - INFO - Found 1 clusters, 0 noise cells
2026-02-25 18:31:53,769 - geo_infer_space.backends.h3.h3_backend - INFO - Found 1 clusters, 0 noise cells
2026-02-25 18:31:53,769 - geo_infer_space.backends.h3.h3_backend - INFO - Calculating density for 5 cells with kernel_radius=1
2026-02-25 18:31:53,769 - geo_infer_space.backends.h3.h3_backend - INFO - Calculating density for 5 cells with kernel_radius=1
2026-02-25 18:31:53,769 - geo_infer_space.backends.h3.h3_backend - INFO - Calculating density for 5 cells with kernel_radius=1
2026-02-25 18:31:53,770 - geo_infer_space.backends.h3.h3_backend - INFO - H3 library v4.3.0 loaded successfully
2026-02-25 18:31:53,770 - geo_infer_space.backends.h3.h3_backend - INFO - H3 library v4.3.0 loaded successfully
2026-02-25 18:31:53,770 - geo_infer_space.backends.h3.h3_backend - INFO - H3 library v4.3.0 loaded successfully
2026-02-25 18:31:53,770 - geo_infer_space.backends.h3.h3_backend - INFO - H3 library v4.3.0 loaded successfully
2026-02-25 18:31:53,770 - geo_infer_space.backends.h3.h3_backend - INFO - H3 library v4.3.0 loaded successfully
2026-02-25 18:31:53,770 - geo_infer_space.backends.h3.h3_backend - INFO - H3 library v4.3.0 loaded successfully
2026-02-25 18:31:53,771 - geo_infer_space.backends.h3.h3_backend - INFO - H3 library v4.3.0 loaded successfully
2026-02-25 18:31:53,771 - geo_infer_space.backends.h3.h3_backend - INFO - H3 library v4.3.0 loaded successfully
2026-02-25 18:31:53,771 - geo_infer_space.backends.h3.h3_backend - INFO - H3 library v4.3.0 loaded successfully
2026-02-25 18:31:53,771 - geo_infer_space.backends.h3.h3_backend - INFO - H3 library v4.3.0 loaded successfully
2026-02-25 18:31:53,771 - geo_infer_space.backends.h3.h3_backend - INFO - H3 library v4.3.0 loaded successfully
2026-02-25 18:31:53,771 - geo_infer_space.backends.h3.h3_backend - INFO - H3 library v4.3.0 loaded successfully
2026-02-25 18:31:53,771 - geo_infer_space.backends.h3.h3_backend - INFO - H3 library v4.3.0 loaded successfully
2026-02-25 18:31:53,771 - geo_infer_space.backends.h3.h3_backend - INFO - H3 library v4.3.0 loaded successfully
2026-02-25 18:31:53,771 - geo_infer_space.backends.h3.h3_backend - INFO - H3 library v4.3.0 loaded successfully
2026-02-25 18:31:53,772 - geo_infer_space.backends.h3.h3_backend - INFO - H3 library v4.3.0 loaded successfully
2026-02-25 18:31:53,772 - geo_infer_space.backends.h3.h3_backend - INFO - H3 library v4.3.0 loaded successfully
2026-02-25 18:31:53,772 - geo_infer_space.backends.h3.h3_backend - INFO - H3 library v4.3.0 loaded successfully
2026-02-25 18:31:53,772 - geo_infer_space.backends.h3.h3_backend - INFO - H3 library v4.3.0 loaded successfully
2026-02-25 18:31:53,772 - geo_infer_space.backends.h3.h3_backend - INFO - H3 library v4.3.0 loaded successfully
2026-02-25 18:31:53,772 - geo_infer_space.backends.h3.h3_backend - INFO - H3 library v4.3.0 loaded successfully
2026-02-25 18:31:53,773 - geo_infer_space.backends.h3.h3_backend - INFO - H3 library v4.3.0 loaded successfully
2026-02-25 18:31:53,773 - geo_infer_space.backends.h3.h3_backend - INFO - H3 library v4.3.0 loaded successfully
2026-02-25 18:31:53,773 - geo_infer_space.backends.h3.h3_backend - INFO - H3 library v4.3.0 loaded successfully
2026-02-25 18:31:53,773 - geo_infer_space.backends.h3.h3_backend - INFO - H3 library v4.3.0 loaded successfully
2026-02-25 18:31:53,773 - geo_infer_space.backends.h3.h3_backend - INFO - H3 library v4.3.0 loaded successfully
2026-02-25 18:31:53,773 - geo_infer_space.backends.h3.h3_backend - INFO - H3 library v4.3.0 loaded successfully
2026-02-25 18:31:53,773 - geo_infer_space.backends.h3.h3_backend - INFO - H3 library v4.3.0 loaded successfully
2026-02-25 18:31:53,773 - geo_infer_space.backends.h3.h3_backend - INFO - H3 library v4.3.0 loaded successfully
2026-02-25 18:31:53,773 - geo_infer_space.backends.h3.h3_backend - INFO - H3 library v4.3.0 loaded successfully
2026-02-25 18:31:53,774 - geo_infer_space.backends.h3.h3_backend - INFO - H3 library v4.3.0 loaded successfully
2026-02-25 18:31:53,774 - geo_infer_space.backends.h3.h3_backend - INFO - H3 library v4.3.0 loaded successfully
2026-02-25 18:31:53,774 - geo_infer_space.backends.h3.h3_backend - INFO - H3 library v4.3.0 loaded successfully
2026-02-25 18:31:53,774 - geo_infer_space.backends.h3.h3_backend - INFO - H3 library v4.3.0 loaded successfully
2026-02-25 18:31:53,774 - geo_infer_space.backends.h3.h3_backend - INFO - H3 library v4.3.0 loaded successfully
2026-02-25 18:31:53,774 - geo_infer_space.backends.h3.h3_backend - INFO - H3 library v4.3.0 loaded successfully
2026-02-25 18:31:53,775 - geo_infer_space.backends.h3.h3_backend - INFO - H3 library v4.3.0 loaded successfully
2026-02-25 18:31:53,775 - geo_infer_space.backends.h3.h3_backend - INFO - H3 library v4.3.0 loaded successfully
2026-02-25 18:31:53,775 - geo_infer_space.backends.h3.h3_backend - INFO - H3 library v4.3.0 loaded successfully
2026-02-25 18:31:53,775 - geo_infer_space.backends.h3.h3_backend - INFO - H3 library v4.3.0 loaded successfully
2026-02-25 18:31:53,775 - geo_infer_space.backends.h3.h3_backend - INFO - H3 library v4.3.0 loaded successfully
2026-02-25 18:31:53,775 - geo_infer_space.backends.h3.h3_backend - INFO - H3 library v4.3.0 loaded successfully
2026-02-25 18:31:53,776 - geo_infer_space.backends.h3.h3_backend - INFO - H3 library v4.3.0 loaded successfully
2026-02-25 18:31:53,776 - geo_infer_space.backends.h3.h3_backend - INFO - H3 library v4.3.0 loaded successfully
2026-02-25 18:31:53,776 - geo_infer_space.backends.h3.h3_backend - INFO - H3 library v4.3.0 loaded successfully
2026-02-25 18:31:53,776 - geo_infer_space.backends.h3.h3_backend - INFO - H3 library v4.3.0 loaded successfully
2026-02-25 18:31:53,776 - geo_infer_space.backends.h3.h3_backend - INFO - H3 library v4.3.0 loaded successfully
2026-02-25 18:31:53,776 - geo_infer_space.backends.h3.h3_backend - INFO - H3 library v4.3.0 loaded successfully
2026-02-25 18:31:53,777 - geo_infer_space.backends.h3.h3_backend - INFO - H3 library v4.3.0 loaded successfully
2026-02-25 18:31:53,777 - geo_infer_space.backends.h3.h3_backend - INFO - H3 library v4.3.0 loaded successfully
2026-02-25 18:31:53,777 - geo_infer_space.backends.h3.h3_backend - INFO - H3 library v4.3.0 loaded successfully
2026-02-25 18:31:53,777 - geo_infer_space.backends.h3.h3_backend - INFO - H3 library v4.3.0 loaded successfully
2026-02-25 18:31:53,777 - geo_infer_space.backends.h3.h3_backend - INFO - H3 library v4.3.0 loaded successfully
2026-02-25 18:31:53,777 - geo_infer_space.backends.h3.h3_backend - INFO - H3 library v4.3.0 loaded successfully
2026-02-25 18:31:53,777 - geo_infer_space.backends.h3.h3_backend - INFO - H3 library v4.3.0 loaded successfully
2026-02-25 18:31:53,777 - geo_infer_space.backends.h3.h3_backend - INFO - H3 library v4.3.0 loaded successfully
2026-02-25 18:31:53,777 - geo_infer_space.backends.h3.h3_backend - INFO - H3 library v4.3.0 loaded successfully
2026-02-25 18:31:53,778 - geo_infer_space.backends.h3.h3_backend - INFO - H3 library v4.3.0 loaded successfully
2026-02-25 18:31:53,778 - geo_infer_space.backends.h3.h3_backend - INFO - H3 library v4.3.0 loaded successfully
2026-02-25 18:31:53,778 - geo_infer_space.backends.h3.h3_backend - INFO - H3 library v4.3.0 loaded successfully
2026-02-25 18:31:53,778 - geo_infer_space.backends.h3.h3_backend - INFO - H3 library v4.3.0 loaded successfully
2026-02-25 18:31:53,778 - geo_infer_space.backends.h3.h3_backend - INFO - H3 library v4.3.0 loaded successfully
2026-02-25 18:31:53,778 - geo_infer_space.backends.h3.h3_backend - INFO - H3 library v4.3.0 loaded successfully
2026-02-25 18:31:53,779 - geo_infer_space.backends.h3.h3_backend - INFO - H3 library v4.3.0 loaded successfully
2026-02-25 18:31:53,779 - geo_infer_space.backends.h3.h3_backend - INFO - H3 library v4.3.0 loaded successfully
2026-02-25 18:31:53,779 - geo_infer_space.backends.h3.h3_backend - INFO - H3 library v4.3.0 loaded successfully
2026-02-25 18:31:53,779 - geo_infer_space.backends.h3.h3_backend - INFO - H3 library v4.3.0 loaded successfully
2026-02-25 18:31:53,779 - geo_infer_space.backends.h3.h3_backend - INFO - H3 library v4.3.0 loaded successfully
2026-02-25 18:31:53,779 - geo_infer_space.backends.h3.h3_backend - INFO - H3 library v4.3.0 loaded successfully
2026-02-25 18:31:53,780 - geo_infer_space.backends.h3.h3_backend - INFO - H3 library v4.3.0 loaded successfully
2026-02-25 18:31:53,780 - geo_infer_space.backends.h3.h3_backend - INFO - H3 library v4.3.0 loaded successfully
2026-02-25 18:31:53,780 - geo_infer_space.backends.h3.h3_backend - INFO - H3 library v4.3.0 loaded successfully
2026-02-25 18:31:53,780 - geo_infer_space.backends.h3.h3_backend - INFO - H3 library v4.3.0 loaded successfully
2026-02-25 18:31:53,780 - geo_infer_space.backends.h3.h3_backend - INFO - H3 library v4.3.0 loaded successfully
2026-02-25 18:31:53,780 - geo_infer_space.backends.h3.h3_backend - INFO - H3 library v4.3.0 loaded successfully
2026-02-25 18:31:53,781 - geo_infer_space.backends.h3.h3_backend - INFO - H3 library v4.3.0 loaded successfully
2026-02-25 18:31:53,781 - geo_infer_space.backends.h3.h3_backend - INFO - H3 library v4.3.0 loaded successfully
2026-02-25 18:31:53,781 - geo_infer_space.backends.h3.h3_backend - INFO - H3 library v4.3.0 loaded successfully
2026-02-25 18:31:53,781 - geo_infer_space.backends.h3.h3_backend - INFO - H3 library v4.3.0 loaded successfully
2026-02-25 18:31:53,781 - geo_infer_space.backends.h3.h3_backend - INFO - H3 library v4.3.0 loaded successfully
2026-02-25 18:31:53,781 - geo_infer_space.backends.h3.h3_backend - INFO - H3 library v4.3.0 loaded successfully
2026-02-25 18:31:53,782 - geo_infer_space.backends.h3.h3_backend - INFO - H3 library v4.3.0 loaded successfully
2026-02-25 18:31:53,782 - geo_infer_space.backends.h3.h3_backend - INFO - H3 library v4.3.0 loaded successfully
2026-02-25 18:31:53,782 - geo_infer_space.backends.h3.h3_backend - INFO - H3 library v4.3.0 loaded successfully
2026-02-25 18:31:53,782 - geo_infer_space.backends.h3.h3_backend - INFO - H3 library v4.3.0 loaded successfully
2026-02-25 18:31:53,782 - geo_infer_space.backends.h3.h3_backend - INFO - H3 library v4.3.0 loaded successfully
2026-02-25 18:31:53,782 - geo_infer_space.backends.h3.h3_backend - INFO - H3 library v4.3.0 loaded successfully
2026-02-25 18:31:53,782 - geo_infer_space.backends.h3.h3_backend - INFO - H3 library v4.3.0 loaded successfully
2026-02-25 18:31:53,782 - geo_infer_space.backends.h3.h3_backend - INFO - H3 library v4.3.0 loaded successfully
2026-02-25 18:31:53,782 - geo_infer_space.backends.h3.h3_backend - INFO - H3 library v4.3.0 loaded successfully
2026-02-25 18:31:53,783 - geo_infer_space.backends.h3.h3_backend - INFO - H3 library v4.3.0 loaded successfully
2026-02-25 18:31:53,783 - geo_infer_space.backends.h3.h3_backend - INFO - H3 library v4.3.0 loaded successfully
2026-02-25 18:31:53,783 - geo_infer_space.backends.h3.h3_backend - INFO - H3 library v4.3.0 loaded successfully
2026-02-25 18:31:53,783 - geo_infer_space.backends.h3.h3_backend - INFO - H3 library v4.3.0 loaded successfully
2026-02-25 18:31:53,783 - geo_infer_space.backends.h3.h3_backend - INFO - H3 library v4.3.0 loaded successfully
2026-02-25 18:31:53,783 - geo_infer_space.backends.h3.h3_backend - INFO - H3 library v4.3.0 loaded successfully
2026-02-25 18:31:53,783 - geo_infer_space.backends.h3.h3_backend - INFO - H3 library v4.3.0 loaded successfully
2026-02-25 18:31:53,783 - geo_infer_space.backends.h3.h3_backend - INFO - H3 library v4.3.0 loaded successfully
2026-02-25 18:31:53,783 - geo_infer_space.backends.h3.h3_backend - INFO - H3 library v4.3.0 loaded successfully
2026-02-25 18:31:53,784 - geo_infer_space.backends.h3.h3_backend - INFO - H3 library v4.3.0 loaded successfully
2026-02-25 18:31:53,784 - geo_infer_space.backends.h3.h3_backend - INFO - H3 library v4.3.0 loaded successfully
2026-02-25 18:31:53,784 - geo_infer_space.backends.h3.h3_backend - INFO - H3 library v4.3.0 loaded successfully
2026-02-25 18:31:53,784 - geo_infer_space.backends.h3.h3_backend - INFO - H3 library v4.3.0 loaded successfully
2026-02-25 18:31:53,784 - geo_infer_space.backends.h3.h3_backend - INFO - H3 library v4.3.0 loaded successfully
2026-02-25 18:31:53,784 - geo_infer_space.backends.h3.h3_backend - INFO - H3 library v4.3.0 loaded successfully
2026-02-25 18:31:53,785 - geo_infer_space.backends.h3.h3_backend - INFO - H3 library v4.3.0 loaded successfully
2026-02-25 18:31:53,785 - geo_infer_space.backends.h3.h3_backend - INFO - H3 library v4.3.0 loaded successfully
2026-02-25 18:31:53,785 - geo_infer_space.backends.h3.h3_backend - INFO - H3 library v4.3.0 loaded successfully
2026-02-25 18:31:53,785 - geo_infer_space.backends.h3.h3_backend - INFO - H3 library v4.3.0 loaded successfully
2026-02-25 18:31:53,785 - geo_infer_space.backends.h3.h3_backend - INFO - H3 library v4.3.0 loaded successfully
2026-02-25 18:31:53,785 - geo_infer_space.backends.h3.h3_backend - INFO - H3 library v4.3.0 loaded successfully
2026-02-25 18:31:53,785 - geo_infer_space.backends.h3.h3_backend - INFO - H3 library v4.3.0 loaded successfully
2026-02-25 18:31:53,785 - geo_infer_space.backends.h3.h3_backend - INFO - H3 library v4.3.0 loaded successfully
2026-02-25 18:31:53,785 - geo_infer_space.backends.h3.h3_backend - INFO - H3 library v4.3.0 loaded successfully
2026-02-25 18:31:53,786 - geo_infer_space.backends.h3.h3_backend - INFO - H3 library v4.3.0 loaded successfully
2026-02-25 18:31:53,786 - geo_infer_space.backends.h3.h3_backend - INFO - H3 library v4.3.0 loaded successfully
2026-02-25 18:31:53,786 - geo_infer_space.backends.h3.h3_backend - INFO - H3 library v4.3.0 loaded successfully
2026-02-25 18:31:53,786 - geo_infer_space.backends.h3.h3_backend - INFO - H3 library v4.3.0 loaded successfully
2026-02-25 18:31:53,786 - geo_infer_space.backends.h3.h3_backend - INFO - H3 library v4.3.0 loaded successfully
2026-02-25 18:31:53,786 - geo_infer_space.backends.h3.h3_backend - INFO - H3 library v4.3.0 loaded successfully
2026-02-25 18:31:53,787 - geo_infer_space.backends.h3.h3_backend - INFO - H3 library v4.3.0 loaded successfully
2026-02-25 18:31:53,787 - geo_infer_space.backends.h3.h3_backend - INFO - H3 library v4.3.0 loaded successfully
2026-02-25 18:31:53,787 - geo_infer_space.backends.h3.h3_backend - INFO - H3 library v4.3.0 loaded successfully
2026-02-25 18:31:53,787 - geo_infer_space.backends.h3.h3_backend - INFO - H3 library v4.3.0 loaded successfully
2026-02-25 18:31:53,787 - geo_infer_space.backends.h3.h3_backend - INFO - H3 library v4.3.0 loaded successfully
2026-02-25 18:31:53,787 - geo_infer_space.backends.h3.h3_backend - INFO - H3 library v4.3.0 loaded successfully
2026-02-25 18:31:53,787 - geo_infer_space.backends.h3.h3_backend - INFO - H3 library v4.3.0 loaded successfully
2026-02-25 18:31:53,787 - geo_infer_space.backends.h3.h3_backend - INFO - H3 library v4.3.0 loaded successfully
2026-02-25 18:31:53,787 - geo_infer_space.backends.h3.h3_backend - INFO - H3 library v4.3.0 loaded successfully
2026-02-25 18:31:53,788 - geo_infer_space.backends.h3.h3_backend - INFO - H3 library v4.3.0 loaded successfully
2026-02-25 18:31:53,788 - geo_infer_space.backends.h3.h3_backend - INFO - H3 library v4.3.0 loaded successfully
2026-02-25 18:31:53,788 - geo_infer_space.backends.h3.h3_backend - INFO - H3 library v4.3.0 loaded successfully
2026-02-25 18:31:53,788 - geo_infer_space.backends.h3.h3_backend - INFO - H3 library v4.3.0 loaded successfully
2026-02-25 18:31:53,788 - geo_infer_space.backends.h3.h3_backend - INFO - H3 library v4.3.0 loaded successfully
2026-02-25 18:31:53,788 - geo_infer_space.backends.h3.h3_backend - INFO - H3 library v4.3.0 loaded successfully
2026-02-25 18:31:53,875 - geo_infer_space.backends.h3.h3_backend - INFO - H3 library v4.3.0 loaded successfully
2026-02-25 18:31:53,875 - geo_infer_space.backends.h3.h3_backend - INFO - H3 library v4.3.0 loaded successfully
2026-02-25 18:31:53,875 - geo_infer_space.backends.h3.h3_backend - INFO - H3 library v4.3.0 loaded successfully
2026-02-25 18:31:53,876 - geo_infer_space.backends.h3.h3_backend - INFO - H3 library v4.3.0 loaded successfully
2026-02-25 18:31:53,876 - geo_infer_space.backends.h3.h3_backend - INFO - H3 library v4.3.0 loaded successfully
2026-02-25 18:31:53,876 - geo_infer_space.backends.h3.h3_backend - INFO - H3 library v4.3.0 loaded successfully
2026-02-25 18:31:53,942 - geo_infer_space.io.raster_io - INFO - Successfully wrote raster to /private/var/folders/vc/rgmbpjpj0dbg61vr54xjskc80000gn/T/pytest-of-4d/pytest-1201/test_write_creates_parent_dire0/a/b/c/output.tif (1 bands, 16x16, float32)
2026-02-25 18:31:53,942 - geo_infer_space.io.raster_io - INFO - Successfully wrote raster to /private/var/folders/vc/rgmbpjpj0dbg61vr54xjskc80000gn/T/pytest-of-4d/pytest-1201/test_write_creates_parent_dire0/a/b/c/output.tif (1 bands, 16x16, float32)
2026-02-25 18:31:53,942 - geo_infer_space.io.raster_io - INFO - Successfully wrote raster to /private/var/folders/vc/rgmbpjpj0dbg61vr54xjskc80000gn/T/pytest-of-4d/pytest-1201/test_write_creates_parent_dire0/a/b/c/output.tif (1 bands, 16x16, float32)
2026-02-25 18:31:53,945 - geo_infer_space.io.raster_io - INFO - Successfully wrote raster to /private/var/folders/vc/rgmbpjpj0dbg61vr54xjskc80000gn/T/pytest-of-4d/pytest-1201/test_single_band_round_trip0/single_band.tif (1 bands, 8x8, float32)
2026-02-25 18:31:53,945 - geo_infer_space.io.raster_io - INFO - Successfully wrote raster to /private/var/folders/vc/rgmbpjpj0dbg61vr54xjskc80000gn/T/pytest-of-4d/pytest-1201/test_single_band_round_trip0/single_band.tif (1 bands, 8x8, float32)
2026-02-25 18:31:53,945 - geo_infer_space.io.raster_io - INFO - Successfully wrote raster to /private/var/folders/vc/rgmbpjpj0dbg61vr54xjskc80000gn/T/pytest-of-4d/pytest-1201/test_single_band_round_trip0/single_band.tif (1 bands, 8x8, float32)
2026-02-25 18:31:53,948 - geo_infer_space.io.raster_io - INFO - Successfully wrote raster to /private/var/folders/vc/rgmbpjpj0dbg61vr54xjskc80000gn/T/pytest-of-4d/pytest-1201/test_multi_band_round_trip0/multi_band.tif (3 bands, 16x16, float32)
2026-02-25 18:31:53,948 - geo_infer_space.io.raster_io - INFO - Successfully wrote raster to /private/var/folders/vc/rgmbpjpj0dbg61vr54xjskc80000gn/T/pytest-of-4d/pytest-1201/test_multi_band_round_trip0/multi_band.tif (3 bands, 16x16, float32)
2026-02-25 18:31:53,948 - geo_infer_space.io.raster_io - INFO - Successfully wrote raster to /private/var/folders/vc/rgmbpjpj0dbg61vr54xjskc80000gn/T/pytest-of-4d/pytest-1201/test_multi_band_round_trip0/multi_band.tif (3 bands, 16x16, float32)
2026-02-25 18:31:53,949 - geo_infer_space.io.raster_io - INFO - Successfully wrote raster to /private/var/folders/vc/rgmbpjpj0dbg61vr54xjskc80000gn/T/pytest-of-4d/pytest-1201/test_nodata_preserved0/nodata.tif (1 bands, 4x4, float32)
2026-02-25 18:31:53,949 - geo_infer_space.io.raster_io - INFO - Successfully wrote raster to /private/var/folders/vc/rgmbpjpj0dbg61vr54xjskc80000gn/T/pytest-of-4d/pytest-1201/test_nodata_preserved0/nodata.tif (1 bands, 4x4, float32)
2026-02-25 18:31:53,949 - geo_infer_space.io.raster_io - INFO - Successfully wrote raster to /private/var/folders/vc/rgmbpjpj0dbg61vr54xjskc80000gn/T/pytest-of-4d/pytest-1201/test_nodata_preserved0/nodata.tif (1 bands, 4x4, float32)
2026-02-25 18:31:53,951 - geo_infer_space.io.raster_io - INFO - Successfully wrote raster to /private/var/folders/vc/rgmbpjpj0dbg61vr54xjskc80000gn/T/pytest-of-4d/pytest-1201/test_write_from_dict0/src.tif (1 bands, 3x3, float32)
2026-02-25 18:31:53,951 - geo_infer_space.io.raster_io - INFO - Successfully wrote raster to /private/var/folders/vc/rgmbpjpj0dbg61vr54xjskc80000gn/T/pytest-of-4d/pytest-1201/test_write_from_dict0/src.tif (1 bands, 3x3, float32)
2026-02-25 18:31:53,951 - geo_infer_space.io.raster_io - INFO - Successfully wrote raster to /private/var/folders/vc/rgmbpjpj0dbg61vr54xjskc80000gn/T/pytest-of-4d/pytest-1201/test_write_from_dict0/src.tif (1 bands, 3x3, float32)
2026-02-25 18:31:53,951 - geo_infer_space.io.raster_io - INFO - Successfully wrote raster to /private/var/folders/vc/rgmbpjpj0dbg61vr54xjskc80000gn/T/pytest-of-4d/pytest-1201/test_write_from_dict0/dst.tif (1 bands, 3x3, float32)
2026-02-25 18:31:53,951 - geo_infer_space.io.raster_io - INFO - Successfully wrote raster to /private/var/folders/vc/rgmbpjpj0dbg61vr54xjskc80000gn/T/pytest-of-4d/pytest-1201/test_write_from_dict0/dst.tif (1 bands, 3x3, float32)
2026-02-25 18:31:53,951 - geo_infer_space.io.raster_io - INFO - Successfully wrote raster to /private/var/folders/vc/rgmbpjpj0dbg61vr54xjskc80000gn/T/pytest-of-4d/pytest-1201/test_write_from_dict0/dst.tif (1 bands, 3x3, float32)
2026-02-25 18:31:54,001 - geo_infer_space.io.raster_io - INFO - Successfully wrote raster to /private/var/folders/vc/rgmbpjpj0dbg61vr54xjskc80000gn/T/pytest-of-4d/pytest-1201/test_read_metadata_only0/meta.tif (2 bands, 10x10, float32)
2026-02-25 18:31:54,001 - geo_infer_space.io.raster_io - INFO - Successfully wrote raster to /private/var/folders/vc/rgmbpjpj0dbg61vr54xjskc80000gn/T/pytest-of-4d/pytest-1201/test_read_metadata_only0/meta.tif (2 bands, 10x10, float32)
2026-02-25 18:31:54,001 - geo_infer_space.io.raster_io - INFO - Successfully wrote raster to /private/var/folders/vc/rgmbpjpj0dbg61vr54xjskc80000gn/T/pytest-of-4d/pytest-1201/test_read_metadata_only0/meta.tif (2 bands, 10x10, float32)
2026-02-25 18:31:54,013 - geo_infer_space.io.point_cloud_io - INFO - Successfully wrote 50 points to /private/var/folders/vc/rgmbpjpj0dbg61vr54xjskc80000gn/T/pytest-of-4d/pytest-1201/test_xyz_basic_round_trip0/basic.xyz
2026-02-25 18:31:54,013 - geo_infer_space.io.point_cloud_io - INFO - Successfully wrote 50 points to /private/var/folders/vc/rgmbpjpj0dbg61vr54xjskc80000gn/T/pytest-of-4d/pytest-1201/test_xyz_basic_round_trip0/basic.xyz
2026-02-25 18:31:54,013 - geo_infer_space.io.point_cloud_io - INFO - Successfully wrote 50 points to /private/var/folders/vc/rgmbpjpj0dbg61vr54xjskc80000gn/T/pytest-of-4d/pytest-1201/test_xyz_basic_round_trip0/basic.xyz
2026-02-25 18:31:54,014 - geo_infer_space.io.point_cloud_io - INFO - Read 50 points from /private/var/folders/vc/rgmbpjpj0dbg61vr54xjskc80000gn/T/pytest-of-4d/pytest-1201/test_xyz_basic_round_trip0/basic.xyz (XYZ, 3 columns)
2026-02-25 18:31:54,014 - geo_infer_space.io.point_cloud_io - INFO - Read 50 points from /private/var/folders/vc/rgmbpjpj0dbg61vr54xjskc80000gn/T/pytest-of-4d/pytest-1201/test_xyz_basic_round_trip0/basic.xyz (XYZ, 3 columns)
2026-02-25 18:31:54,014 - geo_infer_space.io.point_cloud_io - INFO - Read 50 points from /private/var/folders/vc/rgmbpjpj0dbg61vr54xjskc80000gn/T/pytest-of-4d/pytest-1201/test_xyz_basic_round_trip0/basic.xyz (XYZ, 3 columns)
2026-02-25 18:31:54,015 - geo_infer_space.io.point_cloud_io - INFO - Successfully wrote 50 points to /private/var/folders/vc/rgmbpjpj0dbg61vr54xjskc80000gn/T/pytest-of-4d/pytest-1201/test_xyz_with_intensities0/intensities.xyz
2026-02-25 18:31:54,015 - geo_infer_space.io.point_cloud_io - INFO - Successfully wrote 50 points to /private/var/folders/vc/rgmbpjpj0dbg61vr54xjskc80000gn/T/pytest-of-4d/pytest-1201/test_xyz_with_intensities0/intensities.xyz
2026-02-25 18:31:54,015 - geo_infer_space.io.point_cloud_io - INFO - Successfully wrote 50 points to /private/var/folders/vc/rgmbpjpj0dbg61vr54xjskc80000gn/T/pytest-of-4d/pytest-1201/test_xyz_with_intensities0/intensities.xyz
2026-02-25 18:31:54,015 - geo_infer_space.io.point_cloud_io - INFO - Read 50 points from /private/var/folders/vc/rgmbpjpj0dbg61vr54xjskc80000gn/T/pytest-of-4d/pytest-1201/test_xyz_with_intensities0/intensities.xyz (XYZ, 4 columns)
2026-02-25 18:31:54,015 - geo_infer_space.io.point_cloud_io - INFO - Read 50 points from /private/var/folders/vc/rgmbpjpj0dbg61vr54xjskc80000gn/T/pytest-of-4d/pytest-1201/test_xyz_with_intensities0/intensities.xyz (XYZ, 4 columns)
2026-02-25 18:31:54,015 - geo_infer_space.io.point_cloud_io - INFO - Read 50 points from /private/var/folders/vc/rgmbpjpj0dbg61vr54xjskc80000gn/T/pytest-of-4d/pytest-1201/test_xyz_with_intensities0/intensities.xyz (XYZ, 4 columns)
2026-02-25 18:31:54,016 - geo_infer_space.io.point_cloud_io - INFO - Successfully wrote 50 points to /private/var/folders/vc/rgmbpjpj0dbg61vr54xjskc80000gn/T/pytest-of-4d/pytest-1201/test_xyz_with_classifications0/classified.xyz
2026-02-25 18:31:54,016 - geo_infer_space.io.point_cloud_io - INFO - Successfully wrote 50 points to /private/var/folders/vc/rgmbpjpj0dbg61vr54xjskc80000gn/T/pytest-of-4d/pytest-1201/test_xyz_with_classifications0/classified.xyz
2026-02-25 18:31:54,016 - geo_infer_space.io.point_cloud_io - INFO - Successfully wrote 50 points to /private/var/folders/vc/rgmbpjpj0dbg61vr54xjskc80000gn/T/pytest-of-4d/pytest-1201/test_xyz_with_classifications0/classified.xyz
2026-02-25 18:31:54,016 - geo_infer_space.io.point_cloud_io - INFO - Read 50 points from /private/var/folders/vc/rgmbpjpj0dbg61vr54xjskc80000gn/T/pytest-of-4d/pytest-1201/test_xyz_with_classifications0/classified.xyz (XYZ, 4 columns)
2026-02-25 18:31:54,016 - geo_infer_space.io.point_cloud_io - INFO - Read 50 points from /private/var/folders/vc/rgmbpjpj0dbg61vr54xjskc80000gn/T/pytest-of-4d/pytest-1201/test_xyz_with_classifications0/classified.xyz (XYZ, 4 columns)
2026-02-25 18:31:54,016 - geo_infer_space.io.point_cloud_io - INFO - Read 50 points from /private/var/folders/vc/rgmbpjpj0dbg61vr54xjskc80000gn/T/pytest-of-4d/pytest-1201/test_xyz_with_classifications0/classified.xyz (XYZ, 4 columns)
2026-02-25 18:31:54,017 - geo_infer_space.io.point_cloud_io - INFO - Successfully wrote 50 points to /private/var/folders/vc/rgmbpjpj0dbg61vr54xjskc80000gn/T/pytest-of-4d/pytest-1201/test_xyz_creates_parent_dir0/deep/nested/dir/cloud.xyz
2026-02-25 18:31:54,017 - geo_infer_space.io.point_cloud_io - INFO - Successfully wrote 50 points to /private/var/folders/vc/rgmbpjpj0dbg61vr54xjskc80000gn/T/pytest-of-4d/pytest-1201/test_xyz_creates_parent_dir0/deep/nested/dir/cloud.xyz
2026-02-25 18:31:54,017 - geo_infer_space.io.point_cloud_io - INFO - Successfully wrote 50 points to /private/var/folders/vc/rgmbpjpj0dbg61vr54xjskc80000gn/T/pytest-of-4d/pytest-1201/test_xyz_creates_parent_dir0/deep/nested/dir/cloud.xyz
2026-02-25 18:31:54,018 - geo_infer_space.io.point_cloud_io - INFO - Successfully wrote 1 points to /private/var/folders/vc/rgmbpjpj0dbg61vr54xjskc80000gn/T/pytest-of-4d/pytest-1201/test_xyz_single_point0/single.xyz
2026-02-25 18:31:54,018 - geo_infer_space.io.point_cloud_io - INFO - Successfully wrote 1 points to /private/var/folders/vc/rgmbpjpj0dbg61vr54xjskc80000gn/T/pytest-of-4d/pytest-1201/test_xyz_single_point0/single.xyz
2026-02-25 18:31:54,018 - geo_infer_space.io.point_cloud_io - INFO - Successfully wrote 1 points to /private/var/folders/vc/rgmbpjpj0dbg61vr54xjskc80000gn/T/pytest-of-4d/pytest-1201/test_xyz_single_point0/single.xyz
2026-02-25 18:31:54,018 - geo_infer_space.io.point_cloud_io - INFO - Read 1 points from /private/var/folders/vc/rgmbpjpj0dbg61vr54xjskc80000gn/T/pytest-of-4d/pytest-1201/test_xyz_single_point0/single.xyz (XYZ, 3 columns)
2026-02-25 18:31:54,018 - geo_infer_space.io.point_cloud_io - INFO - Read 1 points from /private/var/folders/vc/rgmbpjpj0dbg61vr54xjskc80000gn/T/pytest-of-4d/pytest-1201/test_xyz_single_point0/single.xyz (XYZ, 3 columns)
2026-02-25 18:31:54,018 - geo_infer_space.io.point_cloud_io - INFO - Read 1 points from /private/var/folders/vc/rgmbpjpj0dbg61vr54xjskc80000gn/T/pytest-of-4d/pytest-1201/test_xyz_single_point0/single.xyz (XYZ, 3 columns)
2026-02-25 18:31:54,019 - geo_infer_space.io.point_cloud_io - INFO - Successfully wrote 50 points to /private/var/folders/vc/rgmbpjpj0dbg61vr54xjskc80000gn/T/pytest-of-4d/pytest-1201/test_csv_basic_round_trip0/points.csv
2026-02-25 18:31:54,019 - geo_infer_space.io.point_cloud_io - INFO - Successfully wrote 50 points to /private/var/folders/vc/rgmbpjpj0dbg61vr54xjskc80000gn/T/pytest-of-4d/pytest-1201/test_csv_basic_round_trip0/points.csv
2026-02-25 18:31:54,019 - geo_infer_space.io.point_cloud_io - INFO - Successfully wrote 50 points to /private/var/folders/vc/rgmbpjpj0dbg61vr54xjskc80000gn/T/pytest-of-4d/pytest-1201/test_csv_basic_round_trip0/points.csv
2026-02-25 18:31:54,019 - geo_infer_space.io.point_cloud_io - INFO - Read 50 points from /private/var/folders/vc/rgmbpjpj0dbg61vr54xjskc80000gn/T/pytest-of-4d/pytest-1201/test_csv_basic_round_trip0/points.csv (CSV, columns: ['x', 'y', 'z'])
2026-02-25 18:31:54,019 - geo_infer_space.io.point_cloud_io - INFO - Read 50 points from /private/var/folders/vc/rgmbpjpj0dbg61vr54xjskc80000gn/T/pytest-of-4d/pytest-1201/test_csv_basic_round_trip0/points.csv (CSV, columns: ['x', 'y', 'z'])
2026-02-25 18:31:54,019 - geo_infer_space.io.point_cloud_io - INFO - Read 50 points from /private/var/folders/vc/rgmbpjpj0dbg61vr54xjskc80000gn/T/pytest-of-4d/pytest-1201/test_csv_basic_round_trip0/points.csv (CSV, columns: ['x', 'y', 'z'])
2026-02-25 18:31:54,020 - geo_infer_space.io.point_cloud_io - INFO - Successfully wrote 50 points to /private/var/folders/vc/rgmbpjpj0dbg61vr54xjskc80000gn/T/pytest-of-4d/pytest-1201/test_csv_with_intensities_and_0/full.csv
2026-02-25 18:31:54,020 - geo_infer_space.io.point_cloud_io - INFO - Successfully wrote 50 points to /private/var/folders/vc/rgmbpjpj0dbg61vr54xjskc80000gn/T/pytest-of-4d/pytest-1201/test_csv_with_intensities_and_0/full.csv
2026-02-25 18:31:54,020 - geo_infer_space.io.point_cloud_io - INFO - Successfully wrote 50 points to /private/var/folders/vc/rgmbpjpj0dbg61vr54xjskc80000gn/T/pytest-of-4d/pytest-1201/test_csv_with_intensities_and_0/full.csv
2026-02-25 18:31:54,020 - geo_infer_space.io.point_cloud_io - INFO - Read 50 points from /private/var/folders/vc/rgmbpjpj0dbg61vr54xjskc80000gn/T/pytest-of-4d/pytest-1201/test_csv_with_intensities_and_0/full.csv (CSV, columns: ['x', 'y', 'z', 'intensity', 'classification'])
2026-02-25 18:31:54,020 - geo_infer_space.io.point_cloud_io - INFO - Read 50 points from /private/var/folders/vc/rgmbpjpj0dbg61vr54xjskc80000gn/T/pytest-of-4d/pytest-1201/test_csv_with_intensities_and_0/full.csv (CSV, columns: ['x', 'y', 'z', 'intensity', 'classification'])
2026-02-25 18:31:54,020 - geo_infer_space.io.point_cloud_io - INFO - Read 50 points from /private/var/folders/vc/rgmbpjpj0dbg61vr54xjskc80000gn/T/pytest-of-4d/pytest-1201/test_csv_with_intensities_and_0/full.csv (CSV, columns: ['x', 'y', 'z', 'intensity', 'classification'])
2026-02-25 18:31:54,021 - geo_infer_space.io.point_cloud_io - INFO - Successfully wrote 50 points to /private/var/folders/vc/rgmbpjpj0dbg61vr54xjskc80000gn/T/pytest-of-4d/pytest-1201/test_csv_with_colors0/colored.csv
2026-02-25 18:31:54,021 - geo_infer_space.io.point_cloud_io - INFO - Successfully wrote 50 points to /private/var/folders/vc/rgmbpjpj0dbg61vr54xjskc80000gn/T/pytest-of-4d/pytest-1201/test_csv_with_colors0/colored.csv
2026-02-25 18:31:54,021 - geo_infer_space.io.point_cloud_io - INFO - Successfully wrote 50 points to /private/var/folders/vc/rgmbpjpj0dbg61vr54xjskc80000gn/T/pytest-of-4d/pytest-1201/test_csv_with_colors0/colored.csv
2026-02-25 18:31:54,021 - geo_infer_space.io.point_cloud_io - INFO - Read 50 points from /private/var/folders/vc/rgmbpjpj0dbg61vr54xjskc80000gn/T/pytest-of-4d/pytest-1201/test_csv_with_colors0/colored.csv (CSV, columns: ['x', 'y', 'z', 'red', 'green', 'blue'])
2026-02-25 18:31:54,021 - geo_infer_space.io.point_cloud_io - INFO - Read 50 points from /private/var/folders/vc/rgmbpjpj0dbg61vr54xjskc80000gn/T/pytest-of-4d/pytest-1201/test_csv_with_colors0/colored.csv (CSV, columns: ['x', 'y', 'z', 'red', 'green', 'blue'])
2026-02-25 18:31:54,021 - geo_infer_space.io.point_cloud_io - INFO - Read 50 points from /private/var/folders/vc/rgmbpjpj0dbg61vr54xjskc80000gn/T/pytest-of-4d/pytest-1201/test_csv_with_colors0/colored.csv (CSV, columns: ['x', 'y', 'z', 'red', 'green', 'blue'])
2026-02-25 18:31:54,022 - geo_infer_space.io.point_cloud_io - INFO - Successfully wrote 50 points to /private/var/folders/vc/rgmbpjpj0dbg61vr54xjskc80000gn/T/pytest-of-4d/pytest-1201/test_csv_header_present0/header_check.csv
2026-02-25 18:31:54,022 - geo_infer_space.io.point_cloud_io - INFO - Successfully wrote 50 points to /private/var/folders/vc/rgmbpjpj0dbg61vr54xjskc80000gn/T/pytest-of-4d/pytest-1201/test_csv_header_present0/header_check.csv
2026-02-25 18:31:54,022 - geo_infer_space.io.point_cloud_io - INFO - Successfully wrote 50 points to /private/var/folders/vc/rgmbpjpj0dbg61vr54xjskc80000gn/T/pytest-of-4d/pytest-1201/test_csv_header_present0/header_check.csv
2026-02-25 18:31:54,024 - geo_infer_space.io.point_cloud_io - INFO - Successfully wrote 50 points to /private/var/folders/vc/rgmbpjpj0dbg61vr54xjskc80000gn/T/pytest-of-4d/pytest-1201/test_csv_metadata_includes_hea0/meta.csv
2026-02-25 18:31:54,024 - geo_infer_space.io.point_cloud_io - INFO - Successfully wrote 50 points to /private/var/folders/vc/rgmbpjpj0dbg61vr54xjskc80000gn/T/pytest-of-4d/pytest-1201/test_csv_metadata_includes_hea0/meta.csv
2026-02-25 18:31:54,024 - geo_infer_space.io.point_cloud_io - INFO - Successfully wrote 50 points to /private/var/folders/vc/rgmbpjpj0dbg61vr54xjskc80000gn/T/pytest-of-4d/pytest-1201/test_csv_metadata_includes_hea0/meta.csv
2026-02-25 18:31:54,024 - geo_infer_space.io.point_cloud_io - INFO - Read 50 points from /private/var/folders/vc/rgmbpjpj0dbg61vr54xjskc80000gn/T/pytest-of-4d/pytest-1201/test_csv_metadata_includes_hea0/meta.csv (CSV, columns: ['x', 'y', 'z'])
2026-02-25 18:31:54,024 - geo_infer_space.io.point_cloud_io - INFO - Read 50 points from /private/var/folders/vc/rgmbpjpj0dbg61vr54xjskc80000gn/T/pytest-of-4d/pytest-1201/test_csv_metadata_includes_hea0/meta.csv (CSV, columns: ['x', 'y', 'z'])
2026-02-25 18:31:54,024 - geo_infer_space.io.point_cloud_io - INFO - Read 50 points from /private/var/folders/vc/rgmbpjpj0dbg61vr54xjskc80000gn/T/pytest-of-4d/pytest-1201/test_csv_metadata_includes_hea0/meta.csv (CSV, columns: ['x', 'y', 'z'])
2026-02-25 18:31:54,025 - geo_infer_space.io.point_cloud_io - INFO - Successfully wrote 50 points to /private/var/folders/vc/rgmbpjpj0dbg61vr54xjskc80000gn/T/pytest-of-4d/pytest-1201/test_ply_binary_round_trip0/binary.ply
2026-02-25 18:31:54,025 - geo_infer_space.io.point_cloud_io - INFO - Successfully wrote 50 points to /private/var/folders/vc/rgmbpjpj0dbg61vr54xjskc80000gn/T/pytest-of-4d/pytest-1201/test_ply_binary_round_trip0/binary.ply
2026-02-25 18:31:54,025 - geo_infer_space.io.point_cloud_io - INFO - Successfully wrote 50 points to /private/var/folders/vc/rgmbpjpj0dbg61vr54xjskc80000gn/T/pytest-of-4d/pytest-1201/test_ply_binary_round_trip0/binary.ply
2026-02-25 18:31:54,025 - geo_infer_space.io.point_cloud_io - INFO - Read 50 points from /private/var/folders/vc/rgmbpjpj0dbg61vr54xjskc80000gn/T/pytest-of-4d/pytest-1201/test_ply_binary_round_trip0/binary.ply (PLY binary_little_endian, 3 properties)
2026-02-25 18:31:54,025 - geo_infer_space.io.point_cloud_io - INFO - Read 50 points from /private/var/folders/vc/rgmbpjpj0dbg61vr54xjskc80000gn/T/pytest-of-4d/pytest-1201/test_ply_binary_round_trip0/binary.ply (PLY binary_little_endian, 3 properties)
2026-02-25 18:31:54,025 - geo_infer_space.io.point_cloud_io - INFO - Read 50 points from /private/var/folders/vc/rgmbpjpj0dbg61vr54xjskc80000gn/T/pytest-of-4d/pytest-1201/test_ply_binary_round_trip0/binary.ply (PLY binary_little_endian, 3 properties)
2026-02-25 18:31:54,026 - geo_infer_space.io.point_cloud_io - INFO - Successfully wrote 50 points to /private/var/folders/vc/rgmbpjpj0dbg61vr54xjskc80000gn/T/pytest-of-4d/pytest-1201/test_ply_ascii_round_trip0/ascii.ply
2026-02-25 18:31:54,026 - geo_infer_space.io.point_cloud_io - INFO - Successfully wrote 50 points to /private/var/folders/vc/rgmbpjpj0dbg61vr54xjskc80000gn/T/pytest-of-4d/pytest-1201/test_ply_ascii_round_trip0/ascii.ply
2026-02-25 18:31:54,026 - geo_infer_space.io.point_cloud_io - INFO - Successfully wrote 50 points to /private/var/folders/vc/rgmbpjpj0dbg61vr54xjskc80000gn/T/pytest-of-4d/pytest-1201/test_ply_ascii_round_trip0/ascii.ply
2026-02-25 18:31:54,026 - geo_infer_space.io.point_cloud_io - INFO - Read 50 points from /private/var/folders/vc/rgmbpjpj0dbg61vr54xjskc80000gn/T/pytest-of-4d/pytest-1201/test_ply_ascii_round_trip0/ascii.ply (PLY ascii, 3 properties)
2026-02-25 18:31:54,026 - geo_infer_space.io.point_cloud_io - INFO - Read 50 points from /private/var/folders/vc/rgmbpjpj0dbg61vr54xjskc80000gn/T/pytest-of-4d/pytest-1201/test_ply_ascii_round_trip0/ascii.ply (PLY ascii, 3 properties)
2026-02-25 18:31:54,026 - geo_infer_space.io.point_cloud_io - INFO - Read 50 points from /private/var/folders/vc/rgmbpjpj0dbg61vr54xjskc80000gn/T/pytest-of-4d/pytest-1201/test_ply_ascii_round_trip0/ascii.ply (PLY ascii, 3 properties)
2026-02-25 18:31:54,027 - geo_infer_space.io.point_cloud_io - INFO - Successfully wrote 50 points to /private/var/folders/vc/rgmbpjpj0dbg61vr54xjskc80000gn/T/pytest-of-4d/pytest-1201/test_ply_with_colors0/colored.ply
2026-02-25 18:31:54,027 - geo_infer_space.io.point_cloud_io - INFO - Successfully wrote 50 points to /private/var/folders/vc/rgmbpjpj0dbg61vr54xjskc80000gn/T/pytest-of-4d/pytest-1201/test_ply_with_colors0/colored.ply
2026-02-25 18:31:54,027 - geo_infer_space.io.point_cloud_io - INFO - Successfully wrote 50 points to /private/var/folders/vc/rgmbpjpj0dbg61vr54xjskc80000gn/T/pytest-of-4d/pytest-1201/test_ply_with_colors0/colored.ply
2026-02-25 18:31:54,027 - geo_infer_space.io.point_cloud_io - INFO - Read 50 points from /private/var/folders/vc/rgmbpjpj0dbg61vr54xjskc80000gn/T/pytest-of-4d/pytest-1201/test_ply_with_colors0/colored.ply (PLY binary_little_endian, 6 properties)
2026-02-25 18:31:54,027 - geo_infer_space.io.point_cloud_io - INFO - Read 50 points from /private/var/folders/vc/rgmbpjpj0dbg61vr54xjskc80000gn/T/pytest-of-4d/pytest-1201/test_ply_with_colors0/colored.ply (PLY binary_little_endian, 6 properties)
2026-02-25 18:31:54,027 - geo_infer_space.io.point_cloud_io - INFO - Read 50 points from /private/var/folders/vc/rgmbpjpj0dbg61vr54xjskc80000gn/T/pytest-of-4d/pytest-1201/test_ply_with_colors0/colored.ply (PLY binary_little_endian, 6 properties)
2026-02-25 18:31:54,028 - geo_infer_space.io.point_cloud_io - INFO - Successfully wrote 50 points to /private/var/folders/vc/rgmbpjpj0dbg61vr54xjskc80000gn/T/pytest-of-4d/pytest-1201/test_ply_with_classifications0/classified.ply
2026-02-25 18:31:54,028 - geo_infer_space.io.point_cloud_io - INFO - Successfully wrote 50 points to /private/var/folders/vc/rgmbpjpj0dbg61vr54xjskc80000gn/T/pytest-of-4d/pytest-1201/test_ply_with_classifications0/classified.ply
2026-02-25 18:31:54,028 - geo_infer_space.io.point_cloud_io - INFO - Successfully wrote 50 points to /private/var/folders/vc/rgmbpjpj0dbg61vr54xjskc80000gn/T/pytest-of-4d/pytest-1201/test_ply_with_classifications0/classified.ply
2026-02-25 18:31:54,028 - geo_infer_space.io.point_cloud_io - INFO - Read 50 points from /private/var/folders/vc/rgmbpjpj0dbg61vr54xjskc80000gn/T/pytest-of-4d/pytest-1201/test_ply_with_classifications0/classified.ply (PLY binary_little_endian, 4 properties)
2026-02-25 18:31:54,028 - geo_infer_space.io.point_cloud_io - INFO - Read 50 points from /private/var/folders/vc/rgmbpjpj0dbg61vr54xjskc80000gn/T/pytest-of-4d/pytest-1201/test_ply_with_classifications0/classified.ply (PLY binary_little_endian, 4 properties)
2026-02-25 18:31:54,028 - geo_infer_space.io.point_cloud_io - INFO - Read 50 points from /private/var/folders/vc/rgmbpjpj0dbg61vr54xjskc80000gn/T/pytest-of-4d/pytest-1201/test_ply_with_classifications0/classified.ply (PLY binary_little_endian, 4 properties)
2026-02-25 18:31:54,029 - geo_infer_space.io.point_cloud_io - INFO - Successfully wrote 50 points to /private/var/folders/vc/rgmbpjpj0dbg61vr54xjskc80000gn/T/pytest-of-4d/pytest-1201/test_ply_with_intensities0/intensities.ply
2026-02-25 18:31:54,029 - geo_infer_space.io.point_cloud_io - INFO - Successfully wrote 50 points to /private/var/folders/vc/rgmbpjpj0dbg61vr54xjskc80000gn/T/pytest-of-4d/pytest-1201/test_ply_with_intensities0/intensities.ply
2026-02-25 18:31:54,029 - geo_infer_space.io.point_cloud_io - INFO - Successfully wrote 50 points to /private/var/folders/vc/rgmbpjpj0dbg61vr54xjskc80000gn/T/pytest-of-4d/pytest-1201/test_ply_with_intensities0/intensities.ply
2026-02-25 18:31:54,029 - geo_infer_space.io.point_cloud_io - INFO - Read 50 points from /private/var/folders/vc/rgmbpjpj0dbg61vr54xjskc80000gn/T/pytest-of-4d/pytest-1201/test_ply_with_intensities0/intensities.ply (PLY binary_little_endian, 4 properties)
2026-02-25 18:31:54,029 - geo_infer_space.io.point_cloud_io - INFO - Read 50 points from /private/var/folders/vc/rgmbpjpj0dbg61vr54xjskc80000gn/T/pytest-of-4d/pytest-1201/test_ply_with_intensities0/intensities.ply (PLY binary_little_endian, 4 properties)
2026-02-25 18:31:54,029 - geo_infer_space.io.point_cloud_io - INFO - Read 50 points from /private/var/folders/vc/rgmbpjpj0dbg61vr54xjskc80000gn/T/pytest-of-4d/pytest-1201/test_ply_with_intensities0/intensities.ply (PLY binary_little_endian, 4 properties)
2026-02-25 18:31:54,030 - geo_infer_space.io.point_cloud_io - INFO - Successfully wrote 50 points to /private/var/folders/vc/rgmbpjpj0dbg61vr54xjskc80000gn/T/pytest-of-4d/pytest-1201/test_ply_with_all_attributes0/full.ply
2026-02-25 18:31:54,030 - geo_infer_space.io.point_cloud_io - INFO - Successfully wrote 50 points to /private/var/folders/vc/rgmbpjpj0dbg61vr54xjskc80000gn/T/pytest-of-4d/pytest-1201/test_ply_with_all_attributes0/full.ply
2026-02-25 18:31:54,030 - geo_infer_space.io.point_cloud_io - INFO - Successfully wrote 50 points to /private/var/folders/vc/rgmbpjpj0dbg61vr54xjskc80000gn/T/pytest-of-4d/pytest-1201/test_ply_with_all_attributes0/full.ply
2026-02-25 18:31:54,030 - geo_infer_space.io.point_cloud_io - INFO - Read 50 points from /private/var/folders/vc/rgmbpjpj0dbg61vr54xjskc80000gn/T/pytest-of-4d/pytest-1201/test_ply_with_all_attributes0/full.ply (PLY binary_little_endian, 8 properties)
2026-02-25 18:31:54,030 - geo_infer_space.io.point_cloud_io - INFO - Read 50 points from /private/var/folders/vc/rgmbpjpj0dbg61vr54xjskc80000gn/T/pytest-of-4d/pytest-1201/test_ply_with_all_attributes0/full.ply (PLY binary_little_endian, 8 properties)
2026-02-25 18:31:54,030 - geo_infer_space.io.point_cloud_io - INFO - Read 50 points from /private/var/folders/vc/rgmbpjpj0dbg61vr54xjskc80000gn/T/pytest-of-4d/pytest-1201/test_ply_with_all_attributes0/full.ply (PLY binary_little_endian, 8 properties)
2026-02-25 18:31:54,031 - geo_infer_space.io.point_cloud_io - INFO - Successfully wrote 50 points to /private/var/folders/vc/rgmbpjpj0dbg61vr54xjskc80000gn/T/pytest-of-4d/pytest-1201/test_ply_header_contains_prope0/header_check.ply
2026-02-25 18:31:54,031 - geo_infer_space.io.point_cloud_io - INFO - Successfully wrote 50 points to /private/var/folders/vc/rgmbpjpj0dbg61vr54xjskc80000gn/T/pytest-of-4d/pytest-1201/test_ply_header_contains_prope0/header_check.ply
2026-02-25 18:31:54,031 - geo_infer_space.io.point_cloud_io - INFO - Successfully wrote 50 points to /private/var/folders/vc/rgmbpjpj0dbg61vr54xjskc80000gn/T/pytest-of-4d/pytest-1201/test_ply_header_contains_prope0/header_check.ply
2026-02-25 18:31:54,032 - geo_infer_space.io.point_cloud_io - INFO - Successfully wrote 50 points to /private/var/folders/vc/rgmbpjpj0dbg61vr54xjskc80000gn/T/pytest-of-4d/pytest-1201/test_ply_metadata_bounds0/bounds.ply
2026-02-25 18:31:54,032 - geo_infer_space.io.point_cloud_io - INFO - Successfully wrote 50 points to /private/var/folders/vc/rgmbpjpj0dbg61vr54xjskc80000gn/T/pytest-of-4d/pytest-1201/test_ply_metadata_bounds0/bounds.ply
2026-02-25 18:31:54,032 - geo_infer_space.io.point_cloud_io - INFO - Successfully wrote 50 points to /private/var/folders/vc/rgmbpjpj0dbg61vr54xjskc80000gn/T/pytest-of-4d/pytest-1201/test_ply_metadata_bounds0/bounds.ply
2026-02-25 18:31:54,032 - geo_infer_space.io.point_cloud_io - INFO - Read 50 points from /private/var/folders/vc/rgmbpjpj0dbg61vr54xjskc80000gn/T/pytest-of-4d/pytest-1201/test_ply_metadata_bounds0/bounds.ply (PLY binary_little_endian, 3 properties)
2026-02-25 18:31:54,032 - geo_infer_space.io.point_cloud_io - INFO - Read 50 points from /private/var/folders/vc/rgmbpjpj0dbg61vr54xjskc80000gn/T/pytest-of-4d/pytest-1201/test_ply_metadata_bounds0/bounds.ply (PLY binary_little_endian, 3 properties)
2026-02-25 18:31:54,032 - geo_infer_space.io.point_cloud_io - INFO - Read 50 points from /private/var/folders/vc/rgmbpjpj0dbg61vr54xjskc80000gn/T/pytest-of-4d/pytest-1201/test_ply_metadata_bounds0/bounds.ply (PLY binary_little_endian, 3 properties)
2026-02-25 18:31:54,033 - geo_infer_space.io.point_cloud_io - INFO - Successfully wrote 50 points to /private/var/folders/vc/rgmbpjpj0dbg61vr54xjskc80000gn/T/pytest-of-4d/pytest-1201/test_write_then_read_xyz0/conv.xyz
2026-02-25 18:31:54,033 - geo_infer_space.io.point_cloud_io - INFO - Successfully wrote 50 points to /private/var/folders/vc/rgmbpjpj0dbg61vr54xjskc80000gn/T/pytest-of-4d/pytest-1201/test_write_then_read_xyz0/conv.xyz
2026-02-25 18:31:54,033 - geo_infer_space.io.point_cloud_io - INFO - Successfully wrote 50 points to /private/var/folders/vc/rgmbpjpj0dbg61vr54xjskc80000gn/T/pytest-of-4d/pytest-1201/test_write_then_read_xyz0/conv.xyz
2026-02-25 18:31:54,033 - geo_infer_space.io.point_cloud_io - INFO - Read 50 points from /private/var/folders/vc/rgmbpjpj0dbg61vr54xjskc80000gn/T/pytest-of-4d/pytest-1201/test_write_then_read_xyz0/conv.xyz (XYZ, 3 columns)
2026-02-25 18:31:54,033 - geo_infer_space.io.point_cloud_io - INFO - Read 50 points from /private/var/folders/vc/rgmbpjpj0dbg61vr54xjskc80000gn/T/pytest-of-4d/pytest-1201/test_write_then_read_xyz0/conv.xyz (XYZ, 3 columns)
2026-02-25 18:31:54,033 - geo_infer_space.io.point_cloud_io - INFO - Read 50 points from /private/var/folders/vc/rgmbpjpj0dbg61vr54xjskc80000gn/T/pytest-of-4d/pytest-1201/test_write_then_read_xyz0/conv.xyz (XYZ, 3 columns)
2026-02-25 18:31:54,034 - geo_infer_space.io.point_cloud_io - INFO - Successfully wrote 50 points to /private/var/folders/vc/rgmbpjpj0dbg61vr54xjskc80000gn/T/pytest-of-4d/pytest-1201/test_write_then_read_csv0/conv.csv
2026-02-25 18:31:54,034 - geo_infer_space.io.point_cloud_io - INFO - Successfully wrote 50 points to /private/var/folders/vc/rgmbpjpj0dbg61vr54xjskc80000gn/T/pytest-of-4d/pytest-1201/test_write_then_read_csv0/conv.csv
2026-02-25 18:31:54,034 - geo_infer_space.io.point_cloud_io - INFO - Successfully wrote 50 points to /private/var/folders/vc/rgmbpjpj0dbg61vr54xjskc80000gn/T/pytest-of-4d/pytest-1201/test_write_then_read_csv0/conv.csv
2026-02-25 18:31:54,034 - geo_infer_space.io.point_cloud_io - INFO - Read 50 points from /private/var/folders/vc/rgmbpjpj0dbg61vr54xjskc80000gn/T/pytest-of-4d/pytest-1201/test_write_then_read_csv0/conv.csv (CSV, columns: ['x', 'y', 'z'])
2026-02-25 18:31:54,034 - geo_infer_space.io.point_cloud_io - INFO - Read 50 points from /private/var/folders/vc/rgmbpjpj0dbg61vr54xjskc80000gn/T/pytest-of-4d/pytest-1201/test_write_then_read_csv0/conv.csv (CSV, columns: ['x', 'y', 'z'])
2026-02-25 18:31:54,034 - geo_infer_space.io.point_cloud_io - INFO - Read 50 points from /private/var/folders/vc/rgmbpjpj0dbg61vr54xjskc80000gn/T/pytest-of-4d/pytest-1201/test_write_then_read_csv0/conv.csv (CSV, columns: ['x', 'y', 'z'])
2026-02-25 18:31:54,056 - geo_infer_space.nested.core.nested_grid - WARNING - Failed to update neighbors for cell_0: invalid literal for int() with base 16: 'cell_0'
2026-02-25 18:31:54,056 - geo_infer_space.nested.core.nested_grid - WARNING - Failed to update neighbors for cell_0: invalid literal for int() with base 16: 'cell_0'
2026-02-25 18:31:54,056 - geo_infer_space.nested.core.nested_grid - WARNING - Failed to update neighbors for cell_0: invalid literal for int() with base 16: 'cell_0'
2026-02-25 18:31:54,056 - geo_infer_space.nested.core.nested_grid - WARNING - Failed to update neighbors for cell_0: invalid literal for int() with base 16: 'cell_0'
2026-02-25 18:31:54,056 - geo_infer_space.nested.core.nested_grid - WARNING - Failed to update neighbors for cell_0: invalid literal for int() with base 16: 'cell_0'
2026-02-25 18:31:54,056 - geo_infer_space.nested.core.nested_grid - WARNING - Failed to update neighbors for cell_0: invalid literal for int() with base 16: 'cell_0'
2026-02-25 18:31:54,056 - geo_infer_space.nested.core.nested_grid - WARNING - Failed to update neighbors for cell_1: invalid literal for int() with base 16: 'cell_1'
2026-02-25 18:31:54,056 - geo_infer_space.nested.core.nested_grid - WARNING - Failed to update neighbors for cell_1: invalid literal for int() with base 16: 'cell_1'
2026-02-25 18:31:54,056 - geo_infer_space.nested.core.nested_grid - WARNING - Failed to update neighbors for cell_1: invalid literal for int() with base 16: 'cell_1'
2026-02-25 18:31:54,056 - geo_infer_space.nested.core.nested_grid - WARNING - Failed to update neighbors for cell_1: invalid literal for int() with base 16: 'cell_1'
2026-02-25 18:31:54,056 - geo_infer_space.nested.core.nested_grid - WARNING - Failed to update neighbors for cell_1: invalid literal for int() with base 16: 'cell_1'
2026-02-25 18:31:54,056 - geo_infer_space.nested.core.nested_grid - WARNING - Failed to update neighbors for cell_1: invalid literal for int() with base 16: 'cell_1'
2026-02-25 18:31:54,056 - geo_infer_space.nested.core.nested_grid - WARNING - Failed to update neighbors for cell_2: invalid literal for int() with base 16: 'cell_2'
2026-02-25 18:31:54,056 - geo_infer_space.nested.core.nested_grid - WARNING - Failed to update neighbors for cell_2: invalid literal for int() with base 16: 'cell_2'
2026-02-25 18:31:54,056 - geo_infer_space.nested.core.nested_grid - WARNING - Failed to update neighbors for cell_2: invalid literal for int() with base 16: 'cell_2'
2026-02-25 18:31:54,056 - geo_infer_space.nested.core.nested_grid - WARNING - Failed to update neighbors for cell_2: invalid literal for int() with base 16: 'cell_2'
2026-02-25 18:31:54,056 - geo_infer_space.nested.core.nested_grid - WARNING - Failed to update neighbors for cell_2: invalid literal for int() with base 16: 'cell_2'
2026-02-25 18:31:54,056 - geo_infer_space.nested.core.nested_grid - WARNING - Failed to update neighbors for cell_2: invalid literal for int() with base 16: 'cell_2'
2026-02-25 18:31:54,056 - geo_infer_space.nested.core.nested_grid - WARNING - Failed to update neighbors for cell_3: invalid literal for int() with base 16: 'cell_3'
2026-02-25 18:31:54,056 - geo_infer_space.nested.core.nested_grid - WARNING - Failed to update neighbors for cell_3: invalid literal for int() with base 16: 'cell_3'
2026-02-25 18:31:54,056 - geo_infer_space.nested.core.nested_grid - WARNING - Failed to update neighbors for cell_3: invalid literal for int() with base 16: 'cell_3'
2026-02-25 18:31:54,056 - geo_infer_space.nested.core.nested_grid - WARNING - Failed to update neighbors for cell_3: invalid literal for int() with base 16: 'cell_3'
2026-02-25 18:31:54,056 - geo_infer_space.nested.core.nested_grid - WARNING - Failed to update neighbors for cell_3: invalid literal for int() with base 16: 'cell_3'
2026-02-25 18:31:54,056 - geo_infer_space.nested.core.nested_grid - WARNING - Failed to update neighbors for cell_3: invalid literal for int() with base 16: 'cell_3'
2026-02-25 18:31:54,057 - geo_infer_space.nested.core.nested_grid - WARNING - Failed to update neighbors for cell_4: invalid literal for int() with base 16: 'cell_4'
2026-02-25 18:31:54,057 - geo_infer_space.nested.core.nested_grid - WARNING - Failed to update neighbors for cell_4: invalid literal for int() with base 16: 'cell_4'
2026-02-25 18:31:54,057 - geo_infer_space.nested.core.nested_grid - WARNING - Failed to update neighbors for cell_4: invalid literal for int() with base 16: 'cell_4'
2026-02-25 18:31:54,057 - geo_infer_space.nested.core.nested_grid - WARNING - Failed to update neighbors for cell_4: invalid literal for int() with base 16: 'cell_4'
2026-02-25 18:31:54,057 - geo_infer_space.nested.core.nested_grid - WARNING - Failed to update neighbors for cell_4: invalid literal for int() with base 16: 'cell_4'
2026-02-25 18:31:54,057 - geo_infer_space.nested.core.nested_grid - WARNING - Failed to update neighbors for cell_4: invalid literal for int() with base 16: 'cell_4'
2026-02-25 18:31:54,057 - geo_infer_space.nested.core.nested_grid - WARNING - Failed to update neighbors for cell_5: invalid literal for int() with base 16: 'cell_5'
2026-02-25 18:31:54,057 - geo_infer_space.nested.core.nested_grid - WARNING - Failed to update neighbors for cell_5: invalid literal for int() with base 16: 'cell_5'
2026-02-25 18:31:54,057 - geo_infer_space.nested.core.nested_grid - WARNING - Failed to update neighbors for cell_5: invalid literal for int() with base 16: 'cell_5'
2026-02-25 18:31:54,057 - geo_infer_space.nested.core.nested_grid - WARNING - Failed to update neighbors for cell_5: invalid literal for int() with base 16: 'cell_5'
2026-02-25 18:31:54,057 - geo_infer_space.nested.core.nested_grid - WARNING - Failed to update neighbors for cell_5: invalid literal for int() with base 16: 'cell_5'
2026-02-25 18:31:54,057 - geo_infer_space.nested.core.nested_grid - WARNING - Failed to update neighbors for cell_5: invalid literal for int() with base 16: 'cell_5'
2026-02-25 18:31:54,057 - geo_infer_space.nested.core.nested_grid - WARNING - Failed to update neighbors for cell_6: invalid literal for int() with base 16: 'cell_6'
2026-02-25 18:31:54,057 - geo_infer_space.nested.core.nested_grid - WARNING - Failed to update neighbors for cell_6: invalid literal for int() with base 16: 'cell_6'
2026-02-25 18:31:54,057 - geo_infer_space.nested.core.nested_grid - WARNING - Failed to update neighbors for cell_6: invalid literal for int() with base 16: 'cell_6'
2026-02-25 18:31:54,057 - geo_infer_space.nested.core.nested_grid - WARNING - Failed to update neighbors for cell_6: invalid literal for int() with base 16: 'cell_6'
2026-02-25 18:31:54,057 - geo_infer_space.nested.core.nested_grid - WARNING - Failed to update neighbors for cell_6: invalid literal for int() with base 16: 'cell_6'
2026-02-25 18:31:54,057 - geo_infer_space.nested.core.nested_grid - WARNING - Failed to update neighbors for cell_6: invalid literal for int() with base 16: 'cell_6'
2026-02-25 18:31:54,057 - geo_infer_space.nested.core.nested_grid - WARNING - Failed to update neighbors for cell_7: invalid literal for int() with base 16: 'cell_7'
2026-02-25 18:31:54,057 - geo_infer_space.nested.core.nested_grid - WARNING - Failed to update neighbors for cell_7: invalid literal for int() with base 16: 'cell_7'
2026-02-25 18:31:54,057 - geo_infer_space.nested.core.nested_grid - WARNING - Failed to update neighbors for cell_7: invalid literal for int() with base 16: 'cell_7'
2026-02-25 18:31:54,057 - geo_infer_space.nested.core.nested_grid - WARNING - Failed to update neighbors for cell_7: invalid literal for int() with base 16: 'cell_7'
2026-02-25 18:31:54,057 - geo_infer_space.nested.core.nested_grid - WARNING - Failed to update neighbors for cell_7: invalid literal for int() with base 16: 'cell_7'
2026-02-25 18:31:54,057 - geo_infer_space.nested.core.nested_grid - WARNING - Failed to update neighbors for cell_7: invalid literal for int() with base 16: 'cell_7'
2026-02-25 18:31:54,057 - geo_infer_space.nested.core.nested_grid - WARNING - Failed to update neighbors for cell_8: invalid literal for int() with base 16: 'cell_8'
2026-02-25 18:31:54,057 - geo_infer_space.nested.core.nested_grid - WARNING - Failed to update neighbors for cell_8: invalid literal for int() with base 16: 'cell_8'
2026-02-25 18:31:54,057 - geo_infer_space.nested.core.nested_grid - WARNING - Failed to update neighbors for cell_8: invalid literal for int() with base 16: 'cell_8'
2026-02-25 18:31:54,057 - geo_infer_space.nested.core.nested_grid - WARNING - Failed to update neighbors for cell_8: invalid literal for int() with base 16: 'cell_8'
2026-02-25 18:31:54,057 - geo_infer_space.nested.core.nested_grid - WARNING - Failed to update neighbors for cell_8: invalid literal for int() with base 16: 'cell_8'
2026-02-25 18:31:54,057 - geo_infer_space.nested.core.nested_grid - WARNING - Failed to update neighbors for cell_8: invalid literal for int() with base 16: 'cell_8'
2026-02-25 18:31:54,057 - geo_infer_space.nested.core.nested_grid - WARNING - Failed to update neighbors for cell_9: invalid literal for int() with base 16: 'cell_9'
2026-02-25 18:31:54,057 - geo_infer_space.nested.core.nested_grid - WARNING - Failed to update neighbors for cell_9: invalid literal for int() with base 16: 'cell_9'
2026-02-25 18:31:54,057 - geo_infer_space.nested.core.nested_grid - WARNING - Failed to update neighbors for cell_9: invalid literal for int() with base 16: 'cell_9'
2026-02-25 18:31:54,057 - geo_infer_space.nested.core.nested_grid - WARNING - Failed to update neighbors for cell_9: invalid literal for int() with base 16: 'cell_9'
2026-02-25 18:31:54,057 - geo_infer_space.nested.core.nested_grid - WARNING - Failed to update neighbors for cell_9: invalid literal for int() with base 16: 'cell_9'
2026-02-25 18:31:54,057 - geo_infer_space.nested.core.nested_grid - WARNING - Failed to update neighbors for cell_9: invalid literal for int() with base 16: 'cell_9'
2026-02-25 18:31:54,062 - geo_infer_space.nested.core.nested_grid - WARNING - Failed to update neighbors for cell_00: invalid literal for int() with base 16: 'cell_00'
2026-02-25 18:31:54,062 - geo_infer_space.nested.core.nested_grid - WARNING - Failed to update neighbors for cell_00: invalid literal for int() with base 16: 'cell_00'
2026-02-25 18:31:54,062 - geo_infer_space.nested.core.nested_grid - WARNING - Failed to update neighbors for cell_00: invalid literal for int() with base 16: 'cell_00'
2026-02-25 18:31:54,062 - geo_infer_space.nested.core.nested_grid - WARNING - Failed to update neighbors for cell_00: invalid literal for int() with base 16: 'cell_00'
2026-02-25 18:31:54,062 - geo_infer_space.nested.core.nested_grid - WARNING - Failed to update neighbors for cell_00: invalid literal for int() with base 16: 'cell_00'
2026-02-25 18:31:54,062 - geo_infer_space.nested.core.nested_grid - WARNING - Failed to update neighbors for cell_00: invalid literal for int() with base 16: 'cell_00'
2026-02-25 18:31:54,062 - geo_infer_space.nested.core.nested_grid - WARNING - Failed to update neighbors for cell_01: invalid literal for int() with base 16: 'cell_01'
2026-02-25 18:31:54,062 - geo_infer_space.nested.core.nested_grid - WARNING - Failed to update neighbors for cell_01: invalid literal for int() with base 16: 'cell_01'
2026-02-25 18:31:54,062 - geo_infer_space.nested.core.nested_grid - WARNING - Failed to update neighbors for cell_01: invalid literal for int() with base 16: 'cell_01'
2026-02-25 18:31:54,062 - geo_infer_space.nested.core.nested_grid - WARNING - Failed to update neighbors for cell_01: invalid literal for int() with base 16: 'cell_01'
2026-02-25 18:31:54,062 - geo_infer_space.nested.core.nested_grid - WARNING - Failed to update neighbors for cell_01: invalid literal for int() with base 16: 'cell_01'
2026-02-25 18:31:54,062 - geo_infer_space.nested.core.nested_grid - WARNING - Failed to update neighbors for cell_01: invalid literal for int() with base 16: 'cell_01'
2026-02-25 18:31:54,062 - geo_infer_space.nested.core.nested_grid - WARNING - Failed to update neighbors for cell_02: invalid literal for int() with base 16: 'cell_02'
2026-02-25 18:31:54,062 - geo_infer_space.nested.core.nested_grid - WARNING - Failed to update neighbors for cell_02: invalid literal for int() with base 16: 'cell_02'
2026-02-25 18:31:54,062 - geo_infer_space.nested.core.nested_grid - WARNING - Failed to update neighbors for cell_02: invalid literal for int() with base 16: 'cell_02'
2026-02-25 18:31:54,062 - geo_infer_space.nested.core.nested_grid - WARNING - Failed to update neighbors for cell_02: invalid literal for int() with base 16: 'cell_02'
2026-02-25 18:31:54,062 - geo_infer_space.nested.core.nested_grid - WARNING - Failed to update neighbors for cell_02: invalid literal for int() with base 16: 'cell_02'
2026-02-25 18:31:54,062 - geo_infer_space.nested.core.nested_grid - WARNING - Failed to update neighbors for cell_02: invalid literal for int() with base 16: 'cell_02'
2026-02-25 18:31:54,062 - geo_infer_space.nested.core.nested_grid - WARNING - Failed to update neighbors for cell_03: invalid literal for int() with base 16: 'cell_03'
2026-02-25 18:31:54,062 - geo_infer_space.nested.core.nested_grid - WARNING - Failed to update neighbors for cell_03: invalid literal for int() with base 16: 'cell_03'
2026-02-25 18:31:54,062 - geo_infer_space.nested.core.nested_grid - WARNING - Failed to update neighbors for cell_03: invalid literal for int() with base 16: 'cell_03'
2026-02-25 18:31:54,062 - geo_infer_space.nested.core.nested_grid - WARNING - Failed to update neighbors for cell_03: invalid literal for int() with base 16: 'cell_03'
2026-02-25 18:31:54,062 - geo_infer_space.nested.core.nested_grid - WARNING - Failed to update neighbors for cell_03: invalid literal for int() with base 16: 'cell_03'
2026-02-25 18:31:54,062 - geo_infer_space.nested.core.nested_grid - WARNING - Failed to update neighbors for cell_03: invalid literal for int() with base 16: 'cell_03'
2026-02-25 18:31:54,063 - geo_infer_space.nested.core.nested_grid - WARNING - Failed to update neighbors for cell_04: invalid literal for int() with base 16: 'cell_04'
2026-02-25 18:31:54,063 - geo_infer_space.nested.core.nested_grid - WARNING - Failed to update neighbors for cell_04: invalid literal for int() with base 16: 'cell_04'
2026-02-25 18:31:54,063 - geo_infer_space.nested.core.nested_grid - WARNING - Failed to update neighbors for cell_04: invalid literal for int() with base 16: 'cell_04'
2026-02-25 18:31:54,063 - geo_infer_space.nested.core.nested_grid - WARNING - Failed to update neighbors for cell_04: invalid literal for int() with base 16: 'cell_04'
2026-02-25 18:31:54,063 - geo_infer_space.nested.core.nested_grid - WARNING - Failed to update neighbors for cell_04: invalid literal for int() with base 16: 'cell_04'
2026-02-25 18:31:54,063 - geo_infer_space.nested.core.nested_grid - WARNING - Failed to update neighbors for cell_04: invalid literal for int() with base 16: 'cell_04'
2026-02-25 18:31:54,063 - geo_infer_space.nested.core.nested_grid - WARNING - Failed to update neighbors for cell_05: invalid literal for int() with base 16: 'cell_05'
2026-02-25 18:31:54,063 - geo_infer_space.nested.core.nested_grid - WARNING - Failed to update neighbors for cell_05: invalid literal for int() with base 16: 'cell_05'
2026-02-25 18:31:54,063 - geo_infer_space.nested.core.nested_grid - WARNING - Failed to update neighbors for cell_05: invalid literal for int() with base 16: 'cell_05'
2026-02-25 18:31:54,063 - geo_infer_space.nested.core.nested_grid - WARNING - Failed to update neighbors for cell_05: invalid literal for int() with base 16: 'cell_05'
2026-02-25 18:31:54,063 - geo_infer_space.nested.core.nested_grid - WARNING - Failed to update neighbors for cell_05: invalid literal for int() with base 16: 'cell_05'
2026-02-25 18:31:54,063 - geo_infer_space.nested.core.nested_grid - WARNING - Failed to update neighbors for cell_05: invalid literal for int() with base 16: 'cell_05'
2026-02-25 18:31:54,063 - geo_infer_space.nested.core.nested_grid - WARNING - Failed to update neighbors for cell_06: invalid literal for int() with base 16: 'cell_06'
2026-02-25 18:31:54,063 - geo_infer_space.nested.core.nested_grid - WARNING - Failed to update neighbors for cell_06: invalid literal for int() with base 16: 'cell_06'
2026-02-25 18:31:54,063 - geo_infer_space.nested.core.nested_grid - WARNING - Failed to update neighbors for cell_06: invalid literal for int() with base 16: 'cell_06'
2026-02-25 18:31:54,063 - geo_infer_space.nested.core.nested_grid - WARNING - Failed to update neighbors for cell_06: invalid literal for int() with base 16: 'cell_06'
2026-02-25 18:31:54,063 - geo_infer_space.nested.core.nested_grid - WARNING - Failed to update neighbors for cell_06: invalid literal for int() with base 16: 'cell_06'
2026-02-25 18:31:54,063 - geo_infer_space.nested.core.nested_grid - WARNING - Failed to update neighbors for cell_06: invalid literal for int() with base 16: 'cell_06'
2026-02-25 18:31:54,063 - geo_infer_space.nested.core.nested_grid - WARNING - Failed to update neighbors for cell_07: invalid literal for int() with base 16: 'cell_07'
2026-02-25 18:31:54,063 - geo_infer_space.nested.core.nested_grid - WARNING - Failed to update neighbors for cell_07: invalid literal for int() with base 16: 'cell_07'
2026-02-25 18:31:54,063 - geo_infer_space.nested.core.nested_grid - WARNING - Failed to update neighbors for cell_07: invalid literal for int() with base 16: 'cell_07'
2026-02-25 18:31:54,063 - geo_infer_space.nested.core.nested_grid - WARNING - Failed to update neighbors for cell_07: invalid literal for int() with base 16: 'cell_07'
2026-02-25 18:31:54,063 - geo_infer_space.nested.core.nested_grid - WARNING - Failed to update neighbors for cell_07: invalid literal for int() with base 16: 'cell_07'
2026-02-25 18:31:54,063 - geo_infer_space.nested.core.nested_grid - WARNING - Failed to update neighbors for cell_07: invalid literal for int() with base 16: 'cell_07'
2026-02-25 18:31:54,063 - geo_infer_space.nested.core.nested_grid - WARNING - Failed to update neighbors for cell_08: invalid literal for int() with base 16: 'cell_08'
2026-02-25 18:31:54,063 - geo_infer_space.nested.core.nested_grid - WARNING - Failed to update neighbors for cell_08: invalid literal for int() with base 16: 'cell_08'
2026-02-25 18:31:54,063 - geo_infer_space.nested.core.nested_grid - WARNING - Failed to update neighbors for cell_08: invalid literal for int() with base 16: 'cell_08'
2026-02-25 18:31:54,063 - geo_infer_space.nested.core.nested_grid - WARNING - Failed to update neighbors for cell_08: invalid literal for int() with base 16: 'cell_08'
2026-02-25 18:31:54,063 - geo_infer_space.nested.core.nested_grid - WARNING - Failed to update neighbors for cell_08: invalid literal for int() with base 16: 'cell_08'
2026-02-25 18:31:54,063 - geo_infer_space.nested.core.nested_grid - WARNING - Failed to update neighbors for cell_08: invalid literal for int() with base 16: 'cell_08'
2026-02-25 18:31:54,063 - geo_infer_space.nested.core.nested_grid - WARNING - Failed to update neighbors for cell_09: invalid literal for int() with base 16: 'cell_09'
2026-02-25 18:31:54,063 - geo_infer_space.nested.core.nested_grid - WARNING - Failed to update neighbors for cell_09: invalid literal for int() with base 16: 'cell_09'
2026-02-25 18:31:54,063 - geo_infer_space.nested.core.nested_grid - WARNING - Failed to update neighbors for cell_09: invalid literal for int() with base 16: 'cell_09'
2026-02-25 18:31:54,063 - geo_infer_space.nested.core.nested_grid - WARNING - Failed to update neighbors for cell_09: invalid literal for int() with base 16: 'cell_09'
2026-02-25 18:31:54,063 - geo_infer_space.nested.core.nested_grid - WARNING - Failed to update neighbors for cell_09: invalid literal for int() with base 16: 'cell_09'
2026-02-25 18:31:54,063 - geo_infer_space.nested.core.nested_grid - WARNING - Failed to update neighbors for cell_09: invalid literal for int() with base 16: 'cell_09'
2026-02-25 18:31:54,063 - geo_infer_space.nested.core.nested_grid - WARNING - Failed to update neighbors for cell_10: invalid literal for int() with base 16: 'cell_10'
2026-02-25 18:31:54,063 - geo_infer_space.nested.core.nested_grid - WARNING - Failed to update neighbors for cell_10: invalid literal for int() with base 16: 'cell_10'
2026-02-25 18:31:54,063 - geo_infer_space.nested.core.nested_grid - WARNING - Failed to update neighbors for cell_10: invalid literal for int() with base 16: 'cell_10'
2026-02-25 18:31:54,063 - geo_infer_space.nested.core.nested_grid - WARNING - Failed to update neighbors for cell_10: invalid literal for int() with base 16: 'cell_10'
2026-02-25 18:31:54,063 - geo_infer_space.nested.core.nested_grid - WARNING - Failed to update neighbors for cell_10: invalid literal for int() with base 16: 'cell_10'
2026-02-25 18:31:54,063 - geo_infer_space.nested.core.nested_grid - WARNING - Failed to update neighbors for cell_10: invalid literal for int() with base 16: 'cell_10'
2026-02-25 18:31:54,063 - geo_infer_space.nested.core.nested_grid - WARNING - Failed to update neighbors for cell_11: invalid literal for int() with base 16: 'cell_11'
2026-02-25 18:31:54,063 - geo_infer_space.nested.core.nested_grid - WARNING - Failed to update neighbors for cell_11: invalid literal for int() with base 16: 'cell_11'
2026-02-25 18:31:54,063 - geo_infer_space.nested.core.nested_grid - WARNING - Failed to update neighbors for cell_11: invalid literal for int() with base 16: 'cell_11'
2026-02-25 18:31:54,063 - geo_infer_space.nested.core.nested_grid - WARNING - Failed to update neighbors for cell_11: invalid literal for int() with base 16: 'cell_11'
2026-02-25 18:31:54,063 - geo_infer_space.nested.core.nested_grid - WARNING - Failed to update neighbors for cell_11: invalid literal for int() with base 16: 'cell_11'
2026-02-25 18:31:54,063 - geo_infer_space.nested.core.nested_grid - WARNING - Failed to update neighbors for cell_11: invalid literal for int() with base 16: 'cell_11'
2026-02-25 18:31:54,063 - geo_infer_space.nested.core.nested_grid - WARNING - Failed to update neighbors for cell_12: invalid literal for int() with base 16: 'cell_12'
2026-02-25 18:31:54,063 - geo_infer_space.nested.core.nested_grid - WARNING - Failed to update neighbors for cell_12: invalid literal for int() with base 16: 'cell_12'
2026-02-25 18:31:54,063 - geo_infer_space.nested.core.nested_grid - WARNING - Failed to update neighbors for cell_12: invalid literal for int() with base 16: 'cell_12'
2026-02-25 18:31:54,063 - geo_infer_space.nested.core.nested_grid - WARNING - Failed to update neighbors for cell_12: invalid literal for int() with base 16: 'cell_12'
2026-02-25 18:31:54,063 - geo_infer_space.nested.core.nested_grid - WARNING - Failed to update neighbors for cell_12: invalid literal for int() with base 16: 'cell_12'
2026-02-25 18:31:54,063 - geo_infer_space.nested.core.nested_grid - WARNING - Failed to update neighbors for cell_12: invalid literal for int() with base 16: 'cell_12'
2026-02-25 18:31:54,063 - geo_infer_space.nested.core.nested_grid - WARNING - Failed to update neighbors for cell_13: invalid literal for int() with base 16: 'cell_13'
2026-02-25 18:31:54,063 - geo_infer_space.nested.core.nested_grid - WARNING - Failed to update neighbors for cell_13: invalid literal for int() with base 16: 'cell_13'
2026-02-25 18:31:54,063 - geo_infer_space.nested.core.nested_grid - WARNING - Failed to update neighbors for cell_13: invalid literal for int() with base 16: 'cell_13'
2026-02-25 18:31:54,063 - geo_infer_space.nested.core.nested_grid - WARNING - Failed to update neighbors for cell_13: invalid literal for int() with base 16: 'cell_13'
2026-02-25 18:31:54,063 - geo_infer_space.nested.core.nested_grid - WARNING - Failed to update neighbors for cell_13: invalid literal for int() with base 16: 'cell_13'
2026-02-25 18:31:54,063 - geo_infer_space.nested.core.nested_grid - WARNING - Failed to update neighbors for cell_13: invalid literal for int() with base 16: 'cell_13'
2026-02-25 18:31:54,064 - geo_infer_space.nested.core.nested_grid - WARNING - Failed to update neighbors for cell_14: invalid literal for int() with base 16: 'cell_14'
2026-02-25 18:31:54,064 - geo_infer_space.nested.core.nested_grid - WARNING - Failed to update neighbors for cell_14: invalid literal for int() with base 16: 'cell_14'
2026-02-25 18:31:54,064 - geo_infer_space.nested.core.nested_grid - WARNING - Failed to update neighbors for cell_14: invalid literal for int() with base 16: 'cell_14'
2026-02-25 18:31:54,064 - geo_infer_space.nested.core.nested_grid - WARNING - Failed to update neighbors for cell_14: invalid literal for int() with base 16: 'cell_14'
2026-02-25 18:31:54,064 - geo_infer_space.nested.core.nested_grid - WARNING - Failed to update neighbors for cell_14: invalid literal for int() with base 16: 'cell_14'
2026-02-25 18:31:54,064 - geo_infer_space.nested.core.nested_grid - WARNING - Failed to update neighbors for cell_14: invalid literal for int() with base 16: 'cell_14'
2026-02-25 18:31:54,064 - geo_infer_space.nested.core.nested_grid - WARNING - Failed to update neighbors for cell_15: invalid literal for int() with base 16: 'cell_15'
2026-02-25 18:31:54,064 - geo_infer_space.nested.core.nested_grid - WARNING - Failed to update neighbors for cell_15: invalid literal for int() with base 16: 'cell_15'
2026-02-25 18:31:54,064 - geo_infer_space.nested.core.nested_grid - WARNING - Failed to update neighbors for cell_15: invalid literal for int() with base 16: 'cell_15'
2026-02-25 18:31:54,064 - geo_infer_space.nested.core.nested_grid - WARNING - Failed to update neighbors for cell_15: invalid literal for int() with base 16: 'cell_15'
2026-02-25 18:31:54,064 - geo_infer_space.nested.core.nested_grid - WARNING - Failed to update neighbors for cell_15: invalid literal for int() with base 16: 'cell_15'
2026-02-25 18:31:54,064 - geo_infer_space.nested.core.nested_grid - WARNING - Failed to update neighbors for cell_15: invalid literal for int() with base 16: 'cell_15'
2026-02-25 18:31:54,064 - geo_infer_space.nested.core.nested_grid - WARNING - Failed to update neighbors for cell_16: invalid literal for int() with base 16: 'cell_16'
2026-02-25 18:31:54,064 - geo_infer_space.nested.core.nested_grid - WARNING - Failed to update neighbors for cell_16: invalid literal for int() with base 16: 'cell_16'
2026-02-25 18:31:54,064 - geo_infer_space.nested.core.nested_grid - WARNING - Failed to update neighbors for cell_16: invalid literal for int() with base 16: 'cell_16'
2026-02-25 18:31:54,064 - geo_infer_space.nested.core.nested_grid - WARNING - Failed to update neighbors for cell_16: invalid literal for int() with base 16: 'cell_16'
2026-02-25 18:31:54,064 - geo_infer_space.nested.core.nested_grid - WARNING - Failed to update neighbors for cell_16: invalid literal for int() with base 16: 'cell_16'
2026-02-25 18:31:54,064 - geo_infer_space.nested.core.nested_grid - WARNING - Failed to update neighbors for cell_16: invalid literal for int() with base 16: 'cell_16'
2026-02-25 18:31:54,064 - geo_infer_space.nested.core.nested_grid - WARNING - Failed to update neighbors for cell_17: invalid literal for int() with base 16: 'cell_17'
2026-02-25 18:31:54,064 - geo_infer_space.nested.core.nested_grid - WARNING - Failed to update neighbors for cell_17: invalid literal for int() with base 16: 'cell_17'
2026-02-25 18:31:54,064 - geo_infer_space.nested.core.nested_grid - WARNING - Failed to update neighbors for cell_17: invalid literal for int() with base 16: 'cell_17'
2026-02-25 18:31:54,064 - geo_infer_space.nested.core.nested_grid - WARNING - Failed to update neighbors for cell_17: invalid literal for int() with base 16: 'cell_17'
2026-02-25 18:31:54,064 - geo_infer_space.nested.core.nested_grid - WARNING - Failed to update neighbors for cell_17: invalid literal for int() with base 16: 'cell_17'
2026-02-25 18:31:54,064 - geo_infer_space.nested.core.nested_grid - WARNING - Failed to update neighbors for cell_17: invalid literal for int() with base 16: 'cell_17'
2026-02-25 18:31:54,064 - geo_infer_space.nested.core.nested_grid - WARNING - Failed to update neighbors for cell_18: invalid literal for int() with base 16: 'cell_18'
2026-02-25 18:31:54,064 - geo_infer_space.nested.core.nested_grid - WARNING - Failed to update neighbors for cell_18: invalid literal for int() with base 16: 'cell_18'
2026-02-25 18:31:54,064 - geo_infer_space.nested.core.nested_grid - WARNING - Failed to update neighbors for cell_18: invalid literal for int() with base 16: 'cell_18'
2026-02-25 18:31:54,064 - geo_infer_space.nested.core.nested_grid - WARNING - Failed to update neighbors for cell_18: invalid literal for int() with base 16: 'cell_18'
2026-02-25 18:31:54,064 - geo_infer_space.nested.core.nested_grid - WARNING - Failed to update neighbors for cell_18: invalid literal for int() with base 16: 'cell_18'
2026-02-25 18:31:54,064 - geo_infer_space.nested.core.nested_grid - WARNING - Failed to update neighbors for cell_18: invalid literal for int() with base 16: 'cell_18'
2026-02-25 18:31:54,064 - geo_infer_space.nested.core.nested_grid - WARNING - Failed to update neighbors for cell_19: invalid literal for int() with base 16: 'cell_19'
2026-02-25 18:31:54,064 - geo_infer_space.nested.core.nested_grid - WARNING - Failed to update neighbors for cell_19: invalid literal for int() with base 16: 'cell_19'
2026-02-25 18:31:54,064 - geo_infer_space.nested.core.nested_grid - WARNING - Failed to update neighbors for cell_19: invalid literal for int() with base 16: 'cell_19'
2026-02-25 18:31:54,064 - geo_infer_space.nested.core.nested_grid - WARNING - Failed to update neighbors for cell_19: invalid literal for int() with base 16: 'cell_19'
2026-02-25 18:31:54,064 - geo_infer_space.nested.core.nested_grid - WARNING - Failed to update neighbors for cell_19: invalid literal for int() with base 16: 'cell_19'
2026-02-25 18:31:54,064 - geo_infer_space.nested.core.nested_grid - WARNING - Failed to update neighbors for cell_19: invalid literal for int() with base 16: 'cell_19'
2026-02-25 18:31:54,064 - geo_infer_space.nested.operations.lumping - WARNING - Failed to calculate compactness for lump lump_attribute_no_attribute: invalid literal for int() with base 16: 'cell_00'
2026-02-25 18:31:54,064 - geo_infer_space.nested.operations.lumping - WARNING - Failed to calculate compactness for lump lump_attribute_no_attribute: invalid literal for int() with base 16: 'cell_00'
2026-02-25 18:31:54,064 - geo_infer_space.nested.operations.lumping - WARNING - Failed to calculate compactness for lump lump_attribute_no_attribute: invalid literal for int() with base 16: 'cell_00'
2026-02-25 18:31:54,067 - geo_infer_space.backends.h3.h3_backend - INFO - H3 library v4.3.0 loaded successfully
2026-02-25 18:31:54,067 - geo_infer_space.backends.h3.h3_backend - INFO - H3 library v4.3.0 loaded successfully
2026-02-25 18:31:54,067 - geo_infer_space.backends.h3.h3_backend - INFO - H3 library v4.3.0 loaded successfully
2026-02-25 18:31:54,067 - geo_infer_space.core.dispatcher - INFO - Registered spatial backend: h3
2026-02-25 18:31:54,067 - geo_infer_space.core.dispatcher - INFO - Registered spatial backend: h3
2026-02-25 18:31:54,067 - geo_infer_space.core.dispatcher - INFO - Registered spatial backend: h3
2026-02-25 18:31:54,067 - geo_infer_space.core.dispatcher - INFO - H3 backend loaded successfully
2026-02-25 18:31:54,067 - geo_infer_space.core.dispatcher - INFO - H3 backend loaded successfully
2026-02-25 18:31:54,067 - geo_infer_space.core.dispatcher - INFO - H3 backend loaded successfully
2026-02-25 18:31:54,067 - geo_infer_space.backends.srai.srai_backend - WARNING - SRAI backend initialized but library is not available
2026-02-25 18:31:54,067 - geo_infer_space.backends.srai.srai_backend - WARNING - SRAI backend initialized but library is not available
2026-02-25 18:31:54,067 - geo_infer_space.backends.srai.srai_backend - WARNING - SRAI backend initialized but library is not available
2026-02-25 18:31:54,067 - geo_infer_space.core.dispatcher - INFO - Registered spatial backend: srai
2026-02-25 18:31:54,067 - geo_infer_space.core.dispatcher - INFO - Registered spatial backend: srai
2026-02-25 18:31:54,067 - geo_infer_space.core.dispatcher - INFO - Registered spatial backend: srai
2026-02-25 18:31:54,067 - geo_infer_space.core.dispatcher - INFO - SRAI backend loaded successfully
2026-02-25 18:31:54,067 - geo_infer_space.core.dispatcher - INFO - SRAI backend loaded successfully
2026-02-25 18:31:54,067 - geo_infer_space.core.dispatcher - INFO - SRAI backend loaded successfully
2026-02-25 18:31:54,067 - geo_infer_space.core.statistics - INFO - Calculating Moran's I for 13 observations with queen weights
2026-02-25 18:31:54,067 - geo_infer_space.core.statistics - INFO - Calculating Moran's I for 13 observations with queen weights
2026-02-25 18:31:54,067 - geo_infer_space.core.statistics - INFO - Calculating Moran's I for 13 observations with queen weights
2026-02-25 18:31:54,068 - geo_infer_space.backends.h3.h3_backend - INFO - H3 library v4.3.0 loaded successfully
2026-02-25 18:31:54,068 - geo_infer_space.backends.h3.h3_backend - INFO - H3 library v4.3.0 loaded successfully
2026-02-25 18:31:54,068 - geo_infer_space.backends.h3.h3_backend - INFO - H3 library v4.3.0 loaded successfully
2026-02-25 18:31:54,068 - geo_infer_space.core.dispatcher - INFO - Registered spatial backend: h3
2026-02-25 18:31:54,068 - geo_infer_space.core.dispatcher - INFO - Registered spatial backend: h3
2026-02-25 18:31:54,068 - geo_infer_space.core.dispatcher - INFO - Registered spatial backend: h3
2026-02-25 18:31:54,068 - geo_infer_space.core.dispatcher - INFO - H3 backend loaded successfully
2026-02-25 18:31:54,068 - geo_infer_space.core.dispatcher - INFO - H3 backend loaded successfully
2026-02-25 18:31:54,068 - geo_infer_space.core.dispatcher - INFO - H3 backend loaded successfully
2026-02-25 18:31:54,068 - geo_infer_space.backends.srai.srai_backend - WARNING - SRAI backend initialized but library is not available
2026-02-25 18:31:54,068 - geo_infer_space.backends.srai.srai_backend - WARNING - SRAI backend initialized but library is not available
2026-02-25 18:31:54,068 - geo_infer_space.backends.srai.srai_backend - WARNING - SRAI backend initialized but library is not available
2026-02-25 18:31:54,068 - geo_infer_space.core.dispatcher - INFO - Registered spatial backend: srai
2026-02-25 18:31:54,068 - geo_infer_space.core.dispatcher - INFO - Registered spatial backend: srai
2026-02-25 18:31:54,068 - geo_infer_space.core.dispatcher - INFO - Registered spatial backend: srai
2026-02-25 18:31:54,069 - geo_infer_space.core.dispatcher - INFO - SRAI backend loaded successfully
2026-02-25 18:31:54,069 - geo_infer_space.core.dispatcher - INFO - SRAI backend loaded successfully
2026-02-25 18:31:54,069 - geo_infer_space.core.dispatcher - INFO - SRAI backend loaded successfully
2026-02-25 18:31:54,069 - geo_infer_space.core.statistics - INFO - Calculating Moran's I for 13 observations with queen weights
2026-02-25 18:31:54,069 - geo_infer_space.core.statistics - INFO - Calculating Moran's I for 13 observations with queen weights
2026-02-25 18:31:54,069 - geo_infer_space.core.statistics - INFO - Calculating Moran's I for 13 observations with queen weights
2026-02-25 18:31:54,069 - geo_infer_space.backends.h3.h3_backend - INFO - H3 library v4.3.0 loaded successfully
2026-02-25 18:31:54,069 - geo_infer_space.backends.h3.h3_backend - INFO - H3 library v4.3.0 loaded successfully
2026-02-25 18:31:54,069 - geo_infer_space.backends.h3.h3_backend - INFO - H3 library v4.3.0 loaded successfully
2026-02-25 18:31:54,069 - geo_infer_space.core.dispatcher - INFO - Registered spatial backend: h3
2026-02-25 18:31:54,069 - geo_infer_space.core.dispatcher - INFO - Registered spatial backend: h3
2026-02-25 18:31:54,069 - geo_infer_space.core.dispatcher - INFO - Registered spatial backend: h3
2026-02-25 18:31:54,070 - geo_infer_space.core.dispatcher - INFO - H3 backend loaded successfully
2026-02-25 18:31:54,070 - geo_infer_space.core.dispatcher - INFO - H3 backend loaded successfully
2026-02-25 18:31:54,070 - geo_infer_space.core.dispatcher - INFO - H3 backend loaded successfully
2026-02-25 18:31:54,070 - geo_infer_space.backends.srai.srai_backend - WARNING - SRAI backend initialized but library is not available
2026-02-25 18:31:54,070 - geo_infer_space.backends.srai.srai_backend - WARNING - SRAI backend initialized but library is not available
2026-02-25 18:31:54,070 - geo_infer_space.backends.srai.srai_backend - WARNING - SRAI backend initialized but library is not available
2026-02-25 18:31:54,070 - geo_infer_space.core.dispatcher - INFO - Registered spatial backend: srai
2026-02-25 18:31:54,070 - geo_infer_space.core.dispatcher - INFO - Registered spatial backend: srai
2026-02-25 18:31:54,070 - geo_infer_space.core.dispatcher - INFO - Registered spatial backend: srai
2026-02-25 18:31:54,070 - geo_infer_space.core.dispatcher - INFO - SRAI backend loaded successfully
2026-02-25 18:31:54,070 - geo_infer_space.core.dispatcher - INFO - SRAI backend loaded successfully
2026-02-25 18:31:54,070 - geo_infer_space.core.dispatcher - INFO - SRAI backend loaded successfully
2026-02-25 18:31:54,070 - geo_infer_space.core.statistics - INFO - Calculating Moran's I for 13 observations with queen weights
2026-02-25 18:31:54,070 - geo_infer_space.core.statistics - INFO - Calculating Moran's I for 13 observations with queen weights
2026-02-25 18:31:54,070 - geo_infer_space.core.statistics - INFO - Calculating Moran's I for 13 observations with queen weights
2026-02-25 18:31:54,070 - geo_infer_space.core.statistics - INFO - Calculating Moran's I for 13 observations with rook weights
2026-02-25 18:31:54,070 - geo_infer_space.core.statistics - INFO - Calculating Moran's I for 13 observations with rook weights
2026-02-25 18:31:54,070 - geo_infer_space.core.statistics - INFO - Calculating Moran's I for 13 observations with rook weights
2026-02-25 18:31:54,071 - geo_infer_space.core.statistics - INFO - Calculating Moran's I for 13 observations with distance weights
2026-02-25 18:31:54,071 - geo_infer_space.core.statistics - INFO - Calculating Moran's I for 13 observations with distance weights
2026-02-25 18:31:54,071 - geo_infer_space.core.statistics - INFO - Calculating Moran's I for 13 observations with distance weights
2026-02-25 18:31:54,141 - geo_infer_space.backends.h3.h3_backend - INFO - H3 library v4.3.0 loaded successfully
2026-02-25 18:31:54,141 - geo_infer_space.backends.h3.h3_backend - INFO - H3 library v4.3.0 loaded successfully
2026-02-25 18:31:54,141 - geo_infer_space.backends.h3.h3_backend - INFO - H3 library v4.3.0 loaded successfully
2026-02-25 18:31:54,141 - geo_infer_space.core.dispatcher - INFO - Registered spatial backend: h3
2026-02-25 18:31:54,141 - geo_infer_space.core.dispatcher - INFO - Registered spatial backend: h3
2026-02-25 18:31:54,141 - geo_infer_space.core.dispatcher - INFO - Registered spatial backend: h3
2026-02-25 18:31:54,141 - geo_infer_space.core.dispatcher - INFO - H3 backend loaded successfully
2026-02-25 18:31:54,141 - geo_infer_space.core.dispatcher - INFO - H3 backend loaded successfully
2026-02-25 18:31:54,141 - geo_infer_space.core.dispatcher - INFO - H3 backend loaded successfully
2026-02-25 18:31:54,141 - geo_infer_space.backends.srai.srai_backend - WARNING - SRAI backend initialized but library is not available
2026-02-25 18:31:54,141 - geo_infer_space.backends.srai.srai_backend - WARNING - SRAI backend initialized but library is not available
2026-02-25 18:31:54,141 - geo_infer_space.backends.srai.srai_backend - WARNING - SRAI backend initialized but library is not available
2026-02-25 18:31:54,141 - geo_infer_space.core.dispatcher - INFO - Registered spatial backend: srai
2026-02-25 18:31:54,141 - geo_infer_space.core.dispatcher - INFO - Registered spatial backend: srai
2026-02-25 18:31:54,141 - geo_infer_space.core.dispatcher - INFO - Registered spatial backend: srai
2026-02-25 18:31:54,141 - geo_infer_space.core.dispatcher - INFO - SRAI backend loaded successfully
2026-02-25 18:31:54,141 - geo_infer_space.core.dispatcher - INFO - SRAI backend loaded successfully
2026-02-25 18:31:54,141 - geo_infer_space.core.dispatcher - INFO - SRAI backend loaded successfully
2026-02-25 18:31:54,142 - geo_infer_space.backends.h3.h3_backend - INFO - H3 library v4.3.0 loaded successfully
2026-02-25 18:31:54,142 - geo_infer_space.backends.h3.h3_backend - INFO - H3 library v4.3.0 loaded successfully
2026-02-25 18:31:54,142 - geo_infer_space.backends.h3.h3_backend - INFO - H3 library v4.3.0 loaded successfully
2026-02-25 18:31:54,142 - geo_infer_space.core.dispatcher - INFO - Registered spatial backend: h3
2026-02-25 18:31:54,142 - geo_infer_space.core.dispatcher - INFO - Registered spatial backend: h3
2026-02-25 18:31:54,142 - geo_infer_space.core.dispatcher - INFO - Registered spatial backend: h3
2026-02-25 18:31:54,142 - geo_infer_space.core.dispatcher - INFO - H3 backend loaded successfully
2026-02-25 18:31:54,142 - geo_infer_space.core.dispatcher - INFO - H3 backend loaded successfully
2026-02-25 18:31:54,142 - geo_infer_space.core.dispatcher - INFO - H3 backend loaded successfully
2026-02-25 18:31:54,142 - geo_infer_space.backends.srai.srai_backend - WARNING - SRAI backend initialized but library is not available
2026-02-25 18:31:54,142 - geo_infer_space.backends.srai.srai_backend - WARNING - SRAI backend initialized but library is not available
2026-02-25 18:31:54,142 - geo_infer_space.backends.srai.srai_backend - WARNING - SRAI backend initialized but library is not available
2026-02-25 18:31:54,142 - geo_infer_space.core.dispatcher - INFO - Registered spatial backend: srai
2026-02-25 18:31:54,142 - geo_infer_space.core.dispatcher - INFO - Registered spatial backend: srai
2026-02-25 18:31:54,142 - geo_infer_space.core.dispatcher - INFO - Registered spatial backend: srai
2026-02-25 18:31:54,142 - geo_infer_space.core.dispatcher - INFO - SRAI backend loaded successfully
2026-02-25 18:31:54,142 - geo_infer_space.core.dispatcher - INFO - SRAI backend loaded successfully
2026-02-25 18:31:54,142 - geo_infer_space.core.dispatcher - INFO - SRAI backend loaded successfully
2026-02-25 18:31:54,142 - geo_infer_space.core.statistics - INFO - Calculating Getis-Ord G* for 13 observations
2026-02-25 18:31:54,142 - geo_infer_space.core.statistics - INFO - Calculating Getis-Ord G* for 13 observations
2026-02-25 18:31:54,142 - geo_infer_space.core.statistics - INFO - Calculating Getis-Ord G* for 13 observations
2026-02-25 18:31:54,143 - geo_infer_space.backends.h3.h3_backend - INFO - H3 library v4.3.0 loaded successfully
2026-02-25 18:31:54,143 - geo_infer_space.backends.h3.h3_backend - INFO - H3 library v4.3.0 loaded successfully
2026-02-25 18:31:54,143 - geo_infer_space.backends.h3.h3_backend - INFO - H3 library v4.3.0 loaded successfully
2026-02-25 18:31:54,143 - geo_infer_space.core.dispatcher - INFO - Registered spatial backend: h3
2026-02-25 18:31:54,143 - geo_infer_space.core.dispatcher - INFO - Registered spatial backend: h3
2026-02-25 18:31:54,143 - geo_infer_space.core.dispatcher - INFO - Registered spatial backend: h3
2026-02-25 18:31:54,143 - geo_infer_space.core.dispatcher - INFO - H3 backend loaded successfully
2026-02-25 18:31:54,143 - geo_infer_space.core.dispatcher - INFO - H3 backend loaded successfully
2026-02-25 18:31:54,143 - geo_infer_space.core.dispatcher - INFO - H3 backend loaded successfully
2026-02-25 18:31:54,143 - geo_infer_space.backends.srai.srai_backend - WARNING - SRAI backend initialized but library is not available
2026-02-25 18:31:54,143 - geo_infer_space.backends.srai.srai_backend - WARNING - SRAI backend initialized but library is not available
2026-02-25 18:31:54,143 - geo_infer_space.backends.srai.srai_backend - WARNING - SRAI backend initialized but library is not available
2026-02-25 18:31:54,143 - geo_infer_space.core.dispatcher - INFO - Registered spatial backend: srai
2026-02-25 18:31:54,143 - geo_infer_space.core.dispatcher - INFO - Registered spatial backend: srai
2026-02-25 18:31:54,143 - geo_infer_space.core.dispatcher - INFO - Registered spatial backend: srai
2026-02-25 18:31:54,143 - geo_infer_space.core.dispatcher - INFO - SRAI backend loaded successfully
2026-02-25 18:31:54,143 - geo_infer_space.core.dispatcher - INFO - SRAI backend loaded successfully
2026-02-25 18:31:54,143 - geo_infer_space.core.dispatcher - INFO - SRAI backend loaded successfully
2026-02-25 18:31:54,143 - geo_infer_space.core.statistics - INFO - Calculating Getis-Ord G* for 13 observations
2026-02-25 18:31:54,143 - geo_infer_space.core.statistics - INFO - Calculating Getis-Ord G* for 13 observations
2026-02-25 18:31:54,143 - geo_infer_space.core.statistics - INFO - Calculating Getis-Ord G* for 13 observations
2026-02-25 18:31:54,144 - geo_infer_space.backends.h3.h3_backend - INFO - H3 library v4.3.0 loaded successfully
2026-02-25 18:31:54,144 - geo_infer_space.backends.h3.h3_backend - INFO - H3 library v4.3.0 loaded successfully
2026-02-25 18:31:54,144 - geo_infer_space.backends.h3.h3_backend - INFO - H3 library v4.3.0 loaded successfully
2026-02-25 18:31:54,144 - geo_infer_space.core.dispatcher - INFO - Registered spatial backend: h3
2026-02-25 18:31:54,144 - geo_infer_space.core.dispatcher - INFO - Registered spatial backend: h3
2026-02-25 18:31:54,144 - geo_infer_space.core.dispatcher - INFO - Registered spatial backend: h3
2026-02-25 18:31:54,144 - geo_infer_space.core.dispatcher - INFO - H3 backend loaded successfully
2026-02-25 18:31:54,144 - geo_infer_space.core.dispatcher - INFO - H3 backend loaded successfully
2026-02-25 18:31:54,144 - geo_infer_space.core.dispatcher - INFO - H3 backend loaded successfully
2026-02-25 18:31:54,144 - geo_infer_space.backends.srai.srai_backend - WARNING - SRAI backend initialized but library is not available
2026-02-25 18:31:54,144 - geo_infer_space.backends.srai.srai_backend - WARNING - SRAI backend initialized but library is not available
2026-02-25 18:31:54,144 - geo_infer_space.backends.srai.srai_backend - WARNING - SRAI backend initialized but library is not available
2026-02-25 18:31:54,144 - geo_infer_space.core.dispatcher - INFO - Registered spatial backend: srai
2026-02-25 18:31:54,144 - geo_infer_space.core.dispatcher - INFO - Registered spatial backend: srai
2026-02-25 18:31:54,144 - geo_infer_space.core.dispatcher - INFO - Registered spatial backend: srai
2026-02-25 18:31:54,144 - geo_infer_space.core.dispatcher - INFO - SRAI backend loaded successfully
2026-02-25 18:31:54,144 - geo_infer_space.core.dispatcher - INFO - SRAI backend loaded successfully
2026-02-25 18:31:54,144 - geo_infer_space.core.dispatcher - INFO - SRAI backend loaded successfully
2026-02-25 18:31:54,144 - geo_infer_space.core.statistics - INFO - Calculating Getis-Ord G* for 13 observations
2026-02-25 18:31:54,144 - geo_infer_space.core.statistics - INFO - Calculating Getis-Ord G* for 13 observations
2026-02-25 18:31:54,144 - geo_infer_space.core.statistics - INFO - Calculating Getis-Ord G* for 13 observations
2026-02-25 18:31:54,145 - geo_infer_space.core.statistics - INFO - Calculating Getis-Ord G* for 13 observations
2026-02-25 18:31:54,145 - geo_infer_space.core.statistics - INFO - Calculating Getis-Ord G* for 13 observations
2026-02-25 18:31:54,145 - geo_infer_space.core.statistics - INFO - Calculating Getis-Ord G* for 13 observations
2026-02-25 18:31:54,145 - geo_infer_space.backends.h3.h3_backend - INFO - H3 library v4.3.0 loaded successfully
2026-02-25 18:31:54,145 - geo_infer_space.backends.h3.h3_backend - INFO - H3 library v4.3.0 loaded successfully
2026-02-25 18:31:54,145 - geo_infer_space.backends.h3.h3_backend - INFO - H3 library v4.3.0 loaded successfully
2026-02-25 18:31:54,145 - geo_infer_space.core.dispatcher - INFO - Registered spatial backend: h3
2026-02-25 18:31:54,145 - geo_infer_space.core.dispatcher - INFO - Registered spatial backend: h3
2026-02-25 18:31:54,145 - geo_infer_space.core.dispatcher - INFO - Registered spatial backend: h3
2026-02-25 18:31:54,145 - geo_infer_space.core.dispatcher - INFO - H3 backend loaded successfully
2026-02-25 18:31:54,145 - geo_infer_space.core.dispatcher - INFO - H3 backend loaded successfully
2026-02-25 18:31:54,145 - geo_infer_space.core.dispatcher - INFO - H3 backend loaded successfully
2026-02-25 18:31:54,145 - geo_infer_space.backends.srai.srai_backend - WARNING - SRAI backend initialized but library is not available
2026-02-25 18:31:54,145 - geo_infer_space.backends.srai.srai_backend - WARNING - SRAI backend initialized but library is not available
2026-02-25 18:31:54,145 - geo_infer_space.backends.srai.srai_backend - WARNING - SRAI backend initialized but library is not available
2026-02-25 18:31:54,145 - geo_infer_space.core.dispatcher - INFO - Registered spatial backend: srai
2026-02-25 18:31:54,145 - geo_infer_space.core.dispatcher - INFO - Registered spatial backend: srai
2026-02-25 18:31:54,145 - geo_infer_space.core.dispatcher - INFO - Registered spatial backend: srai
2026-02-25 18:31:54,145 - geo_infer_space.core.dispatcher - INFO - SRAI backend loaded successfully
2026-02-25 18:31:54,145 - geo_infer_space.core.dispatcher - INFO - SRAI backend loaded successfully
2026-02-25 18:31:54,145 - geo_infer_space.core.dispatcher - INFO - SRAI backend loaded successfully
2026-02-25 18:31:54,145 - geo_infer_space.core.statistics - INFO - Calculating Nearest Neighbor Index for 13 cells
2026-02-25 18:31:54,145 - geo_infer_space.core.statistics - INFO - Calculating Nearest Neighbor Index for 13 cells
2026-02-25 18:31:54,145 - geo_infer_space.core.statistics - INFO - Calculating Nearest Neighbor Index for 13 cells
2026-02-25 18:31:54,146 - geo_infer_space.backends.h3.h3_backend - INFO - H3 library v4.3.0 loaded successfully
2026-02-25 18:31:54,146 - geo_infer_space.backends.h3.h3_backend - INFO - H3 library v4.3.0 loaded successfully
2026-02-25 18:31:54,146 - geo_infer_space.backends.h3.h3_backend - INFO - H3 library v4.3.0 loaded successfully
2026-02-25 18:31:54,146 - geo_infer_space.core.dispatcher - INFO - Registered spatial backend: h3
2026-02-25 18:31:54,146 - geo_infer_space.core.dispatcher - INFO - Registered spatial backend: h3
2026-02-25 18:31:54,146 - geo_infer_space.core.dispatcher - INFO - Registered spatial backend: h3
2026-02-25 18:31:54,146 - geo_infer_space.core.dispatcher - INFO - H3 backend loaded successfully
2026-02-25 18:31:54,146 - geo_infer_space.core.dispatcher - INFO - H3 backend loaded successfully
2026-02-25 18:31:54,146 - geo_infer_space.core.dispatcher - INFO - H3 backend loaded successfully
2026-02-25 18:31:54,146 - geo_infer_space.backends.srai.srai_backend - WARNING - SRAI backend initialized but library is not available
2026-02-25 18:31:54,146 - geo_infer_space.backends.srai.srai_backend - WARNING - SRAI backend initialized but library is not available
2026-02-25 18:31:54,146 - geo_infer_space.backends.srai.srai_backend - WARNING - SRAI backend initialized but library is not available
2026-02-25 18:31:54,146 - geo_infer_space.core.dispatcher - INFO - Registered spatial backend: srai
2026-02-25 18:31:54,146 - geo_infer_space.core.dispatcher - INFO - Registered spatial backend: srai
2026-02-25 18:31:54,146 - geo_infer_space.core.dispatcher - INFO - Registered spatial backend: srai
2026-02-25 18:31:54,146 - geo_infer_space.core.dispatcher - INFO - SRAI backend loaded successfully
2026-02-25 18:31:54,146 - geo_infer_space.core.dispatcher - INFO - SRAI backend loaded successfully
2026-02-25 18:31:54,146 - geo_infer_space.core.dispatcher - INFO - SRAI backend loaded successfully
2026-02-25 18:31:54,146 - geo_infer_space.core.statistics - INFO - Calculating Nearest Neighbor Index for 13 cells
2026-02-25 18:31:54,146 - geo_infer_space.core.statistics - INFO - Calculating Nearest Neighbor Index for 13 cells
2026-02-25 18:31:54,146 - geo_infer_space.core.statistics - INFO - Calculating Nearest Neighbor Index for 13 cells
2026-02-25 18:31:54,151 - geo_infer_space.backends.h3.h3_backend - INFO - H3 library v4.3.0 loaded successfully
2026-02-25 18:31:54,151 - geo_infer_space.backends.h3.h3_backend - INFO - H3 library v4.3.0 loaded successfully
2026-02-25 18:31:54,151 - geo_infer_space.backends.h3.h3_backend - INFO - H3 library v4.3.0 loaded successfully
2026-02-25 18:31:54,151 - geo_infer_space.core.dispatcher - INFO - Registered spatial backend: h3
2026-02-25 18:31:54,151 - geo_infer_space.core.dispatcher - INFO - Registered spatial backend: h3
2026-02-25 18:31:54,151 - geo_infer_space.core.dispatcher - INFO - Registered spatial backend: h3
2026-02-25 18:31:54,151 - geo_infer_space.core.dispatcher - INFO - H3 backend loaded successfully
2026-02-25 18:31:54,151 - geo_infer_space.core.dispatcher - INFO - H3 backend loaded successfully
2026-02-25 18:31:54,151 - geo_infer_space.core.dispatcher - INFO - H3 backend loaded successfully
2026-02-25 18:31:54,151 - geo_infer_space.backends.srai.srai_backend - WARNING - SRAI backend initialized but library is not available
2026-02-25 18:31:54,151 - geo_infer_space.backends.srai.srai_backend - WARNING - SRAI backend initialized but library is not available
2026-02-25 18:31:54,151 - geo_infer_space.backends.srai.srai_backend - WARNING - SRAI backend initialized but library is not available
2026-02-25 18:31:54,151 - geo_infer_space.core.dispatcher - INFO - Registered spatial backend: srai
2026-02-25 18:31:54,151 - geo_infer_space.core.dispatcher - INFO - Registered spatial backend: srai
2026-02-25 18:31:54,151 - geo_infer_space.core.dispatcher - INFO - Registered spatial backend: srai
2026-02-25 18:31:54,151 - geo_infer_space.core.dispatcher - INFO - SRAI backend loaded successfully
2026-02-25 18:31:54,151 - geo_infer_space.core.dispatcher - INFO - SRAI backend loaded successfully
2026-02-25 18:31:54,151 - geo_infer_space.core.dispatcher - INFO - SRAI backend loaded successfully
2026-02-25 18:31:54,151 - geo_infer_space.core.statistics - INFO - Performing quadrat count analysis for 13 cells
2026-02-25 18:31:54,151 - geo_infer_space.core.statistics - INFO - Performing quadrat count analysis for 13 cells
2026-02-25 18:31:54,151 - geo_infer_space.core.statistics - INFO - Performing quadrat count analysis for 13 cells
2026-02-25 18:31:54,151 - geo_infer_space.backends.h3.h3_backend - INFO - H3 library v4.3.0 loaded successfully
2026-02-25 18:31:54,151 - geo_infer_space.backends.h3.h3_backend - INFO - H3 library v4.3.0 loaded successfully
2026-02-25 18:31:54,151 - geo_infer_space.backends.h3.h3_backend - INFO - H3 library v4.3.0 loaded successfully
2026-02-25 18:31:54,152 - geo_infer_space.core.dispatcher - INFO - Registered spatial backend: h3
2026-02-25 18:31:54,152 - geo_infer_space.core.dispatcher - INFO - Registered spatial backend: h3
2026-02-25 18:31:54,152 - geo_infer_space.core.dispatcher - INFO - Registered spatial backend: h3
2026-02-25 18:31:54,152 - geo_infer_space.core.dispatcher - INFO - H3 backend loaded successfully
2026-02-25 18:31:54,152 - geo_infer_space.core.dispatcher - INFO - H3 backend loaded successfully
2026-02-25 18:31:54,152 - geo_infer_space.core.dispatcher - INFO - H3 backend loaded successfully
2026-02-25 18:31:54,152 - geo_infer_space.backends.srai.srai_backend - WARNING - SRAI backend initialized but library is not available
2026-02-25 18:31:54,152 - geo_infer_space.backends.srai.srai_backend - WARNING - SRAI backend initialized but library is not available
2026-02-25 18:31:54,152 - geo_infer_space.backends.srai.srai_backend - WARNING - SRAI backend initialized but library is not available
2026-02-25 18:31:54,152 - geo_infer_space.core.dispatcher - INFO - Registered spatial backend: srai
2026-02-25 18:31:54,152 - geo_infer_space.core.dispatcher - INFO - Registered spatial backend: srai
2026-02-25 18:31:54,152 - geo_infer_space.core.dispatcher - INFO - Registered spatial backend: srai
2026-02-25 18:31:54,152 - geo_infer_space.core.dispatcher - INFO - SRAI backend loaded successfully
2026-02-25 18:31:54,152 - geo_infer_space.core.dispatcher - INFO - SRAI backend loaded successfully
2026-02-25 18:31:54,152 - geo_infer_space.core.dispatcher - INFO - SRAI backend loaded successfully
2026-02-25 18:31:54,152 - geo_infer_space.core.statistics - INFO - Performing quadrat count analysis for 13 cells
2026-02-25 18:31:54,152 - geo_infer_space.core.statistics - INFO - Performing quadrat count analysis for 13 cells
2026-02-25 18:31:54,152 - geo_infer_space.core.statistics - INFO - Performing quadrat count analysis for 13 cells
2026-02-25 18:31:54,152 - geo_infer_space.backends.h3.h3_backend - INFO - H3 library v4.3.0 loaded successfully
2026-02-25 18:31:54,152 - geo_infer_space.backends.h3.h3_backend - INFO - H3 library v4.3.0 loaded successfully
2026-02-25 18:31:54,152 - geo_infer_space.backends.h3.h3_backend - INFO - H3 library v4.3.0 loaded successfully
2026-02-25 18:31:54,152 - geo_infer_space.core.dispatcher - INFO - Registered spatial backend: h3
2026-02-25 18:31:54,152 - geo_infer_space.core.dispatcher - INFO - Registered spatial backend: h3
2026-02-25 18:31:54,152 - geo_infer_space.core.dispatcher - INFO - Registered spatial backend: h3
2026-02-25 18:31:54,152 - geo_infer_space.core.dispatcher - INFO - H3 backend loaded successfully
2026-02-25 18:31:54,152 - geo_infer_space.core.dispatcher - INFO - H3 backend loaded successfully
2026-02-25 18:31:54,152 - geo_infer_space.core.dispatcher - INFO - H3 backend loaded successfully
2026-02-25 18:31:54,152 - geo_infer_space.backends.srai.srai_backend - WARNING - SRAI backend initialized but library is not available
2026-02-25 18:31:54,152 - geo_infer_space.backends.srai.srai_backend - WARNING - SRAI backend initialized but library is not available
2026-02-25 18:31:54,152 - geo_infer_space.backends.srai.srai_backend - WARNING - SRAI backend initialized but library is not available
2026-02-25 18:31:54,152 - geo_infer_space.core.dispatcher - INFO - Registered spatial backend: srai
2026-02-25 18:31:54,152 - geo_infer_space.core.dispatcher - INFO - Registered spatial backend: srai
2026-02-25 18:31:54,152 - geo_infer_space.core.dispatcher - INFO - Registered spatial backend: srai
2026-02-25 18:31:54,152 - geo_infer_space.core.dispatcher - INFO - SRAI backend loaded successfully
2026-02-25 18:31:54,152 - geo_infer_space.core.dispatcher - INFO - SRAI backend loaded successfully
2026-02-25 18:31:54,152 - geo_infer_space.core.dispatcher - INFO - SRAI backend loaded successfully
2026-02-25 18:31:54,153 - geo_infer_space.core.statistics - INFO - Calculating Moran's I for 13 observations with queen weights
2026-02-25 18:31:54,153 - geo_infer_space.core.statistics - INFO - Calculating Moran's I for 13 observations with queen weights
2026-02-25 18:31:54,153 - geo_infer_space.core.statistics - INFO - Calculating Moran's I for 13 observations with queen weights
2026-02-25 18:31:54,153 - geo_infer_space.core.statistics - INFO - Calculating Getis-Ord G* for 13 observations
2026-02-25 18:31:54,153 - geo_infer_space.core.statistics - INFO - Calculating Getis-Ord G* for 13 observations
2026-02-25 18:31:54,153 - geo_infer_space.core.statistics - INFO - Calculating Getis-Ord G* for 13 observations
2026-02-25 18:31:54,154 - geo_infer_space.backends.h3.h3_backend - INFO - H3 library v4.3.0 loaded successfully
2026-02-25 18:31:54,154 - geo_infer_space.backends.h3.h3_backend - INFO - H3 library v4.3.0 loaded successfully
2026-02-25 18:31:54,154 - geo_infer_space.backends.h3.h3_backend - INFO - H3 library v4.3.0 loaded successfully
2026-02-25 18:31:54,154 - geo_infer_space.core.dispatcher - INFO - Registered spatial backend: h3
2026-02-25 18:31:54,154 - geo_infer_space.core.dispatcher - INFO - Registered spatial backend: h3
2026-02-25 18:31:54,154 - geo_infer_space.core.dispatcher - INFO - Registered spatial backend: h3
2026-02-25 18:31:54,154 - geo_infer_space.core.dispatcher - INFO - H3 backend loaded successfully
2026-02-25 18:31:54,154 - geo_infer_space.core.dispatcher - INFO - H3 backend loaded successfully
2026-02-25 18:31:54,154 - geo_infer_space.core.dispatcher - INFO - H3 backend loaded successfully
2026-02-25 18:31:54,154 - geo_infer_space.backends.srai.srai_backend - WARNING - SRAI backend initialized but library is not available
2026-02-25 18:31:54,154 - geo_infer_space.backends.srai.srai_backend - WARNING - SRAI backend initialized but library is not available
2026-02-25 18:31:54,154 - geo_infer_space.backends.srai.srai_backend - WARNING - SRAI backend initialized but library is not available
2026-02-25 18:31:54,154 - geo_infer_space.core.dispatcher - INFO - Registered spatial backend: srai
2026-02-25 18:31:54,154 - geo_infer_space.core.dispatcher - INFO - Registered spatial backend: srai
2026-02-25 18:31:54,154 - geo_infer_space.core.dispatcher - INFO - Registered spatial backend: srai
2026-02-25 18:31:54,154 - geo_infer_space.core.dispatcher - INFO - SRAI backend loaded successfully
2026-02-25 18:31:54,154 - geo_infer_space.core.dispatcher - INFO - SRAI backend loaded successfully
2026-02-25 18:31:54,154 - geo_infer_space.core.dispatcher - INFO - SRAI backend loaded successfully
2026-02-25 18:31:54,155 - geo_infer_space.backends.h3.h3_backend - INFO - H3 library v4.3.0 loaded successfully
2026-02-25 18:31:54,155 - geo_infer_space.backends.h3.h3_backend - INFO - H3 library v4.3.0 loaded successfully
2026-02-25 18:31:54,155 - geo_infer_space.backends.h3.h3_backend - INFO - H3 library v4.3.0 loaded successfully
2026-02-25 18:31:54,155 - geo_infer_space.analytics.spatiotemporal - INFO - SpatioTemporalAnalyzer initialized
2026-02-25 18:31:54,155 - geo_infer_space.analytics.spatiotemporal - INFO - SpatioTemporalAnalyzer initialized
2026-02-25 18:31:54,155 - geo_infer_space.analytics.spatiotemporal - INFO - SpatioTemporalAnalyzer initialized
2026-02-25 18:31:54,183 - geo_infer_space.backends.h3.h3_backend - INFO - H3 library v4.3.0 loaded successfully
2026-02-25 18:31:54,183 - geo_infer_space.backends.h3.h3_backend - INFO - H3 library v4.3.0 loaded successfully
2026-02-25 18:31:54,183 - geo_infer_space.backends.h3.h3_backend - INFO - H3 library v4.3.0 loaded successfully
2026-02-25 18:31:54,184 - geo_infer_space.analytics.spatiotemporal - INFO - SpatioTemporalAnalyzer initialized
2026-02-25 18:31:54,184 - geo_infer_space.analytics.spatiotemporal - INFO - SpatioTemporalAnalyzer initialized
2026-02-25 18:31:54,184 - geo_infer_space.analytics.spatiotemporal - INFO - SpatioTemporalAnalyzer initialized
2026-02-25 18:31:54,188 - geo_infer_space.backends.h3.h3_backend - INFO - H3 library v4.3.0 loaded successfully
2026-02-25 18:31:54,188 - geo_infer_space.backends.h3.h3_backend - INFO - H3 library v4.3.0 loaded successfully
2026-02-25 18:31:54,188 - geo_infer_space.backends.h3.h3_backend - INFO - H3 library v4.3.0 loaded successfully
2026-02-25 18:31:54,188 - geo_infer_space.analytics.spatiotemporal - INFO - SpatioTemporalAnalyzer initialized
2026-02-25 18:31:54,188 - geo_infer_space.analytics.spatiotemporal - INFO - SpatioTemporalAnalyzer initialized
2026-02-25 18:31:54,188 - geo_infer_space.analytics.spatiotemporal - INFO - SpatioTemporalAnalyzer initialized
2026-02-25 18:31:54,189 - geo_infer_space.backends.h3.h3_backend - INFO - H3 library v4.3.0 loaded successfully
2026-02-25 18:31:54,189 - geo_infer_space.backends.h3.h3_backend - INFO - H3 library v4.3.0 loaded successfully
2026-02-25 18:31:54,189 - geo_infer_space.backends.h3.h3_backend - INFO - H3 library v4.3.0 loaded successfully
2026-02-25 18:31:54,189 - geo_infer_space.analytics.spatiotemporal - INFO - SpatioTemporalAnalyzer initialized
2026-02-25 18:31:54,189 - geo_infer_space.analytics.spatiotemporal - INFO - SpatioTemporalAnalyzer initialized
2026-02-25 18:31:54,189 - geo_infer_space.analytics.spatiotemporal - INFO - SpatioTemporalAnalyzer initialized
2026-02-25 18:31:54,220 - geo_infer_space.backends.h3.h3_backend - INFO - H3 library v4.3.0 loaded successfully
2026-02-25 18:31:54,220 - geo_infer_space.backends.h3.h3_backend - INFO - H3 library v4.3.0 loaded successfully
2026-02-25 18:31:54,220 - geo_infer_space.backends.h3.h3_backend - INFO - H3 library v4.3.0 loaded successfully
2026-02-25 18:31:54,221 - geo_infer_space.analytics.spatiotemporal - INFO - SpatioTemporalAnalyzer initialized
2026-02-25 18:31:54,221 - geo_infer_space.analytics.spatiotemporal - INFO - SpatioTemporalAnalyzer initialized
2026-02-25 18:31:54,221 - geo_infer_space.analytics.spatiotemporal - INFO - SpatioTemporalAnalyzer initialized
2026-02-25 18:31:54,225 - geo_infer_space.backends.h3.h3_backend - INFO - H3 library v4.3.0 loaded successfully
2026-02-25 18:31:54,225 - geo_infer_space.backends.h3.h3_backend - INFO - H3 library v4.3.0 loaded successfully
2026-02-25 18:31:54,225 - geo_infer_space.backends.h3.h3_backend - INFO - H3 library v4.3.0 loaded successfully
2026-02-25 18:31:54,225 - geo_infer_space.analytics.spatiotemporal - INFO - SpatioTemporalAnalyzer initialized
2026-02-25 18:31:54,225 - geo_infer_space.analytics.spatiotemporal - INFO - SpatioTemporalAnalyzer initialized
2026-02-25 18:31:54,225 - geo_infer_space.analytics.spatiotemporal - INFO - SpatioTemporalAnalyzer initialized
2026-02-25 18:31:54,239 - geo_infer_space.backends.h3.h3_backend - INFO - H3 library v4.3.0 loaded successfully
2026-02-25 18:31:54,239 - geo_infer_space.backends.h3.h3_backend - INFO - H3 library v4.3.0 loaded successfully
2026-02-25 18:31:54,239 - geo_infer_space.backends.h3.h3_backend - INFO - H3 library v4.3.0 loaded successfully
2026-02-25 18:31:54,239 - geo_infer_space.analytics.spatiotemporal - INFO - SpatioTemporalAnalyzer initialized
2026-02-25 18:31:54,239 - geo_infer_space.analytics.spatiotemporal - INFO - SpatioTemporalAnalyzer initialized
2026-02-25 18:31:54,239 - geo_infer_space.analytics.spatiotemporal - INFO - SpatioTemporalAnalyzer initialized
2026-02-25 18:31:54,245 - geo_infer_space.backends.h3.h3_backend - INFO - H3 library v4.3.0 loaded successfully
2026-02-25 18:31:54,245 - geo_infer_space.backends.h3.h3_backend - INFO - H3 library v4.3.0 loaded successfully
2026-02-25 18:31:54,245 - geo_infer_space.backends.h3.h3_backend - INFO - H3 library v4.3.0 loaded successfully
2026-02-25 18:31:54,245 - geo_infer_space.analytics.spatiotemporal - INFO - SpatioTemporalAnalyzer initialized
2026-02-25 18:31:54,245 - geo_infer_space.analytics.spatiotemporal - INFO - SpatioTemporalAnalyzer initialized
2026-02-25 18:31:54,245 - geo_infer_space.analytics.spatiotemporal - INFO - SpatioTemporalAnalyzer initialized
2026-02-25 18:31:54,255 - geo_infer_space.backends.h3.h3_backend - INFO - H3 library v4.3.0 loaded successfully
2026-02-25 18:31:54,255 - geo_infer_space.backends.h3.h3_backend - INFO - H3 library v4.3.0 loaded successfully
2026-02-25 18:31:54,255 - geo_infer_space.backends.h3.h3_backend - INFO - H3 library v4.3.0 loaded successfully
2026-02-25 18:31:54,255 - geo_infer_space.analytics.spatiotemporal - INFO - SpatioTemporalAnalyzer initialized
2026-02-25 18:31:54,255 - geo_infer_space.analytics.spatiotemporal - INFO - SpatioTemporalAnalyzer initialized
2026-02-25 18:31:54,255 - geo_infer_space.analytics.spatiotemporal - INFO - SpatioTemporalAnalyzer initialized
2026-02-25 18:31:54,256 - geo_infer_space.backends.h3.h3_backend - INFO - H3 library v4.3.0 loaded successfully
2026-02-25 18:31:54,256 - geo_infer_space.backends.h3.h3_backend - INFO - H3 library v4.3.0 loaded successfully
2026-02-25 18:31:54,256 - geo_infer_space.backends.h3.h3_backend - INFO - H3 library v4.3.0 loaded successfully
2026-02-25 18:31:54,256 - geo_infer_space.analytics.spatiotemporal - INFO - SpatioTemporalAnalyzer initialized
2026-02-25 18:31:54,256 - geo_infer_space.analytics.spatiotemporal - INFO - SpatioTemporalAnalyzer initialized
2026-02-25 18:31:54,256 - geo_infer_space.analytics.spatiotemporal - INFO - SpatioTemporalAnalyzer initialized
2026-02-25 18:31:54,257 - geo_infer_space.backends.h3.h3_backend - INFO - H3 library v4.3.0 loaded successfully
2026-02-25 18:31:54,257 - geo_infer_space.backends.h3.h3_backend - INFO - H3 library v4.3.0 loaded successfully
2026-02-25 18:31:54,257 - geo_infer_space.backends.h3.h3_backend - INFO - H3 library v4.3.0 loaded successfully
2026-02-25 18:31:54,257 - geo_infer_space.core.spatial_methods - INFO - SpatialMethods initialized
2026-02-25 18:31:54,257 - geo_infer_space.core.spatial_methods - INFO - SpatialMethods initialized
2026-02-25 18:31:54,257 - geo_infer_space.core.spatial_methods - INFO - SpatialMethods initialized
2026-02-25 18:31:54,258 - geo_infer_space.backends.h3.h3_backend - INFO - H3 library v4.3.0 loaded successfully
2026-02-25 18:31:54,258 - geo_infer_space.backends.h3.h3_backend - INFO - H3 library v4.3.0 loaded successfully
2026-02-25 18:31:54,258 - geo_infer_space.backends.h3.h3_backend - INFO - H3 library v4.3.0 loaded successfully
2026-02-25 18:31:54,258 - geo_infer_space.core.spatial_methods - INFO - SpatialMethods initialized
2026-02-25 18:31:54,258 - geo_infer_space.core.spatial_methods - INFO - SpatialMethods initialized
2026-02-25 18:31:54,258 - geo_infer_space.core.spatial_methods - INFO - SpatialMethods initialized
2026-02-25 18:31:54,274 - geo_infer_space.backends.h3.h3_backend - INFO - H3 library v4.3.0 loaded successfully
2026-02-25 18:31:54,274 - geo_infer_space.backends.h3.h3_backend - INFO - H3 library v4.3.0 loaded successfully
2026-02-25 18:31:54,274 - geo_infer_space.backends.h3.h3_backend - INFO - H3 library v4.3.0 loaded successfully
2026-02-25 18:31:54,274 - geo_infer_space.core.spatial_methods - INFO - SpatialMethods initialized
2026-02-25 18:31:54,274 - geo_infer_space.core.spatial_methods - INFO - SpatialMethods initialized
2026-02-25 18:31:54,274 - geo_infer_space.core.spatial_methods - INFO - SpatialMethods initialized
2026-02-25 18:31:54,274 - geo_infer_space.backends.h3.h3_backend - INFO - H3 library v4.3.0 loaded successfully
2026-02-25 18:31:54,274 - geo_infer_space.backends.h3.h3_backend - INFO - H3 library v4.3.0 loaded successfully
2026-02-25 18:31:54,274 - geo_infer_space.backends.h3.h3_backend - INFO - H3 library v4.3.0 loaded successfully
2026-02-25 18:31:54,274 - geo_infer_space.core.spatial_methods - INFO - SpatialMethods initialized
2026-02-25 18:31:54,274 - geo_infer_space.core.spatial_methods - INFO - SpatialMethods initialized
2026-02-25 18:31:54,274 - geo_infer_space.core.spatial_methods - INFO - SpatialMethods initialized
2026-02-25 18:31:54,275 - geo_infer_space.backends.h3.h3_backend - INFO - H3 library v4.3.0 loaded successfully
2026-02-25 18:31:54,275 - geo_infer_space.backends.h3.h3_backend - INFO - H3 library v4.3.0 loaded successfully
2026-02-25 18:31:54,275 - geo_infer_space.backends.h3.h3_backend - INFO - H3 library v4.3.0 loaded successfully
2026-02-25 18:31:54,275 - geo_infer_space.core.spatial_methods - INFO - SpatialMethods initialized
2026-02-25 18:31:54,275 - geo_infer_space.core.spatial_methods - INFO - SpatialMethods initialized
2026-02-25 18:31:54,275 - geo_infer_space.core.spatial_methods - INFO - SpatialMethods initialized
2026-02-25 18:31:54,276 - geo_infer_space.backends.h3.h3_backend - INFO - H3 library v4.3.0 loaded successfully
2026-02-25 18:31:54,276 - geo_infer_space.backends.h3.h3_backend - INFO - H3 library v4.3.0 loaded successfully
2026-02-25 18:31:54,276 - geo_infer_space.backends.h3.h3_backend - INFO - H3 library v4.3.0 loaded successfully
2026-02-25 18:31:54,276 - geo_infer_space.core.spatial_methods - INFO - SpatialMethods initialized
2026-02-25 18:31:54,276 - geo_infer_space.core.spatial_methods - INFO - SpatialMethods initialized
2026-02-25 18:31:54,276 - geo_infer_space.core.spatial_methods - INFO - SpatialMethods initialized
2026-02-25 18:31:54,276 - geo_infer_space.backends.h3.h3_backend - INFO - H3 library v4.3.0 loaded successfully
2026-02-25 18:31:54,276 - geo_infer_space.backends.h3.h3_backend - INFO - H3 library v4.3.0 loaded successfully
2026-02-25 18:31:54,276 - geo_infer_space.backends.h3.h3_backend - INFO - H3 library v4.3.0 loaded successfully
2026-02-25 18:31:54,276 - geo_infer_space.core.spatial_methods - INFO - SpatialMethods initialized
2026-02-25 18:31:54,276 - geo_infer_space.core.spatial_methods - INFO - SpatialMethods initialized
2026-02-25 18:31:54,276 - geo_infer_space.core.spatial_methods - INFO - SpatialMethods initialized
2026-02-25 18:31:54,277 - geo_infer_space.backends.h3.h3_backend - INFO - H3 library v4.3.0 loaded successfully
2026-02-25 18:31:54,277 - geo_infer_space.backends.h3.h3_backend - INFO - H3 library v4.3.0 loaded successfully
2026-02-25 18:31:54,277 - geo_infer_space.backends.h3.h3_backend - INFO - H3 library v4.3.0 loaded successfully
2026-02-25 18:31:54,277 - geo_infer_space.core.spatial_methods - INFO - SpatialMethods initialized
2026-02-25 18:31:54,277 - geo_infer_space.core.spatial_methods - INFO - SpatialMethods initialized
2026-02-25 18:31:54,277 - geo_infer_space.core.spatial_methods - INFO - SpatialMethods initialized
2026-02-25 18:31:54,277 - geo_infer_space.backends.h3.h3_backend - INFO - H3 library v4.3.0 loaded successfully
2026-02-25 18:31:54,277 - geo_infer_space.backends.h3.h3_backend - INFO - H3 library v4.3.0 loaded successfully
2026-02-25 18:31:54,277 - geo_infer_space.backends.h3.h3_backend - INFO - H3 library v4.3.0 loaded successfully
2026-02-25 18:31:54,277 - geo_infer_space.core.spatial_methods - INFO - SpatialMethods initialized
2026-02-25 18:31:54,277 - geo_infer_space.core.spatial_methods - INFO - SpatialMethods initialized
2026-02-25 18:31:54,277 - geo_infer_space.core.spatial_methods - INFO - SpatialMethods initialized
2026-02-25 18:31:54,278 - geo_infer_space.backends.h3.h3_backend - INFO - H3 library v4.3.0 loaded successfully
2026-02-25 18:31:54,278 - geo_infer_space.backends.h3.h3_backend - INFO - H3 library v4.3.0 loaded successfully
2026-02-25 18:31:54,278 - geo_infer_space.backends.h3.h3_backend - INFO - H3 library v4.3.0 loaded successfully
2026-02-25 18:31:54,278 - geo_infer_space.core.spatial_methods - INFO - SpatialMethods initialized
2026-02-25 18:31:54,278 - geo_infer_space.core.spatial_methods - INFO - SpatialMethods initialized
2026-02-25 18:31:54,278 - geo_infer_space.core.spatial_methods - INFO - SpatialMethods initialized
2026-02-25 18:31:54,279 - geo_infer_space.backends.h3.h3_backend - INFO - H3 library v4.3.0 loaded successfully
2026-02-25 18:31:54,279 - geo_infer_space.backends.h3.h3_backend - INFO - H3 library v4.3.0 loaded successfully
2026-02-25 18:31:54,279 - geo_infer_space.backends.h3.h3_backend - INFO - H3 library v4.3.0 loaded successfully
2026-02-25 18:31:54,279 - geo_infer_space.core.spatial_methods - INFO - SpatialMethods initialized
2026-02-25 18:31:54,279 - geo_infer_space.core.spatial_methods - INFO - SpatialMethods initialized
2026-02-25 18:31:54,279 - geo_infer_space.core.spatial_methods - INFO - SpatialMethods initialized
2026-02-25 18:31:54,279 - geo_infer_space.backends.h3.h3_backend - INFO - H3 library v4.3.0 loaded successfully
2026-02-25 18:31:54,279 - geo_infer_space.backends.h3.h3_backend - INFO - H3 library v4.3.0 loaded successfully
2026-02-25 18:31:54,279 - geo_infer_space.backends.h3.h3_backend - INFO - H3 library v4.3.0 loaded successfully
2026-02-25 18:31:54,279 - geo_infer_space.core.spatial_methods - INFO - SpatialMethods initialized
2026-02-25 18:31:54,279 - geo_infer_space.core.spatial_methods - INFO - SpatialMethods initialized
2026-02-25 18:31:54,279 - geo_infer_space.core.spatial_methods - INFO - SpatialMethods initialized
2026-02-25 18:31:54,285 - geo_infer_space.backends.h3.h3_backend - INFO - H3 library v4.3.0 loaded successfully
2026-02-25 18:31:54,285 - geo_infer_space.backends.h3.h3_backend - INFO - H3 library v4.3.0 loaded successfully
2026-02-25 18:31:54,285 - geo_infer_space.backends.h3.h3_backend - INFO - H3 library v4.3.0 loaded successfully
2026-02-25 18:31:54,286 - geo_infer_space.core.dispatcher - INFO - Registered spatial backend: h3
2026-02-25 18:31:54,286 - geo_infer_space.core.dispatcher - INFO - Registered spatial backend: h3
2026-02-25 18:31:54,286 - geo_infer_space.core.dispatcher - INFO - Registered spatial backend: h3
2026-02-25 18:31:54,286 - geo_infer_space.core.dispatcher - INFO - H3 backend loaded successfully
2026-02-25 18:31:54,286 - geo_infer_space.core.dispatcher - INFO - H3 backend loaded successfully
2026-02-25 18:31:54,286 - geo_infer_space.core.dispatcher - INFO - H3 backend loaded successfully
2026-02-25 18:31:54,286 - geo_infer_space.backends.srai.srai_backend - WARNING - SRAI backend initialized but library is not available
2026-02-25 18:31:54,286 - geo_infer_space.backends.srai.srai_backend - WARNING - SRAI backend initialized but library is not available
2026-02-25 18:31:54,286 - geo_infer_space.backends.srai.srai_backend - WARNING - SRAI backend initialized but library is not available
2026-02-25 18:31:54,286 - geo_infer_space.core.dispatcher - INFO - Registered spatial backend: srai
2026-02-25 18:31:54,286 - geo_infer_space.core.dispatcher - INFO - Registered spatial backend: srai
2026-02-25 18:31:54,286 - geo_infer_space.core.dispatcher - INFO - Registered spatial backend: srai
2026-02-25 18:31:54,286 - geo_infer_space.core.dispatcher - INFO - SRAI backend loaded successfully
2026-02-25 18:31:54,286 - geo_infer_space.core.dispatcher - INFO - SRAI backend loaded successfully
2026-02-25 18:31:54,286 - geo_infer_space.core.dispatcher - INFO - SRAI backend loaded successfully
2026-02-25 18:31:54,288 - geo_infer_space.backends.h3.h3_backend - INFO - Converting 10 cells to MultiPolygon
2026-02-25 18:31:54,288 - geo_infer_space.backends.h3.h3_backend - INFO - Converting 10 cells to MultiPolygon
2026-02-25 18:31:54,288 - geo_infer_space.backends.h3.h3_backend - INFO - Converting 10 cells to MultiPolygon
2026-02-25 18:31:54,314 - geo_infer_space.backends.h3.h3_backend - INFO - Created MultiPolygon with 10 polygons
2026-02-25 18:31:54,314 - geo_infer_space.backends.h3.h3_backend - INFO - Created MultiPolygon with 10 polygons
2026-02-25 18:31:54,314 - geo_infer_space.backends.h3.h3_backend - INFO - Created MultiPolygon with 10 polygons
2026-02-25 18:33:37,343 - geo_infer_edu.core.curriculum - INFO - Initialized CurriculumDesigner with standards: ['bok']
2026-02-25 18:33:37,343 - geo_infer_edu.core.curriculum - INFO - Initialized CurriculumDesigner with standards: ['bok']
2026-02-25 18:33:37,343 - geo_infer_edu.core.curriculum - INFO - Initialized CurriculumDesigner with standards: ['bok']
2026-02-25 18:33:37,345 - geo_infer_edu.core.curriculum - INFO - Initialized CurriculumDesigner with standards: ['bok', 'ngss']
2026-02-25 18:33:37,345 - geo_infer_edu.core.curriculum - INFO - Initialized CurriculumDesigner with standards: ['bok', 'ngss']
2026-02-25 18:33:37,345 - geo_infer_edu.core.curriculum - INFO - Initialized CurriculumDesigner with standards: ['bok', 'ngss']
2026-02-25 18:33:37,345 - geo_infer_edu.core.curriculum - INFO - Initialized CurriculumDesigner with standards: ['bok', 'ngss']
2026-02-25 18:33:37,345 - geo_infer_edu.core.curriculum - INFO - Initialized CurriculumDesigner with standards: ['bok', 'ngss']
2026-02-25 18:33:37,345 - geo_infer_edu.core.curriculum - INFO - Initialized CurriculumDesigner with standards: ['bok', 'ngss']
2026-02-25 18:33:37,346 - geo_infer_edu.core.curriculum - INFO - Generated 8 modules for geospatial_analysis
2026-02-25 18:33:37,346 - geo_infer_edu.core.curriculum - INFO - Generated 8 modules for geospatial_analysis
2026-02-25 18:33:37,346 - geo_infer_edu.core.curriculum - INFO - Generated 8 modules for geospatial_analysis
2026-02-25 18:33:37,346 - geo_infer_edu.core.curriculum - INFO - Designed curriculum 'Introduction to Geospatial Analysis' with 8 modules
2026-02-25 18:33:37,346 - geo_infer_edu.core.curriculum - INFO - Designed curriculum 'Introduction to Geospatial Analysis' with 8 modules
2026-02-25 18:33:37,346 - geo_infer_edu.core.curriculum - INFO - Designed curriculum 'Introduction to Geospatial Analysis' with 8 modules
2026-02-25 18:33:37,346 - geo_infer_edu.core.curriculum - INFO - Initialized CurriculumDesigner with standards: ['bok', 'ngss']
2026-02-25 18:33:37,346 - geo_infer_edu.core.curriculum - INFO - Initialized CurriculumDesigner with standards: ['bok', 'ngss']
2026-02-25 18:33:37,346 - geo_infer_edu.core.curriculum - INFO - Initialized CurriculumDesigner with standards: ['bok', 'ngss']
2026-02-25 18:33:37,347 - geo_infer_edu.core.curriculum - INFO - Generated 8 modules for spatial_modeling
2026-02-25 18:33:37,347 - geo_infer_edu.core.curriculum - INFO - Generated 8 modules for spatial_modeling
2026-02-25 18:33:37,347 - geo_infer_edu.core.curriculum - INFO - Generated 8 modules for spatial_modeling
2026-02-25 18:33:37,347 - geo_infer_edu.core.curriculum - INFO - Designed curriculum 'Introduction to Spatial Modeling' with 8 modules
2026-02-25 18:33:37,347 - geo_infer_edu.core.curriculum - INFO - Designed curriculum 'Introduction to Spatial Modeling' with 8 modules
2026-02-25 18:33:37,347 - geo_infer_edu.core.curriculum - INFO - Designed curriculum 'Introduction to Spatial Modeling' with 8 modules
2026-02-25 18:33:37,347 - geo_infer_edu.core.curriculum - INFO - Initialized CurriculumDesigner with standards: ['bok', 'ngss']
2026-02-25 18:33:37,347 - geo_infer_edu.core.curriculum - INFO - Initialized CurriculumDesigner with standards: ['bok', 'ngss']
2026-02-25 18:33:37,347 - geo_infer_edu.core.curriculum - INFO - Initialized CurriculumDesigner with standards: ['bok', 'ngss']
2026-02-25 18:33:37,347 - geo_infer_edu.core.curriculum - INFO - Generated 4 modules for test_topic
2026-02-25 18:33:37,347 - geo_infer_edu.core.curriculum - INFO - Generated 4 modules for test_topic
2026-02-25 18:33:37,347 - geo_infer_edu.core.curriculum - INFO - Generated 4 modules for test_topic
2026-02-25 18:33:37,348 - geo_infer_edu.core.curriculum - INFO - Initialized CurriculumDesigner with standards: ['bok', 'ngss']
2026-02-25 18:33:37,348 - geo_infer_edu.core.curriculum - INFO - Initialized CurriculumDesigner with standards: ['bok', 'ngss']
2026-02-25 18:33:37,348 - geo_infer_edu.core.curriculum - INFO - Initialized CurriculumDesigner with standards: ['bok', 'ngss']
2026-02-25 18:33:37,348 - geo_infer_edu.core.curriculum - INFO - Generated 4 modules for cartography
2026-02-25 18:33:37,348 - geo_infer_edu.core.curriculum - INFO - Generated 4 modules for cartography
2026-02-25 18:33:37,348 - geo_infer_edu.core.curriculum - INFO - Generated 4 modules for cartography
2026-02-25 18:33:37,348 - geo_infer_edu.core.curriculum - INFO - Designed curriculum 'Introduction to Cartography' with 4 modules
2026-02-25 18:33:37,348 - geo_infer_edu.core.curriculum - INFO - Designed curriculum 'Introduction to Cartography' with 4 modules
2026-02-25 18:33:37,348 - geo_infer_edu.core.curriculum - INFO - Designed curriculum 'Introduction to Cartography' with 4 modules
2026-02-25 18:33:37,348 - geo_infer_edu.core.curriculum - INFO - Initialized CurriculumDesigner with standards: ['bok', 'ngss']
2026-02-25 18:33:37,348 - geo_infer_edu.core.curriculum - INFO - Initialized CurriculumDesigner with standards: ['bok', 'ngss']
2026-02-25 18:33:37,348 - geo_infer_edu.core.curriculum - INFO - Initialized CurriculumDesigner with standards: ['bok', 'ngss']
2026-02-25 18:33:37,349 - geo_infer_edu.core.curriculum - INFO - Generated 8 modules for gis_programming
2026-02-25 18:33:37,349 - geo_infer_edu.core.curriculum - INFO - Generated 8 modules for gis_programming
2026-02-25 18:33:37,349 - geo_infer_edu.core.curriculum - INFO - Generated 8 modules for gis_programming
2026-02-25 18:33:37,349 - geo_infer_edu.core.curriculum - INFO - Designed curriculum 'Introduction to Gis Programming' with 8 modules
2026-02-25 18:33:37,349 - geo_infer_edu.core.curriculum - INFO - Designed curriculum 'Introduction to Gis Programming' with 8 modules
2026-02-25 18:33:37,349 - geo_infer_edu.core.curriculum - INFO - Designed curriculum 'Introduction to Gis Programming' with 8 modules
2026-02-25 18:33:37,349 - geo_infer_edu.core.curriculum - INFO - Initialized CurriculumDesigner with standards: ['bok', 'ngss']
2026-02-25 18:33:37,349 - geo_infer_edu.core.curriculum - INFO - Initialized CurriculumDesigner with standards: ['bok', 'ngss']
2026-02-25 18:33:37,349 - geo_infer_edu.core.curriculum - INFO - Initialized CurriculumDesigner with standards: ['bok', 'ngss']
2026-02-25 18:33:37,349 - geo_infer_edu.core.curriculum - INFO - Created learning pathway with 2 competencies to develop
2026-02-25 18:33:37,349 - geo_infer_edu.core.curriculum - INFO - Created learning pathway with 2 competencies to develop
2026-02-25 18:33:37,349 - geo_infer_edu.core.curriculum - INFO - Created learning pathway with 2 competencies to develop
2026-02-25 18:33:37,350 - geo_infer_edu.core.curriculum - INFO - Initialized CurriculumDesigner with standards: ['bok', 'ngss']
2026-02-25 18:33:37,350 - geo_infer_edu.core.curriculum - INFO - Initialized CurriculumDesigner with standards: ['bok', 'ngss']
2026-02-25 18:33:37,350 - geo_infer_edu.core.curriculum - INFO - Initialized CurriculumDesigner with standards: ['bok', 'ngss']
2026-02-25 18:33:37,350 - geo_infer_edu.core.curriculum - INFO - Generated 4 modules for remote_sensing
2026-02-25 18:33:37,350 - geo_infer_edu.core.curriculum - INFO - Generated 4 modules for remote_sensing
2026-02-25 18:33:37,350 - geo_infer_edu.core.curriculum - INFO - Generated 4 modules for remote_sensing
2026-02-25 18:33:37,350 - geo_infer_edu.core.curriculum - INFO - Designed curriculum 'Introduction to Remote Sensing' with 4 modules
2026-02-25 18:33:37,350 - geo_infer_edu.core.curriculum - INFO - Designed curriculum 'Introduction to Remote Sensing' with 4 modules
2026-02-25 18:33:37,350 - geo_infer_edu.core.curriculum - INFO - Designed curriculum 'Introduction to Remote Sensing' with 4 modules
2026-02-25 18:33:37,352 - geo_infer_edu.core.curriculum - INFO - Initialized CurriculumDesigner with standards: ['bok', 'ngss']
2026-02-25 18:33:37,352 - geo_infer_edu.core.curriculum - INFO - Initialized CurriculumDesigner with standards: ['bok', 'ngss']
2026-02-25 18:33:37,352 - geo_infer_edu.core.curriculum - INFO - Initialized CurriculumDesigner with standards: ['bok', 'ngss']
2026-02-25 18:33:37,352 - geo_infer_edu.core.curriculum - INFO - Generated 4 modules for web_mapping
2026-02-25 18:33:37,352 - geo_infer_edu.core.curriculum - INFO - Generated 4 modules for web_mapping
2026-02-25 18:33:37,352 - geo_infer_edu.core.curriculum - INFO - Generated 4 modules for web_mapping
2026-02-25 18:33:37,352 - geo_infer_edu.core.curriculum - INFO - Designed curriculum 'Introduction to Web Mapping' with 4 modules
2026-02-25 18:33:37,352 - geo_infer_edu.core.curriculum - INFO - Designed curriculum 'Introduction to Web Mapping' with 4 modules
2026-02-25 18:33:37,352 - geo_infer_edu.core.curriculum - INFO - Designed curriculum 'Introduction to Web Mapping' with 4 modules
2026-02-25 18:33:37,352 - geo_infer_edu.core.curriculum - INFO - Initialized CurriculumDesigner with standards: ['bok', 'ngss']
2026-02-25 18:33:37,352 - geo_infer_edu.core.curriculum - INFO - Initialized CurriculumDesigner with standards: ['bok', 'ngss']
2026-02-25 18:33:37,352 - geo_infer_edu.core.curriculum - INFO - Initialized CurriculumDesigner with standards: ['bok', 'ngss']
2026-02-25 18:33:37,353 - geo_infer_edu.core.curriculum - INFO - Generated 4 modules for test
2026-02-25 18:33:37,353 - geo_infer_edu.core.curriculum - INFO - Generated 4 modules for test
2026-02-25 18:33:37,353 - geo_infer_edu.core.curriculum - INFO - Generated 4 modules for test
2026-02-25 18:33:37,353 - geo_infer_edu.core.curriculum - INFO - Designed curriculum 'Introduction to Test' with 4 modules
2026-02-25 18:33:37,353 - geo_infer_edu.core.curriculum - INFO - Designed curriculum 'Introduction to Test' with 4 modules
2026-02-25 18:33:37,353 - geo_infer_edu.core.curriculum - INFO - Designed curriculum 'Introduction to Test' with 4 modules
2026-02-25 18:33:37,353 - geo_infer_edu.core.curriculum - INFO - Initialized CurriculumDesigner with standards: ['bok', 'ngss']
2026-02-25 18:33:37,353 - geo_infer_edu.core.curriculum - INFO - Initialized CurriculumDesigner with standards: ['bok', 'ngss']
2026-02-25 18:33:37,353 - geo_infer_edu.core.curriculum - INFO - Initialized CurriculumDesigner with standards: ['bok', 'ngss']
2026-02-25 18:33:37,353 - geo_infer_edu.core.curriculum - INFO - Generated 2 modules for gis_basics
2026-02-25 18:33:37,353 - geo_infer_edu.core.curriculum - INFO - Generated 2 modules for gis_basics
2026-02-25 18:33:37,353 - geo_infer_edu.core.curriculum - INFO - Generated 2 modules for gis_basics
2026-02-25 18:33:37,353 - geo_infer_edu.core.curriculum - INFO - Designed curriculum 'Introduction to Gis Basics' with 2 modules
2026-02-25 18:33:37,353 - geo_infer_edu.core.curriculum - INFO - Designed curriculum 'Introduction to Gis Basics' with 2 modules
2026-02-25 18:33:37,353 - geo_infer_edu.core.curriculum - INFO - Designed curriculum 'Introduction to Gis Basics' with 2 modules
2026-02-25 18:33:37,354 - geo_infer_edu.core.curriculum - INFO - Generated 2 modules for gis_basics
2026-02-25 18:33:37,354 - geo_infer_edu.core.curriculum - INFO - Generated 2 modules for gis_basics
2026-02-25 18:33:37,354 - geo_infer_edu.core.curriculum - INFO - Generated 2 modules for gis_basics
2026-02-25 18:33:37,354 - geo_infer_edu.core.curriculum - INFO - Designed curriculum 'Introduction to Gis Basics' with 2 modules
2026-02-25 18:33:37,354 - geo_infer_edu.core.curriculum - INFO - Designed curriculum 'Introduction to Gis Basics' with 2 modules
2026-02-25 18:33:37,354 - geo_infer_edu.core.curriculum - INFO - Designed curriculum 'Introduction to Gis Basics' with 2 modules
2026-02-25 18:33:37,354 - geo_infer_edu.core.curriculum - INFO - Generated 2 modules for gis_basics
2026-02-25 18:33:37,354 - geo_infer_edu.core.curriculum - INFO - Generated 2 modules for gis_basics
2026-02-25 18:33:37,354 - geo_infer_edu.core.curriculum - INFO - Generated 2 modules for gis_basics
2026-02-25 18:33:37,354 - geo_infer_edu.core.curriculum - INFO - Designed curriculum 'Introduction to Gis Basics' with 2 modules
2026-02-25 18:33:37,354 - geo_infer_edu.core.curriculum - INFO - Designed curriculum 'Introduction to Gis Basics' with 2 modules
2026-02-25 18:33:37,354 - geo_infer_edu.core.curriculum - INFO - Designed curriculum 'Introduction to Gis Basics' with 2 modules
2026-02-25 18:33:37,354 - geo_infer_edu.core.curriculum - INFO - Generated 2 modules for gis_basics
2026-02-25 18:33:37,354 - geo_infer_edu.core.curriculum - INFO - Generated 2 modules for gis_basics
2026-02-25 18:33:37,354 - geo_infer_edu.core.curriculum - INFO - Generated 2 modules for gis_basics
2026-02-25 18:33:37,354 - geo_infer_edu.core.curriculum - INFO - Designed curriculum 'Introduction to Gis Basics' with 2 modules
2026-02-25 18:33:37,354 - geo_infer_edu.core.curriculum - INFO - Designed curriculum 'Introduction to Gis Basics' with 2 modules
2026-02-25 18:33:37,354 - geo_infer_edu.core.curriculum - INFO - Designed curriculum 'Introduction to Gis Basics' with 2 modules
2026-02-25 18:33:37,354 - geo_infer_edu.core.curriculum - INFO - Generated 2 modules for gis_basics
2026-02-25 18:33:37,354 - geo_infer_edu.core.curriculum - INFO - Generated 2 modules for gis_basics
2026-02-25 18:33:37,354 - geo_infer_edu.core.curriculum - INFO - Generated 2 modules for gis_basics
2026-02-25 18:33:37,354 - geo_infer_edu.core.curriculum - INFO - Designed curriculum 'Introduction to Gis Basics' with 2 modules
2026-02-25 18:33:37,354 - geo_infer_edu.core.curriculum - INFO - Designed curriculum 'Introduction to Gis Basics' with 2 modules
2026-02-25 18:33:37,354 - geo_infer_edu.core.curriculum - INFO - Designed curriculum 'Introduction to Gis Basics' with 2 modules
2026-02-25 18:33:37,354 - geo_infer_edu.core.curriculum - INFO - Generated 2 modules for gis_basics
2026-02-25 18:33:37,354 - geo_infer_edu.core.curriculum - INFO - Generated 2 modules for gis_basics
2026-02-25 18:33:37,354 - geo_infer_edu.core.curriculum - INFO - Generated 2 modules for gis_basics
2026-02-25 18:33:37,354 - geo_infer_edu.core.curriculum - INFO - Designed curriculum 'Introduction to Gis Basics' with 2 modules
2026-02-25 18:33:37,354 - geo_infer_edu.core.curriculum - INFO - Designed curriculum 'Introduction to Gis Basics' with 2 modules
2026-02-25 18:33:37,354 - geo_infer_edu.core.curriculum - INFO - Designed curriculum 'Introduction to Gis Basics' with 2 modules
2026-02-25 18:33:37,357 - geo_infer_edu.core.exercises - INFO - Initialized ExerciseGenerator with types: ['mapping', 'analysis', 'coding']
2026-02-25 18:33:37,357 - geo_infer_edu.core.exercises - INFO - Initialized ExerciseGenerator with types: ['mapping', 'analysis', 'coding']
2026-02-25 18:33:37,357 - geo_infer_edu.core.exercises - INFO - Initialized ExerciseGenerator with types: ['mapping', 'analysis', 'coding']
2026-02-25 18:33:37,358 - geo_infer_edu.core.exercises - INFO - Initialized ExerciseGenerator with types: ['coding']
2026-02-25 18:33:37,358 - geo_infer_edu.core.exercises - INFO - Initialized ExerciseGenerator with types: ['coding']
2026-02-25 18:33:37,358 - geo_infer_edu.core.exercises - INFO - Initialized ExerciseGenerator with types: ['coding']
2026-02-25 18:33:37,358 - geo_infer_edu.core.exercises - INFO - Initialized ExerciseGenerator with types: ['mapping', 'analysis', 'coding']
2026-02-25 18:33:37,358 - geo_infer_edu.core.exercises - INFO - Initialized ExerciseGenerator with types: ['mapping', 'analysis', 'coding']
2026-02-25 18:33:37,358 - geo_infer_edu.core.exercises - INFO - Initialized ExerciseGenerator with types: ['mapping', 'analysis', 'coding']
2026-02-25 18:33:37,359 - geo_infer_edu.core.exercises - INFO - Created 3 exercises for 3 concepts
2026-02-25 18:33:37,359 - geo_infer_edu.core.exercises - INFO - Created 3 exercises for 3 concepts
2026-02-25 18:33:37,359 - geo_infer_edu.core.exercises - INFO - Created 3 exercises for 3 concepts
2026-02-25 18:33:37,359 - geo_infer_edu.core.exercises - INFO - Initialized ExerciseGenerator with types: ['mapping', 'analysis', 'coding']
2026-02-25 18:33:37,359 - geo_infer_edu.core.exercises - INFO - Initialized ExerciseGenerator with types: ['mapping', 'analysis', 'coding']
2026-02-25 18:33:37,359 - geo_infer_edu.core.exercises - INFO - Initialized ExerciseGenerator with types: ['mapping', 'analysis', 'coding']
2026-02-25 18:33:37,359 - geo_infer_edu.core.exercises - INFO - Created 1 exercises for 1 concepts
2026-02-25 18:33:37,359 - geo_infer_edu.core.exercises - INFO - Created 1 exercises for 1 concepts
2026-02-25 18:33:37,359 - geo_infer_edu.core.exercises - INFO - Created 1 exercises for 1 concepts
2026-02-25 18:33:37,360 - geo_infer_edu.core.exercises - INFO - Initialized ExerciseGenerator with types: ['mapping', 'analysis', 'coding']
2026-02-25 18:33:37,360 - geo_infer_edu.core.exercises - INFO - Initialized ExerciseGenerator with types: ['mapping', 'analysis', 'coding']
2026-02-25 18:33:37,360 - geo_infer_edu.core.exercises - INFO - Initialized ExerciseGenerator with types: ['mapping', 'analysis', 'coding']
2026-02-25 18:33:37,360 - geo_infer_edu.core.exercises - INFO - Created 1 exercises for 1 concepts
2026-02-25 18:33:37,360 - geo_infer_edu.core.exercises - INFO - Created 1 exercises for 1 concepts
2026-02-25 18:33:37,360 - geo_infer_edu.core.exercises - INFO - Created 1 exercises for 1 concepts
2026-02-25 18:33:37,360 - geo_infer_edu.core.exercises - INFO - Initialized ExerciseGenerator with types: ['mapping', 'analysis', 'coding']
2026-02-25 18:33:37,360 - geo_infer_edu.core.exercises - INFO - Initialized ExerciseGenerator with types: ['mapping', 'analysis', 'coding']
2026-02-25 18:33:37,360 - geo_infer_edu.core.exercises - INFO - Initialized ExerciseGenerator with types: ['mapping', 'analysis', 'coding']
2026-02-25 18:33:37,360 - geo_infer_edu.core.exercises - INFO - Created 1 exercises for 1 concepts
2026-02-25 18:33:37,360 - geo_infer_edu.core.exercises - INFO - Created 1 exercises for 1 concepts
2026-02-25 18:33:37,360 - geo_infer_edu.core.exercises - INFO - Created 1 exercises for 1 concepts
2026-02-25 18:33:37,361 - geo_infer_edu.core.exercises - INFO - Initialized ExerciseGenerator with types: ['mapping', 'analysis', 'coding']
2026-02-25 18:33:37,361 - geo_infer_edu.core.exercises - INFO - Initialized ExerciseGenerator with types: ['mapping', 'analysis', 'coding']
2026-02-25 18:33:37,361 - geo_infer_edu.core.exercises - INFO - Initialized ExerciseGenerator with types: ['mapping', 'analysis', 'coding']
2026-02-25 18:33:37,361 - geo_infer_edu.core.exercises - INFO - Created 1 exercises for 1 concepts
2026-02-25 18:33:37,361 - geo_infer_edu.core.exercises - INFO - Created 1 exercises for 1 concepts
2026-02-25 18:33:37,361 - geo_infer_edu.core.exercises - INFO - Created 1 exercises for 1 concepts
2026-02-25 18:33:37,361 - geo_infer_edu.core.exercises - INFO - Initialized ExerciseGenerator with types: ['mapping', 'analysis', 'coding']
2026-02-25 18:33:37,361 - geo_infer_edu.core.exercises - INFO - Initialized ExerciseGenerator with types: ['mapping', 'analysis', 'coding']
2026-02-25 18:33:37,361 - geo_infer_edu.core.exercises - INFO - Initialized ExerciseGenerator with types: ['mapping', 'analysis', 'coding']
2026-02-25 18:33:37,361 - geo_infer_edu.core.exercises - INFO - Created 1 exercises for 1 concepts
2026-02-25 18:33:37,361 - geo_infer_edu.core.exercises - INFO - Created 1 exercises for 1 concepts
2026-02-25 18:33:37,361 - geo_infer_edu.core.exercises - INFO - Created 1 exercises for 1 concepts
2026-02-25 18:33:37,362 - geo_infer_edu.core.exercises - INFO - Initialized ExerciseGenerator with types: ['mapping', 'analysis', 'coding']
2026-02-25 18:33:37,362 - geo_infer_edu.core.exercises - INFO - Initialized ExerciseGenerator with types: ['mapping', 'analysis', 'coding']
2026-02-25 18:33:37,362 - geo_infer_edu.core.exercises - INFO - Initialized ExerciseGenerator with types: ['mapping', 'analysis', 'coding']
2026-02-25 18:33:37,362 - geo_infer_edu.core.exercises - INFO - Created 3 coding exercises for spatial_analysis
2026-02-25 18:33:37,362 - geo_infer_edu.core.exercises - INFO - Created 3 coding exercises for spatial_analysis
2026-02-25 18:33:37,362 - geo_infer_edu.core.exercises - INFO - Created 3 coding exercises for spatial_analysis
2026-02-25 18:33:37,362 - geo_infer_edu.core.exercises - INFO - Initialized ExerciseGenerator with types: ['mapping', 'analysis', 'coding']
2026-02-25 18:33:37,362 - geo_infer_edu.core.exercises - INFO - Initialized ExerciseGenerator with types: ['mapping', 'analysis', 'coding']
2026-02-25 18:33:37,362 - geo_infer_edu.core.exercises - INFO - Initialized ExerciseGenerator with types: ['mapping', 'analysis', 'coding']
2026-02-25 18:33:37,363 - geo_infer_edu.core.exercises - INFO - Created 3 coding exercises for raster_analysis
2026-02-25 18:33:37,363 - geo_infer_edu.core.exercises - INFO - Created 3 coding exercises for raster_analysis
2026-02-25 18:33:37,363 - geo_infer_edu.core.exercises - INFO - Created 3 coding exercises for raster_analysis
2026-02-25 18:33:37,363 - geo_infer_edu.core.exercises - INFO - Initialized ExerciseGenerator with types: ['mapping', 'analysis', 'coding']
2026-02-25 18:33:37,363 - geo_infer_edu.core.exercises - INFO - Initialized ExerciseGenerator with types: ['mapping', 'analysis', 'coding']
2026-02-25 18:33:37,363 - geo_infer_edu.core.exercises - INFO - Initialized ExerciseGenerator with types: ['mapping', 'analysis', 'coding']
2026-02-25 18:33:37,363 - geo_infer_edu.core.exercises - INFO - Created 3 coding exercises for vector_analysis
2026-02-25 18:33:37,363 - geo_infer_edu.core.exercises - INFO - Created 3 coding exercises for vector_analysis
2026-02-25 18:33:37,363 - geo_infer_edu.core.exercises - INFO - Created 3 coding exercises for vector_analysis
2026-02-25 18:33:37,363 - geo_infer_edu.core.exercises - INFO - Initialized ExerciseGenerator with types: ['mapping', 'analysis', 'coding']
2026-02-25 18:33:37,363 - geo_infer_edu.core.exercises - INFO - Initialized ExerciseGenerator with types: ['mapping', 'analysis', 'coding']
2026-02-25 18:33:37,363 - geo_infer_edu.core.exercises - INFO - Initialized ExerciseGenerator with types: ['mapping', 'analysis', 'coding']
2026-02-25 18:33:37,364 - geo_infer_edu.core.exercises - INFO - Created PBL scenario: Optimize Fire Station Locations
2026-02-25 18:33:37,364 - geo_infer_edu.core.exercises - INFO - Created PBL scenario: Optimize Fire Station Locations
2026-02-25 18:33:37,364 - geo_infer_edu.core.exercises - INFO - Created PBL scenario: Optimize Fire Station Locations
2026-02-25 18:33:37,364 - geo_infer_edu.core.exercises - INFO - Initialized ExerciseGenerator with types: ['mapping', 'analysis', 'coding']
2026-02-25 18:33:37,364 - geo_infer_edu.core.exercises - INFO - Initialized ExerciseGenerator with types: ['mapping', 'analysis', 'coding']
2026-02-25 18:33:37,364 - geo_infer_edu.core.exercises - INFO - Initialized ExerciseGenerator with types: ['mapping', 'analysis', 'coding']
2026-02-25 18:33:37,364 - geo_infer_edu.core.exercises - INFO - Created assessment with 3 items
2026-02-25 18:33:37,364 - geo_infer_edu.core.exercises - INFO - Created assessment with 3 items
2026-02-25 18:33:37,364 - geo_infer_edu.core.exercises - INFO - Created assessment with 3 items
2026-02-25 18:33:37,365 - geo_infer_edu.core.exercises - INFO - Initialized ExerciseGenerator with types: ['mapping', 'analysis', 'coding']
2026-02-25 18:33:37,365 - geo_infer_edu.core.exercises - INFO - Initialized ExerciseGenerator with types: ['mapping', 'analysis', 'coding']
2026-02-25 18:33:37,365 - geo_infer_edu.core.exercises - INFO - Initialized ExerciseGenerator with types: ['mapping', 'analysis', 'coding']
2026-02-25 18:33:37,365 - geo_infer_edu.core.exercises - INFO - Created assessment with 1 items
2026-02-25 18:33:37,365 - geo_infer_edu.core.exercises - INFO - Created assessment with 1 items
2026-02-25 18:33:37,365 - geo_infer_edu.core.exercises - INFO - Created assessment with 1 items
2026-02-25 18:33:37,365 - geo_infer_edu.core.exercises - INFO - Initialized ExerciseGenerator with types: ['mapping', 'analysis', 'coding']
2026-02-25 18:33:37,365 - geo_infer_edu.core.exercises - INFO - Initialized ExerciseGenerator with types: ['mapping', 'analysis', 'coding']
2026-02-25 18:33:37,365 - geo_infer_edu.core.exercises - INFO - Initialized ExerciseGenerator with types: ['mapping', 'analysis', 'coding']
2026-02-25 18:33:37,365 - geo_infer_edu.core.exercises - INFO - Created 5 exercises for 5 concepts
2026-02-25 18:33:37,365 - geo_infer_edu.core.exercises - INFO - Created 5 exercises for 5 concepts
2026-02-25 18:33:37,365 - geo_infer_edu.core.exercises - INFO - Created 5 exercises for 5 concepts
2026-02-25 18:33:37,366 - geo_infer_edu.core.exercises - INFO - Initialized ExerciseGenerator with types: ['mapping', 'analysis', 'coding']
2026-02-25 18:33:37,366 - geo_infer_edu.core.exercises - INFO - Initialized ExerciseGenerator with types: ['mapping', 'analysis', 'coding']
2026-02-25 18:33:37,366 - geo_infer_edu.core.exercises - INFO - Initialized ExerciseGenerator with types: ['mapping', 'analysis', 'coding']
2026-02-25 18:33:37,366 - geo_infer_edu.core.exercises - INFO - Initialized ExerciseGenerator with types: ['mapping', 'analysis', 'coding']
2026-02-25 18:33:37,366 - geo_infer_edu.core.exercises - INFO - Initialized ExerciseGenerator with types: ['mapping', 'analysis', 'coding']
2026-02-25 18:33:37,366 - geo_infer_edu.core.exercises - INFO - Initialized ExerciseGenerator with types: ['mapping', 'analysis', 'coding']
2026-02-25 18:33:37,366 - geo_infer_edu.core.exercises - INFO - Created 2 exercises for 2 concepts
2026-02-25 18:33:37,366 - geo_infer_edu.core.exercises - INFO - Created 2 exercises for 2 concepts
2026-02-25 18:33:37,366 - geo_infer_edu.core.exercises - INFO - Created 2 exercises for 2 concepts
2026-02-25 18:33:37,367 - geo_infer_edu.core.exercises - INFO - Initialized ExerciseGenerator with types: ['mapping', 'analysis', 'coding']
2026-02-25 18:33:37,367 - geo_infer_edu.core.exercises - INFO - Initialized ExerciseGenerator with types: ['mapping', 'analysis', 'coding']
2026-02-25 18:33:37,367 - geo_infer_edu.core.exercises - INFO - Initialized ExerciseGenerator with types: ['mapping', 'analysis', 'coding']
2026-02-25 18:33:37,367 - geo_infer_edu.core.exercises - INFO - Created 3 exercises for 3 concepts
2026-02-25 18:33:37,367 - geo_infer_edu.core.exercises - INFO - Created 3 exercises for 3 concepts
2026-02-25 18:33:37,367 - geo_infer_edu.core.exercises - INFO - Created 3 exercises for 3 concepts
2026-02-25 18:33:37,367 - geo_infer_edu.core.exercises - INFO - Initialized ExerciseGenerator with types: ['mapping', 'analysis', 'coding']
2026-02-25 18:33:37,367 - geo_infer_edu.core.exercises - INFO - Initialized ExerciseGenerator with types: ['mapping', 'analysis', 'coding']
2026-02-25 18:33:37,367 - geo_infer_edu.core.exercises - INFO - Initialized ExerciseGenerator with types: ['mapping', 'analysis', 'coding']
2026-02-25 18:33:37,368 - geo_infer_edu.core.exercises - INFO - Created 2 exercises for 2 concepts
2026-02-25 18:33:37,368 - geo_infer_edu.core.exercises - INFO - Created 2 exercises for 2 concepts
2026-02-25 18:33:37,368 - geo_infer_edu.core.exercises - INFO - Created 2 exercises for 2 concepts
2026-02-25 18:33:37,368 - geo_infer_edu.core.exercises - INFO - Initialized ExerciseGenerator with types: ['mapping', 'analysis', 'coding']
2026-02-25 18:33:37,368 - geo_infer_edu.core.exercises - INFO - Initialized ExerciseGenerator with types: ['mapping', 'analysis', 'coding']
2026-02-25 18:33:37,368 - geo_infer_edu.core.exercises - INFO - Initialized ExerciseGenerator with types: ['mapping', 'analysis', 'coding']
2026-02-25 18:33:37,368 - geo_infer_edu.core.exercises - INFO - Created 1 exercises for 1 concepts
2026-02-25 18:33:37,368 - geo_infer_edu.core.exercises - INFO - Created 1 exercises for 1 concepts
2026-02-25 18:33:37,368 - geo_infer_edu.core.exercises - INFO - Created 1 exercises for 1 concepts
2026-02-25 18:33:37,369 - geo_infer_edu.core.exercises - INFO - Initialized ExerciseGenerator with types: ['mapping', 'analysis', 'coding']
2026-02-25 18:33:37,369 - geo_infer_edu.core.exercises - INFO - Initialized ExerciseGenerator with types: ['mapping', 'analysis', 'coding']
2026-02-25 18:33:37,369 - geo_infer_edu.core.exercises - INFO - Initialized ExerciseGenerator with types: ['mapping', 'analysis', 'coding']
2026-02-25 18:33:37,369 - geo_infer_edu.core.exercises - INFO - Created 3 coding exercises for h3_spatial_indexing
2026-02-25 18:33:37,369 - geo_infer_edu.core.exercises - INFO - Created 3 coding exercises for h3_spatial_indexing
2026-02-25 18:33:37,369 - geo_infer_edu.core.exercises - INFO - Created 3 coding exercises for h3_spatial_indexing
2026-02-25 18:33:37,369 - geo_infer_edu.core.exercises - INFO - Initialized ExerciseGenerator with types: ['mapping', 'analysis', 'coding']
2026-02-25 18:33:37,369 - geo_infer_edu.core.exercises - INFO - Initialized ExerciseGenerator with types: ['mapping', 'analysis', 'coding']
2026-02-25 18:33:37,369 - geo_infer_edu.core.exercises - INFO - Initialized ExerciseGenerator with types: ['mapping', 'analysis', 'coding']
2026-02-25 18:33:37,369 - geo_infer_edu.core.exercises - INFO - Created 3 coding exercises for buffer_analysis
2026-02-25 18:33:37,369 - geo_infer_edu.core.exercises - INFO - Created 3 coding exercises for buffer_analysis
2026-02-25 18:33:37,369 - geo_infer_edu.core.exercises - INFO - Created 3 coding exercises for buffer_analysis
2026-02-25 18:33:37,438 - geo_infer_edu.core.exercises - INFO - Initialized ExerciseGenerator with types: ['mapping', 'analysis', 'coding']
2026-02-25 18:33:37,438 - geo_infer_edu.core.exercises - INFO - Initialized ExerciseGenerator with types: ['mapping', 'analysis', 'coding']
2026-02-25 18:33:37,438 - geo_infer_edu.core.exercises - INFO - Initialized ExerciseGenerator with types: ['mapping', 'analysis', 'coding']
2026-02-25 18:33:37,439 - geo_infer_edu.core.exercises - INFO - Created 3 coding exercises for clustering
2026-02-25 18:33:37,439 - geo_infer_edu.core.exercises - INFO - Created 3 coding exercises for clustering
2026-02-25 18:33:37,439 - geo_infer_edu.core.exercises - INFO - Created 3 coding exercises for clustering
2026-02-25 18:33:37,440 - geo_infer_edu.core.exercises - INFO - Initialized ExerciseGenerator with types: ['mapping', 'analysis', 'coding']
2026-02-25 18:33:37,440 - geo_infer_edu.core.exercises - INFO - Initialized ExerciseGenerator with types: ['mapping', 'analysis', 'coding']
2026-02-25 18:33:37,440 - geo_infer_edu.core.exercises - INFO - Initialized ExerciseGenerator with types: ['mapping', 'analysis', 'coding']
2026-02-25 18:33:37,441 - geo_infer_edu.core.exercises - INFO - Created PBL scenario: Optimize Fire Station Locations
2026-02-25 18:33:37,441 - geo_infer_edu.core.exercises - INFO - Created PBL scenario: Optimize Fire Station Locations
2026-02-25 18:33:37,441 - geo_infer_edu.core.exercises - INFO - Created PBL scenario: Optimize Fire Station Locations
2026-02-25 18:33:37,442 - geo_infer_edu.core.exercises - INFO - Initialized ExerciseGenerator with types: ['mapping', 'analysis', 'coding']
2026-02-25 18:33:37,442 - geo_infer_edu.core.exercises - INFO - Initialized ExerciseGenerator with types: ['mapping', 'analysis', 'coding']
2026-02-25 18:33:37,442 - geo_infer_edu.core.exercises - INFO - Initialized ExerciseGenerator with types: ['mapping', 'analysis', 'coding']
2026-02-25 18:33:37,442 - geo_infer_edu.core.exercises - INFO - Created PBL scenario: Detect Deforestation
2026-02-25 18:33:37,442 - geo_infer_edu.core.exercises - INFO - Created PBL scenario: Detect Deforestation
2026-02-25 18:33:37,442 - geo_infer_edu.core.exercises - INFO - Created PBL scenario: Detect Deforestation
2026-02-25 18:33:37,443 - geo_infer_edu.core.exercises - INFO - Initialized ExerciseGenerator with types: ['mapping', 'analysis', 'coding']
2026-02-25 18:33:37,443 - geo_infer_edu.core.exercises - INFO - Initialized ExerciseGenerator with types: ['mapping', 'analysis', 'coding']
2026-02-25 18:33:37,443 - geo_infer_edu.core.exercises - INFO - Initialized ExerciseGenerator with types: ['mapping', 'analysis', 'coding']
2026-02-25 18:33:37,443 - geo_infer_edu.core.exercises - INFO - Created assessment with 3 items
2026-02-25 18:33:37,443 - geo_infer_edu.core.exercises - INFO - Created assessment with 3 items
2026-02-25 18:33:37,443 - geo_infer_edu.core.exercises - INFO - Created assessment with 3 items
2026-02-25 18:33:37,444 - geo_infer_edu.core.exercises - INFO - Initialized ExerciseGenerator with types: ['mapping', 'analysis', 'coding']
2026-02-25 18:33:37,444 - geo_infer_edu.core.exercises - INFO - Initialized ExerciseGenerator with types: ['mapping', 'analysis', 'coding']
2026-02-25 18:33:37,444 - geo_infer_edu.core.exercises - INFO - Initialized ExerciseGenerator with types: ['mapping', 'analysis', 'coding']
2026-02-25 18:33:37,445 - geo_infer_edu.core.exercises - INFO - Created assessment with 2 items
2026-02-25 18:33:37,445 - geo_infer_edu.core.exercises - INFO - Created assessment with 2 items
2026-02-25 18:33:37,445 - geo_infer_edu.core.exercises - INFO - Created assessment with 2 items
2026-02-25 18:33:37,446 - geo_infer_edu.core.exercises - INFO - Initialized ExerciseGenerator with types: ['mapping', 'analysis', 'coding']
2026-02-25 18:33:37,446 - geo_infer_edu.core.exercises - INFO - Initialized ExerciseGenerator with types: ['mapping', 'analysis', 'coding']
2026-02-25 18:33:37,446 - geo_infer_edu.core.exercises - INFO - Initialized ExerciseGenerator with types: ['mapping', 'analysis', 'coding']
2026-02-25 18:33:37,446 - geo_infer_edu.core.exercises - INFO - Created 1 exercises for 1 concepts
2026-02-25 18:33:37,446 - geo_infer_edu.core.exercises - INFO - Created 1 exercises for 1 concepts
2026-02-25 18:33:37,446 - geo_infer_edu.core.exercises - INFO - Created 1 exercises for 1 concepts
2026-02-25 18:33:37,446 - geo_infer_edu.core.exercises - INFO - Created 1 exercises for 1 concepts
2026-02-25 18:33:37,446 - geo_infer_edu.core.exercises - INFO - Created 1 exercises for 1 concepts
2026-02-25 18:33:37,446 - geo_infer_edu.core.exercises - INFO - Created 1 exercises for 1 concepts
2026-02-25 18:33:37,447 - geo_infer_edu.core.exercises - INFO - Created 1 exercises for 1 concepts
2026-02-25 18:33:37,447 - geo_infer_edu.core.exercises - INFO - Created 1 exercises for 1 concepts
2026-02-25 18:33:37,447 - geo_infer_edu.core.exercises - INFO - Created 1 exercises for 1 concepts
2026-02-25 18:33:37,447 - geo_infer_edu.core.exercises - INFO - Created 1 exercises for 1 concepts
2026-02-25 18:33:37,447 - geo_infer_edu.core.exercises - INFO - Created 1 exercises for 1 concepts
2026-02-25 18:33:37,447 - geo_infer_edu.core.exercises - INFO - Created 1 exercises for 1 concepts
2026-02-25 18:33:37,448 - geo_infer_edu.core.exercises - INFO - Initialized ExerciseGenerator with types: ['mapping', 'analysis', 'coding']
2026-02-25 18:33:37,448 - geo_infer_edu.core.exercises - INFO - Initialized ExerciseGenerator with types: ['mapping', 'analysis', 'coding']
2026-02-25 18:33:37,448 - geo_infer_edu.core.exercises - INFO - Initialized ExerciseGenerator with types: ['mapping', 'analysis', 'coding']
2026-02-25 18:33:37,448 - geo_infer_edu.core.exercises - INFO - Created 1 exercises for 1 concepts
2026-02-25 18:33:37,448 - geo_infer_edu.core.exercises - INFO - Created 1 exercises for 1 concepts
2026-02-25 18:33:37,448 - geo_infer_edu.core.exercises - INFO - Created 1 exercises for 1 concepts
2026-02-25 18:33:37,449 - geo_infer_edu.core.exercises - INFO - Created 1 exercises for 1 concepts
2026-02-25 18:33:37,449 - geo_infer_edu.core.exercises - INFO - Created 1 exercises for 1 concepts
2026-02-25 18:33:37,449 - geo_infer_edu.core.exercises - INFO - Created 1 exercises for 1 concepts
2026-02-25 18:33:37,491 - geo_infer_edu.core.exercises - INFO - Initialized ExerciseGenerator with types: ['mapping', 'analysis', 'coding']
2026-02-25 18:33:37,491 - geo_infer_edu.core.exercises - INFO - Initialized ExerciseGenerator with types: ['mapping', 'analysis', 'coding']
2026-02-25 18:33:37,491 - geo_infer_edu.core.exercises - INFO - Initialized ExerciseGenerator with types: ['mapping', 'analysis', 'coding']
2026-02-25 18:33:37,491 - geo_infer_edu.core.exercises - INFO - Created 5 exercises for 5 concepts
2026-02-25 18:33:37,491 - geo_infer_edu.core.exercises - INFO - Created 5 exercises for 5 concepts
2026-02-25 18:33:37,491 - geo_infer_edu.core.exercises - INFO - Created 5 exercises for 5 concepts
2026-02-25 18:33:37,498 - geo_infer_edu.core.personalization - INFO - Initialized PersonalizedLearning with knowledge_tracing adaptation
2026-02-25 18:33:37,498 - geo_infer_edu.core.personalization - INFO - Initialized PersonalizedLearning with knowledge_tracing adaptation
2026-02-25 18:33:37,498 - geo_infer_edu.core.personalization - INFO - Initialized PersonalizedLearning with knowledge_tracing adaptation
2026-02-25 18:33:37,499 - geo_infer_edu.core.personalization - INFO - Initialized PersonalizedLearning with bayesian adaptation
2026-02-25 18:33:37,499 - geo_infer_edu.core.personalization - INFO - Initialized PersonalizedLearning with bayesian adaptation
2026-02-25 18:33:37,499 - geo_infer_edu.core.personalization - INFO - Initialized PersonalizedLearning with bayesian adaptation
2026-02-25 18:33:37,500 - geo_infer_edu.core.personalization - INFO - Initialized PersonalizedLearning with knowledge_tracing adaptation
2026-02-25 18:33:37,500 - geo_infer_edu.core.personalization - INFO - Initialized PersonalizedLearning with knowledge_tracing adaptation
2026-02-25 18:33:37,500 - geo_infer_edu.core.personalization - INFO - Initialized PersonalizedLearning with knowledge_tracing adaptation
2026-02-25 18:33:37,501 - geo_infer_edu.core.personalization - INFO - Initialized PersonalizedLearning with knowledge_tracing adaptation
2026-02-25 18:33:37,501 - geo_infer_edu.core.personalization - INFO - Initialized PersonalizedLearning with knowledge_tracing adaptation
2026-02-25 18:33:37,501 - geo_infer_edu.core.personalization - INFO - Initialized PersonalizedLearning with knowledge_tracing adaptation
2026-02-25 18:33:37,501 - geo_infer_edu.core.personalization - INFO - Created pathway for l1 with 3 learning units
2026-02-25 18:33:37,501 - geo_infer_edu.core.personalization - INFO - Created pathway for l1 with 3 learning units
2026-02-25 18:33:37,501 - geo_infer_edu.core.personalization - INFO - Created pathway for l1 with 3 learning units
2026-02-25 18:33:37,502 - geo_infer_edu.core.personalization - INFO - Initialized PersonalizedLearning with knowledge_tracing adaptation
2026-02-25 18:33:37,502 - geo_infer_edu.core.personalization - INFO - Initialized PersonalizedLearning with knowledge_tracing adaptation
2026-02-25 18:33:37,502 - geo_infer_edu.core.personalization - INFO - Initialized PersonalizedLearning with knowledge_tracing adaptation
2026-02-25 18:33:37,502 - geo_infer_edu.core.personalization - INFO - Created pathway for l2 with 0 learning units
2026-02-25 18:33:37,502 - geo_infer_edu.core.personalization - INFO - Created pathway for l2 with 0 learning units
2026-02-25 18:33:37,502 - geo_infer_edu.core.personalization - INFO - Created pathway for l2 with 0 learning units
2026-02-25 18:33:37,503 - geo_infer_edu.core.personalization - INFO - Initialized PersonalizedLearning with knowledge_tracing adaptation
2026-02-25 18:33:37,503 - geo_infer_edu.core.personalization - INFO - Initialized PersonalizedLearning with knowledge_tracing adaptation
2026-02-25 18:33:37,503 - geo_infer_edu.core.personalization - INFO - Initialized PersonalizedLearning with knowledge_tracing adaptation
2026-02-25 18:33:37,503 - geo_infer_edu.core.personalization - INFO - Generated 3 recommendations for l1
2026-02-25 18:33:37,503 - geo_infer_edu.core.personalization - INFO - Generated 3 recommendations for l1
2026-02-25 18:33:37,503 - geo_infer_edu.core.personalization - INFO - Generated 3 recommendations for l1
2026-02-25 18:33:37,504 - geo_infer_edu.core.personalization - INFO - Initialized PersonalizedLearning with knowledge_tracing adaptation
2026-02-25 18:33:37,504 - geo_infer_edu.core.personalization - INFO - Initialized PersonalizedLearning with knowledge_tracing adaptation
2026-02-25 18:33:37,504 - geo_infer_edu.core.personalization - INFO - Initialized PersonalizedLearning with knowledge_tracing adaptation
2026-02-25 18:33:37,504 - geo_infer_edu.core.personalization - WARNING - Learner unknown not found
2026-02-25 18:33:37,504 - geo_infer_edu.core.personalization - WARNING - Learner unknown not found
2026-02-25 18:33:37,504 - geo_infer_edu.core.personalization - WARNING - Learner unknown not found
2026-02-25 18:33:37,504 - geo_infer_edu.core.personalization - INFO - Initialized PersonalizedLearning with knowledge_tracing adaptation
2026-02-25 18:33:37,504 - geo_infer_edu.core.personalization - INFO - Initialized PersonalizedLearning with knowledge_tracing adaptation
2026-02-25 18:33:37,504 - geo_infer_edu.core.personalization - INFO - Initialized PersonalizedLearning with knowledge_tracing adaptation
2026-02-25 18:33:37,504 - geo_infer_edu.core.personalization - INFO - Delivered adaptive content on gis_basics (introductory) to l1
2026-02-25 18:33:37,504 - geo_infer_edu.core.personalization - INFO - Delivered adaptive content on gis_basics (introductory) to l1
2026-02-25 18:33:37,504 - geo_infer_edu.core.personalization - INFO - Delivered adaptive content on gis_basics (introductory) to l1
2026-02-25 18:33:37,505 - geo_infer_edu.core.personalization - INFO - Initialized PersonalizedLearning with knowledge_tracing adaptation
2026-02-25 18:33:37,505 - geo_infer_edu.core.personalization - INFO - Initialized PersonalizedLearning with knowledge_tracing adaptation
2026-02-25 18:33:37,505 - geo_infer_edu.core.personalization - INFO - Initialized PersonalizedLearning with knowledge_tracing adaptation
2026-02-25 18:33:37,505 - geo_infer_edu.core.personalization - INFO - Delivered adaptive content on spatial_statistics (advanced) to l1
2026-02-25 18:33:37,505 - geo_infer_edu.core.personalization - INFO - Delivered adaptive content on spatial_statistics (advanced) to l1
2026-02-25 18:33:37,505 - geo_infer_edu.core.personalization - INFO - Delivered adaptive content on spatial_statistics (advanced) to l1
2026-02-25 18:33:37,505 - geo_infer_edu.core.personalization - INFO - Initialized PersonalizedLearning with knowledge_tracing adaptation
2026-02-25 18:33:37,505 - geo_infer_edu.core.personalization - INFO - Initialized PersonalizedLearning with knowledge_tracing adaptation
2026-02-25 18:33:37,505 - geo_infer_edu.core.personalization - INFO - Initialized PersonalizedLearning with knowledge_tracing adaptation
2026-02-25 18:33:37,505 - geo_infer_edu.core.personalization - INFO - Initialized PersonalizedLearning with knowledge_tracing adaptation
2026-02-25 18:33:37,505 - geo_infer_edu.core.personalization - INFO - Initialized PersonalizedLearning with knowledge_tracing adaptation
2026-02-25 18:33:37,505 - geo_infer_edu.core.personalization - INFO - Initialized PersonalizedLearning with knowledge_tracing adaptation
2026-02-25 18:33:37,505 - geo_infer_edu.core.personalization - INFO - Scheduled 10 reviews for l1
2026-02-25 18:33:37,505 - geo_infer_edu.core.personalization - INFO - Scheduled 10 reviews for l1
2026-02-25 18:33:37,505 - geo_infer_edu.core.personalization - INFO - Scheduled 10 reviews for l1
2026-02-25 18:33:37,506 - geo_infer_edu.core.personalization - INFO - Initialized PersonalizedLearning with knowledge_tracing adaptation
2026-02-25 18:33:37,506 - geo_infer_edu.core.personalization - INFO - Initialized PersonalizedLearning with knowledge_tracing adaptation
2026-02-25 18:33:37,506 - geo_infer_edu.core.personalization - INFO - Initialized PersonalizedLearning with knowledge_tracing adaptation
2026-02-25 18:33:37,506 - geo_infer_edu.core.personalization - INFO - Scheduled 5 reviews for l1
2026-02-25 18:33:37,506 - geo_infer_edu.core.personalization - INFO - Scheduled 5 reviews for l1
2026-02-25 18:33:37,506 - geo_infer_edu.core.personalization - INFO - Scheduled 5 reviews for l1
2026-02-25 18:33:37,506 - geo_infer_edu.core.personalization - INFO - Initialized PersonalizedLearning with knowledge_tracing adaptation
2026-02-25 18:33:37,506 - geo_infer_edu.core.personalization - INFO - Initialized PersonalizedLearning with knowledge_tracing adaptation
2026-02-25 18:33:37,506 - geo_infer_edu.core.personalization - INFO - Initialized PersonalizedLearning with knowledge_tracing adaptation
2026-02-25 18:33:37,506 - geo_infer_edu.core.personalization - INFO - Updated mastery for l1 on gis_basics: 0.00 -> 0.24
2026-02-25 18:33:37,506 - geo_infer_edu.core.personalization - INFO - Updated mastery for l1 on gis_basics: 0.00 -> 0.24
2026-02-25 18:33:37,506 - geo_infer_edu.core.personalization - INFO - Updated mastery for l1 on gis_basics: 0.00 -> 0.24
2026-02-25 18:33:37,507 - geo_infer_edu.core.personalization - INFO - Initialized PersonalizedLearning with knowledge_tracing adaptation
2026-02-25 18:33:37,507 - geo_infer_edu.core.personalization - INFO - Initialized PersonalizedLearning with knowledge_tracing adaptation
2026-02-25 18:33:37,507 - geo_infer_edu.core.personalization - INFO - Initialized PersonalizedLearning with knowledge_tracing adaptation
2026-02-25 18:33:37,507 - geo_infer_edu.core.personalization - INFO - Updated mastery for l1 on topic: 0.99 -> 0.99
2026-02-25 18:33:37,507 - geo_infer_edu.core.personalization - INFO - Updated mastery for l1 on topic: 0.99 -> 0.99
2026-02-25 18:33:37,507 - geo_infer_edu.core.personalization - INFO - Updated mastery for l1 on topic: 0.99 -> 0.99
2026-02-25 18:33:37,507 - geo_infer_edu.core.personalization - INFO - Initialized PersonalizedLearning with knowledge_tracing adaptation
2026-02-25 18:33:37,507 - geo_infer_edu.core.personalization - INFO - Initialized PersonalizedLearning with knowledge_tracing adaptation
2026-02-25 18:33:37,507 - geo_infer_edu.core.personalization - INFO - Initialized PersonalizedLearning with knowledge_tracing adaptation
2026-02-25 18:33:37,507 - geo_infer_edu.core.personalization - INFO - Updated mastery for new_learner on topic: 0.00 -> 0.15
2026-02-25 18:33:37,507 - geo_infer_edu.core.personalization - INFO - Updated mastery for new_learner on topic: 0.00 -> 0.15
2026-02-25 18:33:37,507 - geo_infer_edu.core.personalization - INFO - Updated mastery for new_learner on topic: 0.00 -> 0.15
2026-02-25 18:33:37,508 - geo_infer_edu.core.professional - INFO - Initialized ProfessionalDevelopment with ['gisp', 'esri', 'osgeo']
2026-02-25 18:33:37,508 - geo_infer_edu.core.professional - INFO - Initialized ProfessionalDevelopment with ['gisp', 'esri', 'osgeo']
2026-02-25 18:33:37,508 - geo_infer_edu.core.professional - INFO - Initialized ProfessionalDevelopment with ['gisp', 'esri', 'osgeo']
2026-02-25 18:33:37,508 - geo_infer_edu.core.professional - INFO - Initialized ProfessionalDevelopment with ['gisp', 'esri', 'osgeo']
2026-02-25 18:33:37,508 - geo_infer_edu.core.professional - INFO - Initialized ProfessionalDevelopment with ['gisp', 'esri', 'osgeo']
2026-02-25 18:33:37,508 - geo_infer_edu.core.professional - INFO - Initialized ProfessionalDevelopment with ['gisp', 'esri', 'osgeo']
2026-02-25 18:33:37,509 - geo_infer_edu.core.professional - INFO - Initialized ProfessionalDevelopment with ['gisp', 'esri', 'osgeo']
2026-02-25 18:33:37,509 - geo_infer_edu.core.professional - INFO - Initialized ProfessionalDevelopment with ['gisp', 'esri', 'osgeo']
2026-02-25 18:33:37,509 - geo_infer_edu.core.professional - INFO - Initialized ProfessionalDevelopment with ['gisp', 'esri', 'osgeo']
2026-02-25 18:33:37,509 - geo_infer_edu.core.professional - INFO - Tracked 2 CE activities for p1
2026-02-25 18:33:37,509 - geo_infer_edu.core.professional - INFO - Tracked 2 CE activities for p1
2026-02-25 18:33:37,509 - geo_infer_edu.core.professional - INFO - Tracked 2 CE activities for p1
2026-02-25 18:33:37,509 - geo_infer_edu.core.professional - INFO - Initialized ProfessionalDevelopment with ['gisp', 'esri', 'osgeo']
2026-02-25 18:33:37,509 - geo_infer_edu.core.professional - INFO - Initialized ProfessionalDevelopment with ['gisp', 'esri', 'osgeo']
2026-02-25 18:33:37,509 - geo_infer_edu.core.professional - INFO - Initialized ProfessionalDevelopment with ['gisp', 'esri', 'osgeo']
2026-02-25 18:33:37,509 - geo_infer_edu.core.professional - INFO - Initialized ProfessionalDevelopment with ['gisp', 'esri', 'osgeo']
2026-02-25 18:33:37,509 - geo_infer_edu.core.professional - INFO - Initialized ProfessionalDevelopment with ['gisp', 'esri', 'osgeo']
2026-02-25 18:33:37,509 - geo_infer_edu.core.professional - INFO - Initialized ProfessionalDevelopment with ['gisp', 'esri', 'osgeo']
2026-02-25 18:33:37,509 - geo_infer_edu.core.professional - INFO - Created certification pathway for GISP
2026-02-25 18:33:37,509 - geo_infer_edu.core.professional - INFO - Created certification pathway for GISP
2026-02-25 18:33:37,509 - geo_infer_edu.core.professional - INFO - Created certification pathway for GISP
2026-02-25 18:33:37,510 - geo_infer_edu.core.professional - INFO - Initialized ProfessionalDevelopment with ['gisp', 'esri', 'osgeo']
2026-02-25 18:33:37,510 - geo_infer_edu.core.professional - INFO - Initialized ProfessionalDevelopment with ['gisp', 'esri', 'osgeo']
2026-02-25 18:33:37,510 - geo_infer_edu.core.professional - INFO - Initialized ProfessionalDevelopment with ['gisp', 'esri', 'osgeo']
2026-02-25 18:33:37,510 - geo_infer_edu.core.professional - INFO - Created certification pathway for GISP
2026-02-25 18:33:37,510 - geo_infer_edu.core.professional - INFO - Created certification pathway for GISP
2026-02-25 18:33:37,510 - geo_infer_edu.core.professional - INFO - Created certification pathway for GISP
2026-02-25 18:33:37,510 - geo_infer_edu.core.professional - INFO - Initialized ProfessionalDevelopment with ['gisp', 'esri', 'osgeo']
2026-02-25 18:33:37,510 - geo_infer_edu.core.professional - INFO - Initialized ProfessionalDevelopment with ['gisp', 'esri', 'osgeo']
2026-02-25 18:33:37,510 - geo_infer_edu.core.professional - INFO - Initialized ProfessionalDevelopment with ['gisp', 'esri', 'osgeo']
2026-02-25 18:33:37,510 - geo_infer_edu.core.professional - INFO - Analyzed career skills for Geospatial Data Scientist: 4 gaps identified
2026-02-25 18:33:37,510 - geo_infer_edu.core.professional - INFO - Analyzed career skills for Geospatial Data Scientist: 4 gaps identified
2026-02-25 18:33:37,510 - geo_infer_edu.core.professional - INFO - Analyzed career skills for Geospatial Data Scientist: 4 gaps identified
2026-02-25 18:33:37,511 - geo_infer_edu.core.professional - INFO - Initialized ProfessionalDevelopment with ['gisp', 'esri', 'osgeo']
2026-02-25 18:33:37,511 - geo_infer_edu.core.professional - INFO - Initialized ProfessionalDevelopment with ['gisp', 'esri', 'osgeo']
2026-02-25 18:33:37,511 - geo_infer_edu.core.professional - INFO - Initialized ProfessionalDevelopment with ['gisp', 'esri', 'osgeo']
2026-02-25 18:33:37,511 - geo_infer_edu.core.professional - INFO - Analyzed career skills for Geospatial Data Scientist: 0 gaps identified
2026-02-25 18:33:37,511 - geo_infer_edu.core.professional - INFO - Analyzed career skills for Geospatial Data Scientist: 0 gaps identified
2026-02-25 18:33:37,511 - geo_infer_edu.core.professional - INFO - Analyzed career skills for Geospatial Data Scientist: 0 gaps identified
2026-02-25 18:33:37,511 - geo_infer_edu.core.professional - INFO - Initialized ProfessionalDevelopment with ['gisp', 'esri', 'osgeo']
2026-02-25 18:33:37,511 - geo_infer_edu.core.professional - INFO - Initialized ProfessionalDevelopment with ['gisp', 'esri', 'osgeo']
2026-02-25 18:33:37,511 - geo_infer_edu.core.professional - INFO - Initialized ProfessionalDevelopment with ['gisp', 'esri', 'osgeo']
2026-02-25 18:33:37,511 - geo_infer_edu.core.professional - INFO - Analyzed career skills for Unknown Role: 0 gaps identified
2026-02-25 18:33:37,511 - geo_infer_edu.core.professional - INFO - Analyzed career skills for Unknown Role: 0 gaps identified
2026-02-25 18:33:37,511 - geo_infer_edu.core.professional - INFO - Analyzed career skills for Unknown Role: 0 gaps identified
2026-02-25 18:33:37,512 - geo_infer_edu.core.professional - INFO - Initialized ProfessionalDevelopment with ['gisp', 'esri', 'osgeo']
2026-02-25 18:33:37,512 - geo_infer_edu.core.professional - INFO - Initialized ProfessionalDevelopment with ['gisp', 'esri', 'osgeo']
2026-02-25 18:33:37,512 - geo_infer_edu.core.professional - INFO - Initialized ProfessionalDevelopment with ['gisp', 'esri', 'osgeo']
2026-02-25 18:33:37,512 - geo_infer_edu.core.professional - INFO - Developed portfolio with 2 projects
2026-02-25 18:33:37,512 - geo_infer_edu.core.professional - INFO - Developed portfolio with 2 projects
2026-02-25 18:33:37,512 - geo_infer_edu.core.professional - INFO - Developed portfolio with 2 projects
2026-02-25 18:33:37,512 - geo_infer_edu.core.professional - INFO - Initialized ProfessionalDevelopment with ['gisp', 'esri', 'osgeo']
2026-02-25 18:33:37,512 - geo_infer_edu.core.professional - INFO - Initialized ProfessionalDevelopment with ['gisp', 'esri', 'osgeo']
2026-02-25 18:33:37,512 - geo_infer_edu.core.professional - INFO - Initialized ProfessionalDevelopment with ['gisp', 'esri', 'osgeo']
2026-02-25 18:33:37,512 - geo_infer_edu.core.professional - INFO - Initialized ProfessionalDevelopment with ['gisp', 'esri', 'osgeo']
2026-02-25 18:33:37,512 - geo_infer_edu.core.professional - INFO - Initialized ProfessionalDevelopment with ['gisp', 'esri', 'osgeo']
2026-02-25 18:33:37,512 - geo_infer_edu.core.professional - INFO - Initialized ProfessionalDevelopment with ['gisp', 'esri', 'osgeo']
2026-02-25 18:33:37,513 - geo_infer_edu.core.progress - INFO - Initialized ProgressTracker with geospatial_bok framework
2026-02-25 18:33:37,513 - geo_infer_edu.core.progress - INFO - Initialized ProgressTracker with geospatial_bok framework
2026-02-25 18:33:37,513 - geo_infer_edu.core.progress - INFO - Initialized ProgressTracker with geospatial_bok framework
2026-02-25 18:33:37,513 - geo_infer_edu.core.progress - INFO - Initialized ProgressTracker with geospatial_bok framework
2026-02-25 18:33:37,513 - geo_infer_edu.core.progress - INFO - Initialized ProgressTracker with geospatial_bok framework
2026-02-25 18:33:37,513 - geo_infer_edu.core.progress - INFO - Initialized ProgressTracker with geospatial_bok framework
2026-02-25 18:33:37,513 - geo_infer_edu.core.progress - INFO - Updated progress for learner learner_001: 2 activities
2026-02-25 18:33:37,513 - geo_infer_edu.core.progress - INFO - Updated progress for learner learner_001: 2 activities
2026-02-25 18:33:37,513 - geo_infer_edu.core.progress - INFO - Updated progress for learner learner_001: 2 activities
2026-02-25 18:33:37,514 - geo_infer_edu.core.progress - INFO - Initialized ProgressTracker with geospatial_bok framework
2026-02-25 18:33:37,514 - geo_infer_edu.core.progress - INFO - Initialized ProgressTracker with geospatial_bok framework
2026-02-25 18:33:37,514 - geo_infer_edu.core.progress - INFO - Initialized ProgressTracker with geospatial_bok framework
2026-02-25 18:33:37,514 - geo_infer_edu.core.progress - INFO - Updated progress for learner learner_002: 2 activities
2026-02-25 18:33:37,514 - geo_infer_edu.core.progress - INFO - Updated progress for learner learner_002: 2 activities
2026-02-25 18:33:37,514 - geo_infer_edu.core.progress - INFO - Updated progress for learner learner_002: 2 activities
2026-02-25 18:33:37,514 - geo_infer_edu.core.progress - INFO - Initialized ProgressTracker with geospatial_bok framework
2026-02-25 18:33:37,514 - geo_infer_edu.core.progress - INFO - Initialized ProgressTracker with geospatial_bok framework
2026-02-25 18:33:37,514 - geo_infer_edu.core.progress - INFO - Initialized ProgressTracker with geospatial_bok framework
2026-02-25 18:33:37,514 - geo_infer_edu.core.progress - INFO - Updated progress for learner learner_003: 2 activities
2026-02-25 18:33:37,514 - geo_infer_edu.core.progress - INFO - Updated progress for learner learner_003: 2 activities
2026-02-25 18:33:37,514 - geo_infer_edu.core.progress - INFO - Updated progress for learner learner_003: 2 activities
2026-02-25 18:33:37,514 - geo_infer_edu.core.progress - INFO - Initialized ProgressTracker with geospatial_bok framework
2026-02-25 18:33:37,514 - geo_infer_edu.core.progress - INFO - Initialized ProgressTracker with geospatial_bok framework
2026-02-25 18:33:37,514 - geo_infer_edu.core.progress - INFO - Initialized ProgressTracker with geospatial_bok framework
2026-02-25 18:33:37,515 - geo_infer_edu.core.progress - INFO - Updated progress for learner learner_004: 3 activities
2026-02-25 18:33:37,515 - geo_infer_edu.core.progress - INFO - Updated progress for learner learner_004: 3 activities
2026-02-25 18:33:37,515 - geo_infer_edu.core.progress - INFO - Updated progress for learner learner_004: 3 activities
2026-02-25 18:33:37,515 - geo_infer_edu.core.progress - INFO - Initialized ProgressTracker with geospatial_bok framework
2026-02-25 18:33:37,515 - geo_infer_edu.core.progress - INFO - Initialized ProgressTracker with geospatial_bok framework
2026-02-25 18:33:37,515 - geo_infer_edu.core.progress - INFO - Initialized ProgressTracker with geospatial_bok framework
2026-02-25 18:33:37,515 - geo_infer_edu.core.progress - INFO - Updated progress for learner learner_005: 2 activities
2026-02-25 18:33:37,515 - geo_infer_edu.core.progress - INFO - Updated progress for learner learner_005: 2 activities
2026-02-25 18:33:37,515 - geo_infer_edu.core.progress - INFO - Updated progress for learner learner_005: 2 activities
2026-02-25 18:33:37,515 - geo_infer_edu.core.progress - INFO - Generated competency report for learner_005
2026-02-25 18:33:37,515 - geo_infer_edu.core.progress - INFO - Generated competency report for learner_005
2026-02-25 18:33:37,515 - geo_infer_edu.core.progress - INFO - Generated competency report for learner_005
2026-02-25 18:33:37,516 - geo_infer_edu.core.progress - INFO - Initialized ProgressTracker with geospatial_bok framework
2026-02-25 18:33:37,516 - geo_infer_edu.core.progress - INFO - Initialized ProgressTracker with geospatial_bok framework
2026-02-25 18:33:37,516 - geo_infer_edu.core.progress - INFO - Initialized ProgressTracker with geospatial_bok framework
2026-02-25 18:33:37,516 - geo_infer_edu.core.progress - INFO - Updated progress for learner learner_006: 2 activities
2026-02-25 18:33:37,516 - geo_infer_edu.core.progress - INFO - Updated progress for learner learner_006: 2 activities
2026-02-25 18:33:37,516 - geo_infer_edu.core.progress - INFO - Updated progress for learner learner_006: 2 activities
2026-02-25 18:33:37,516 - geo_infer_edu.core.progress - INFO - Generated competency report for learner_006
2026-02-25 18:33:37,516 - geo_infer_edu.core.progress - INFO - Generated competency report for learner_006
2026-02-25 18:33:37,516 - geo_infer_edu.core.progress - INFO - Generated competency report for learner_006
2026-02-25 18:33:37,516 - geo_infer_edu.core.progress - INFO - Initialized ProgressTracker with geospatial_bok framework
2026-02-25 18:33:37,516 - geo_infer_edu.core.progress - INFO - Initialized ProgressTracker with geospatial_bok framework
2026-02-25 18:33:37,516 - geo_infer_edu.core.progress - INFO - Initialized ProgressTracker with geospatial_bok framework
2026-02-25 18:33:37,516 - geo_infer_edu.core.progress - INFO - Initialized ProgressTracker with geospatial_bok framework
2026-02-25 18:33:37,516 - geo_infer_edu.core.progress - INFO - Initialized ProgressTracker with geospatial_bok framework
2026-02-25 18:33:37,516 - geo_infer_edu.core.progress - INFO - Initialized ProgressTracker with geospatial_bok framework
2026-02-25 18:33:37,517 - geo_infer_edu.core.progress - INFO - Updated progress for learner learner_007: 2 activities
2026-02-25 18:33:37,517 - geo_infer_edu.core.progress - INFO - Updated progress for learner learner_007: 2 activities
2026-02-25 18:33:37,517 - geo_infer_edu.core.progress - INFO - Updated progress for learner learner_007: 2 activities
2026-02-25 18:33:37,517 - geo_infer_edu.core.progress - INFO - Identified 3 knowledge gaps
2026-02-25 18:33:37,517 - geo_infer_edu.core.progress - INFO - Identified 3 knowledge gaps
2026-02-25 18:33:37,517 - geo_infer_edu.core.progress - INFO - Identified 3 knowledge gaps
2026-02-25 18:33:37,517 - geo_infer_edu.core.progress - INFO - Initialized ProgressTracker with geospatial_bok framework
2026-02-25 18:33:37,517 - geo_infer_edu.core.progress - INFO - Initialized ProgressTracker with geospatial_bok framework
2026-02-25 18:33:37,517 - geo_infer_edu.core.progress - INFO - Initialized ProgressTracker with geospatial_bok framework
2026-02-25 18:33:37,517 - geo_infer_edu.core.progress - INFO - Updated progress for learner learner_008: 2 activities
2026-02-25 18:33:37,517 - geo_infer_edu.core.progress - INFO - Updated progress for learner learner_008: 2 activities
2026-02-25 18:33:37,517 - geo_infer_edu.core.progress - INFO - Updated progress for learner learner_008: 2 activities
2026-02-25 18:33:37,517 - geo_infer_edu.core.progress - INFO - Identified 1 knowledge gaps
2026-02-25 18:33:37,517 - geo_infer_edu.core.progress - INFO - Identified 1 knowledge gaps
2026-02-25 18:33:37,517 - geo_infer_edu.core.progress - INFO - Identified 1 knowledge gaps
2026-02-25 18:33:37,518 - geo_infer_edu.core.progress - INFO - Initialized ProgressTracker with geospatial_bok framework
2026-02-25 18:33:37,518 - geo_infer_edu.core.progress - INFO - Initialized ProgressTracker with geospatial_bok framework
2026-02-25 18:33:37,518 - geo_infer_edu.core.progress - INFO - Initialized ProgressTracker with geospatial_bok framework
2026-02-25 18:33:37,518 - geo_infer_edu.core.progress - INFO - Updated progress for learner learner_0: 2 activities
2026-02-25 18:33:37,518 - geo_infer_edu.core.progress - INFO - Updated progress for learner learner_0: 2 activities
2026-02-25 18:33:37,518 - geo_infer_edu.core.progress - INFO - Updated progress for learner learner_0: 2 activities
2026-02-25 18:33:37,518 - geo_infer_edu.core.progress - INFO - Updated progress for learner learner_1: 2 activities
2026-02-25 18:33:37,518 - geo_infer_edu.core.progress - INFO - Updated progress for learner learner_1: 2 activities
2026-02-25 18:33:37,518 - geo_infer_edu.core.progress - INFO - Updated progress for learner learner_1: 2 activities
2026-02-25 18:33:37,518 - geo_infer_edu.core.progress - INFO - Updated progress for learner learner_2: 2 activities
2026-02-25 18:33:37,518 - geo_infer_edu.core.progress - INFO - Updated progress for learner learner_2: 2 activities
2026-02-25 18:33:37,518 - geo_infer_edu.core.progress - INFO - Updated progress for learner learner_2: 2 activities
2026-02-25 18:33:37,518 - geo_infer_edu.core.progress - INFO - Updated progress for learner learner_3: 2 activities
2026-02-25 18:33:37,518 - geo_infer_edu.core.progress - INFO - Updated progress for learner learner_3: 2 activities
2026-02-25 18:33:37,518 - geo_infer_edu.core.progress - INFO - Updated progress for learner learner_3: 2 activities
2026-02-25 18:33:37,518 - geo_infer_edu.core.progress - INFO - Updated progress for learner learner_4: 2 activities
2026-02-25 18:33:37,518 - geo_infer_edu.core.progress - INFO - Updated progress for learner learner_4: 2 activities
2026-02-25 18:33:37,518 - geo_infer_edu.core.progress - INFO - Updated progress for learner learner_4: 2 activities
2026-02-25 18:33:37,518 - geo_infer_edu.core.progress - INFO - Generated analytics for cohort of 5 learners
2026-02-25 18:33:37,518 - geo_infer_edu.core.progress - INFO - Generated analytics for cohort of 5 learners
2026-02-25 18:33:37,518 - geo_infer_edu.core.progress - INFO - Generated analytics for cohort of 5 learners
2026-02-25 18:33:37,518 - geo_infer_edu.core.progress - INFO - Initialized ProgressTracker with geospatial_bok framework
2026-02-25 18:33:37,518 - geo_infer_edu.core.progress - INFO - Initialized ProgressTracker with geospatial_bok framework
2026-02-25 18:33:37,518 - geo_infer_edu.core.progress - INFO - Initialized ProgressTracker with geospatial_bok framework
2026-02-25 18:33:37,519 - geo_infer_edu.core.progress - INFO - Updated progress for learner at_risk_1: 1 activities
2026-02-25 18:33:37,519 - geo_infer_edu.core.progress - INFO - Updated progress for learner at_risk_1: 1 activities
2026-02-25 18:33:37,519 - geo_infer_edu.core.progress - INFO - Updated progress for learner at_risk_1: 1 activities
2026-02-25 18:33:37,519 - geo_infer_edu.core.progress - INFO - Updated progress for learner good_learner: 10 activities
2026-02-25 18:33:37,519 - geo_infer_edu.core.progress - INFO - Updated progress for learner good_learner: 10 activities
2026-02-25 18:33:37,519 - geo_infer_edu.core.progress - INFO - Updated progress for learner good_learner: 10 activities
2026-02-25 18:33:37,519 - geo_infer_edu.core.progress - INFO - Identified 1 at-risk learners
2026-02-25 18:33:37,519 - geo_infer_edu.core.progress - INFO - Identified 1 at-risk learners
2026-02-25 18:33:37,519 - geo_infer_edu.core.progress - INFO - Identified 1 at-risk learners
2026-02-25 18:33:37,519 - geo_infer_edu.core.progress - INFO - Initialized ProgressTracker with geospatial_bok framework
2026-02-25 18:33:37,519 - geo_infer_edu.core.progress - INFO - Initialized ProgressTracker with geospatial_bok framework
2026-02-25 18:33:37,519 - geo_infer_edu.core.progress - INFO - Initialized ProgressTracker with geospatial_bok framework
2026-02-25 18:33:37,519 - geo_infer_edu.core.progress - INFO - Updated progress for learner risk_learner: 3 activities
2026-02-25 18:33:37,519 - geo_infer_edu.core.progress - INFO - Updated progress for learner risk_learner: 3 activities
2026-02-25 18:33:37,519 - geo_infer_edu.core.progress - INFO - Updated progress for learner risk_learner: 3 activities
2026-02-25 18:33:37,519 - geo_infer_edu.core.progress - INFO - Identified 1 at-risk learners
2026-02-25 18:33:37,519 - geo_infer_edu.core.progress - INFO - Identified 1 at-risk learners
2026-02-25 18:33:37,519 - geo_infer_edu.core.progress - INFO - Identified 1 at-risk learners
